000 (16828059.000.000) 09/22 18:29:09 Job submitted from host: <188.184.90.241:9618?addrs=188.184.90.241-9618+[2001-1458-201-e4--100-2eb]-9618&alias=bigbird15.cern.ch&noUDP&sock=schedd_3150_376a>
...
009 (16828059.000.000) 09/22 19:10:56 Job was aborted.
	via condor_rm (by user masegret)
...
000 (16828060.000.000) 09/22 19:11:02 Job submitted from host: <188.184.90.241:9618?addrs=188.184.90.241-9618+[2001-1458-201-e4--100-2eb]-9618&alias=bigbird15.cern.ch&noUDP&sock=schedd_3150_376a>
...
040 (16828060.000.000) 09/22 19:35:20 Started transferring input files
	Transferring to host: <188.185.213.195:9618?addrs=188.185.213.195-9618+[2001-1458-303-1b--100-3f]-9618&alias=b9p28p7318.cern.ch&noUDP&sock=slot1_26_3905_2cf8_71521>
...
040 (16828060.000.000) 09/22 19:35:20 Finished transferring input files
...
001 (16828060.000.000) 09/22 19:35:21 Job executing on host: <188.185.213.195:9618?addrs=188.185.213.195-9618+[2001-1458-303-1b--100-3f]-9618&alias=b9p28p7318.cern.ch&noUDP&sock=startd_3188_4803>
	SlotName: slot1_26@b9p28p7318.cern.ch
	CondorScratchDir = "/pool/condor/dir_2305645"
	Cpus = 1
	Disk = 3716
	GPUs = 0
	Memory = 3000
...
006 (16828060.000.000) 09/22 19:35:30 Image size of job updated: 2332
	3  -  MemoryUsage of job (MB)
	2332  -  ResidentSetSize of job (KB)
...
006 (16828060.000.000) 09/22 19:40:31 Image size of job updated: 309952
	303  -  MemoryUsage of job (MB)
	309952  -  ResidentSetSize of job (KB)
...
006 (16828060.000.000) 09/22 19:45:31 Image size of job updated: 311664
	305  -  MemoryUsage of job (MB)
	311664  -  ResidentSetSize of job (KB)
...
006 (16828060.000.000) 09/22 19:49:49 Image size of job updated: 313308
	305  -  MemoryUsage of job (MB)
	311664  -  ResidentSetSize of job (KB)
...
040 (16828060.000.000) 09/22 19:49:49 Started transferring output files
...
040 (16828060.000.000) 09/22 19:49:49 Finished transferring output files
...
005 (16828060.000.000) 09/22 19:49:49 Job terminated.
	(1) Normal termination (return value 0)
		Usr 0 00:02:00, Sys 0 00:00:16  -  Run Remote Usage
		Usr 0 00:00:00, Sys 0 00:00:00  -  Run Local Usage
		Usr 0 00:02:00, Sys 0 00:00:16  -  Total Remote Usage
		Usr 0 00:00:00, Sys 0 00:00:00  -  Total Local Usage
	8350  -  Run Bytes Sent By Job
	11301  -  Run Bytes Received By Job
	8350  -  Total Bytes Sent By Job
	11301  -  Total Bytes Received By Job
	Partitionable Resources :    Usage  Request Allocated 
	   Cpus                 :     0.11        1         1 
	   Disk (KB)            :    50           1      3716 
	   GPUs                 :                           0 
	   Memory (MB)          :   305        3000      3000 
	   TimeExecute (s)      :   868                       
	   TimeSlotBusy (s)     :   870                       
...
