000 (16828059.007.000) 09/22 18:29:09 Job submitted from host: <188.184.90.241:9618?addrs=188.184.90.241-9618+[2001-1458-201-e4--100-2eb]-9618&alias=bigbird15.cern.ch&noUDP&sock=schedd_3150_376a>
...
009 (16828059.007.000) 09/22 19:10:56 Job was aborted.
	via condor_rm (by user masegret)
...
000 (16828060.007.000) 09/22 19:11:02 Job submitted from host: <188.184.90.241:9618?addrs=188.184.90.241-9618+[2001-1458-201-e4--100-2eb]-9618&alias=bigbird15.cern.ch&noUDP&sock=schedd_3150_376a>
...
040 (16828060.007.000) 09/22 19:49:50 Started transferring input files
	Transferring to host: <188.185.213.195:9618?addrs=188.185.213.195-9618+[2001-1458-303-1b--100-3f]-9618&alias=b9p28p7318.cern.ch&noUDP&sock=slot1_26_3905_2cf8_71528>
...
040 (16828060.007.000) 09/22 19:49:50 Finished transferring input files
...
001 (16828060.007.000) 09/22 19:49:51 Job executing on host: <188.185.213.195:9618?addrs=188.185.213.195-9618+[2001-1458-303-1b--100-3f]-9618&alias=b9p28p7318.cern.ch&noUDP&sock=startd_3188_4803>
	SlotName: slot1_26@b9p28p7318.cern.ch
	CondorScratchDir = "/pool/condor/dir_2309759"
	Cpus = 1
	Disk = 3714
	GPUs = 0
	Memory = 3000
...
006 (16828060.007.000) 09/22 19:49:59 Image size of job updated: 1440
	2  -  MemoryUsage of job (MB)
	1440  -  ResidentSetSize of job (KB)
...
006 (16828060.007.000) 09/22 19:54:59 Image size of job updated: 277716
	272  -  MemoryUsage of job (MB)
	277716  -  ResidentSetSize of job (KB)
...
040 (16828060.007.000) 09/22 19:55:15 Started transferring output files
...
040 (16828060.007.000) 09/22 19:55:15 Finished transferring output files
...
005 (16828060.007.000) 09/22 19:55:16 Job terminated.
	(1) Normal termination (return value 0)
		Usr 0 00:02:48, Sys 0 00:00:13  -  Run Remote Usage
		Usr 0 00:00:00, Sys 0 00:00:00  -  Run Local Usage
		Usr 0 00:02:48, Sys 0 00:00:13  -  Total Remote Usage
		Usr 0 00:00:00, Sys 0 00:00:00  -  Total Local Usage
	8581  -  Run Bytes Sent By Job
	11302  -  Run Bytes Received By Job
	8581  -  Total Bytes Sent By Job
	11302  -  Total Bytes Received By Job
	Partitionable Resources :    Usage  Request Allocated 
	   Cpus                 :     0.71        1         1 
	   Disk (KB)            :    51           1      3714 
	   GPUs                 :                           0 
	   Memory (MB)          :   272        3000      3000 
	   TimeExecute (s)      :   324                       
	   TimeSlotBusy (s)     :   326                       
...
