000 (16828059.011.000) 09/22 18:29:09 Job submitted from host: <188.184.90.241:9618?addrs=188.184.90.241-9618+[2001-1458-201-e4--100-2eb]-9618&alias=bigbird15.cern.ch&noUDP&sock=schedd_3150_376a>
...
009 (16828059.011.000) 09/22 19:10:56 Job was aborted.
	via condor_rm (by user masegret)
...
000 (16828060.011.000) 09/22 19:11:02 Job submitted from host: <188.184.90.241:9618?addrs=188.184.90.241-9618+[2001-1458-201-e4--100-2eb]-9618&alias=bigbird15.cern.ch&noUDP&sock=schedd_3150_376a>
...
040 (16828060.011.000) 09/22 19:56:02 Started transferring input files
	Transferring to host: <188.185.215.184:9618?addrs=188.185.215.184-9618+[2001-1458-303-26--100-34]-9618&alias=b9p18p4694.cern.ch&noUDP&sock=slot1_10_7627_a94f_67912>
...
040 (16828060.011.000) 09/22 19:56:02 Finished transferring input files
...
001 (16828060.011.000) 09/22 19:56:03 Job executing on host: <188.185.215.184:9618?addrs=188.185.215.184-9618+[2001-1458-303-26--100-34]-9618&alias=b9p18p4694.cern.ch&noUDP&sock=startd_6566_4eef>
	SlotName: slot1_10@b9p18p4694.cern.ch
	CondorScratchDir = "/pool/condor/dir_3612442"
	Cpus = 1
	Disk = 3739
	GPUs = 0
	Memory = 3000
...
006 (16828060.011.000) 09/22 19:56:11 Image size of job updated: 2308
	2  -  MemoryUsage of job (MB)
	1980  -  ResidentSetSize of job (KB)
...
006 (16828060.011.000) 09/22 20:01:11 Image size of job updated: 278040
	272  -  MemoryUsage of job (MB)
	278040  -  ResidentSetSize of job (KB)
...
040 (16828060.011.000) 09/22 20:01:49 Started transferring output files
...
040 (16828060.011.000) 09/22 20:01:49 Finished transferring output files
...
005 (16828060.011.000) 09/22 20:01:50 Job terminated.
	(1) Normal termination (return value 0)
		Usr 0 00:02:41, Sys 0 00:00:11  -  Run Remote Usage
		Usr 0 00:00:00, Sys 0 00:00:00  -  Run Local Usage
		Usr 0 00:02:41, Sys 0 00:00:11  -  Total Remote Usage
		Usr 0 00:00:00, Sys 0 00:00:00  -  Total Local Usage
	8581  -  Run Bytes Sent By Job
	11302  -  Run Bytes Received By Job
	8581  -  Total Bytes Sent By Job
	11302  -  Total Bytes Received By Job
	Partitionable Resources :    Usage  Request Allocated 
	   Cpus                 :     0.48        1         1 
	   Disk (KB)            :    51           1      3739 
	   GPUs                 :                           0 
	   Memory (MB)          :   272        3000      3000 
	   TimeExecute (s)      :   346                       
	   TimeSlotBusy (s)     :   347                       
...
