000 (16828059.008.000) 09/22 18:29:09 Job submitted from host: <188.184.90.241:9618?addrs=188.184.90.241-9618+[2001-1458-201-e4--100-2eb]-9618&alias=bigbird15.cern.ch&noUDP&sock=schedd_3150_376a>
...
009 (16828059.008.000) 09/22 19:10:56 Job was aborted.
	via condor_rm (by user masegret)
...
000 (16828060.008.000) 09/22 19:11:02 Job submitted from host: <188.184.90.241:9618?addrs=188.184.90.241-9618+[2001-1458-201-e4--100-2eb]-9618&alias=bigbird15.cern.ch&noUDP&sock=schedd_3150_376a>
...
040 (16828060.008.000) 09/22 19:53:25 Started transferring input files
	Transferring to host: <188.185.213.178:9618?addrs=188.185.213.178-9618+[2001-1458-303-1b--100-2e]-9618&alias=b9p28p3786.cern.ch&noUDP&sock=slot1_47_10018_5650_71080>
...
040 (16828060.008.000) 09/22 19:53:25 Finished transferring input files
...
001 (16828060.008.000) 09/22 19:53:26 Job executing on host: <188.185.213.178:9618?addrs=188.185.213.178-9618+[2001-1458-303-1b--100-2e]-9618&alias=b9p28p3786.cern.ch&noUDP&sock=startd_9216_fce8>
	SlotName: slot1_47@b9p28p3786.cern.ch
	CondorScratchDir = "/pool/condor/dir_3947534"
	Cpus = 1
	Disk = 3707
	GPUs = 0
	Memory = 3000
...
006 (16828060.008.000) 09/22 19:53:35 Image size of job updated: 2940
	2  -  MemoryUsage of job (MB)
	1768  -  ResidentSetSize of job (KB)
...
006 (16828060.008.000) 09/22 19:58:37 Image size of job updated: 273700
	268  -  MemoryUsage of job (MB)
	273700  -  ResidentSetSize of job (KB)
...
040 (16828060.008.000) 09/22 19:59:29 Started transferring output files
...
040 (16828060.008.000) 09/22 19:59:29 Finished transferring output files
...
005 (16828060.008.000) 09/22 19:59:29 Job terminated.
	(1) Normal termination (return value 0)
		Usr 0 00:02:42, Sys 0 00:00:13  -  Run Remote Usage
		Usr 0 00:00:00, Sys 0 00:00:00  -  Run Local Usage
		Usr 0 00:02:42, Sys 0 00:00:13  -  Total Remote Usage
		Usr 0 00:00:00, Sys 0 00:00:00  -  Total Local Usage
	8581  -  Run Bytes Sent By Job
	11302  -  Run Bytes Received By Job
	8581  -  Total Bytes Sent By Job
	11302  -  Total Bytes Received By Job
	Partitionable Resources :    Usage  Request Allocated 
	   Cpus                 :     0.43        1         1 
	   Disk (KB)            :    67           1      3707 
	   GPUs                 :                           0 
	   Memory (MB)          :   268        3000      3000 
	   TimeExecute (s)      :   363                       
	   TimeSlotBusy (s)     :   364                       
...
