000 (16828059.006.000) 09/22 18:29:09 Job submitted from host: <188.184.90.241:9618?addrs=188.184.90.241-9618+[2001-1458-201-e4--100-2eb]-9618&alias=bigbird15.cern.ch&noUDP&sock=schedd_3150_376a>
...
009 (16828059.006.000) 09/22 19:10:56 Job was aborted.
	via condor_rm (by user masegret)
...
000 (16828060.006.000) 09/22 19:11:02 Job submitted from host: <188.184.90.241:9618?addrs=188.184.90.241-9618+[2001-1458-201-e4--100-2eb]-9618&alias=bigbird15.cern.ch&noUDP&sock=schedd_3150_376a>
...
040 (16828060.006.000) 09/22 19:48:19 Started transferring input files
	Transferring to host: <188.185.213.198:9618?addrs=188.185.213.198-9618+[2001-1458-303-1b--100-42]-9618&alias=b9p28p6148.cern.ch&noUDP&sock=slot1_11_9732_d305_67559>
...
040 (16828060.006.000) 09/22 19:48:19 Finished transferring input files
...
001 (16828060.006.000) 09/22 19:48:20 Job executing on host: <188.185.213.198:9618?addrs=188.185.213.198-9618+[2001-1458-303-1b--100-42]-9618&alias=b9p28p6148.cern.ch&noUDP&sock=startd_8956_a648>
	SlotName: slot1_11@b9p28p6148.cern.ch
	CondorScratchDir = "/pool/condor/dir_3647192"
	Cpus = 1
	Disk = 3777
	GPUs = 0
	Memory = 3000
...
006 (16828060.006.000) 09/22 19:48:28 Image size of job updated: 1292
	2  -  MemoryUsage of job (MB)
	1080  -  ResidentSetSize of job (KB)
...
006 (16828060.006.000) 09/22 19:53:28 Image size of job updated: 275468
	270  -  MemoryUsage of job (MB)
	275468  -  ResidentSetSize of job (KB)
...
006 (16828060.006.000) 09/22 19:56:53 Image size of job updated: 283968
	270  -  MemoryUsage of job (MB)
	275468  -  ResidentSetSize of job (KB)
...
040 (16828060.006.000) 09/22 19:56:53 Started transferring output files
...
040 (16828060.006.000) 09/22 19:56:53 Finished transferring output files
...
005 (16828060.006.000) 09/22 19:56:53 Job terminated.
	(1) Normal termination (return value 0)
		Usr 0 00:02:48, Sys 0 00:00:16  -  Run Remote Usage
		Usr 0 00:00:00, Sys 0 00:00:00  -  Run Local Usage
		Usr 0 00:02:48, Sys 0 00:00:16  -  Total Remote Usage
		Usr 0 00:00:00, Sys 0 00:00:00  -  Total Local Usage
	8581  -  Run Bytes Sent By Job
	11302  -  Run Bytes Received By Job
	8581  -  Total Bytes Sent By Job
	11302  -  Total Bytes Received By Job
	Partitionable Resources :    Usage  Request Allocated 
	   Cpus                 :     0.25        1         1 
	   Disk (KB)            :    50           1      3777 
	   GPUs                 :                           0 
	   Memory (MB)          :   270        3000      3000 
	   TimeExecute (s)      :   513                       
	   TimeSlotBusy (s)     :   515                       
...
