000 (16828059.001.000) 09/22 18:29:09 Job submitted from host: <188.184.90.241:9618?addrs=188.184.90.241-9618+[2001-1458-201-e4--100-2eb]-9618&alias=bigbird15.cern.ch&noUDP&sock=schedd_3150_376a>
...
009 (16828059.001.000) 09/22 19:10:56 Job was aborted.
	via condor_rm (by user masegret)
...
000 (16828060.001.000) 09/22 19:11:02 Job submitted from host: <188.184.90.241:9618?addrs=188.184.90.241-9618+[2001-1458-201-e4--100-2eb]-9618&alias=bigbird15.cern.ch&noUDP&sock=schedd_3150_376a>
...
040 (16828060.001.000) 09/22 19:41:24 Started transferring input files
	Transferring to host: <188.185.215.184:9618?addrs=188.185.215.184-9618+[2001-1458-303-26--100-34]-9618&alias=b9p18p4694.cern.ch&noUDP&sock=slot1_10_7627_a94f_67899>
...
040 (16828060.001.000) 09/22 19:41:24 Finished transferring input files
...
001 (16828060.001.000) 09/22 19:41:25 Job executing on host: <188.185.215.184:9618?addrs=188.185.215.184-9618+[2001-1458-303-26--100-34]-9618&alias=b9p18p4694.cern.ch&noUDP&sock=startd_6566_4eef>
	SlotName: slot1_10@b9p18p4694.cern.ch
	CondorScratchDir = "/pool/condor/dir_3606159"
	Cpus = 1
	Disk = 3740
	GPUs = 0
	Memory = 3000
...
006 (16828060.001.000) 09/22 19:41:33 Image size of job updated: 2308
	2  -  MemoryUsage of job (MB)
	1428  -  ResidentSetSize of job (KB)
...
006 (16828060.001.000) 09/22 19:46:33 Image size of job updated: 277300
	271  -  MemoryUsage of job (MB)
	277300  -  ResidentSetSize of job (KB)
...
006 (16828060.001.000) 09/22 19:51:34 Image size of job updated: 277336
	271  -  MemoryUsage of job (MB)
	277336  -  ResidentSetSize of job (KB)
...
006 (16828060.001.000) 09/22 19:56:01 Image size of job updated: 277344
	271  -  MemoryUsage of job (MB)
	277336  -  ResidentSetSize of job (KB)
...
040 (16828060.001.000) 09/22 19:56:01 Started transferring output files
...
040 (16828060.001.000) 09/22 19:56:01 Finished transferring output files
...
005 (16828060.001.000) 09/22 19:56:01 Job terminated.
	(1) Normal termination (return value 0)
		Usr 0 00:02:44, Sys 0 00:00:15  -  Run Remote Usage
		Usr 0 00:00:00, Sys 0 00:00:00  -  Run Local Usage
		Usr 0 00:02:44, Sys 0 00:00:15  -  Total Remote Usage
		Usr 0 00:00:00, Sys 0 00:00:00  -  Total Local Usage
	8581  -  Run Bytes Sent By Job
	11301  -  Run Bytes Received By Job
	8581  -  Total Bytes Sent By Job
	11301  -  Total Bytes Received By Job
	Partitionable Resources :    Usage  Request Allocated 
	   Cpus                 :     0.00        1         1 
	   Disk (KB)            :    51           1      3740 
	   GPUs                 :                           0 
	   Memory (MB)          :   271        3000      3000 
	   TimeExecute (s)      :   876                       
	   TimeSlotBusy (s)     :   877                       
...
