000 (16828059.005.000) 09/22 18:29:09 Job submitted from host: <188.184.90.241:9618?addrs=188.184.90.241-9618+[2001-1458-201-e4--100-2eb]-9618&alias=bigbird15.cern.ch&noUDP&sock=schedd_3150_376a>
...
009 (16828059.005.000) 09/22 19:10:56 Job was aborted.
	via condor_rm (by user masegret)
...
000 (16828060.005.000) 09/22 19:11:02 Job submitted from host: <188.184.90.241:9618?addrs=188.184.90.241-9618+[2001-1458-201-e4--100-2eb]-9618&alias=bigbird15.cern.ch&noUDP&sock=schedd_3150_376a>
...
040 (16828060.005.000) 09/22 19:47:36 Started transferring input files
	Transferring to host: <188.185.215.199:9618?addrs=188.185.215.199-9618+[2001-1458-303-26--100-43]-9618&alias=b9p18p6967.cern.ch&noUDP&sock=slot1_27_5782_b124_69504>
...
040 (16828060.005.000) 09/22 19:47:36 Finished transferring input files
...
001 (16828060.005.000) 09/22 19:47:37 Job executing on host: <188.185.215.199:9618?addrs=188.185.215.199-9618+[2001-1458-303-26--100-43]-9618&alias=b9p18p6967.cern.ch&noUDP&sock=startd_4735_6506>
	SlotName: slot1_27@b9p18p6967.cern.ch
	CondorScratchDir = "/pool/condor/dir_1766418"
	Cpus = 1
	Disk = 3696
	GPUs = 0
	Memory = 3000
...
006 (16828060.005.000) 09/22 19:47:46 Image size of job updated: 3856
	4  -  MemoryUsage of job (MB)
	3856  -  ResidentSetSize of job (KB)
...
006 (16828060.005.000) 09/22 19:52:47 Image size of job updated: 273988
	268  -  MemoryUsage of job (MB)
	273988  -  ResidentSetSize of job (KB)
...
040 (16828060.005.000) 09/22 19:53:28 Started transferring output files
...
040 (16828060.005.000) 09/22 19:53:28 Finished transferring output files
...
005 (16828060.005.000) 09/22 19:53:28 Job terminated.
	(1) Normal termination (return value 0)
		Usr 0 00:02:33, Sys 0 00:00:14  -  Run Remote Usage
		Usr 0 00:00:00, Sys 0 00:00:00  -  Run Local Usage
		Usr 0 00:02:33, Sys 0 00:00:14  -  Total Remote Usage
		Usr 0 00:00:00, Sys 0 00:00:00  -  Total Local Usage
	8581  -  Run Bytes Sent By Job
	11302  -  Run Bytes Received By Job
	8581  -  Total Bytes Sent By Job
	11302  -  Total Bytes Received By Job
	Partitionable Resources :    Usage  Request Allocated 
	   Cpus                 :        0        1         1 
	   Disk (KB)            :       67        1      3696 
	   GPUs                 :                           0 
	   Memory (MB)          :      268     3000      3000 
	   TimeExecute (s)      :      351                    
	   TimeSlotBusy (s)     :      353                    
...
