000 (16828059.020.000) 09/22 18:29:09 Job submitted from host: <188.184.90.241:9618?addrs=188.184.90.241-9618+[2001-1458-201-e4--100-2eb]-9618&alias=bigbird15.cern.ch&noUDP&sock=schedd_3150_376a>
...
009 (16828059.020.000) 09/22 19:10:56 Job was aborted.
	via condor_rm (by user masegret)
...
000 (16828060.020.000) 09/22 19:11:02 Job submitted from host: <188.184.90.241:9618?addrs=188.184.90.241-9618+[2001-1458-201-e4--100-2eb]-9618&alias=bigbird15.cern.ch&noUDP&sock=schedd_3150_376a>
...
040 (16828060.020.000) 09/22 21:07:09 Started transferring input files
	Transferring to host: <188.185.213.105:9618?addrs=188.185.213.105-9618+[2001-1458-303-1a--100-65]-9618&alias=b9p27p6580.cern.ch&noUDP&sock=slot1_43_6527_9ca2_77381>
...
040 (16828060.020.000) 09/22 21:07:09 Finished transferring input files
...
001 (16828060.020.000) 09/22 21:07:10 Job executing on host: <188.185.213.105:9618?addrs=188.185.213.105-9618+[2001-1458-303-1a--100-65]-9618&alias=b9p27p6580.cern.ch&noUDP&sock=startd_5724_c431>
	SlotName: slot1_43@b9p27p6580.cern.ch
	CondorScratchDir = "/pool/condor/dir_1497384"
	Cpus = 1
	Disk = 3845
	GPUs = 0
	Memory = 3000
...
006 (16828060.020.000) 09/22 21:07:19 Image size of job updated: 10716
	2  -  MemoryUsage of job (MB)
	1900  -  ResidentSetSize of job (KB)
...
006 (16828060.020.000) 09/22 21:08:02 Image size of job updated: 335744
	2  -  MemoryUsage of job (MB)
	1900  -  ResidentSetSize of job (KB)
...
040 (16828060.020.000) 09/22 21:08:02 Started transferring output files
...
040 (16828060.020.000) 09/22 21:08:02 Finished transferring output files
...
005 (16828060.020.000) 09/22 21:08:02 Job terminated.
	(1) Normal termination (return value 0)
		Usr 0 00:00:26, Sys 0 00:00:08  -  Run Remote Usage
		Usr 0 00:00:00, Sys 0 00:00:00  -  Run Local Usage
		Usr 0 00:00:26, Sys 0 00:00:08  -  Total Remote Usage
		Usr 0 00:00:00, Sys 0 00:00:00  -  Total Local Usage
	7768  -  Run Bytes Sent By Job
	11302  -  Run Bytes Received By Job
	7768  -  Total Bytes Sent By Job
	11302  -  Total Bytes Received By Job
	Partitionable Resources :    Usage  Request Allocated 
	   Cpus                 :        0        1         1 
	   Disk (KB)            :       67        1      3845 
	   GPUs                 :                           0 
	   Memory (MB)          :        2     3000      3000 
	   TimeExecute (s)      :       52                    
	   TimeSlotBusy (s)     :       54                    
...
