000 (16828059.016.000) 09/22 18:29:09 Job submitted from host: <188.184.90.241:9618?addrs=188.184.90.241-9618+[2001-1458-201-e4--100-2eb]-9618&alias=bigbird15.cern.ch&noUDP&sock=schedd_3150_376a>
...
009 (16828059.016.000) 09/22 19:10:56 Job was aborted.
	via condor_rm (by user masegret)
...
000 (16828060.016.000) 09/22 19:11:02 Job submitted from host: <188.184.90.241:9618?addrs=188.184.90.241-9618+[2001-1458-201-e4--100-2eb]-9618&alias=bigbird15.cern.ch&noUDP&sock=schedd_3150_376a>
...
040 (16828060.016.000) 09/22 19:59:29 Started transferring input files
	Transferring to host: <188.185.213.178:9618?addrs=188.185.213.178-9618+[2001-1458-303-1b--100-2e]-9618&alias=b9p28p3786.cern.ch&noUDP&sock=slot1_47_10018_5650_71085>
...
040 (16828060.016.000) 09/22 19:59:29 Finished transferring input files
...
001 (16828060.016.000) 09/22 19:59:30 Job executing on host: <188.185.213.178:9618?addrs=188.185.213.178-9618+[2001-1458-303-1b--100-2e]-9618&alias=b9p28p3786.cern.ch&noUDP&sock=startd_9216_fce8>
	SlotName: slot1_47@b9p28p3786.cern.ch
	CondorScratchDir = "/pool/condor/dir_3951603"
	Cpus = 1
	Disk = 3704
	GPUs = 0
	Memory = 3000
...
006 (16828060.016.000) 09/22 19:59:39 Image size of job updated: 2188
	2  -  MemoryUsage of job (MB)
	1548  -  ResidentSetSize of job (KB)
...
006 (16828060.016.000) 09/22 20:04:39 Image size of job updated: 271960
	266  -  MemoryUsage of job (MB)
	271960  -  ResidentSetSize of job (KB)
...
006 (16828060.016.000) 09/22 20:05:30 Image size of job updated: 271996
	266  -  MemoryUsage of job (MB)
	271960  -  ResidentSetSize of job (KB)
...
040 (16828060.016.000) 09/22 20:05:30 Started transferring output files
...
040 (16828060.016.000) 09/22 20:05:30 Finished transferring output files
...
005 (16828060.016.000) 09/22 20:05:30 Job terminated.
	(1) Normal termination (return value 0)
		Usr 0 00:02:36, Sys 0 00:00:12  -  Run Remote Usage
		Usr 0 00:00:00, Sys 0 00:00:00  -  Run Local Usage
		Usr 0 00:02:36, Sys 0 00:00:12  -  Total Remote Usage
		Usr 0 00:00:00, Sys 0 00:00:00  -  Total Local Usage
	8581  -  Run Bytes Sent By Job
	11302  -  Run Bytes Received By Job
	8581  -  Total Bytes Sent By Job
	11302  -  Total Bytes Received By Job
	Partitionable Resources :    Usage  Request Allocated 
	   Cpus                 :        0        1         1 
	   Disk (KB)            :       51        1      3704 
	   GPUs                 :                           0 
	   Memory (MB)          :      266     3000      3000 
	   TimeExecute (s)      :      360                    
	   TimeSlotBusy (s)     :      361                    
...
