000 (16828059.013.000) 09/22 18:29:09 Job submitted from host: <188.184.90.241:9618?addrs=188.184.90.241-9618+[2001-1458-201-e4--100-2eb]-9618&alias=bigbird15.cern.ch&noUDP&sock=schedd_3150_376a>
...
009 (16828059.013.000) 09/22 19:10:56 Job was aborted.
	via condor_rm (by user masegret)
...
000 (16828060.013.000) 09/22 19:11:02 Job submitted from host: <188.184.90.241:9618?addrs=188.184.90.241-9618+[2001-1458-201-e4--100-2eb]-9618&alias=bigbird15.cern.ch&noUDP&sock=schedd_3150_376a>
...
040 (16828060.013.000) 09/22 19:56:35 Started transferring input files
	Transferring to host: <188.185.210.208:9618?addrs=188.185.210.208-9618+[2001-1458-303-15--100-4c]-9618&alias=b9p22p0624.cern.ch&noUDP&sock=slot1_32_5776_76e4_68500>
...
040 (16828060.013.000) 09/22 19:56:35 Finished transferring input files
...
001 (16828060.013.000) 09/22 19:56:36 Job executing on host: <188.185.210.208:9618?addrs=188.185.210.208-9618+[2001-1458-303-15--100-4c]-9618&alias=b9p22p0624.cern.ch&noUDP&sock=startd_4738_73cf>
	SlotName: slot1_32@b9p22p0624.cern.ch
	CondorScratchDir = "/pool/condor/dir_4034938"
	Cpus = 1
	Disk = 3628
	GPUs = 0
	Memory = 3000
...
006 (16828060.013.000) 09/22 19:56:45 Image size of job updated: 5768
	6  -  MemoryUsage of job (MB)
	5768  -  ResidentSetSize of job (KB)
...
006 (16828060.013.000) 09/22 20:01:46 Image size of job updated: 273304
	267  -  MemoryUsage of job (MB)
	273304  -  ResidentSetSize of job (KB)
...
006 (16828060.013.000) 09/22 20:02:50 Image size of job updated: 278420
	267  -  MemoryUsage of job (MB)
	273304  -  ResidentSetSize of job (KB)
...
040 (16828060.013.000) 09/22 20:02:50 Started transferring output files
...
040 (16828060.013.000) 09/22 20:02:50 Finished transferring output files
...
005 (16828060.013.000) 09/22 20:02:50 Job terminated.
	(1) Normal termination (return value 0)
		Usr 0 00:02:46, Sys 0 00:00:13  -  Run Remote Usage
		Usr 0 00:00:00, Sys 0 00:00:00  -  Run Local Usage
		Usr 0 00:02:46, Sys 0 00:00:13  -  Total Remote Usage
		Usr 0 00:00:00, Sys 0 00:00:00  -  Total Local Usage
	8581  -  Run Bytes Sent By Job
	11302  -  Run Bytes Received By Job
	8581  -  Total Bytes Sent By Job
	11302  -  Total Bytes Received By Job
	Partitionable Resources :    Usage  Request Allocated 
	   Cpus                 :        0        1         1 
	   Disk (KB)            :       51        1      3628 
	   GPUs                 :                           0 
	   Memory (MB)          :      267     3000      3000 
	   TimeExecute (s)      :      374                    
	   TimeSlotBusy (s)     :      376                    
...
