000 (16828059.018.000) 09/22 18:29:09 Job submitted from host: <188.184.90.241:9618?addrs=188.184.90.241-9618+[2001-1458-201-e4--100-2eb]-9618&alias=bigbird15.cern.ch&noUDP&sock=schedd_3150_376a>
...
009 (16828059.018.000) 09/22 19:10:56 Job was aborted.
	via condor_rm (by user masegret)
...
000 (16828060.018.000) 09/22 19:11:02 Job submitted from host: <188.184.90.241:9618?addrs=188.184.90.241-9618+[2001-1458-201-e4--100-2eb]-9618&alias=bigbird15.cern.ch&noUDP&sock=schedd_3150_376a>
...
040 (16828060.018.000) 09/22 20:08:01 Started transferring input files
	Transferring to host: <188.185.213.177:9618?addrs=188.185.213.177-9618+[2001-1458-303-1b--100-2d]-9618&alias=b9p28p3293.cern.ch&noUDP&sock=slot1_38_7694_de72_75363>
...
040 (16828060.018.000) 09/22 20:08:01 Finished transferring input files
...
001 (16828060.018.000) 09/22 20:08:02 Job executing on host: <188.185.213.177:9618?addrs=188.185.213.177-9618+[2001-1458-303-1b--100-2d]-9618&alias=b9p28p3293.cern.ch&noUDP&sock=startd_6666_e667>
	SlotName: slot1_38@b9p28p3293.cern.ch
	CondorScratchDir = "/pool/condor/dir_1075629"
	Cpus = 1
	Disk = 3780
	GPUs = 0
	Memory = 3000
...
006 (16828060.018.000) 09/22 20:08:11 Image size of job updated: 10612
	11  -  MemoryUsage of job (MB)
	10612  -  ResidentSetSize of job (KB)
...
006 (16828060.018.000) 09/22 20:10:28 Image size of job updated: 281464
	11  -  MemoryUsage of job (MB)
	10612  -  ResidentSetSize of job (KB)
...
040 (16828060.018.000) 09/22 20:10:28 Started transferring output files
...
040 (16828060.018.000) 09/22 20:10:28 Finished transferring output files
...
005 (16828060.018.000) 09/22 20:10:28 Job terminated.
	(1) Normal termination (return value 0)
		Usr 0 00:01:08, Sys 0 00:00:09  -  Run Remote Usage
		Usr 0 00:00:00, Sys 0 00:00:00  -  Run Local Usage
		Usr 0 00:01:08, Sys 0 00:00:09  -  Total Remote Usage
		Usr 0 00:00:00, Sys 0 00:00:00  -  Total Local Usage
	7992  -  Run Bytes Sent By Job
	11302  -  Run Bytes Received By Job
	7992  -  Total Bytes Sent By Job
	11302  -  Total Bytes Received By Job
	Partitionable Resources :    Usage  Request Allocated 
	   Cpus                 :     0.09        1         1 
	   Disk (KB)            :    50           1      3780 
	   GPUs                 :                           0 
	   Memory (MB)          :    11        3000      3000 
	   TimeExecute (s)      :   146                       
	   TimeSlotBusy (s)     :   147                       
...
