000 (16828059.022.000) 09/22 18:29:09 Job submitted from host: <188.184.90.241:9618?addrs=188.184.90.241-9618+[2001-1458-201-e4--100-2eb]-9618&alias=bigbird15.cern.ch&noUDP&sock=schedd_3150_376a>
...
009 (16828059.022.000) 09/22 19:10:56 Job was aborted.
	via condor_rm (by user masegret)
...
000 (16828060.022.000) 09/22 19:11:02 Job submitted from host: <188.184.90.241:9618?addrs=188.184.90.241-9618+[2001-1458-201-e4--100-2eb]-9618&alias=bigbird15.cern.ch&noUDP&sock=schedd_3150_376a>
...
040 (16828060.022.000) 09/22 21:07:09 Started transferring input files
	Transferring to host: <188.185.215.34:9618?addrs=188.185.215.34-9618+[2001-1458-303-1e--100-1e]-9618&alias=b9p31p6592.cern.ch&noUDP&sock=slot1_22_7546_96ec_67347>
...
040 (16828060.022.000) 09/22 21:07:09 Finished transferring input files
...
001 (16828060.022.000) 09/22 21:07:10 Job executing on host: <188.185.215.34:9618?addrs=188.185.215.34-9618+[2001-1458-303-1e--100-1e]-9618&alias=b9p31p6592.cern.ch&noUDP&sock=startd_6495_9bb5>
	SlotName: slot1_22@b9p31p6592.cern.ch
	CondorScratchDir = "/pool/condor/dir_1232693"
	Cpus = 1
	Disk = 3926
	GPUs = 0
	Memory = 3000
...
006 (16828060.022.000) 09/22 21:07:19 Image size of job updated: 3864
	4  -  MemoryUsage of job (MB)
	3864  -  ResidentSetSize of job (KB)
...
006 (16828060.022.000) 09/22 21:08:02 Image size of job updated: 328276
	4  -  MemoryUsage of job (MB)
	3864  -  ResidentSetSize of job (KB)
...
040 (16828060.022.000) 09/22 21:08:02 Started transferring output files
...
040 (16828060.022.000) 09/22 21:08:02 Finished transferring output files
...
005 (16828060.022.000) 09/22 21:08:02 Job terminated.
	(1) Normal termination (return value 0)
		Usr 0 00:00:26, Sys 0 00:00:09  -  Run Remote Usage
		Usr 0 00:00:00, Sys 0 00:00:00  -  Run Local Usage
		Usr 0 00:00:26, Sys 0 00:00:09  -  Total Remote Usage
		Usr 0 00:00:00, Sys 0 00:00:00  -  Total Local Usage
	7768  -  Run Bytes Sent By Job
	11302  -  Run Bytes Received By Job
	7768  -  Total Bytes Sent By Job
	11302  -  Total Bytes Received By Job
	Partitionable Resources :    Usage  Request Allocated 
	   Cpus                 :        0        1         1 
	   Disk (KB)            :       67        1      3926 
	   GPUs                 :                           0 
	   Memory (MB)          :        4     3000      3000 
	   TimeExecute (s)      :       52                    
	   TimeSlotBusy (s)     :       54                    
...
