000 (16828059.012.000) 09/22 18:29:09 Job submitted from host: <188.184.90.241:9618?addrs=188.184.90.241-9618+[2001-1458-201-e4--100-2eb]-9618&alias=bigbird15.cern.ch&noUDP&sock=schedd_3150_376a>
...
009 (16828059.012.000) 09/22 19:10:56 Job was aborted.
	via condor_rm (by user masegret)
...
000 (16828060.012.000) 09/22 19:11:02 Job submitted from host: <188.184.90.241:9618?addrs=188.184.90.241-9618+[2001-1458-201-e4--100-2eb]-9618&alias=bigbird15.cern.ch&noUDP&sock=schedd_3150_376a>
...
040 (16828060.012.000) 09/22 19:56:25 Started transferring input files
	Transferring to host: <188.185.212.197:9618?addrs=188.185.212.197-9618+[2001-1458-303-19--100-41]-9618&alias=b9p26p6528.cern.ch&noUDP&sock=slot1_21_6348_7d7b_69001>
...
040 (16828060.012.000) 09/22 19:56:25 Finished transferring input files
...
001 (16828060.012.000) 09/22 19:56:26 Job executing on host: <188.185.212.197:9618?addrs=188.185.212.197-9618+[2001-1458-303-19--100-41]-9618&alias=b9p26p6528.cern.ch&noUDP&sock=startd_5430_1b59>
	SlotName: slot1_21@b9p26p6528.cern.ch
	CondorScratchDir = "/pool/condor/dir_3098226"
	Cpus = 1
	Disk = 3775
	GPUs = 0
	Memory = 3000
...
006 (16828060.012.000) 09/22 19:56:34 Image size of job updated: 3864
	4  -  MemoryUsage of job (MB)
	3864  -  ResidentSetSize of job (KB)
...
006 (16828060.012.000) 09/22 20:01:34 Image size of job updated: 274760
	269  -  MemoryUsage of job (MB)
	274760  -  ResidentSetSize of job (KB)
...
006 (16828060.012.000) 09/22 20:03:21 Image size of job updated: 287112
	269  -  MemoryUsage of job (MB)
	274760  -  ResidentSetSize of job (KB)
...
040 (16828060.012.000) 09/22 20:03:22 Started transferring output files
...
040 (16828060.012.000) 09/22 20:03:22 Finished transferring output files
...
005 (16828060.012.000) 09/22 20:03:22 Job terminated.
	(1) Normal termination (return value 0)
		Usr 0 00:02:38, Sys 0 00:00:13  -  Run Remote Usage
		Usr 0 00:00:00, Sys 0 00:00:00  -  Run Local Usage
		Usr 0 00:02:38, Sys 0 00:00:13  -  Total Remote Usage
		Usr 0 00:00:00, Sys 0 00:00:00  -  Total Local Usage
	8581  -  Run Bytes Sent By Job
	11301  -  Run Bytes Received By Job
	8581  -  Total Bytes Sent By Job
	11301  -  Total Bytes Received By Job
	Partitionable Resources :    Usage  Request Allocated 
	   Cpus                 :        0        1         1 
	   Disk (KB)            :       68        1      3775 
	   GPUs                 :                           0 
	   Memory (MB)          :      269     3000      3000 
	   TimeExecute (s)      :      415                    
	   TimeSlotBusy (s)     :      418                    
...
