000 (16828059.014.000) 09/22 18:29:09 Job submitted from host: <188.184.90.241:9618?addrs=188.184.90.241-9618+[2001-1458-201-e4--100-2eb]-9618&alias=bigbird15.cern.ch&noUDP&sock=schedd_3150_376a>
...
009 (16828059.014.000) 09/22 19:10:56 Job was aborted.
	via condor_rm (by user masegret)
...
000 (16828060.014.000) 09/22 19:11:02 Job submitted from host: <188.184.90.241:9618?addrs=188.184.90.241-9618+[2001-1458-201-e4--100-2eb]-9618&alias=bigbird15.cern.ch&noUDP&sock=schedd_3150_376a>
...
040 (16828060.014.000) 09/22 19:56:54 Started transferring input files
	Transferring to host: <188.185.213.198:9618?addrs=188.185.213.198-9618+[2001-1458-303-1b--100-42]-9618&alias=b9p28p6148.cern.ch&noUDP&sock=slot1_11_9732_d305_67563>
...
040 (16828060.014.000) 09/22 19:56:54 Finished transferring input files
...
001 (16828060.014.000) 09/22 19:56:55 Job executing on host: <188.185.213.198:9618?addrs=188.185.213.198-9618+[2001-1458-303-1b--100-42]-9618&alias=b9p28p6148.cern.ch&noUDP&sock=startd_8956_a648>
	SlotName: slot1_11@b9p28p6148.cern.ch
	CondorScratchDir = "/pool/condor/dir_3650867"
	Cpus = 1
	Disk = 3779
	GPUs = 0
	Memory = 3000
...
006 (16828060.014.000) 09/22 19:57:03 Image size of job updated: 1280
	2  -  MemoryUsage of job (MB)
	1280  -  ResidentSetSize of job (KB)
...
006 (16828060.014.000) 09/22 20:02:03 Image size of job updated: 278692
	273  -  MemoryUsage of job (MB)
	278692  -  ResidentSetSize of job (KB)
...
006 (16828060.014.000) 09/22 20:03:19 Image size of job updated: 278708
	273  -  MemoryUsage of job (MB)
	278692  -  ResidentSetSize of job (KB)
...
040 (16828060.014.000) 09/22 20:03:19 Started transferring output files
...
040 (16828060.014.000) 09/22 20:03:19 Finished transferring output files
...
005 (16828060.014.000) 09/22 20:03:19 Job terminated.
	(1) Normal termination (return value 0)
		Usr 0 00:02:47, Sys 0 00:00:13  -  Run Remote Usage
		Usr 0 00:00:00, Sys 0 00:00:00  -  Run Local Usage
		Usr 0 00:02:47, Sys 0 00:00:13  -  Total Remote Usage
		Usr 0 00:00:00, Sys 0 00:00:00  -  Total Local Usage
	8581  -  Run Bytes Sent By Job
	11302  -  Run Bytes Received By Job
	8581  -  Total Bytes Sent By Job
	11302  -  Total Bytes Received By Job
	Partitionable Resources :    Usage  Request Allocated 
	   Cpus                 :     0.62        1         1 
	   Disk (KB)            :    51           1      3779 
	   GPUs                 :                           0 
	   Memory (MB)          :   273        3000      3000 
	   TimeExecute (s)      :   384                       
	   TimeSlotBusy (s)     :   386                       
...
