000 (16828059.015.000) 09/22 18:29:09 Job submitted from host: <188.184.90.241:9618?addrs=188.184.90.241-9618+[2001-1458-201-e4--100-2eb]-9618&alias=bigbird15.cern.ch&noUDP&sock=schedd_3150_376a>
...
009 (16828059.015.000) 09/22 19:10:56 Job was aborted.
	via condor_rm (by user masegret)
...
000 (16828060.015.000) 09/22 19:11:02 Job submitted from host: <188.184.90.241:9618?addrs=188.184.90.241-9618+[2001-1458-201-e4--100-2eb]-9618&alias=bigbird15.cern.ch&noUDP&sock=schedd_3150_376a>
...
040 (16828060.015.000) 09/22 19:57:14 Started transferring input files
	Transferring to host: <188.185.214.35:9618?addrs=188.185.214.35-9618+[2001-1458-303-1c--100-1f]-9618&alias=b9p29p9581.cern.ch&noUDP&sock=slot1_1_4761_4e1b_68355>
...
040 (16828060.015.000) 09/22 19:57:14 Finished transferring input files
...
001 (16828060.015.000) 09/22 19:57:15 Job executing on host: <188.185.214.35:9618?addrs=188.185.214.35-9618+[2001-1458-303-1c--100-1f]-9618&alias=b9p29p9581.cern.ch&noUDP&sock=startd_4113_c11e>
	SlotName: slot1_1@b9p29p9581.cern.ch
	CondorScratchDir = "/pool/condor/dir_2022745"
	Cpus = 1
	Disk = 3618
	GPUs = 0
	Memory = 3000
...
006 (16828060.015.000) 09/22 19:57:24 Image size of job updated: 3892
	4  -  MemoryUsage of job (MB)
	3892  -  ResidentSetSize of job (KB)
...
006 (16828060.015.000) 09/22 20:02:25 Image size of job updated: 275200
	269  -  MemoryUsage of job (MB)
	275200  -  ResidentSetSize of job (KB)
...
006 (16828060.015.000) 09/22 20:03:37 Image size of job updated: 282884
	269  -  MemoryUsage of job (MB)
	275200  -  ResidentSetSize of job (KB)
...
040 (16828060.015.000) 09/22 20:03:37 Started transferring output files
...
040 (16828060.015.000) 09/22 20:03:37 Finished transferring output files
...
005 (16828060.015.000) 09/22 20:03:37 Job terminated.
	(1) Normal termination (return value 0)
		Usr 0 00:02:38, Sys 0 00:00:13  -  Run Remote Usage
		Usr 0 00:00:00, Sys 0 00:00:00  -  Run Local Usage
		Usr 0 00:02:38, Sys 0 00:00:13  -  Total Remote Usage
		Usr 0 00:00:00, Sys 0 00:00:00  -  Total Local Usage
	8581  -  Run Bytes Sent By Job
	11302  -  Run Bytes Received By Job
	8581  -  Total Bytes Sent By Job
	11302  -  Total Bytes Received By Job
	Partitionable Resources :    Usage  Request Allocated 
	   Cpus                 :        0        1         1 
	   Disk (KB)            :       68        1      3618 
	   GPUs                 :                           0 
	   Memory (MB)          :      269     3000      3000 
	   TimeExecute (s)      :      382                    
	   TimeSlotBusy (s)     :      383                    
...
