000 (16828059.024.000) 09/22 18:29:09 Job submitted from host: <188.184.90.241:9618?addrs=188.184.90.241-9618+[2001-1458-201-e4--100-2eb]-9618&alias=bigbird15.cern.ch&noUDP&sock=schedd_3150_376a>
...
009 (16828059.024.000) 09/22 19:10:56 Job was aborted.
	via condor_rm (by user masegret)
...
000 (16828060.024.000) 09/22 19:11:02 Job submitted from host: <188.184.90.241:9618?addrs=188.184.90.241-9618+[2001-1458-201-e4--100-2eb]-9618&alias=bigbird15.cern.ch&noUDP&sock=schedd_3150_376a>
...
040 (16828060.024.000) 09/22 21:07:09 Started transferring input files
	Transferring to host: <188.185.212.93:9618?addrs=188.185.212.93-9618+[2001-1458-303-18--100-59]-9618&alias=b9p25p2918.cern.ch&noUDP&sock=slot1_30_6569_3464_74808>
...
040 (16828060.024.000) 09/22 21:07:09 Finished transferring input files
...
001 (16828060.024.000) 09/22 21:07:10 Job executing on host: <188.185.212.93:9618?addrs=188.185.212.93-9618+[2001-1458-303-18--100-59]-9618&alias=b9p25p2918.cern.ch&noUDP&sock=startd_5752_f8d7>
	SlotName: slot1_30@b9p25p2918.cern.ch
	CondorScratchDir = "/pool/condor/dir_2142086"
	Cpus = 1
	Disk = 3795
	GPUs = 0
	Memory = 3000
...
006 (16828060.024.000) 09/22 21:07:19 Image size of job updated: 10616
	2  -  MemoryUsage of job (MB)
	1376  -  ResidentSetSize of job (KB)
...
006 (16828060.024.000) 09/22 21:07:53 Image size of job updated: 331104
	2  -  MemoryUsage of job (MB)
	1384  -  ResidentSetSize of job (KB)
...
040 (16828060.024.000) 09/22 21:07:53 Started transferring output files
...
040 (16828060.024.000) 09/22 21:07:53 Finished transferring output files
...
005 (16828060.024.000) 09/22 21:07:53 Job terminated.
	(1) Normal termination (return value 0)
		Usr 0 00:00:20, Sys 0 00:00:07  -  Run Remote Usage
		Usr 0 00:00:00, Sys 0 00:00:00  -  Run Local Usage
		Usr 0 00:00:20, Sys 0 00:00:07  -  Total Remote Usage
		Usr 0 00:00:00, Sys 0 00:00:00  -  Total Local Usage
	7767  -  Run Bytes Sent By Job
	11302  -  Run Bytes Received By Job
	7767  -  Total Bytes Sent By Job
	11302  -  Total Bytes Received By Job
	Partitionable Resources :    Usage  Request Allocated 
	   Cpus                 :        0        1         1 
	   Disk (KB)            :       67        1      3795 
	   GPUs                 :                           0 
	   Memory (MB)          :        2     3000      3000 
	   TimeExecute (s)      :       43                    
	   TimeSlotBusy (s)     :       45                    
...
