000 (16828059.025.000) 09/22 18:29:09 Job submitted from host: <188.184.90.241:9618?addrs=188.184.90.241-9618+[2001-1458-201-e4--100-2eb]-9618&alias=bigbird15.cern.ch&noUDP&sock=schedd_3150_376a>
...
009 (16828059.025.000) 09/22 19:10:56 Job was aborted.
	via condor_rm (by user masegret)
...
000 (16828060.025.000) 09/22 19:11:02 Job submitted from host: <188.184.90.241:9618?addrs=188.184.90.241-9618+[2001-1458-201-e4--100-2eb]-9618&alias=bigbird15.cern.ch&noUDP&sock=schedd_3150_376a>
...
040 (16828060.025.000) 09/22 21:07:09 Started transferring input files
	Transferring to host: <188.185.210.155:9618?addrs=188.185.210.155-9618+[2001-1458-303-15--100-17]-9618&alias=b9p22p2852.cern.ch&noUDP&sock=slot1_33_3755_7cb2_75506>
...
040 (16828060.025.000) 09/22 21:07:09 Finished transferring input files
...
001 (16828060.025.000) 09/22 21:07:10 Job executing on host: <188.185.210.155:9618?addrs=188.185.210.155-9618+[2001-1458-303-15--100-17]-9618&alias=b9p22p2852.cern.ch&noUDP&sock=startd_3713_633c>
	SlotName: slot1_33@b9p22p2852.cern.ch
	CondorScratchDir = "/pool/condor/dir_355003"
	Cpus = 1
	Disk = 3810
	GPUs = 0
	Memory = 3000
...
006 (16828060.025.000) 09/22 21:07:19 Image size of job updated: 2216
	2  -  MemoryUsage of job (MB)
	1812  -  ResidentSetSize of job (KB)
...
006 (16828060.025.000) 09/22 21:11:29 Image size of job updated: 276708
	2  -  MemoryUsage of job (MB)
	1812  -  ResidentSetSize of job (KB)
...
040 (16828060.025.000) 09/22 21:11:29 Started transferring output files
...
040 (16828060.025.000) 09/22 21:11:29 Finished transferring output files
...
005 (16828060.025.000) 09/22 21:11:29 Job terminated.
	(1) Normal termination (return value 0)
		Usr 0 00:02:27, Sys 0 00:00:14  -  Run Remote Usage
		Usr 0 00:00:00, Sys 0 00:00:00  -  Run Local Usage
		Usr 0 00:02:27, Sys 0 00:00:14  -  Total Remote Usage
		Usr 0 00:00:00, Sys 0 00:00:00  -  Total Local Usage
	8580  -  Run Bytes Sent By Job
	11301  -  Run Bytes Received By Job
	8580  -  Total Bytes Sent By Job
	11301  -  Total Bytes Received By Job
	Partitionable Resources :    Usage  Request Allocated 
	   Cpus                 :     0.55        1         1 
	   Disk (KB)            :    67           1      3810 
	   GPUs                 :                           0 
	   Memory (MB)          :     2        3000      3000 
	   TimeExecute (s)      :   259                       
	   TimeSlotBusy (s)     :   261                       
...
