000 (16828059.027.000) 09/22 18:29:09 Job submitted from host: <188.184.90.241:9618?addrs=188.184.90.241-9618+[2001-1458-201-e4--100-2eb]-9618&alias=bigbird15.cern.ch&noUDP&sock=schedd_3150_376a>
...
009 (16828059.027.000) 09/22 19:10:56 Job was aborted.
	via condor_rm (by user masegret)
...
000 (16828060.027.000) 09/22 19:11:02 Job submitted from host: <188.184.90.241:9618?addrs=188.184.90.241-9618+[2001-1458-201-e4--100-2eb]-9618&alias=bigbird15.cern.ch&noUDP&sock=schedd_3150_376a>
...
040 (16828060.027.000) 09/22 21:07:09 Started transferring input files
	Transferring to host: <188.185.214.182:9618?addrs=188.185.214.182-9618+[2001-1458-303-1d--100-32]-9618&alias=b9p30p9629.cern.ch&noUDP&sock=slot1_28_3248_427d_73452>
...
040 (16828060.027.000) 09/22 21:07:09 Finished transferring input files
...
001 (16828060.027.000) 09/22 21:07:10 Job executing on host: <188.185.214.182:9618?addrs=188.185.214.182-9618+[2001-1458-303-1d--100-32]-9618&alias=b9p30p9629.cern.ch&noUDP&sock=startd_2718_e680>
	SlotName: slot1_28@b9p30p9629.cern.ch
	CondorScratchDir = "/pool/condor/dir_3331849"
	Cpus = 1
	Disk = 3674
	GPUs = 0
	Memory = 3000
...
006 (16828060.027.000) 09/22 21:07:19 Image size of job updated: 3860
	4  -  MemoryUsage of job (MB)
	3860  -  ResidentSetSize of job (KB)
...
006 (16828060.027.000) 09/22 21:12:02 Image size of job updated: 277520
	4  -  MemoryUsage of job (MB)
	3860  -  ResidentSetSize of job (KB)
...
040 (16828060.027.000) 09/22 21:12:02 Started transferring output files
...
040 (16828060.027.000) 09/22 21:12:02 Finished transferring output files
...
005 (16828060.027.000) 09/22 21:12:03 Job terminated.
	(1) Normal termination (return value 0)
		Usr 0 00:02:34, Sys 0 00:00:13  -  Run Remote Usage
		Usr 0 00:00:00, Sys 0 00:00:00  -  Run Local Usage
		Usr 0 00:02:34, Sys 0 00:00:13  -  Total Remote Usage
		Usr 0 00:00:00, Sys 0 00:00:00  -  Total Local Usage
	8581  -  Run Bytes Sent By Job
	11301  -  Run Bytes Received By Job
	8581  -  Total Bytes Sent By Job
	11301  -  Total Bytes Received By Job
	Partitionable Resources :    Usage  Request Allocated 
	   Cpus                 :     0.51        1         1 
	   Disk (KB)            :    67           1      3674 
	   GPUs                 :                           0 
	   Memory (MB)          :     4        3000      3000 
	   TimeExecute (s)      :   292                       
	   TimeSlotBusy (s)     :   294                       
...
