000 (16828059.028.000) 09/22 18:29:09 Job submitted from host: <188.184.90.241:9618?addrs=188.184.90.241-9618+[2001-1458-201-e4--100-2eb]-9618&alias=bigbird15.cern.ch&noUDP&sock=schedd_3150_376a>
...
009 (16828059.028.000) 09/22 19:10:56 Job was aborted.
	via condor_rm (by user masegret)
...
000 (16828060.028.000) 09/22 19:11:02 Job submitted from host: <188.184.90.241:9618?addrs=188.184.90.241-9618+[2001-1458-201-e4--100-2eb]-9618&alias=bigbird15.cern.ch&noUDP&sock=schedd_3150_376a>
...
040 (16828060.028.000) 09/22 21:07:09 Started transferring input files
	Transferring to host: <188.185.211.200:9618?addrs=188.185.211.200-9618+[2001-1458-303-17--100-44]-9618&alias=b9p24p4462.cern.ch&noUDP&sock=slot1_6_9492_b8fb_73954>
...
040 (16828060.028.000) 09/22 21:07:09 Finished transferring input files
...
001 (16828060.028.000) 09/22 21:07:10 Job executing on host: <188.185.211.200:9618?addrs=188.185.211.200-9618+[2001-1458-303-17--100-44]-9618&alias=b9p24p4462.cern.ch&noUDP&sock=startd_8647_b385>
	SlotName: slot1_6@b9p24p4462.cern.ch
	CondorScratchDir = "/pool/condor/dir_3237917"
	Cpus = 1
	Disk = 3745
	GPUs = 0
	Memory = 3000
...
006 (16828060.028.000) 09/22 21:07:19 Image size of job updated: 2592
	2  -  MemoryUsage of job (MB)
	1796  -  ResidentSetSize of job (KB)
...
006 (16828060.028.000) 09/22 21:11:27 Image size of job updated: 279208
	2  -  MemoryUsage of job (MB)
	1796  -  ResidentSetSize of job (KB)
...
040 (16828060.028.000) 09/22 21:11:27 Started transferring output files
...
040 (16828060.028.000) 09/22 21:11:27 Finished transferring output files
...
005 (16828060.028.000) 09/22 21:11:27 Job terminated.
	(1) Normal termination (return value 0)
		Usr 0 00:02:28, Sys 0 00:00:12  -  Run Remote Usage
		Usr 0 00:00:00, Sys 0 00:00:00  -  Run Local Usage
		Usr 0 00:02:28, Sys 0 00:00:12  -  Total Remote Usage
		Usr 0 00:00:00, Sys 0 00:00:00  -  Total Local Usage
	8581  -  Run Bytes Sent By Job
	11301  -  Run Bytes Received By Job
	8581  -  Total Bytes Sent By Job
	11301  -  Total Bytes Received By Job
	Partitionable Resources :    Usage  Request Allocated 
	   Cpus                 :     0.60        1         1 
	   Disk (KB)            :    67           1      3745 
	   GPUs                 :                           0 
	   Memory (MB)          :     2        3000      3000 
	   TimeExecute (s)      :   257                       
	   TimeSlotBusy (s)     :   259                       
...
