000 (16828059.029.000) 09/22 18:29:09 Job submitted from host: <188.184.90.241:9618?addrs=188.184.90.241-9618+[2001-1458-201-e4--100-2eb]-9618&alias=bigbird15.cern.ch&noUDP&sock=schedd_3150_376a>
...
009 (16828059.029.000) 09/22 19:10:56 Job was aborted.
	via condor_rm (by user masegret)
...
000 (16828060.029.000) 09/22 19:11:02 Job submitted from host: <188.184.90.241:9618?addrs=188.184.90.241-9618+[2001-1458-201-e4--100-2eb]-9618&alias=bigbird15.cern.ch&noUDP&sock=schedd_3150_376a>
...
040 (16828060.029.000) 09/22 21:07:09 Started transferring input files
	Transferring to host: <188.185.215.106:9618?addrs=188.185.215.106-9618+[2001-1458-303-1e--100-66]-9618&alias=b9p31p7186.cern.ch&noUDP&sock=slot1_27_4389_328c_64978>
...
040 (16828060.029.000) 09/22 21:07:09 Finished transferring input files
...
001 (16828060.029.000) 09/22 21:07:10 Job executing on host: <188.185.215.106:9618?addrs=188.185.215.106-9618+[2001-1458-303-1e--100-66]-9618&alias=b9p31p7186.cern.ch&noUDP&sock=startd_3762_ff60>
	SlotName: slot1_27@b9p31p7186.cern.ch
	CondorScratchDir = "/pool/condor/dir_2386061"
	Cpus = 1
	Disk = 3696
	GPUs = 0
	Memory = 3000
...
006 (16828060.029.000) 09/22 21:07:19 Image size of job updated: 2328
	2  -  MemoryUsage of job (MB)
	1632  -  ResidentSetSize of job (KB)
...
006 (16828060.029.000) 09/22 21:11:19 Image size of job updated: 275684
	2  -  MemoryUsage of job (MB)
	1632  -  ResidentSetSize of job (KB)
...
040 (16828060.029.000) 09/22 21:11:19 Started transferring output files
...
040 (16828060.029.000) 09/22 21:11:19 Finished transferring output files
...
005 (16828060.029.000) 09/22 21:11:20 Job terminated.
	(1) Normal termination (return value 0)
		Usr 0 00:02:26, Sys 0 00:00:13  -  Run Remote Usage
		Usr 0 00:00:00, Sys 0 00:00:00  -  Run Local Usage
		Usr 0 00:02:26, Sys 0 00:00:13  -  Total Remote Usage
		Usr 0 00:00:00, Sys 0 00:00:00  -  Total Local Usage
	8581  -  Run Bytes Sent By Job
	11301  -  Run Bytes Received By Job
	8581  -  Total Bytes Sent By Job
	11301  -  Total Bytes Received By Job
	Partitionable Resources :    Usage  Request Allocated 
	   Cpus                 :        0        1         1 
	   Disk (KB)            :       67        1      3696 
	   GPUs                 :                           0 
	   Memory (MB)          :        2     3000      3000 
	   TimeExecute (s)      :      249                    
	   TimeSlotBusy (s)     :      251                    
...
