000 (16712898.000.000) 08/10 20:08:40 Job submitted from host: <188.184.90.241:9618?addrs=188.184.90.241-9618+[2001-1458-201-e4--100-2eb]-9618&alias=bigbird15.cern.ch&noUDP&sock=schedd_3150_376a>
...
040 (16712898.000.000) 08/10 20:25:34 Started transferring input files
	Transferring to host: <188.185.210.234:9618?addrs=188.185.210.234-9618+[2001-1458-303-15--100-66]-9618&alias=b9p22p0001.cern.ch&noUDP&sock=slot1_22_6029_b9ce_25816>
...
040 (16712898.000.000) 08/10 20:25:34 Finished transferring input files
...
001 (16712898.000.000) 08/10 20:25:35 Job executing on host: <188.185.210.234:9618?addrs=188.185.210.234-9618+[2001-1458-303-15--100-66]-9618&alias=b9p22p0001.cern.ch&noUDP&sock=startd_5180_a0ab>
	SlotName: slot1_22@b9p22p0001.cern.ch
	CondorScratchDir = "/pool/condor/dir_2186728"
	Cpus = 1
	Disk = 3756
	GPUs = 0
	Memory = 3000
...
006 (16712898.000.000) 08/10 20:25:43 Image size of job updated: 3896
	4  -  MemoryUsage of job (MB)
	3896  -  ResidentSetSize of job (KB)
...
006 (16712898.000.000) 08/10 20:30:43 Image size of job updated: 313816
	307  -  MemoryUsage of job (MB)
	313816  -  ResidentSetSize of job (KB)
...
040 (16712898.000.000) 08/10 20:30:45 Started transferring output files
...
040 (16712898.000.000) 08/10 20:30:45 Finished transferring output files
...
005 (16712898.000.000) 08/10 20:30:46 Job terminated.
	(1) Normal termination (return value 0)
		Usr 0 00:02:23, Sys 0 00:00:15  -  Run Remote Usage
		Usr 0 00:00:00, Sys 0 00:00:00  -  Run Local Usage
		Usr 0 00:02:23, Sys 0 00:00:15  -  Total Remote Usage
		Usr 0 00:00:00, Sys 0 00:00:00  -  Total Local Usage
	11253  -  Run Bytes Sent By Job
	11417  -  Run Bytes Received By Job
	11253  -  Total Bytes Sent By Job
	11417  -  Total Bytes Received By Job
	Partitionable Resources :    Usage  Request Allocated 
	   Cpus                 :     0.57        1         1 
	   Disk (KB)            :    74           1      3756 
	   GPUs                 :                           0 
	   Memory (MB)          :   307        3000      3000 
	   TimeExecute (s)      :   310                       
	   TimeSlotBusy (s)     :   312                       
...
