000 (16712898.003.000) 08/10 20:08:40 Job submitted from host: <188.184.90.241:9618?addrs=188.184.90.241-9618+[2001-1458-201-e4--100-2eb]-9618&alias=bigbird15.cern.ch&noUDP&sock=schedd_3150_376a>
...
040 (16712898.003.000) 08/10 20:25:27 Started transferring input files
	Transferring to host: <188.185.210.136:9618?addrs=188.185.210.136-9618+[2001-1458-303-15--100-4]-9618&alias=b9p22p0002.cern.ch&noUDP&sock=slot1_31_10405_0380_27836>
...
040 (16712898.003.000) 08/10 20:25:27 Finished transferring input files
...
001 (16712898.003.000) 08/10 20:25:28 Job executing on host: <188.185.210.136:9618?addrs=188.185.210.136-9618+[2001-1458-303-15--100-4]-9618&alias=b9p22p0002.cern.ch&noUDP&sock=startd_9925_4d8e>
	SlotName: slot1_31@b9p22p0002.cern.ch
	CondorScratchDir = "/pool/condor/dir_3444595"
	Cpus = 1
	Disk = 3868
	GPUs = 0
	Memory = 3000
...
006 (16712898.003.000) 08/10 20:25:36 Image size of job updated: 3900
	4  -  MemoryUsage of job (MB)
	3900  -  ResidentSetSize of job (KB)
...
006 (16712898.003.000) 08/10 20:30:07 Image size of job updated: 277988
	4  -  MemoryUsage of job (MB)
	3900  -  ResidentSetSize of job (KB)
...
040 (16712898.003.000) 08/10 20:30:07 Started transferring output files
...
040 (16712898.003.000) 08/10 20:30:07 Finished transferring output files
...
005 (16712898.003.000) 08/10 20:30:07 Job terminated.
	(1) Normal termination (return value 0)
		Usr 0 00:03:08, Sys 0 00:00:15  -  Run Remote Usage
		Usr 0 00:00:00, Sys 0 00:00:00  -  Run Local Usage
		Usr 0 00:03:08, Sys 0 00:00:15  -  Total Remote Usage
		Usr 0 00:00:00, Sys 0 00:00:00  -  Total Local Usage
	11424  -  Run Bytes Sent By Job
	11418  -  Run Bytes Received By Job
	11424  -  Total Bytes Sent By Job
	11418  -  Total Bytes Received By Job
	Partitionable Resources :    Usage  Request Allocated 
	   Cpus                 :     0.75        1         1 
	   Disk (KB)            :    74           1      3868 
	   GPUs                 :                           0 
	   Memory (MB)          :     4        3000      3000 
	   TimeExecute (s)      :   279                       
	   TimeSlotBusy (s)     :   281                       
...
