000 (16712898.002.000) 08/10 20:08:40 Job submitted from host: <188.184.90.241:9618?addrs=188.184.90.241-9618+[2001-1458-201-e4--100-2eb]-9618&alias=bigbird15.cern.ch&noUDP&sock=schedd_3150_376a>
...
040 (16712898.002.000) 08/10 20:25:26 Started transferring input files
	Transferring to host: <188.185.211.104:9618?addrs=188.185.211.104-9618+[2001-1458-303-16--100-64]-9618&alias=b9p23p5412.cern.ch&noUDP&sock=slot1_28_9461_e15a_25320>
...
040 (16712898.002.000) 08/10 20:25:26 Finished transferring input files
...
001 (16712898.002.000) 08/10 20:25:27 Job executing on host: <188.185.211.104:9618?addrs=188.185.211.104-9618+[2001-1458-303-16--100-64]-9618&alias=b9p23p5412.cern.ch&noUDP&sock=startd_8349_4c4c>
	SlotName: slot1_28@b9p23p5412.cern.ch
	CondorScratchDir = "/pool/condor/dir_4093611"
	Cpus = 1
	Disk = 3769
	GPUs = 0
	Memory = 3000
...
006 (16712898.002.000) 08/10 20:25:36 Image size of job updated: 3908
	4  -  MemoryUsage of job (MB)
	3908  -  ResidentSetSize of job (KB)
...
006 (16712898.002.000) 08/10 20:29:50 Image size of job updated: 273168
	4  -  MemoryUsage of job (MB)
	3908  -  ResidentSetSize of job (KB)
...
040 (16712898.002.000) 08/10 20:29:50 Started transferring output files
...
040 (16712898.002.000) 08/10 20:29:50 Finished transferring output files
...
005 (16712898.002.000) 08/10 20:29:50 Job terminated.
	(1) Normal termination (return value 0)
		Usr 0 00:02:54, Sys 0 00:00:12  -  Run Remote Usage
		Usr 0 00:00:00, Sys 0 00:00:00  -  Run Local Usage
		Usr 0 00:02:54, Sys 0 00:00:12  -  Total Remote Usage
		Usr 0 00:00:00, Sys 0 00:00:00  -  Total Local Usage
	11424  -  Run Bytes Sent By Job
	11418  -  Run Bytes Received By Job
	11424  -  Total Bytes Sent By Job
	11418  -  Total Bytes Received By Job
	Partitionable Resources :    Usage  Request Allocated 
	   Cpus                 :                 1         1 
	   Disk (KB)            :       65        1      3769 
	   GPUs                 :                           0 
	   Memory (MB)          :        4     3000      3000 
	   TimeExecute (s)      :      263                    
	   TimeSlotBusy (s)     :      265                    
...
