000 (16712898.007.000) 08/10 20:08:40 Job submitted from host: <188.184.90.241:9618?addrs=188.184.90.241-9618+[2001-1458-201-e4--100-2eb]-9618&alias=bigbird15.cern.ch&noUDP&sock=schedd_3150_376a>
...
040 (16712898.007.000) 08/10 20:25:28 Started transferring input files
	Transferring to host: <188.185.207.46:9618?addrs=188.185.207.46-9618+[2001-1458-303-d--100-2b]-9618&alias=b9p07p4372.cern.ch&noUDP&sock=slot1_13_5717_e4c2_23012>
...
040 (16712898.007.000) 08/10 20:25:28 Finished transferring input files
...
001 (16712898.007.000) 08/10 20:25:29 Job executing on host: <188.185.207.46:9618?addrs=188.185.207.46-9618+[2001-1458-303-d--100-2b]-9618&alias=b9p07p4372.cern.ch&noUDP&sock=startd_4819_02fb>
	SlotName: slot1_13@b9p07p4372.cern.ch
	CondorScratchDir = "/pool/condor/dir_1131318"
	Cpus = 1
	Disk = 3719
	GPUs = 0
	Memory = 3000
...
006 (16712898.007.000) 08/10 20:25:38 Image size of job updated: 3908
	4  -  MemoryUsage of job (MB)
	3908  -  ResidentSetSize of job (KB)
...
006 (16712898.007.000) 08/10 20:29:40 Image size of job updated: 289764
	4  -  MemoryUsage of job (MB)
	3908  -  ResidentSetSize of job (KB)
...
040 (16712898.007.000) 08/10 20:29:40 Started transferring output files
...
040 (16712898.007.000) 08/10 20:29:40 Finished transferring output files
...
005 (16712898.007.000) 08/10 20:29:40 Job terminated.
	(1) Normal termination (return value 0)
		Usr 0 00:02:56, Sys 0 00:00:12  -  Run Remote Usage
		Usr 0 00:00:00, Sys 0 00:00:00  -  Run Local Usage
		Usr 0 00:02:56, Sys 0 00:00:12  -  Total Remote Usage
		Usr 0 00:00:00, Sys 0 00:00:00  -  Total Local Usage
	11424  -  Run Bytes Sent By Job
	11418  -  Run Bytes Received By Job
	11424  -  Total Bytes Sent By Job
	11418  -  Total Bytes Received By Job
	Partitionable Resources :    Usage  Request Allocated 
	   Cpus                 :     0.77        1         1 
	   Disk (KB)            :    77           1      3719 
	   GPUs                 :                           0 
	   Memory (MB)          :     4        3000      3000 
	   TimeExecute (s)      :   251                       
	   TimeSlotBusy (s)     :   253                       
...
