000 (16712898.005.000) 08/10 20:08:40 Job submitted from host: <188.184.90.241:9618?addrs=188.184.90.241-9618+[2001-1458-201-e4--100-2eb]-9618&alias=bigbird15.cern.ch&noUDP&sock=schedd_3150_376a>
...
040 (16712898.005.000) 08/10 20:25:27 Started transferring input files
	Transferring to host: <188.185.210.233:9618?addrs=188.185.210.233-9618+[2001-1458-303-15--100-65]-9618&alias=b9p22p3388.cern.ch&noUDP&sock=slot1_5_6574_ba44_27875>
...
040 (16712898.005.000) 08/10 20:25:27 Finished transferring input files
...
001 (16712898.005.000) 08/10 20:25:28 Job executing on host: <188.185.210.233:9618?addrs=188.185.210.233-9618+[2001-1458-303-15--100-65]-9618&alias=b9p22p3388.cern.ch&noUDP&sock=startd_5648_a2fe>
	SlotName: slot1_5@b9p22p3388.cern.ch
	CondorScratchDir = "/pool/condor/dir_4077138"
	Cpus = 1
	Disk = 3862
	GPUs = 0
	Memory = 3000
...
006 (16712898.005.000) 08/10 20:25:36 Image size of job updated: 3908
	4  -  MemoryUsage of job (MB)
	3908  -  ResidentSetSize of job (KB)
...
006 (16712898.005.000) 08/10 20:30:36 Image size of job updated: 277844
	272  -  MemoryUsage of job (MB)
	277844  -  ResidentSetSize of job (KB)
...
040 (16712898.005.000) 08/10 20:30:42 Started transferring output files
...
040 (16712898.005.000) 08/10 20:30:42 Finished transferring output files
...
005 (16712898.005.000) 08/10 20:30:42 Job terminated.
	(1) Normal termination (return value 0)
		Usr 0 00:02:50, Sys 0 00:00:15  -  Run Remote Usage
		Usr 0 00:00:00, Sys 0 00:00:00  -  Run Local Usage
		Usr 0 00:02:50, Sys 0 00:00:15  -  Total Remote Usage
		Usr 0 00:00:00, Sys 0 00:00:00  -  Total Local Usage
	11424  -  Run Bytes Sent By Job
	11418  -  Run Bytes Received By Job
	11424  -  Total Bytes Sent By Job
	11418  -  Total Bytes Received By Job
	Partitionable Resources :    Usage  Request Allocated 
	   Cpus                 :        0        1         1 
	   Disk (KB)            :       74        1      3862 
	   GPUs                 :                           0 
	   Memory (MB)          :      272     3000      3000 
	   TimeExecute (s)      :      314                    
	   TimeSlotBusy (s)     :      316                    
...
