000 (16712898.006.000) 08/10 20:08:40 Job submitted from host: <188.184.90.241:9618?addrs=188.184.90.241-9618+[2001-1458-201-e4--100-2eb]-9618&alias=bigbird15.cern.ch&noUDP&sock=schedd_3150_376a>
...
040 (16712898.006.000) 08/10 20:25:27 Started transferring input files
	Transferring to host: <188.185.212.180:9618?addrs=188.185.212.180-9618+[2001-1458-303-19--100-30]-9618&alias=b9p26p6509.cern.ch&noUDP&sock=slot1_1_5289_5430_26287>
...
040 (16712898.006.000) 08/10 20:25:27 Finished transferring input files
...
001 (16712898.006.000) 08/10 20:25:28 Job executing on host: <188.185.212.180:9618?addrs=188.185.212.180-9618+[2001-1458-303-19--100-30]-9618&alias=b9p26p6509.cern.ch&noUDP&sock=startd_4410_78bf>
	SlotName: slot1_1@b9p26p6509.cern.ch
	CondorScratchDir = "/pool/condor/dir_2295920"
	Cpus = 1
	Disk = 3900
	GPUs = 0
	Memory = 3000
...
006 (16712898.006.000) 08/10 20:25:36 Image size of job updated: 1468
	2  -  MemoryUsage of job (MB)
	1468  -  ResidentSetSize of job (KB)
...
006 (16712898.006.000) 08/10 20:29:59 Image size of job updated: 289508
	2  -  MemoryUsage of job (MB)
	1504  -  ResidentSetSize of job (KB)
...
040 (16712898.006.000) 08/10 20:29:59 Started transferring output files
...
040 (16712898.006.000) 08/10 20:29:59 Finished transferring output files
...
005 (16712898.006.000) 08/10 20:29:59 Job terminated.
	(1) Normal termination (return value 0)
		Usr 0 00:02:53, Sys 0 00:00:14  -  Run Remote Usage
		Usr 0 00:00:00, Sys 0 00:00:00  -  Run Local Usage
		Usr 0 00:02:53, Sys 0 00:00:14  -  Total Remote Usage
		Usr 0 00:00:00, Sys 0 00:00:00  -  Total Local Usage
	11424  -  Run Bytes Sent By Job
	11418  -  Run Bytes Received By Job
	11424  -  Total Bytes Sent By Job
	11418  -  Total Bytes Received By Job
	Partitionable Resources :    Usage  Request Allocated 
	   Cpus                 :     0.67        1         1 
	   Disk (KB)            :    74           1      3900 
	   GPUs                 :                           0 
	   Memory (MB)          :     2        3000      3000 
	   TimeExecute (s)      :   271                       
	   TimeSlotBusy (s)     :   273                       
...
