000 (16712898.010.000) 08/10 20:08:40 Job submitted from host: <188.184.90.241:9618?addrs=188.184.90.241-9618+[2001-1458-201-e4--100-2eb]-9618&alias=bigbird15.cern.ch&noUDP&sock=schedd_3150_376a>
...
040 (16712898.010.000) 08/10 20:25:30 Started transferring input files
	Transferring to host: <188.185.206.220:9618?addrs=188.185.206.220-9618+[2001-1458-303-c--100-59]-9618&alias=b9p06p0934.cern.ch&noUDP&sock=slot1_7_6714_5eca_26100>
...
040 (16712898.010.000) 08/10 20:25:30 Finished transferring input files
...
001 (16712898.010.000) 08/10 20:25:31 Job executing on host: <188.185.206.220:9618?addrs=188.185.206.220-9618+[2001-1458-303-c--100-59]-9618&alias=b9p06p0934.cern.ch&noUDP&sock=startd_5760_7599>
	SlotName: slot1_7@b9p06p0934.cern.ch
	CondorScratchDir = "/pool/condor/dir_3531587"
	Cpus = 1
	Disk = 3685
	GPUs = 0
	Memory = 3000
...
006 (16712898.010.000) 08/10 20:25:39 Image size of job updated: 11052
	4  -  MemoryUsage of job (MB)
	3920  -  ResidentSetSize of job (KB)
...
006 (16712898.010.000) 08/10 20:30:39 Image size of job updated: 278444
	272  -  MemoryUsage of job (MB)
	278444  -  ResidentSetSize of job (KB)
...
040 (16712898.010.000) 08/10 20:31:17 Started transferring output files
...
040 (16712898.010.000) 08/10 20:31:17 Finished transferring output files
...
005 (16712898.010.000) 08/10 20:31:17 Job terminated.
	(1) Normal termination (return value 0)
		Usr 0 00:02:53, Sys 0 00:00:13  -  Run Remote Usage
		Usr 0 00:00:00, Sys 0 00:00:00  -  Run Local Usage
		Usr 0 00:02:53, Sys 0 00:00:13  -  Total Remote Usage
		Usr 0 00:00:00, Sys 0 00:00:00  -  Total Local Usage
	11424  -  Run Bytes Sent By Job
	11418  -  Run Bytes Received By Job
	11424  -  Total Bytes Sent By Job
	11418  -  Total Bytes Received By Job
	Partitionable Resources :    Usage  Request Allocated 
	   Cpus                 :     0.65        1         1 
	   Disk (KB)            :    78           1      3685 
	   GPUs                 :                           0 
	   Memory (MB)          :   272        3000      3000 
	   TimeExecute (s)      :   346                       
	   TimeSlotBusy (s)     :   348                       
...
