000 (16712898.011.000) 08/10 20:08:40 Job submitted from host: <188.184.90.241:9618?addrs=188.184.90.241-9618+[2001-1458-201-e4--100-2eb]-9618&alias=bigbird15.cern.ch&noUDP&sock=schedd_3150_376a>
...
040 (16712898.011.000) 08/10 20:25:29 Started transferring input files
	Transferring to host: <188.185.211.155:9618?addrs=188.185.211.155-9618+[2001-1458-303-17--100-17]-9618&alias=b9p24p6645.cern.ch&noUDP&sock=slot1_8_3242_083d_27849>
...
040 (16712898.011.000) 08/10 20:25:29 Finished transferring input files
...
001 (16712898.011.000) 08/10 20:25:30 Job executing on host: <188.185.211.155:9618?addrs=188.185.211.155-9618+[2001-1458-303-17--100-17]-9618&alias=b9p24p6645.cern.ch&noUDP&sock=startd_2683_e4b0>
	SlotName: slot1_8@b9p24p6645.cern.ch
	CondorScratchDir = "/pool/condor/dir_76078"
	Cpus = 1
	Disk = 3842
	GPUs = 0
	Memory = 3000
...
006 (16712898.011.000) 08/10 20:25:39 Image size of job updated: 1436
	2  -  MemoryUsage of job (MB)
	1172  -  ResidentSetSize of job (KB)
...
006 (16712898.011.000) 08/10 20:29:41 Image size of job updated: 277492
	2  -  MemoryUsage of job (MB)
	1172  -  ResidentSetSize of job (KB)
...
040 (16712898.011.000) 08/10 20:29:41 Started transferring output files
...
040 (16712898.011.000) 08/10 20:29:41 Finished transferring output files
...
005 (16712898.011.000) 08/10 20:29:41 Job terminated.
	(1) Normal termination (return value 0)
		Usr 0 00:02:40, Sys 0 00:00:13  -  Run Remote Usage
		Usr 0 00:00:00, Sys 0 00:00:00  -  Run Local Usage
		Usr 0 00:02:40, Sys 0 00:00:13  -  Total Remote Usage
		Usr 0 00:00:00, Sys 0 00:00:00  -  Total Local Usage
	11422  -  Run Bytes Sent By Job
	11418  -  Run Bytes Received By Job
	11422  -  Total Bytes Sent By Job
	11418  -  Total Bytes Received By Job
	Partitionable Resources :    Usage  Request Allocated 
	   Cpus                 :     0.72        1         1 
	   Disk (KB)            :    74           1      3842 
	   GPUs                 :                           0 
	   Memory (MB)          :     2        3000      3000 
	   TimeExecute (s)      :   251                       
	   TimeSlotBusy (s)     :   253                       
...
