000 (16712898.004.000) 08/10 20:08:40 Job submitted from host: <188.184.90.241:9618?addrs=188.184.90.241-9618+[2001-1458-201-e4--100-2eb]-9618&alias=bigbird15.cern.ch&noUDP&sock=schedd_3150_376a>
...
040 (16712898.004.000) 08/10 20:25:35 Started transferring input files
	Transferring to host: <188.185.211.158:9618?addrs=188.185.211.158-9618+[2001-1458-303-17--100-1a]-9618&alias=b9p24p7991.cern.ch&noUDP&sock=slot1_13_2182327_8b41_22319>
...
040 (16712898.004.000) 08/10 20:25:35 Finished transferring input files
...
001 (16712898.004.000) 08/10 20:25:36 Job executing on host: <188.185.211.158:9618?addrs=188.185.211.158-9618+[2001-1458-303-17--100-1a]-9618&alias=b9p24p7991.cern.ch&noUDP&sock=startd_66293_0ffd>
	SlotName: slot1_13@b9p24p7991.cern.ch
	CondorScratchDir = "/pool/condor/dir_3615772"
	Cpus = 1
	Disk = 3787
	GPUs = 0
	Memory = 3000
...
006 (16712898.004.000) 08/10 20:25:45 Image size of job updated: 3892
	4  -  MemoryUsage of job (MB)
	3892  -  ResidentSetSize of job (KB)
...
006 (16712898.004.000) 08/10 20:30:25 Image size of job updated: 278092
	4  -  MemoryUsage of job (MB)
	3892  -  ResidentSetSize of job (KB)
...
040 (16712898.004.000) 08/10 20:30:25 Started transferring output files
...
040 (16712898.004.000) 08/10 20:30:25 Finished transferring output files
...
005 (16712898.004.000) 08/10 20:30:25 Job terminated.
	(1) Normal termination (return value 0)
		Usr 0 00:03:06, Sys 0 00:00:14  -  Run Remote Usage
		Usr 0 00:00:00, Sys 0 00:00:00  -  Run Local Usage
		Usr 0 00:03:06, Sys 0 00:00:14  -  Total Remote Usage
		Usr 0 00:00:00, Sys 0 00:00:00  -  Total Local Usage
	11424  -  Run Bytes Sent By Job
	11418  -  Run Bytes Received By Job
	11424  -  Total Bytes Sent By Job
	11418  -  Total Bytes Received By Job
	Partitionable Resources :    Usage  Request Allocated 
	   Cpus                 :        0        1         1 
	   Disk (KB)            :       74        1      3787 
	   GPUs                 :                           0 
	   Memory (MB)          :        4     3000      3000 
	   TimeExecute (s)      :      289                    
	   TimeSlotBusy (s)     :      291                    
...
