000 (16712898.019.000) 08/10 20:08:40 Job submitted from host: <188.184.90.241:9618?addrs=188.184.90.241-9618+[2001-1458-201-e4--100-2eb]-9618&alias=bigbird15.cern.ch&noUDP&sock=schedd_3150_376a>
...
040 (16712898.019.000) 08/10 20:25:34 Started transferring input files
	Transferring to host: <188.185.209.187:9618?addrs=188.185.209.187-9618+[2001-1458-303-12--100-38]-9618&alias=b9p12p4999.cern.ch&noUDP&sock=slot1_35_4448_c4ae_23735>
...
040 (16712898.019.000) 08/10 20:25:34 Finished transferring input files
...
001 (16712898.019.000) 08/10 20:25:35 Job executing on host: <188.185.209.187:9618?addrs=188.185.209.187-9618+[2001-1458-303-12--100-38]-9618&alias=b9p12p4999.cern.ch&noUDP&sock=startd_4124_4ca9>
	SlotName: slot1_35@b9p12p4999.cern.ch
	CondorScratchDir = "/pool/condor/dir_2977137"
	Cpus = 1
	Disk = 3705
	GPUs = 0
	Memory = 3000
...
006 (16712898.019.000) 08/10 20:25:43 Image size of job updated: 3912
	2  -  MemoryUsage of job (MB)
	1924  -  ResidentSetSize of job (KB)
...
006 (16712898.019.000) 08/10 20:26:11 Image size of job updated: 333796
	2  -  MemoryUsage of job (MB)
	1940  -  ResidentSetSize of job (KB)
...
040 (16712898.019.000) 08/10 20:26:11 Started transferring output files
...
040 (16712898.019.000) 08/10 20:26:11 Finished transferring output files
...
005 (16712898.019.000) 08/10 20:26:11 Job terminated.
	(1) Normal termination (return value 0)
		Usr 0 00:00:19, Sys 0 00:00:07  -  Run Remote Usage
		Usr 0 00:00:00, Sys 0 00:00:00  -  Run Local Usage
		Usr 0 00:00:19, Sys 0 00:00:07  -  Total Remote Usage
		Usr 0 00:00:00, Sys 0 00:00:00  -  Total Local Usage
	10745  -  Run Bytes Sent By Job
	11418  -  Run Bytes Received By Job
	10745  -  Total Bytes Sent By Job
	11418  -  Total Bytes Received By Job
	Partitionable Resources :    Usage  Request Allocated 
	   Cpus                 :        0        1         1 
	   Disk (KB)            :       63        1      3705 
	   GPUs                 :                           0 
	   Memory (MB)          :        2     3000      3000 
	   TimeExecute (s)      :       36                    
	   TimeSlotBusy (s)     :       38                    
...
