000 (16712898.013.000) 08/10 20:08:40 Job submitted from host: <188.184.90.241:9618?addrs=188.184.90.241-9618+[2001-1458-201-e4--100-2eb]-9618&alias=bigbird15.cern.ch&noUDP&sock=schedd_3150_376a>
...
040 (16712898.013.000) 08/10 20:25:31 Started transferring input files
	Transferring to host: <188.185.204.253:9618?addrs=188.185.204.253-9618+[2001-1458-303-8--100-7a]-9618&alias=b9p02p8717.cern.ch&noUDP&sock=slot1_7_4950_7902_25171>
...
040 (16712898.013.000) 08/10 20:25:31 Finished transferring input files
...
001 (16712898.013.000) 08/10 20:25:32 Job executing on host: <188.185.204.253:9618?addrs=188.185.204.253-9618+[2001-1458-303-8--100-7a]-9618&alias=b9p02p8717.cern.ch&noUDP&sock=startd_4166_1ba3>
	SlotName: slot1_7@b9p02p8717.cern.ch
	CondorScratchDir = "/pool/condor/dir_1766324"
	Cpus = 1
	Disk = 3744
	GPUs = 0
	Memory = 3000
...
006 (16712898.013.000) 08/10 20:25:40 Image size of job updated: 3904
	4  -  MemoryUsage of job (MB)
	3904  -  ResidentSetSize of job (KB)
...
006 (16712898.013.000) 08/10 20:29:38 Image size of job updated: 278056
	4  -  MemoryUsage of job (MB)
	3904  -  ResidentSetSize of job (KB)
...
040 (16712898.013.000) 08/10 20:29:38 Started transferring output files
...
040 (16712898.013.000) 08/10 20:29:38 Finished transferring output files
...
005 (16712898.013.000) 08/10 20:29:39 Job terminated.
	(1) Normal termination (return value 0)
		Usr 0 00:02:52, Sys 0 00:00:13  -  Run Remote Usage
		Usr 0 00:00:00, Sys 0 00:00:00  -  Run Local Usage
		Usr 0 00:02:52, Sys 0 00:00:13  -  Total Remote Usage
		Usr 0 00:00:00, Sys 0 00:00:00  -  Total Local Usage
	11424  -  Run Bytes Sent By Job
	11418  -  Run Bytes Received By Job
	11424  -  Total Bytes Sent By Job
	11418  -  Total Bytes Received By Job
	Partitionable Resources :    Usage  Request Allocated 
	   Cpus                 :     0.08        1         1 
	   Disk (KB)            :    76           1      3744 
	   GPUs                 :                           0 
	   Memory (MB)          :     4        3000      3000 
	   TimeExecute (s)      :   246                       
	   TimeSlotBusy (s)     :   248                       
...
