000 (16712898.016.000) 08/10 20:08:40 Job submitted from host: <188.184.90.241:9618?addrs=188.184.90.241-9618+[2001-1458-201-e4--100-2eb]-9618&alias=bigbird15.cern.ch&noUDP&sock=schedd_3150_376a>
...
040 (16712898.016.000) 08/10 20:25:36 Started transferring input files
	Transferring to host: <128.142.192.205:9618?addrs=128.142.192.205-9618+[2001-1458-301-56--100-49]-9618&alias=b9g18p5924.cern.ch&noUDP&sock=slot1_37_7015_73b6_27473>
...
040 (16712898.016.000) 08/10 20:25:36 Finished transferring input files
...
001 (16712898.016.000) 08/10 20:25:37 Job executing on host: <128.142.192.205:9618?addrs=128.142.192.205-9618+[2001-1458-301-56--100-49]-9618&alias=b9g18p5924.cern.ch&noUDP&sock=startd_6076_3587>
	SlotName: slot1_37@b9g18p5924.cern.ch
	CondorScratchDir = "/pool/condor/dir_1952289"
	Cpus = 1
	Disk = 3746
	GPUs = 0
	Memory = 3000
...
006 (16712898.016.000) 08/10 20:25:46 Image size of job updated: 3908
	4  -  MemoryUsage of job (MB)
	3908  -  ResidentSetSize of job (KB)
...
006 (16712898.016.000) 08/10 20:30:47 Image size of job updated: 279468
	273  -  MemoryUsage of job (MB)
	279468  -  ResidentSetSize of job (KB)
...
006 (16712898.016.000) 08/10 20:31:03 Image size of job updated: 291356
	273  -  MemoryUsage of job (MB)
	279468  -  ResidentSetSize of job (KB)
...
040 (16712898.016.000) 08/10 20:31:03 Started transferring output files
...
040 (16712898.016.000) 08/10 20:31:03 Finished transferring output files
...
005 (16712898.016.000) 08/10 20:31:03 Job terminated.
	(1) Normal termination (return value 0)
		Usr 0 00:04:12, Sys 0 00:00:11  -  Run Remote Usage
		Usr 0 00:00:00, Sys 0 00:00:00  -  Run Local Usage
		Usr 0 00:04:12, Sys 0 00:00:11  -  Total Remote Usage
		Usr 0 00:00:00, Sys 0 00:00:00  -  Total Local Usage
	11424  -  Run Bytes Sent By Job
	11418  -  Run Bytes Received By Job
	11424  -  Total Bytes Sent By Job
	11418  -  Total Bytes Received By Job
	Partitionable Resources :    Usage  Request Allocated 
	   Cpus                 :     0.81        1         1 
	   Disk (KB)            :    73           1      3746 
	   GPUs                 :                           0 
	   Memory (MB)          :   273        3000      3000 
	   TimeExecute (s)      :   326                       
	   TimeSlotBusy (s)     :   328                       
...
