000 (16712898.020.000) 08/10 20:08:40 Job submitted from host: <188.184.90.241:9618?addrs=188.184.90.241-9618+[2001-1458-201-e4--100-2eb]-9618&alias=bigbird15.cern.ch&noUDP&sock=schedd_3150_376a>
...
040 (16712898.020.000) 08/10 20:25:30 Started transferring input files
	Transferring to host: <188.185.207.215:9618?addrs=188.185.207.215-9618+[2001-1458-303-e--100-54]-9618&alias=b9p08p0021.cern.ch&noUDP&sock=slot1_30_5730_0da2_24630>
...
040 (16712898.020.000) 08/10 20:25:30 Finished transferring input files
...
001 (16712898.020.000) 08/10 20:25:31 Job executing on host: <188.185.207.215:9618?addrs=188.185.207.215-9618+[2001-1458-303-e--100-54]-9618&alias=b9p08p0021.cern.ch&noUDP&sock=startd_4828_2f55>
	SlotName: slot1_30@b9p08p0021.cern.ch
	CondorScratchDir = "/pool/condor/dir_2594440"
	Cpus = 1
	Disk = 3709
	GPUs = 0
	Memory = 3000
...
006 (16712898.020.000) 08/10 20:25:39 Image size of job updated: 3912
	2  -  MemoryUsage of job (MB)
	1180  -  ResidentSetSize of job (KB)
...
006 (16712898.020.000) 08/10 20:26:05 Image size of job updated: 331756
	2  -  MemoryUsage of job (MB)
	1180  -  ResidentSetSize of job (KB)
...
040 (16712898.020.000) 08/10 20:26:05 Started transferring output files
...
040 (16712898.020.000) 08/10 20:26:05 Finished transferring output files
...
005 (16712898.020.000) 08/10 20:26:05 Job terminated.
	(1) Normal termination (return value 0)
		Usr 0 00:00:18, Sys 0 00:00:06  -  Run Remote Usage
		Usr 0 00:00:00, Sys 0 00:00:00  -  Run Local Usage
		Usr 0 00:00:18, Sys 0 00:00:06  -  Total Remote Usage
		Usr 0 00:00:00, Sys 0 00:00:00  -  Total Local Usage
	10745  -  Run Bytes Sent By Job
	11418  -  Run Bytes Received By Job
	10745  -  Total Bytes Sent By Job
	11418  -  Total Bytes Received By Job
	Partitionable Resources :    Usage  Request Allocated 
	   Cpus                 :        0        1         1 
	   Disk (KB)            :       62        1      3709 
	   GPUs                 :                           0 
	   Memory (MB)          :        2     3000      3000 
	   TimeExecute (s)      :       34                    
	   TimeSlotBusy (s)     :       36                    
...
