000 (16712898.014.000) 08/10 20:08:40 Job submitted from host: <188.184.90.241:9618?addrs=188.184.90.241-9618+[2001-1458-201-e4--100-2eb]-9618&alias=bigbird15.cern.ch&noUDP&sock=schedd_3150_376a>
...
040 (16712898.014.000) 08/10 20:25:29 Started transferring input files
	Transferring to host: <188.185.211.205:9618?addrs=188.185.211.205-9618+[2001-1458-303-17--100-49]-9618&alias=b9p24p6600.cern.ch&noUDP&sock=slot1_16_9717_4164_25753>
...
040 (16712898.014.000) 08/10 20:25:29 Finished transferring input files
...
001 (16712898.014.000) 08/10 20:25:30 Job executing on host: <188.185.211.205:9618?addrs=188.185.211.205-9618+[2001-1458-303-17--100-49]-9618&alias=b9p24p6600.cern.ch&noUDP&sock=startd_8714_a85d>
	SlotName: slot1_16@b9p24p6600.cern.ch
	CondorScratchDir = "/pool/condor/dir_3993357"
	Cpus = 1
	Disk = 3807
	GPUs = 0
	Memory = 3000
...
006 (16712898.014.000) 08/10 20:25:39 Image size of job updated: 3908
	4  -  MemoryUsage of job (MB)
	3908  -  ResidentSetSize of job (KB)
...
006 (16712898.014.000) 08/10 20:30:22 Image size of job updated: 280628
	4  -  MemoryUsage of job (MB)
	3908  -  ResidentSetSize of job (KB)
...
040 (16712898.014.000) 08/10 20:30:22 Started transferring output files
...
040 (16712898.014.000) 08/10 20:30:22 Finished transferring output files
...
005 (16712898.014.000) 08/10 20:30:22 Job terminated.
	(1) Normal termination (return value 0)
		Usr 0 00:03:08, Sys 0 00:00:16  -  Run Remote Usage
		Usr 0 00:00:00, Sys 0 00:00:00  -  Run Local Usage
		Usr 0 00:03:08, Sys 0 00:00:16  -  Total Remote Usage
		Usr 0 00:00:00, Sys 0 00:00:00  -  Total Local Usage
	11424  -  Run Bytes Sent By Job
	11418  -  Run Bytes Received By Job
	11424  -  Total Bytes Sent By Job
	11418  -  Total Bytes Received By Job
	Partitionable Resources :    Usage  Request Allocated 
	   Cpus                 :     0.75        1         1 
	   Disk (KB)            :    74           1      3807 
	   GPUs                 :                           0 
	   Memory (MB)          :     4        3000      3000 
	   TimeExecute (s)      :   292                       
	   TimeSlotBusy (s)     :   294                       
...
