000 (16712898.015.000) 08/10 20:08:40 Job submitted from host: <188.184.90.241:9618?addrs=188.184.90.241-9618+[2001-1458-201-e4--100-2eb]-9618&alias=bigbird15.cern.ch&noUDP&sock=schedd_3150_376a>
...
040 (16712898.015.000) 08/10 20:25:31 Started transferring input files
	Transferring to host: <188.185.214.170:9618?addrs=188.185.214.170-9618+[2001-1458-303-1d--100-26]-9618&alias=b9p30p9793.cern.ch&noUDP&sock=slot1_37_10302_70dc_25640>
...
040 (16712898.015.000) 08/10 20:25:31 Finished transferring input files
...
001 (16712898.015.000) 08/10 20:25:32 Job executing on host: <188.185.214.170:9618?addrs=188.185.214.170-9618+[2001-1458-303-1d--100-26]-9618&alias=b9p30p9793.cern.ch&noUDP&sock=startd_9494_ac3c>
	SlotName: slot1_37@b9p30p9793.cern.ch
	CondorScratchDir = "/pool/condor/dir_3515094"
	Cpus = 1
	Disk = 3770
	GPUs = 0
	Memory = 3000
...
006 (16712898.015.000) 08/10 20:25:41 Image size of job updated: 3904
	4  -  MemoryUsage of job (MB)
	3904  -  ResidentSetSize of job (KB)
...
006 (16712898.015.000) 08/10 20:30:15 Image size of job updated: 278152
	4  -  MemoryUsage of job (MB)
	3904  -  ResidentSetSize of job (KB)
...
040 (16712898.015.000) 08/10 20:30:15 Started transferring output files
...
040 (16712898.015.000) 08/10 20:30:15 Finished transferring output files
...
005 (16712898.015.000) 08/10 20:30:15 Job terminated.
	(1) Normal termination (return value 0)
		Usr 0 00:02:59, Sys 0 00:00:15  -  Run Remote Usage
		Usr 0 00:00:00, Sys 0 00:00:00  -  Run Local Usage
		Usr 0 00:02:59, Sys 0 00:00:15  -  Total Remote Usage
		Usr 0 00:00:00, Sys 0 00:00:00  -  Total Local Usage
	11424  -  Run Bytes Sent By Job
	11418  -  Run Bytes Received By Job
	11424  -  Total Bytes Sent By Job
	11418  -  Total Bytes Received By Job
	Partitionable Resources :    Usage  Request Allocated 
	   Cpus                 :        0        1         1 
	   Disk (KB)            :       74        1      3770 
	   GPUs                 :                           0 
	   Memory (MB)          :        4     3000      3000 
	   TimeExecute (s)      :      283                    
	   TimeSlotBusy (s)     :      285                    
...
