000 (16712898.022.000) 08/10 20:08:40 Job submitted from host: <188.184.90.241:9618?addrs=188.184.90.241-9618+[2001-1458-201-e4--100-2eb]-9618&alias=bigbird15.cern.ch&noUDP&sock=schedd_3150_376a>
...
040 (16712898.022.000) 08/10 20:25:32 Started transferring input files
	Transferring to host: <188.185.212.101:9618?addrs=188.185.212.101-9618+[2001-1458-303-18--100-61]-9618&alias=b9p25p5857.cern.ch&noUDP&sock=slot1_17_10864_6bb3_27234>
...
040 (16712898.022.000) 08/10 20:25:32 Finished transferring input files
...
001 (16712898.022.000) 08/10 20:25:33 Job executing on host: <188.185.212.101:9618?addrs=188.185.212.101-9618+[2001-1458-303-18--100-61]-9618&alias=b9p25p5857.cern.ch&noUDP&sock=startd_10303_945a>
	SlotName: slot1_17@b9p25p5857.cern.ch
	CondorScratchDir = "/pool/condor/dir_3275243"
	Cpus = 1
	Disk = 3753
	GPUs = 0
	Memory = 3000
...
006 (16712898.022.000) 08/10 20:25:41 Image size of job updated: 8716
	4  -  MemoryUsage of job (MB)
	3916  -  ResidentSetSize of job (KB)
...
006 (16712898.022.000) 08/10 20:26:26 Image size of job updated: 332728
	4  -  MemoryUsage of job (MB)
	3916  -  ResidentSetSize of job (KB)
...
040 (16712898.022.000) 08/10 20:26:26 Started transferring output files
...
040 (16712898.022.000) 08/10 20:26:27 Finished transferring output files
...
005 (16712898.022.000) 08/10 20:26:27 Job terminated.
	(1) Normal termination (return value 0)
		Usr 0 00:00:30, Sys 0 00:00:09  -  Run Remote Usage
		Usr 0 00:00:00, Sys 0 00:00:00  -  Run Local Usage
		Usr 0 00:00:30, Sys 0 00:00:09  -  Total Remote Usage
		Usr 0 00:00:00, Sys 0 00:00:00  -  Total Local Usage
	10745  -  Run Bytes Sent By Job
	11418  -  Run Bytes Received By Job
	10745  -  Total Bytes Sent By Job
	11418  -  Total Bytes Received By Job
	Partitionable Resources :    Usage  Request Allocated 
	   Cpus                 :        0        1         1 
	   Disk (KB)            :       74        1      3753 
	   GPUs                 :                           0 
	   Memory (MB)          :        4     3000      3000 
	   TimeExecute (s)      :       53                    
	   TimeSlotBusy (s)     :       56                    
...
