000 (16712898.017.000) 08/10 20:08:40 Job submitted from host: <188.184.90.241:9618?addrs=188.184.90.241-9618+[2001-1458-201-e4--100-2eb]-9618&alias=bigbird15.cern.ch&noUDP&sock=schedd_3150_376a>
...
040 (16712898.017.000) 08/10 20:25:31 Started transferring input files
	Transferring to host: <188.185.211.28:9618?addrs=188.185.211.28-9618+[2001-1458-303-16--100-18]-9618&alias=b9p23p1756.cern.ch&noUDP&sock=slot1_24_9657_fae2_25669>
...
040 (16712898.017.000) 08/10 20:25:31 Finished transferring input files
...
001 (16712898.017.000) 08/10 20:25:32 Job executing on host: <188.185.211.28:9618?addrs=188.185.211.28-9618+[2001-1458-303-16--100-18]-9618&alias=b9p23p1756.cern.ch&noUDP&sock=startd_8525_04f7>
	SlotName: slot1_24@b9p23p1756.cern.ch
	CondorScratchDir = "/pool/condor/dir_720820"
	Cpus = 1
	Disk = 3855
	GPUs = 0
	Memory = 3000
...
006 (16712898.017.000) 08/10 20:25:40 Image size of job updated: 3964
	4  -  MemoryUsage of job (MB)
	3964  -  ResidentSetSize of job (KB)
...
006 (16712898.017.000) 08/10 20:30:40 Image size of job updated: 144672
	142  -  MemoryUsage of job (MB)
	144672  -  ResidentSetSize of job (KB)
...
006 (16712898.017.000) 08/10 20:33:52 Image size of job updated: 144692
	142  -  MemoryUsage of job (MB)
	144672  -  ResidentSetSize of job (KB)
...
040 (16712898.017.000) 08/10 20:33:52 Started transferring output files
...
040 (16712898.017.000) 08/10 20:33:52 Finished transferring output files
...
005 (16712898.017.000) 08/10 20:33:52 Job terminated.
	(1) Normal termination (return value 0)
		Usr 0 00:00:04, Sys 0 00:00:08  -  Run Remote Usage
		Usr 0 00:00:00, Sys 0 00:00:00  -  Run Local Usage
		Usr 0 00:00:04, Sys 0 00:00:08  -  Total Remote Usage
		Usr 0 00:00:00, Sys 0 00:00:00  -  Total Local Usage
	10389  -  Run Bytes Sent By Job
	11418  -  Run Bytes Received By Job
	10389  -  Total Bytes Sent By Job
	11418  -  Total Bytes Received By Job
	Partitionable Resources :    Usage  Request Allocated 
	   Cpus                 :        0        1         1 
	   Disk (KB)            :       74        1      3855 
	   GPUs                 :                           0 
	   Memory (MB)          :      142     3000      3000 
	   TimeExecute (s)      :      500                    
	   TimeSlotBusy (s)     :      502                    
...
