000 (16712898.021.000) 08/10 20:08:40 Job submitted from host: <188.184.90.241:9618?addrs=188.184.90.241-9618+[2001-1458-201-e4--100-2eb]-9618&alias=bigbird15.cern.ch&noUDP&sock=schedd_3150_376a>
...
040 (16712898.021.000) 08/10 20:25:32 Started transferring input files
	Transferring to host: <188.185.209.136:9618?addrs=188.185.209.136-9618+[2001-1458-303-12--100-5]-9618&alias=b9p12p6593.cern.ch&noUDP&sock=slot1_37_3961_a1fa_22679>
...
040 (16712898.021.000) 08/10 20:25:32 Finished transferring input files
...
001 (16712898.021.000) 08/10 20:25:33 Job executing on host: <188.185.209.136:9618?addrs=188.185.209.136-9618+[2001-1458-303-12--100-5]-9618&alias=b9p12p6593.cern.ch&noUDP&sock=startd_3436_6380>
	SlotName: slot1_37@b9p12p6593.cern.ch
	CondorScratchDir = "/pool/condor/dir_4016433"
	Cpus = 1
	Disk = 3430
	GPUs = 0
	Memory = 3000
...
006 (16712898.021.000) 08/10 20:25:42 Image size of job updated: 1536
	2  -  MemoryUsage of job (MB)
	1172  -  ResidentSetSize of job (KB)
...
006 (16712898.021.000) 08/10 20:26:27 Image size of job updated: 331836
	2  -  MemoryUsage of job (MB)
	1172  -  ResidentSetSize of job (KB)
...
040 (16712898.021.000) 08/10 20:26:27 Started transferring output files
...
040 (16712898.021.000) 08/10 20:26:27 Finished transferring output files
...
005 (16712898.021.000) 08/10 20:26:27 Job terminated.
	(1) Normal termination (return value 0)
		Usr 0 00:00:31, Sys 0 00:00:09  -  Run Remote Usage
		Usr 0 00:00:00, Sys 0 00:00:00  -  Run Local Usage
		Usr 0 00:00:31, Sys 0 00:00:09  -  Total Remote Usage
		Usr 0 00:00:00, Sys 0 00:00:00  -  Total Local Usage
	10745  -  Run Bytes Sent By Job
	11418  -  Run Bytes Received By Job
	10745  -  Total Bytes Sent By Job
	11418  -  Total Bytes Received By Job
	Partitionable Resources :    Usage  Request Allocated 
	   Cpus                 :        0        1         1 
	   Disk (KB)            :       77        1      3430 
	   GPUs                 :                           0 
	   Memory (MB)          :        2     3000      3000 
	   TimeExecute (s)      :       54                    
	   TimeSlotBusy (s)     :       56                    
...
