000 (16712898.028.000) 08/10 20:08:40 Job submitted from host: <188.184.90.241:9618?addrs=188.184.90.241-9618+[2001-1458-201-e4--100-2eb]-9618&alias=bigbird15.cern.ch&noUDP&sock=schedd_3150_376a>
...
040 (16712898.028.000) 08/10 20:25:33 Started transferring input files
	Transferring to host: <188.185.213.136:9618?addrs=188.185.213.136-9618+[2001-1458-303-1b--100-4]-9618&alias=b9p28p6769.cern.ch&noUDP&sock=slot1_9_7875_6659_34038>
...
040 (16712898.028.000) 08/10 20:25:33 Finished transferring input files
...
001 (16712898.028.000) 08/10 20:25:34 Job executing on host: <188.185.213.136:9618?addrs=188.185.213.136-9618+[2001-1458-303-1b--100-4]-9618&alias=b9p28p6769.cern.ch&noUDP&sock=startd_7374_8775>
	SlotName: slot1_9@b9p28p6769.cern.ch
	CondorScratchDir = "/pool/condor/dir_841660"
	Cpus = 1
	Disk = 3779
	GPUs = 0
	Memory = 3000
...
006 (16712898.028.000) 08/10 20:25:43 Image size of job updated: 3904
	4  -  MemoryUsage of job (MB)
	3904  -  ResidentSetSize of job (KB)
...
006 (16712898.028.000) 08/10 20:30:41 Image size of job updated: 275524
	4  -  MemoryUsage of job (MB)
	3908  -  ResidentSetSize of job (KB)
...
040 (16712898.028.000) 08/10 20:30:41 Started transferring output files
...
040 (16712898.028.000) 08/10 20:30:41 Finished transferring output files
...
005 (16712898.028.000) 08/10 20:30:41 Job terminated.
	(1) Normal termination (return value 0)
		Usr 0 00:02:52, Sys 0 00:00:14  -  Run Remote Usage
		Usr 0 00:00:00, Sys 0 00:00:00  -  Run Local Usage
		Usr 0 00:02:52, Sys 0 00:00:14  -  Total Remote Usage
		Usr 0 00:00:00, Sys 0 00:00:00  -  Total Local Usage
	11423  -  Run Bytes Sent By Job
	11417  -  Run Bytes Received By Job
	11423  -  Total Bytes Sent By Job
	11417  -  Total Bytes Received By Job
	Partitionable Resources :    Usage  Request Allocated 
	   Cpus                 :        0        1         1 
	   Disk (KB)            :       73        1      3779 
	   GPUs                 :                           0 
	   Memory (MB)          :        4     3000      3000 
	   TimeExecute (s)      :      307                    
	   TimeSlotBusy (s)     :      309                    
...
