000 (16712898.030.000) 08/10 20:08:40 Job submitted from host: <188.184.90.241:9618?addrs=188.184.90.241-9618+[2001-1458-201-e4--100-2eb]-9618&alias=bigbird15.cern.ch&noUDP&sock=schedd_3150_376a>
...
040 (16712898.030.000) 08/10 20:25:33 Started transferring input files
	Transferring to host: <188.185.210.82:9618?addrs=188.185.210.82-9618+[2001-1458-303-1--100-4e]-9618&alias=b9p21p1567.cern.ch&noUDP&sock=slot1_18_4597_c094_33839>
...
040 (16712898.030.000) 08/10 20:25:33 Finished transferring input files
...
001 (16712898.030.000) 08/10 20:25:34 Job executing on host: <188.185.210.82:9618?addrs=188.185.210.82-9618+[2001-1458-303-1--100-4e]-9618&alias=b9p21p1567.cern.ch&noUDP&sock=startd_3937_0873>
	SlotName: slot1_18@b9p21p1567.cern.ch
	CondorScratchDir = "/pool/condor/dir_402577"
	Cpus = 1
	Disk = 3693
	GPUs = 0
	Memory = 3000
...
006 (16712898.030.000) 08/10 20:25:43 Image size of job updated: 2620
	3  -  MemoryUsage of job (MB)
	2620  -  ResidentSetSize of job (KB)
...
006 (16712898.030.000) 08/10 20:29:59 Image size of job updated: 277664
	3  -  MemoryUsage of job (MB)
	2620  -  ResidentSetSize of job (KB)
...
040 (16712898.030.000) 08/10 20:29:59 Started transferring output files
...
040 (16712898.030.000) 08/10 20:29:59 Finished transferring output files
...
005 (16712898.030.000) 08/10 20:30:00 Job terminated.
	(1) Normal termination (return value 0)
		Usr 0 00:02:46, Sys 0 00:00:13  -  Run Remote Usage
		Usr 0 00:00:00, Sys 0 00:00:00  -  Run Local Usage
		Usr 0 00:02:46, Sys 0 00:00:13  -  Total Remote Usage
		Usr 0 00:00:00, Sys 0 00:00:00  -  Total Local Usage
	11423  -  Run Bytes Sent By Job
	11417  -  Run Bytes Received By Job
	11423  -  Total Bytes Sent By Job
	11417  -  Total Bytes Received By Job
	Partitionable Resources :    Usage  Request Allocated 
	   Cpus                 :     0.76        1         1 
	   Disk (KB)            :    73           1      3693 
	   GPUs                 :                           0 
	   Memory (MB)          :     3        3000      3000 
	   TimeExecute (s)      :   265                       
	   TimeSlotBusy (s)     :   267                       
...
