Running on host b9p28p3293.cern.ch
Input file: root://grid-dc.t2.mpcdf.mpg.de:1094//atlasgroupdisk/perf-muons/rucio/user/lucam/42/59/user.lucam.50435891._000001.ANALYSIS.root
[7mlsetup              [0m lsetup <tool1> [ <tool2> ...] (see lsetup -h):
[7m lsetup asetup      [0m  (or asetup) to setup an Athena release
[7m lsetup astyle      [0m  ATLAS style macros
[7m lsetup atlantis    [0m  Atlantis: event display
[7m lsetup centralpage [0m  Find samples
[7m lsetup eiclient    [0m  Event Index 
[7m lsetup emi         [0m  EMI: grid middleware user interface 
[7m lsetup lcgenv      [0m  lcgenv: setup tools from cvmfs SFT repository
[7m lsetup panda       [0m  Panda: Production ANd Distributed Analysis
[7m lsetup pyami       [0m  pyAMI: ATLAS Metadata Interface python client
[7m lsetup root        [0m  ROOT data processing framework
[7m lsetup rucio       [0m  distributed data management system client
[7m lsetup scikit      [0m  python data analysis ecosystem
[7m lsetup views       [0m  Set up a full LCG release
[7m lsetup xcache      [0m  XRootD local proxy cache
[7m lsetup xrootd      [0m  XRootD data access
[7madvancedTools       [0m advanced tools menu
[7mdiagnostics         [0m diagnostic tools menu
[7mhelpMe              [0m more help
[7minstallPip          [0m install relocatable pip modules locally
[7minstallRpm          [0m install relocatable rpms locally
[7mprintMenu           [0m show this menu
[7mqueryC              [0m find / whatis container query
[7mshowVersions        [0m show versions of installed software

************************************************************************
Requested:  root ... 
 Setting up [4mroot 6.40.02-x86_64-el9-gcc15-opt[0m ... 
  ROOT is from lcgenv -p LCG_110_ATLAS_1 x86_64-el9-gcc15-opt ROOT
>>>>>>>>>>>>>>>>>>>>>>>>> Information for user <<<<<<<<<<<<<<<<<<<<<<<<<
 root:
   Tip for _this_ standalone ROOT and grid (ie prun) submission:
    avoid --athenaTag if you do not need athena
    use --rootVer=6.40.02 --cmtConfig=x86_64-el9-gcc15-opt
 root:
   Note this ROOT from lcgenv sets up a long list of library paths.
   This may slow down executables; they look at each library path item.
   A faster alternative - setup the entire LCG stack with views:
    lsetup "views LCG_110_ATLAS_1 x86_64-el9-gcc15-opt"
************************************************************************
X509_USER_PROXY = /pool/condor/dir_1047385/x509up_disaligned
[INFO] Aggiunto file singolo: root://grid-dc.t2.mpcdf.mpg.de:1094//atlasgroupdisk/perf-muons/rucio/user/lucam/42/59/user.lucam.50435891._000001.ANALYSIS.root
[INFO] Entries totali = 1114000

[INFO] Inizio loop eventi...

[INFO] Processati 0 eventi
[INFO] Processati 50000 eventi
[INFO] Processati 100000 eventi
[INFO] Processati 150000 eventi
[INFO] Processati 200000 eventi
[INFO] Processati 250000 eventi
[INFO] Processati 300000 eventi
[INFO] Processati 350000 eventi
[INFO] Processati 400000 eventi
[INFO] Processati 450000 eventi
[INFO] Processati 500000 eventi
[INFO] Processati 550000 eventi
[INFO] Processati 600000 eventi
[INFO] Processati 650000 eventi
[INFO] Processati 700000 eventi
[INFO] Processati 750000 eventi
[INFO] Processati 800000 eventi
[INFO] Processati 850000 eventi
[INFO] Processati 900000 eventi
[INFO] Processati 950000 eventi
[INFO] Processati 1000000 eventi
[INFO] Processati 1050000 eventi
[INFO] Processati 1100000 eventi

[INFO] Muoni prompt processati = 1710118
[INFO] Muoni riempiti negli istogrammi = 1482021
[INFO] 36 istogrammi salvati in output_eta.root

=== pT bin 20_30 ===
  eta 0.0-0.1: entries=13241, RMS=0.0244
  eta 0.1-1.01: entries=119291, RMS=0.0242
  eta 1.01-1.3: entries=36907, RMS=0.0296
  eta 1.3-1.7: entries=49183, RMS=0.0330
  eta 1.7-2.5: entries=88995, RMS=0.0385
  eta 2.5-2.8: entries=19038, RMS=0.0674

=== pT bin 30_40 ===
  eta 0.0-0.1: entries=18709, RMS=0.0276
  eta 0.1-1.01: entries=171508, RMS=0.0264
  eta 1.01-1.3: entries=53347, RMS=0.0332
  eta 1.3-1.7: entries=70745, RMS=0.0347
  eta 1.7-2.5: entries=132049, RMS=0.0390
  eta 2.5-2.8: entries=29632, RMS=0.0662

=== pT bin 40_50 ===
  eta 0.0-0.1: entries=17888, RMS=0.0305
  eta 0.1-1.01: entries=163322, RMS=0.0278
  eta 1.01-1.3: entries=51848, RMS=0.0349
  eta 1.3-1.7: entries=68138, RMS=0.0364
  eta 1.7-2.5: entries=128898, RMS=0.0402
  eta 2.5-2.8: entries=29658, RMS=0.0672

=== pT bin 50_80 ===
  eta 0.0-0.1: entries=7739, RMS=0.0367
  eta 0.1-1.01: entries=69525, RMS=0.0310
  eta 1.01-1.3: entries=21350, RMS=0.0388
  eta 1.3-1.7: entries=27665, RMS=0.0384
  eta 1.7-2.5: entries=49692, RMS=0.0438
  eta 2.5-2.8: entries=10738, RMS=0.0688

=== pT bin 80_120 ===
  eta 0.0-0.1: entries=1086, RMS=0.0507
  eta 0.1-1.01: entries=9958, RMS=0.0372
  eta 1.01-1.3: entries=2934, RMS=0.0449
  eta 1.3-1.7: entries=3894, RMS=0.0479
  eta 1.7-2.5: entries=6630, RMS=0.0503
  eta 2.5-2.8: entries=1273, RMS=0.0722

=== pT bin 120_500 ===
  eta 0.0-0.1: entries=320, RMS=0.0687
  eta 0.1-1.01: entries=2866, RMS=0.0511
  eta 1.01-1.3: entries=812, RMS=0.0581
  eta 1.3-1.7: entries=1113, RMS=0.0605
  eta 1.7-2.5: entries=1754, RMS=0.0631
  eta 2.5-2.8: entries=275, RMS=0.0893
[INFO] Tabella salvata in images/table_RMS_vs_eta.pdf

[INFO] Plot salvato in images/plot_RMS_vs_eta.png (.pdf)
[INFO] Plot overlay eta salvato in images/plot_eta_overlay.png (.pdf)
[INFO] Tabella salvata in images/table_RMS_vs_eta.pdf
Exit code: 0
