000 (16827613.007.000) 09/22 13:56:39 Job submitted from host: <188.184.90.241:9618?addrs=188.184.90.241-9618+[2001-1458-201-e4--100-2eb]-9618&alias=bigbird15.cern.ch&noUDP&sock=schedd_3150_376a>
...
009 (16827613.007.000) 09/22 14:16:35 Job was aborted.
	via condor_rm (by user masegret)
...
000 (16827615.007.000) 09/22 14:16:39 Job submitted from host: <188.184.90.241:9618?addrs=188.184.90.241-9618+[2001-1458-201-e4--100-2eb]-9618&alias=bigbird15.cern.ch&noUDP&sock=schedd_3150_376a>
...
040 (16827615.007.000) 09/22 14:17:26 Started transferring input files
	Transferring to host: <188.185.213.229:9618?addrs=188.185.213.229-9618+[2001-1458-303-1b--100-61]-9618&alias=b9p28p7463.cern.ch&noUDP&sock=slot1_31_4202_7064_69104>
...
040 (16827615.007.000) 09/22 14:17:26 Finished transferring input files
...
040 (16827615.007.000) 09/22 14:17:27 Started transferring output files
...
021 (16827615.007.000) 09/22 14:17:27 Error from starter on slot1_31@b9p28p7463.cern.ch:
	Failed to transfer files: SHADOW at 188.184.90.241 failed to send file(s) to <188.185.213.229:43377>: |Error: 1 total failures: first failure: reading from file /tmp/x509up_u182844: (errno 2) No such file or directory; STARTER failed to receive file(s) from <188.184.90.241:9618>
	Code 13 Subcode 2
...
004 (16827615.007.000) 09/22 14:17:27 Job was evicted. Code 13 Subcode 2
	(0) CPU times
		Usr 0 00:00:00, Sys 0 00:00:00  -  Run Remote Usage
		Usr 0 00:00:00, Sys 0 00:00:00  -  Run Local Usage
	0  -  Run Bytes Sent By Job
	0  -  Run Bytes Received By Job
	Reason: Transfer input files failure at access point bigbird15 while sending files to execution point slot1_31@b9p28p7463.cern.ch. Details: 1 total failures: first failure: reading from file /tmp/x509up_u182844: (errno 2) No such file or directory
	Partitionable Resources :    Usage  Request Allocated 
	   Cpus                 :                 1         1 
	   Disk (KB)            :       34        1      3603 
	   GPUs                 :                           0 
	   Memory (MB)          :              3000      3000 
...
012 (16827615.007.000) 09/22 14:17:27 Job was held.
	Transfer input files failure at access point bigbird15 while sending files to execution point slot1_31@b9p28p7463.cern.ch. Details: 1 total failures: first failure: reading from file /tmp/x509up_u182844: (errno 2) No such file or directory
	Code 13 Subcode 2
...
013 (16827615.007.000) 09/22 14:19:45 Job was released.
	via condor_release (by user masegret)
...
040 (16827615.007.000) 09/22 14:22:55 Started transferring input files
	Transferring to host: <128.142.192.210:9618?addrs=128.142.192.210-9618+[2001-1458-301-56--100-4e]-9618&alias=b9g18p0299.cern.ch&noUDP&sock=slot1_20_4804_9a3c_85675>
...
040 (16827615.007.000) 09/22 14:22:56 Finished transferring input files
...
040 (16827615.007.000) 09/22 14:22:57 Started transferring output files
...
021 (16827615.007.000) 09/22 14:22:57 Error from starter on slot1_20@b9g18p0299.cern.ch:
	Failed to transfer files: SHADOW at 188.184.90.241 failed to send file(s) to <128.142.192.210:41475>: |Error: 1 total failures: first failure: reading from file /tmp/x509up_u182844: (errno 2) No such file or directory; STARTER failed to receive file(s) from <188.184.90.241:9618>
	Code 13 Subcode 2
...
004 (16827615.007.000) 09/22 14:22:58 Job was evicted. Code 13 Subcode 2
	(0) CPU times
		Usr 0 00:00:00, Sys 0 00:00:00  -  Run Remote Usage
		Usr 0 00:00:00, Sys 0 00:00:00  -  Run Local Usage
	0  -  Run Bytes Sent By Job
	0  -  Run Bytes Received By Job
	Reason: Transfer input files failure at access point bigbird15 while sending files to execution point slot1_20@b9g18p0299.cern.ch. Details: 1 total failures: first failure: reading from file /tmp/x509up_u182844: (errno 2) No such file or directory
	Partitionable Resources :    Usage  Request Allocated 
	   Cpus                 :                 1         1 
	   Disk (KB)            :       35       35      3861 
	   GPUs                 :                           0 
	   Memory (MB)          :              3000      3000 
...
012 (16827615.007.000) 09/22 14:22:58 Job was held.
	Transfer input files failure at access point bigbird15 while sending files to execution point slot1_20@b9g18p0299.cern.ch. Details: 1 total failures: first failure: reading from file /tmp/x509up_u182844: (errno 2) No such file or directory
	Code 13 Subcode 2
...
009 (16827615.007.000) 09/22 14:24:52 Job was aborted.
	via condor_rm (by user masegret)
...
000 (16827617.007.000) 09/22 14:24:55 Job submitted from host: <188.184.90.241:9618?addrs=188.184.90.241-9618+[2001-1458-201-e4--100-2eb]-9618&alias=bigbird15.cern.ch&noUDP&sock=schedd_3150_376a>
...
040 (16827617.007.000) 09/22 14:28:26 Started transferring input files
	Transferring to host: <128.142.161.77:9618?addrs=128.142.161.77-9618+[2001-1458-301-b8--100-b]-9618&alias=b9g03p8125.cern.ch&noUDP&sock=slot1_22_3730_df51_24529>
...
040 (16827617.007.000) 09/22 14:28:26 Finished transferring input files
...
001 (16827617.007.000) 09/22 14:28:27 Job executing on host: <128.142.161.77:9618?addrs=128.142.161.77-9618+[2001-1458-301-b8--100-b]-9618&alias=b9g03p8125.cern.ch&noUDP&sock=startd_2767_82a4>
	SlotName: slot1_22@b9g03p8125.cern.ch
	CondorScratchDir = "/pool/condor/dir_3475302"
	Cpus = 1
	Disk = 4021
	GPUs = 0
	Memory = 3000
...
006 (16827617.007.000) 09/22 14:28:35 Image size of job updated: 3932
	4  -  MemoryUsage of job (MB)
	3932  -  ResidentSetSize of job (KB)
...
006 (16827617.007.000) 09/22 14:33:35 Image size of job updated: 283372
	277  -  MemoryUsage of job (MB)
	283372  -  ResidentSetSize of job (KB)
...
006 (16827617.007.000) 09/22 14:34:45 Image size of job updated: 283436
	277  -  MemoryUsage of job (MB)
	283372  -  ResidentSetSize of job (KB)
...
040 (16827617.007.000) 09/22 14:34:45 Started transferring output files
...
040 (16827617.007.000) 09/22 14:34:45 Finished transferring output files
...
005 (16827617.007.000) 09/22 14:34:45 Job terminated.
	(1) Normal termination (return value 0)
		Usr 0 00:03:13, Sys 0 00:00:13  -  Run Remote Usage
		Usr 0 00:00:00, Sys 0 00:00:00  -  Run Local Usage
		Usr 0 00:03:13, Sys 0 00:00:13  -  Total Remote Usage
		Usr 0 00:00:00, Sys 0 00:00:00  -  Total Local Usage
	11723  -  Run Bytes Sent By Job
	11405  -  Run Bytes Received By Job
	11723  -  Total Bytes Sent By Job
	11405  -  Total Bytes Received By Job
	Partitionable Resources :    Usage  Request Allocated 
	   Cpus                 :        0        1         1 
	   Disk (KB)            :       76        1      4021 
	   GPUs                 :                           0 
	   Memory (MB)          :      277     3000      3000 
	   TimeExecute (s)      :      378                    
	   TimeSlotBusy (s)     :      381                    
...
000 (16828058.007.000) 09/22 18:28:29 Job submitted from host: <188.184.90.241:9618?addrs=188.184.90.241-9618+[2001-1458-201-e4--100-2eb]-9618&alias=bigbird15.cern.ch&noUDP&sock=schedd_3150_376a>
...
040 (16828058.007.000) 09/22 18:57:29 Started transferring input files
	Transferring to host: <188.185.213.177:9618?addrs=188.185.213.177-9618+[2001-1458-303-1b--100-2d]-9618&alias=b9p28p3293.cern.ch&noUDP&sock=slot1_27_7694_de72_75324>
...
040 (16828058.007.000) 09/22 18:57:29 Finished transferring input files
...
001 (16828058.007.000) 09/22 18:57:30 Job executing on host: <188.185.213.177:9618?addrs=188.185.213.177-9618+[2001-1458-303-1b--100-2d]-9618&alias=b9p28p3293.cern.ch&noUDP&sock=startd_6666_e667>
	SlotName: slot1_27@b9p28p3293.cern.ch
	CondorScratchDir = "/pool/condor/dir_1050563"
	Cpus = 1
	Disk = 3781
	GPUs = 0
	Memory = 3000
...
006 (16828058.007.000) 09/22 18:57:39 Image size of job updated: 10620
	11  -  MemoryUsage of job (MB)
	10620  -  ResidentSetSize of job (KB)
...
006 (16828058.007.000) 09/22 19:02:40 Image size of job updated: 277328
	271  -  MemoryUsage of job (MB)
	277328  -  ResidentSetSize of job (KB)
...
006 (16828058.007.000) 09/22 19:04:03 Image size of job updated: 288596
	271  -  MemoryUsage of job (MB)
	277328  -  ResidentSetSize of job (KB)
...
040 (16828058.007.000) 09/22 19:04:03 Started transferring output files
...
040 (16828058.007.000) 09/22 19:04:03 Finished transferring output files
...
005 (16828058.007.000) 09/22 19:04:03 Job terminated.
	(1) Normal termination (return value 0)
		Usr 0 00:02:39, Sys 0 00:00:14  -  Run Remote Usage
		Usr 0 00:00:00, Sys 0 00:00:00  -  Run Local Usage
		Usr 0 00:02:39, Sys 0 00:00:14  -  Total Remote Usage
		Usr 0 00:00:00, Sys 0 00:00:00  -  Total Local Usage
	10810  -  Run Bytes Sent By Job
	11405  -  Run Bytes Received By Job
	10810  -  Total Bytes Sent By Job
	11405  -  Total Bytes Received By Job
	Partitionable Resources :    Usage  Request Allocated 
	   Cpus                 :        0        1         1 
	   Disk (KB)            :       53        1      3781 
	   GPUs                 :                           0 
	   Memory (MB)          :      271     3000      3000 
	   TimeExecute (s)      :      393                    
	   TimeSlotBusy (s)     :      394                    
...
