Running on host b9p28p3293.cern.ch
Input file: root://grid-dc.t2.mpcdf.mpg.de:1094//atlasgroupdisk/perf-muons/rucio/user/lucam/2a/56/user.lucam.50435891._000016.ANALYSIS.root
[7mlsetup              [0m lsetup <tool1> [ <tool2> ...] (see lsetup -h):
[7m lsetup asetup      [0m  (or asetup) to setup an Athena release
[7m lsetup astyle      [0m  ATLAS style macros
[7m lsetup atlantis    [0m  Atlantis: event display
[7m lsetup centralpage [0m  Find samples
[7m lsetup eiclient    [0m  Event Index 
[7m lsetup emi         [0m  EMI: grid middleware user interface 
[7m lsetup lcgenv      [0m  lcgenv: setup tools from cvmfs SFT repository
[7m lsetup panda       [0m  Panda: Production ANd Distributed Analysis
[7m lsetup pyami       [0m  pyAMI: ATLAS Metadata Interface python client
[7m lsetup root        [0m  ROOT data processing framework
[7m lsetup rucio       [0m  distributed data management system client
[7m lsetup scikit      [0m  python data analysis ecosystem
[7m lsetup views       [0m  Set up a full LCG release
[7m lsetup xcache      [0m  XRootD local proxy cache
[7m lsetup xrootd      [0m  XRootD data access
[7madvancedTools       [0m advanced tools menu
[7mdiagnostics         [0m diagnostic tools menu
[7mhelpMe              [0m more help
[7minstallPip          [0m install relocatable pip modules locally
[7minstallRpm          [0m install relocatable rpms locally
[7mprintMenu           [0m show this menu
[7mqueryC              [0m find / whatis container query
[7mshowVersions        [0m show versions of installed software

************************************************************************
Requested:  root ... 
 Setting up [4mroot 6.40.02-x86_64-el9-gcc15-opt[0m ... 
  ROOT is from lcgenv -p LCG_110_ATLAS_1 x86_64-el9-gcc15-opt ROOT
>>>>>>>>>>>>>>>>>>>>>>>>> Information for user <<<<<<<<<<<<<<<<<<<<<<<<<
 root:
   Tip for _this_ standalone ROOT and grid (ie prun) submission:
    avoid --athenaTag if you do not need athena
    use --rootVer=6.40.02 --cmtConfig=x86_64-el9-gcc15-opt
 root:
   Note this ROOT from lcgenv sets up a long list of library paths.
   This may slow down executables; they look at each library path item.
   A faster alternative - setup the entire LCG stack with views:
    lsetup "views LCG_110_ATLAS_1 x86_64-el9-gcc15-opt"
************************************************************************
X509_USER_PROXY = /pool/condor/dir_1050563/x509up_disaligned
[INFO] Aggiunto file singolo: root://grid-dc.t2.mpcdf.mpg.de:1094//atlasgroupdisk/perf-muons/rucio/user/lucam/2a/56/user.lucam.50435891._000016.ANALYSIS.root
[INFO] Entries totali = 1476292

[INFO] Inizio loop eventi...

[INFO] Processati 0 eventi
[INFO] Processati 50000 eventi
[INFO] Processati 100000 eventi
[INFO] Processati 150000 eventi
[INFO] Processati 200000 eventi
[INFO] Processati 250000 eventi
[INFO] Processati 300000 eventi
[INFO] Processati 350000 eventi
[INFO] Processati 400000 eventi
[INFO] Processati 450000 eventi
[INFO] Processati 500000 eventi
[INFO] Processati 550000 eventi
[INFO] Processati 600000 eventi
[INFO] Processati 650000 eventi
[INFO] Processati 700000 eventi
[INFO] Processati 750000 eventi
[INFO] Processati 800000 eventi
[INFO] Processati 850000 eventi
[INFO] Processati 900000 eventi
[INFO] Processati 950000 eventi
[INFO] Processati 1000000 eventi
[INFO] Processati 1050000 eventi
[INFO] Processati 1100000 eventi
[INFO] Processati 1150000 eventi
[INFO] Processati 1200000 eventi
[INFO] Processati 1250000 eventi
[INFO] Processati 1300000 eventi
[INFO] Processati 1350000 eventi
[INFO] Processati 1400000 eventi
[INFO] Processati 1450000 eventi

[INFO] Muoni prompt processati = 2265620
[INFO] Muoni riempiti negli istogrammi = 1963220
[INFO] 36 istogrammi salvati in output_eta.root

=== pT bin 20_30 ===
  eta 0.0-0.1: entries=17411, RMS=0.0246
  eta 0.1-1.01: entries=158485, RMS=0.0239
  eta 1.01-1.3: entries=49284, RMS=0.0307
  eta 1.3-1.7: entries=65098, RMS=0.0329
  eta 1.7-2.5: entries=117532, RMS=0.0376
  eta 2.5-2.8: entries=25405, RMS=0.0673

=== pT bin 30_40 ===
  eta 0.0-0.1: entries=24820, RMS=0.0274
  eta 0.1-1.01: entries=226347, RMS=0.0263
  eta 1.01-1.3: entries=71272, RMS=0.0327
  eta 1.3-1.7: entries=94289, RMS=0.0346
  eta 1.7-2.5: entries=175613, RMS=0.0391
  eta 2.5-2.8: entries=39853, RMS=0.0658

=== pT bin 40_50 ===
  eta 0.0-0.1: entries=23886, RMS=0.0295
  eta 0.1-1.01: entries=215867, RMS=0.0277
  eta 1.01-1.3: entries=68059, RMS=0.0351
  eta 1.3-1.7: entries=90885, RMS=0.0359
  eta 1.7-2.5: entries=170783, RMS=0.0409
  eta 2.5-2.8: entries=39387, RMS=0.0669

=== pT bin 50_80 ===
  eta 0.0-0.1: entries=10169, RMS=0.0359
  eta 0.1-1.01: entries=91289, RMS=0.0308
  eta 1.01-1.3: entries=28198, RMS=0.0380
  eta 1.3-1.7: entries=36845, RMS=0.0392
  eta 1.7-2.5: entries=65175, RMS=0.0432
  eta 2.5-2.8: entries=14061, RMS=0.0676

=== pT bin 80_120 ===
  eta 0.0-0.1: entries=1412, RMS=0.0479
  eta 0.1-1.01: entries=13076, RMS=0.0364
  eta 1.01-1.3: entries=3935, RMS=0.0449
  eta 1.3-1.7: entries=5133, RMS=0.0482
  eta 1.7-2.5: entries=8580, RMS=0.0509
  eta 2.5-2.8: entries=1675, RMS=0.0818

=== pT bin 120_500 ===
  eta 0.0-0.1: entries=462, RMS=0.0679
  eta 0.1-1.01: entries=3845, RMS=0.0513
  eta 1.01-1.3: entries=1115, RMS=0.0653
  eta 1.3-1.7: entries=1377, RMS=0.0606
  eta 1.7-2.5: entries=2201, RMS=0.0662
  eta 2.5-2.8: entries=396, RMS=0.0939
[INFO] Tabella salvata in images/table_RMS_vs_eta.pdf

[INFO] Plot salvato in images/plot_RMS_vs_eta.png (.pdf)
[INFO] Plot overlay eta salvato in images/plot_eta_overlay.png (.pdf)
[INFO] Tabella salvata in images/table_RMS_vs_eta.pdf
Exit code: 0
