000 (16827613.005.000) 09/22 13:56:39 Job submitted from host: <188.184.90.241:9618?addrs=188.184.90.241-9618+[2001-1458-201-e4--100-2eb]-9618&alias=bigbird15.cern.ch&noUDP&sock=schedd_3150_376a>
...
009 (16827613.005.000) 09/22 14:16:35 Job was aborted.
	via condor_rm (by user masegret)
...
000 (16827615.005.000) 09/22 14:16:39 Job submitted from host: <188.184.90.241:9618?addrs=188.184.90.241-9618+[2001-1458-201-e4--100-2eb]-9618&alias=bigbird15.cern.ch&noUDP&sock=schedd_3150_376a>
...
040 (16827615.005.000) 09/22 14:17:23 Started transferring input files
	Transferring to host: <188.185.213.229:9618?addrs=188.185.213.229-9618+[2001-1458-303-1b--100-61]-9618&alias=b9p28p7463.cern.ch&noUDP&sock=slot1_31_4202_7064_69102>
...
040 (16827615.005.000) 09/22 14:17:23 Finished transferring input files
...
040 (16827615.005.000) 09/22 14:17:24 Started transferring output files
...
021 (16827615.005.000) 09/22 14:17:24 Error from starter on slot1_31@b9p28p7463.cern.ch:
	Failed to transfer files: SHADOW at 188.184.90.241 failed to send file(s) to <188.185.213.229:37189>: |Error: 1 total failures: first failure: reading from file /tmp/x509up_u182844: (errno 2) No such file or directory; STARTER failed to receive file(s) from <188.184.90.241:9618>
	Code 13 Subcode 2
...
004 (16827615.005.000) 09/22 14:17:24 Job was evicted. Code 13 Subcode 2
	(0) CPU times
		Usr 0 00:00:00, Sys 0 00:00:00  -  Run Remote Usage
		Usr 0 00:00:00, Sys 0 00:00:00  -  Run Local Usage
	0  -  Run Bytes Sent By Job
	0  -  Run Bytes Received By Job
	Reason: Transfer input files failure at access point bigbird15 while sending files to execution point slot1_31@b9p28p7463.cern.ch. Details: 1 total failures: first failure: reading from file /tmp/x509up_u182844: (errno 2) No such file or directory
	Partitionable Resources :    Usage  Request Allocated 
	   Cpus                 :                 1         1 
	   Disk (KB)            :       34        1      3603 
	   GPUs                 :                           0 
	   Memory (MB)          :              3000      3000 
...
012 (16827615.005.000) 09/22 14:17:24 Job was held.
	Transfer input files failure at access point bigbird15 while sending files to execution point slot1_31@b9p28p7463.cern.ch. Details: 1 total failures: first failure: reading from file /tmp/x509up_u182844: (errno 2) No such file or directory
	Code 13 Subcode 2
...
013 (16827615.005.000) 09/22 14:19:45 Job was released.
	via condor_release (by user masegret)
...
040 (16827615.005.000) 09/22 14:22:53 Started transferring input files
	Transferring to host: <188.185.206.186:9618?addrs=188.185.206.186-9618+[2001-1458-303-c--100-37]-9618&alias=b9p06p1726.cern.ch&noUDP&sock=slot1_19_11595_79f1_66698>
...
040 (16827615.005.000) 09/22 14:22:53 Finished transferring input files
...
040 (16827615.005.000) 09/22 14:22:54 Started transferring output files
...
021 (16827615.005.000) 09/22 14:22:54 Error from starter on slot1_19@b9p06p1726.cern.ch:
	Failed to transfer files: SHADOW at 188.184.90.241 failed to send file(s) to <188.185.206.186:46875>: |Error: 1 total failures: first failure: reading from file /tmp/x509up_u182844: (errno 2) No such file or directory; STARTER failed to receive file(s) from <188.184.90.241:9618>
	Code 13 Subcode 2
...
004 (16827615.005.000) 09/22 14:22:55 Job was evicted. Code 13 Subcode 2
	(0) CPU times
		Usr 0 00:00:00, Sys 0 00:00:00  -  Run Remote Usage
		Usr 0 00:00:00, Sys 0 00:00:00  -  Run Local Usage
	0  -  Run Bytes Sent By Job
	0  -  Run Bytes Received By Job
	Reason: Transfer input files failure at access point bigbird15 while sending files to execution point slot1_19@b9p06p1726.cern.ch. Details: 1 total failures: first failure: reading from file /tmp/x509up_u182844: (errno 2) No such file or directory
	Partitionable Resources :    Usage  Request Allocated 
	   Cpus                 :        0        1         1 
	   Disk (KB)            :       46       35      3708 
	   GPUs                 :                           0 
	   Memory (MB)          :              3000      3000 
...
012 (16827615.005.000) 09/22 14:22:55 Job was held.
	Transfer input files failure at access point bigbird15 while sending files to execution point slot1_19@b9p06p1726.cern.ch. Details: 1 total failures: first failure: reading from file /tmp/x509up_u182844: (errno 2) No such file or directory
	Code 13 Subcode 2
...
009 (16827615.005.000) 09/22 14:24:52 Job was aborted.
	via condor_rm (by user masegret)
...
000 (16827617.005.000) 09/22 14:24:55 Job submitted from host: <188.184.90.241:9618?addrs=188.184.90.241-9618+[2001-1458-201-e4--100-2eb]-9618&alias=bigbird15.cern.ch&noUDP&sock=schedd_3150_376a>
...
040 (16827617.005.000) 09/22 14:28:25 Started transferring input files
	Transferring to host: <128.142.161.107:9618?addrs=128.142.161.107-9618+[2001-1458-301-b8--100-29]-9618&alias=b9g03p5993.cern.ch&noUDP&sock=slot1_7_4230_2ae5_88126>
...
040 (16827617.005.000) 09/22 14:28:25 Finished transferring input files
...
001 (16827617.005.000) 09/22 14:28:26 Job executing on host: <128.142.161.107:9618?addrs=128.142.161.107-9618+[2001-1458-301-b8--100-29]-9618&alias=b9g03p5993.cern.ch&noUDP&sock=startd_3177_bc79>
	SlotName: slot1_7@b9g03p5993.cern.ch
	CondorScratchDir = "/pool/condor/dir_358146"
	Cpus = 1
	Disk = 4101
	GPUs = 0
	Memory = 3000
...
006 (16827617.005.000) 09/22 14:28:35 Image size of job updated: 3004
	2  -  MemoryUsage of job (MB)
	1464  -  ResidentSetSize of job (KB)
...
006 (16827617.005.000) 09/22 14:33:36 Image size of job updated: 283356
	277  -  MemoryUsage of job (MB)
	283356  -  ResidentSetSize of job (KB)
...
006 (16827617.005.000) 09/22 14:34:20 Image size of job updated: 283364
	277  -  MemoryUsage of job (MB)
	283356  -  ResidentSetSize of job (KB)
...
040 (16827617.005.000) 09/22 14:34:20 Started transferring output files
...
040 (16827617.005.000) 09/22 14:34:20 Finished transferring output files
...
005 (16827617.005.000) 09/22 14:34:20 Job terminated.
	(1) Normal termination (return value 0)
		Usr 0 00:02:47, Sys 0 00:00:10  -  Run Remote Usage
		Usr 0 00:00:00, Sys 0 00:00:00  -  Run Local Usage
		Usr 0 00:02:47, Sys 0 00:00:10  -  Total Remote Usage
		Usr 0 00:00:00, Sys 0 00:00:00  -  Total Local Usage
	11722  -  Run Bytes Sent By Job
	11405  -  Run Bytes Received By Job
	11722  -  Total Bytes Sent By Job
	11405  -  Total Bytes Received By Job
	Partitionable Resources :    Usage  Request Allocated 
	   Cpus                 :        0        1         1 
	   Disk (KB)            :       61        1      4101 
	   GPUs                 :                           0 
	   Memory (MB)          :      277     3000      3000 
	   TimeExecute (s)      :      354                    
	   TimeSlotBusy (s)     :      356                    
...
000 (16828058.005.000) 09/22 18:28:29 Job submitted from host: <188.184.90.241:9618?addrs=188.184.90.241-9618+[2001-1458-201-e4--100-2eb]-9618&alias=bigbird15.cern.ch&noUDP&sock=schedd_3150_376a>
...
040 (16828058.005.000) 09/22 18:54:27 Started transferring input files
	Transferring to host: <188.185.213.214:9618?addrs=188.185.213.214-9618+[2001-1458-303-1b--100-52]-9618&alias=b9p28p1203.cern.ch&noUDP&sock=slot1_1_4082_e35f_69785>
...
040 (16828058.005.000) 09/22 18:54:27 Finished transferring input files
...
001 (16828058.005.000) 09/22 18:54:28 Job executing on host: <188.185.213.214:9618?addrs=188.185.213.214-9618+[2001-1458-303-1b--100-52]-9618&alias=b9p28p1203.cern.ch&noUDP&sock=startd_3301_ca37>
	SlotName: slot1_1@b9p28p1203.cern.ch
	CondorScratchDir = "/pool/condor/dir_586061"
	Cpus = 1
	Disk = 3767
	GPUs = 0
	Memory = 3000
...
006 (16828058.005.000) 09/22 18:54:37 Image size of job updated: 3840
	4  -  MemoryUsage of job (MB)
	3840  -  ResidentSetSize of job (KB)
...
006 (16828058.005.000) 09/22 18:59:38 Image size of job updated: 277524
	272  -  MemoryUsage of job (MB)
	277524  -  ResidentSetSize of job (KB)
...
006 (16828058.005.000) 09/22 19:00:55 Image size of job updated: 288344
	272  -  MemoryUsage of job (MB)
	277524  -  ResidentSetSize of job (KB)
...
040 (16828058.005.000) 09/22 19:00:55 Started transferring output files
...
040 (16828058.005.000) 09/22 19:00:55 Finished transferring output files
...
005 (16828058.005.000) 09/22 19:00:56 Job terminated.
	(1) Normal termination (return value 0)
		Usr 0 00:02:43, Sys 0 00:00:15  -  Run Remote Usage
		Usr 0 00:00:00, Sys 0 00:00:00  -  Run Local Usage
		Usr 0 00:02:43, Sys 0 00:00:15  -  Total Remote Usage
		Usr 0 00:00:00, Sys 0 00:00:00  -  Total Local Usage
	10809  -  Run Bytes Sent By Job
	11405  -  Run Bytes Received By Job
	10809  -  Total Bytes Sent By Job
	11405  -  Total Bytes Received By Job
	Partitionable Resources :    Usage  Request Allocated 
	   Cpus                 :        0        1         1 
	   Disk (KB)            :       67        1      3767 
	   GPUs                 :                           0 
	   Memory (MB)          :      272     3000      3000 
	   TimeExecute (s)      :      387                    
	   TimeSlotBusy (s)     :      388                    
...
