000 (16827613.006.000) 09/22 13:56:39 Job submitted from host: <188.184.90.241:9618?addrs=188.184.90.241-9618+[2001-1458-201-e4--100-2eb]-9618&alias=bigbird15.cern.ch&noUDP&sock=schedd_3150_376a>
...
009 (16827613.006.000) 09/22 14:16:35 Job was aborted.
	via condor_rm (by user masegret)
...
000 (16827615.006.000) 09/22 14:16:39 Job submitted from host: <188.184.90.241:9618?addrs=188.184.90.241-9618+[2001-1458-201-e4--100-2eb]-9618&alias=bigbird15.cern.ch&noUDP&sock=schedd_3150_376a>
...
040 (16827615.006.000) 09/22 14:17:24 Started transferring input files
	Transferring to host: <188.185.213.229:9618?addrs=188.185.213.229-9618+[2001-1458-303-1b--100-61]-9618&alias=b9p28p7463.cern.ch&noUDP&sock=slot1_31_4202_7064_69103>
...
040 (16827615.006.000) 09/22 14:17:24 Finished transferring input files
...
040 (16827615.006.000) 09/22 14:17:25 Started transferring output files
...
021 (16827615.006.000) 09/22 14:17:25 Error from starter on slot1_31@b9p28p7463.cern.ch:
	Failed to transfer files: SHADOW at 188.184.90.241 failed to send file(s) to <188.185.213.229:40929>: |Error: 1 total failures: first failure: reading from file /tmp/x509up_u182844: (errno 2) No such file or directory; STARTER failed to receive file(s) from <188.184.90.241:9618>
	Code 13 Subcode 2
...
004 (16827615.006.000) 09/22 14:17:25 Job was evicted. Code 13 Subcode 2
	(0) CPU times
		Usr 0 00:00:00, Sys 0 00:00:00  -  Run Remote Usage
		Usr 0 00:00:00, Sys 0 00:00:00  -  Run Local Usage
	0  -  Run Bytes Sent By Job
	0  -  Run Bytes Received By Job
	Reason: Transfer input files failure at access point bigbird15 while sending files to execution point slot1_31@b9p28p7463.cern.ch. Details: 1 total failures: first failure: reading from file /tmp/x509up_u182844: (errno 2) No such file or directory
	Partitionable Resources :    Usage  Request Allocated 
	   Cpus                 :                 1         1 
	   Disk (KB)            :       34        1      3603 
	   GPUs                 :                           0 
	   Memory (MB)          :              3000      3000 
...
012 (16827615.006.000) 09/22 14:17:25 Job was held.
	Transfer input files failure at access point bigbird15 while sending files to execution point slot1_31@b9p28p7463.cern.ch. Details: 1 total failures: first failure: reading from file /tmp/x509up_u182844: (errno 2) No such file or directory
	Code 13 Subcode 2
...
013 (16827615.006.000) 09/22 14:19:45 Job was released.
	via condor_release (by user masegret)
...
040 (16827615.006.000) 09/22 14:22:54 Started transferring input files
	Transferring to host: <188.185.213.170:9618?addrs=188.185.213.170-9618+[2001-1458-303-1b--100-26]-9618&alias=b9p28p2120.cern.ch&noUDP&sock=slot1_23_3759_4e32_93038>
...
040 (16827615.006.000) 09/22 14:22:54 Finished transferring input files
...
040 (16827615.006.000) 09/22 14:22:55 Started transferring output files
...
021 (16827615.006.000) 09/22 14:22:55 Error from starter on slot1_23@b9p28p2120.cern.ch:
	Failed to transfer files: SHADOW at 188.184.90.241 failed to send file(s) to <188.185.213.170:38411>: |Error: 1 total failures: first failure: reading from file /tmp/x509up_u182844: (errno 2) No such file or directory; STARTER failed to receive file(s) from <188.184.90.241:9618>
	Code 13 Subcode 2
...
004 (16827615.006.000) 09/22 14:22:55 Job was evicted. Code 13 Subcode 2
	(0) CPU times
		Usr 0 00:00:00, Sys 0 00:00:00  -  Run Remote Usage
		Usr 0 00:00:00, Sys 0 00:00:00  -  Run Local Usage
	0  -  Run Bytes Sent By Job
	0  -  Run Bytes Received By Job
	Reason: Transfer input files failure at access point bigbird15 while sending files to execution point slot1_23@b9p28p2120.cern.ch. Details: 1 total failures: first failure: reading from file /tmp/x509up_u182844: (errno 2) No such file or directory
	Partitionable Resources :    Usage  Request Allocated 
	   Cpus                 :        0        1         1 
	   Disk (KB)            :       44       35      3838 
	   GPUs                 :                           0 
	   Memory (MB)          :              3000      3000 
...
012 (16827615.006.000) 09/22 14:22:55 Job was held.
	Transfer input files failure at access point bigbird15 while sending files to execution point slot1_23@b9p28p2120.cern.ch. Details: 1 total failures: first failure: reading from file /tmp/x509up_u182844: (errno 2) No such file or directory
	Code 13 Subcode 2
...
009 (16827615.006.000) 09/22 14:24:52 Job was aborted.
	via condor_rm (by user masegret)
...
000 (16827617.006.000) 09/22 14:24:55 Job submitted from host: <188.184.90.241:9618?addrs=188.184.90.241-9618+[2001-1458-201-e4--100-2eb]-9618&alias=bigbird15.cern.ch&noUDP&sock=schedd_3150_376a>
...
040 (16827617.006.000) 09/22 14:28:26 Started transferring input files
	Transferring to host: <128.142.161.73:9618?addrs=128.142.161.73-9618+[2001-1458-301-b8--100-7]-9618&alias=b9g03p4186.cern.ch&noUDP&sock=slot1_10_5643_c0ff_89111>
...
040 (16827617.006.000) 09/22 14:28:26 Finished transferring input files
...
001 (16827617.006.000) 09/22 14:28:27 Job executing on host: <128.142.161.73:9618?addrs=128.142.161.73-9618+[2001-1458-301-b8--100-7]-9618&alias=b9g03p4186.cern.ch&noUDP&sock=startd_4572_9716>
	SlotName: slot1_10@b9g03p4186.cern.ch
	CondorScratchDir = "/pool/condor/dir_2771973"
	Cpus = 1
	Disk = 3948
	GPUs = 0
	Memory = 3000
...
006 (16827617.006.000) 09/22 14:28:36 Image size of job updated: 3052
	2  -  MemoryUsage of job (MB)
	1732  -  ResidentSetSize of job (KB)
...
006 (16827617.006.000) 09/22 14:33:37 Image size of job updated: 279400
	273  -  MemoryUsage of job (MB)
	279400  -  ResidentSetSize of job (KB)
...
006 (16827617.006.000) 09/22 14:34:46 Image size of job updated: 279416
	273  -  MemoryUsage of job (MB)
	279400  -  ResidentSetSize of job (KB)
...
040 (16827617.006.000) 09/22 14:34:46 Started transferring output files
...
040 (16827617.006.000) 09/22 14:34:46 Finished transferring output files
...
005 (16827617.006.000) 09/22 14:34:47 Job terminated.
	(1) Normal termination (return value 0)
		Usr 0 00:03:02, Sys 0 00:00:13  -  Run Remote Usage
		Usr 0 00:00:00, Sys 0 00:00:00  -  Run Local Usage
		Usr 0 00:03:02, Sys 0 00:00:13  -  Total Remote Usage
		Usr 0 00:00:00, Sys 0 00:00:00  -  Total Local Usage
	11722  -  Run Bytes Sent By Job
	11405  -  Run Bytes Received By Job
	11722  -  Total Bytes Sent By Job
	11405  -  Total Bytes Received By Job
	Partitionable Resources :    Usage  Request Allocated 
	   Cpus                 :        0        1         1 
	   Disk (KB)            :       61        1      3948 
	   GPUs                 :                           0 
	   Memory (MB)          :      273     3000      3000 
	   TimeExecute (s)      :      379                    
	   TimeSlotBusy (s)     :      381                    
...
000 (16828058.006.000) 09/22 18:28:29 Job submitted from host: <188.184.90.241:9618?addrs=188.184.90.241-9618+[2001-1458-201-e4--100-2eb]-9618&alias=bigbird15.cern.ch&noUDP&sock=schedd_3150_376a>
...
040 (16828058.006.000) 09/22 18:54:27 Started transferring input files
	Transferring to host: <188.185.214.35:9618?addrs=188.185.214.35-9618+[2001-1458-303-1c--100-1f]-9618&alias=b9p29p9581.cern.ch&noUDP&sock=slot1_21_4761_4e1b_68310>
...
040 (16828058.006.000) 09/22 18:54:27 Finished transferring input files
...
001 (16828058.006.000) 09/22 18:54:28 Job executing on host: <188.185.214.35:9618?addrs=188.185.214.35-9618+[2001-1458-303-1c--100-1f]-9618&alias=b9p29p9581.cern.ch&noUDP&sock=startd_4113_c11e>
	SlotName: slot1_21@b9p29p9581.cern.ch
	CondorScratchDir = "/pool/condor/dir_1990445"
	Cpus = 1
	Disk = 3625
	GPUs = 0
	Memory = 3000
...
006 (16828058.006.000) 09/22 18:54:37 Image size of job updated: 1492
	2  -  MemoryUsage of job (MB)
	1492  -  ResidentSetSize of job (KB)
...
006 (16828058.006.000) 09/22 18:59:17 Image size of job updated: 283416
	2  -  MemoryUsage of job (MB)
	1492  -  ResidentSetSize of job (KB)
...
040 (16828058.006.000) 09/22 18:59:17 Started transferring output files
...
040 (16828058.006.000) 09/22 18:59:17 Finished transferring output files
...
005 (16828058.006.000) 09/22 18:59:18 Job terminated.
	(1) Normal termination (return value 0)
		Usr 0 00:02:30, Sys 0 00:00:14  -  Run Remote Usage
		Usr 0 00:00:00, Sys 0 00:00:00  -  Run Local Usage
		Usr 0 00:02:30, Sys 0 00:00:14  -  Total Remote Usage
		Usr 0 00:00:00, Sys 0 00:00:00  -  Total Local Usage
	10809  -  Run Bytes Sent By Job
	11405  -  Run Bytes Received By Job
	10809  -  Total Bytes Sent By Job
	11405  -  Total Bytes Received By Job
	Partitionable Resources :    Usage  Request Allocated 
	   Cpus                 :     0.48        1         1 
	   Disk (KB)            :    52           1      3625 
	   GPUs                 :                           0 
	   Memory (MB)          :     2        3000      3000 
	   TimeExecute (s)      :   289                       
	   TimeSlotBusy (s)     :   290                       
...
