000 (16827613.002.000) 09/22 13:56:39 Job submitted from host: <188.184.90.241:9618?addrs=188.184.90.241-9618+[2001-1458-201-e4--100-2eb]-9618&alias=bigbird15.cern.ch&noUDP&sock=schedd_3150_376a>
...
009 (16827613.002.000) 09/22 14:16:35 Job was aborted.
	via condor_rm (by user masegret)
...
000 (16827615.002.000) 09/22 14:16:39 Job submitted from host: <188.184.90.241:9618?addrs=188.184.90.241-9618+[2001-1458-201-e4--100-2eb]-9618&alias=bigbird15.cern.ch&noUDP&sock=schedd_3150_376a>
...
040 (16827615.002.000) 09/22 14:17:18 Started transferring input files
	Transferring to host: <188.185.213.229:9618?addrs=188.185.213.229-9618+[2001-1458-303-1b--100-61]-9618&alias=b9p28p7463.cern.ch&noUDP&sock=slot1_31_4202_7064_69099>
...
040 (16827615.002.000) 09/22 14:17:18 Finished transferring input files
...
040 (16827615.002.000) 09/22 14:17:19 Started transferring output files
...
021 (16827615.002.000) 09/22 14:17:19 Error from starter on slot1_31@b9p28p7463.cern.ch:
	Failed to transfer files: SHADOW at 188.184.90.241 failed to send file(s) to <188.185.213.229:42885>: |Error: 1 total failures: first failure: reading from file /tmp/x509up_u182844: (errno 2) No such file or directory; STARTER failed to receive file(s) from <188.184.90.241:9618>
	Code 13 Subcode 2
...
004 (16827615.002.000) 09/22 14:17:19 Job was evicted. Code 13 Subcode 2
	(0) CPU times
		Usr 0 00:00:00, Sys 0 00:00:00  -  Run Remote Usage
		Usr 0 00:00:00, Sys 0 00:00:00  -  Run Local Usage
	0  -  Run Bytes Sent By Job
	0  -  Run Bytes Received By Job
	Reason: Transfer input files failure at access point bigbird15 while sending files to execution point slot1_31@b9p28p7463.cern.ch. Details: 1 total failures: first failure: reading from file /tmp/x509up_u182844: (errno 2) No such file or directory
	Partitionable Resources :    Usage  Request Allocated 
	   Cpus                 :                 1         1 
	   Disk (KB)            :       34        1      3603 
	   GPUs                 :                           0 
	   Memory (MB)          :              3000      3000 
...
012 (16827615.002.000) 09/22 14:17:20 Job was held.
	Transfer input files failure at access point bigbird15 while sending files to execution point slot1_31@b9p28p7463.cern.ch. Details: 1 total failures: first failure: reading from file /tmp/x509up_u182844: (errno 2) No such file or directory
	Code 13 Subcode 2
...
013 (16827615.002.000) 09/22 14:19:45 Job was released.
	via condor_release (by user masegret)
...
040 (16827615.002.000) 09/22 14:22:53 Started transferring input files
	Transferring to host: <188.185.214.138:9618?addrs=188.185.214.138-9618+[2001-1458-303-1d--100-6]-9618&alias=b9p30p2177.cern.ch&noUDP&sock=slot1_4_5926_272a_75057>
...
040 (16827615.002.000) 09/22 14:22:53 Finished transferring input files
...
040 (16827615.002.000) 09/22 14:22:54 Started transferring output files
...
021 (16827615.002.000) 09/22 14:22:54 Error from starter on slot1_4@b9p30p2177.cern.ch:
	Failed to transfer files: SHADOW at 188.184.90.241 failed to send file(s) to <188.185.214.138:35939>: |Error: 1 total failures: first failure: reading from file /tmp/x509up_u182844: (errno 2) No such file or directory; STARTER failed to receive file(s) from <188.184.90.241:9618>
	Code 13 Subcode 2
...
004 (16827615.002.000) 09/22 14:22:55 Job was evicted. Code 13 Subcode 2
	(0) CPU times
		Usr 0 00:00:00, Sys 0 00:00:00  -  Run Remote Usage
		Usr 0 00:00:00, Sys 0 00:00:00  -  Run Local Usage
	0  -  Run Bytes Sent By Job
	0  -  Run Bytes Received By Job
	Reason: Transfer input files failure at access point bigbird15 while sending files to execution point slot1_4@b9p30p2177.cern.ch. Details: 1 total failures: first failure: reading from file /tmp/x509up_u182844: (errno 2) No such file or directory
	Partitionable Resources :    Usage  Request Allocated 
	   Cpus                 :        0        1         1 
	   Disk (KB)            :       44       35      3820 
	   GPUs                 :                           0 
	   Memory (MB)          :              3000      3000 
...
012 (16827615.002.000) 09/22 14:22:55 Job was held.
	Transfer input files failure at access point bigbird15 while sending files to execution point slot1_4@b9p30p2177.cern.ch. Details: 1 total failures: first failure: reading from file /tmp/x509up_u182844: (errno 2) No such file or directory
	Code 13 Subcode 2
...
009 (16827615.002.000) 09/22 14:24:52 Job was aborted.
	via condor_rm (by user masegret)
...
000 (16827617.002.000) 09/22 14:24:55 Job submitted from host: <188.184.90.241:9618?addrs=188.184.90.241-9618+[2001-1458-201-e4--100-2eb]-9618&alias=bigbird15.cern.ch&noUDP&sock=schedd_3150_376a>
...
040 (16827617.002.000) 09/22 14:28:25 Started transferring input files
	Transferring to host: <188.185.195.45:9618?addrs=188.185.195.45-9618+[2001-1458-303-22--100-29]-9618&alias=b9p17p0675.cern.ch&noUDP&sock=slot1_21_3943_f339_88405>
...
040 (16827617.002.000) 09/22 14:28:25 Finished transferring input files
...
001 (16827617.002.000) 09/22 14:28:26 Job executing on host: <188.185.195.45:9618?addrs=188.185.195.45-9618+[2001-1458-303-22--100-29]-9618&alias=b9p17p0675.cern.ch&noUDP&sock=startd_3895_3979>
	SlotName: slot1_21@b9p17p0675.cern.ch
	CondorScratchDir = "/pool/condor/dir_1375005"
	Cpus = 1
	Disk = 3968
	GPUs = 0
	Memory = 3000
...
006 (16827617.002.000) 09/22 14:28:35 Image size of job updated: 3928
	2  -  MemoryUsage of job (MB)
	1200  -  ResidentSetSize of job (KB)
...
006 (16827617.002.000) 09/22 14:33:16 Image size of job updated: 297476
	2  -  MemoryUsage of job (MB)
	1200  -  ResidentSetSize of job (KB)
...
040 (16827617.002.000) 09/22 14:33:16 Started transferring output files
...
040 (16827617.002.000) 09/22 14:33:16 Finished transferring output files
...
005 (16827617.002.000) 09/22 14:33:16 Job terminated.
	(1) Normal termination (return value 0)
		Usr 0 00:02:39, Sys 0 00:00:11  -  Run Remote Usage
		Usr 0 00:00:00, Sys 0 00:00:00  -  Run Local Usage
		Usr 0 00:02:39, Sys 0 00:00:11  -  Total Remote Usage
		Usr 0 00:00:00, Sys 0 00:00:00  -  Total Local Usage
	11723  -  Run Bytes Sent By Job
	11405  -  Run Bytes Received By Job
	11723  -  Total Bytes Sent By Job
	11405  -  Total Bytes Received By Job
	Partitionable Resources :    Usage  Request Allocated 
	   Cpus                 :        0        1         1 
	   Disk (KB)            :       61        1      3968 
	   GPUs                 :                           0 
	   Memory (MB)          :        2     3000      3000 
	   TimeExecute (s)      :      290                    
	   TimeSlotBusy (s)     :      292                    
...
000 (16828058.002.000) 09/22 18:28:29 Job submitted from host: <188.184.90.241:9618?addrs=188.184.90.241-9618+[2001-1458-201-e4--100-2eb]-9618&alias=bigbird15.cern.ch&noUDP&sock=schedd_3150_376a>
...
040 (16828058.002.000) 09/22 18:54:28 Started transferring input files
	Transferring to host: <188.185.196.31:9618?addrs=188.185.196.31-9618+[2001-1458-303-23--100-1b]-9618&alias=b9p16p0041.cern.ch&noUDP&sock=slot1_21_5555_bffb_63239>
...
040 (16828058.002.000) 09/22 18:54:28 Finished transferring input files
...
001 (16828058.002.000) 09/22 18:54:29 Job executing on host: <188.185.196.31:9618?addrs=188.185.196.31-9618+[2001-1458-303-23--100-1b]-9618&alias=b9p16p0041.cern.ch&noUDP&sock=startd_4366_4a94>
	SlotName: slot1_21@b9p16p0041.cern.ch
	CondorScratchDir = "/pool/condor/dir_2606848"
	Cpus = 1
	Disk = 3856
	GPUs = 0
	Memory = 3000
...
006 (16828058.002.000) 09/22 18:54:38 Image size of job updated: 10608
	2  -  MemoryUsage of job (MB)
	1408  -  ResidentSetSize of job (KB)
...
006 (16828058.002.000) 09/22 18:59:39 Image size of job updated: 277272
	271  -  MemoryUsage of job (MB)
	277272  -  ResidentSetSize of job (KB)
...
006 (16828058.002.000) 09/22 19:00:27 Image size of job updated: 287008
	271  -  MemoryUsage of job (MB)
	277272  -  ResidentSetSize of job (KB)
...
040 (16828058.002.000) 09/22 19:00:27 Started transferring output files
...
040 (16828058.002.000) 09/22 19:00:27 Finished transferring output files
...
005 (16828058.002.000) 09/22 19:00:27 Job terminated.
	(1) Normal termination (return value 0)
		Usr 0 00:03:05, Sys 0 00:00:11  -  Run Remote Usage
		Usr 0 00:00:00, Sys 0 00:00:00  -  Run Local Usage
		Usr 0 00:03:05, Sys 0 00:00:11  -  Total Remote Usage
		Usr 0 00:00:00, Sys 0 00:00:00  -  Total Local Usage
	10810  -  Run Bytes Sent By Job
	11405  -  Run Bytes Received By Job
	10810  -  Total Bytes Sent By Job
	11405  -  Total Bytes Received By Job
	Partitionable Resources :    Usage  Request Allocated 
	   Cpus                 :        0        1         1 
	   Disk (KB)            :       52        1      3856 
	   GPUs                 :                           0 
	   Memory (MB)          :      271     3000      3000 
	   TimeExecute (s)      :      358                    
	   TimeSlotBusy (s)     :      360                    
...
