000 (16827613.003.000) 09/22 13:56:39 Job submitted from host: <188.184.90.241:9618?addrs=188.184.90.241-9618+[2001-1458-201-e4--100-2eb]-9618&alias=bigbird15.cern.ch&noUDP&sock=schedd_3150_376a>
...
009 (16827613.003.000) 09/22 14:16:35 Job was aborted.
	via condor_rm (by user masegret)
...
000 (16827615.003.000) 09/22 14:16:39 Job submitted from host: <188.184.90.241:9618?addrs=188.184.90.241-9618+[2001-1458-201-e4--100-2eb]-9618&alias=bigbird15.cern.ch&noUDP&sock=schedd_3150_376a>
...
040 (16827615.003.000) 09/22 14:17:20 Started transferring input files
	Transferring to host: <188.185.213.229:9618?addrs=188.185.213.229-9618+[2001-1458-303-1b--100-61]-9618&alias=b9p28p7463.cern.ch&noUDP&sock=slot1_31_4202_7064_69100>
...
040 (16827615.003.000) 09/22 14:17:20 Finished transferring input files
...
040 (16827615.003.000) 09/22 14:17:21 Started transferring output files
...
021 (16827615.003.000) 09/22 14:17:21 Error from starter on slot1_31@b9p28p7463.cern.ch:
	Failed to transfer files: SHADOW at 188.184.90.241 failed to send file(s) to <188.185.213.229:40561>: |Error: 1 total failures: first failure: reading from file /tmp/x509up_u182844: (errno 2) No such file or directory; STARTER failed to receive file(s) from <188.184.90.241:9618>
	Code 13 Subcode 2
...
004 (16827615.003.000) 09/22 14:17:21 Job was evicted. Code 13 Subcode 2
	(0) CPU times
		Usr 0 00:00:00, Sys 0 00:00:00  -  Run Remote Usage
		Usr 0 00:00:00, Sys 0 00:00:00  -  Run Local Usage
	0  -  Run Bytes Sent By Job
	0  -  Run Bytes Received By Job
	Reason: Transfer input files failure at access point bigbird15 while sending files to execution point slot1_31@b9p28p7463.cern.ch. Details: 1 total failures: first failure: reading from file /tmp/x509up_u182844: (errno 2) No such file or directory
	Partitionable Resources :    Usage  Request Allocated 
	   Cpus                 :                 1         1 
	   Disk (KB)            :       34        1      3603 
	   GPUs                 :                           0 
	   Memory (MB)          :              3000      3000 
...
012 (16827615.003.000) 09/22 14:17:21 Job was held.
	Transfer input files failure at access point bigbird15 while sending files to execution point slot1_31@b9p28p7463.cern.ch. Details: 1 total failures: first failure: reading from file /tmp/x509up_u182844: (errno 2) No such file or directory
	Code 13 Subcode 2
...
013 (16827615.003.000) 09/22 14:19:45 Job was released.
	via condor_release (by user masegret)
...
040 (16827615.003.000) 09/22 14:22:53 Started transferring input files
	Transferring to host: <188.185.196.171:9618?addrs=188.185.196.171-9618+[2001-1458-303-23--100-a7]-9618&alias=b9p16p0160.cern.ch&noUDP&sock=slot1_7_3541_b469_89285>
...
040 (16827615.003.000) 09/22 14:22:53 Finished transferring input files
...
040 (16827615.003.000) 09/22 14:22:54 Started transferring output files
...
021 (16827615.003.000) 09/22 14:22:54 Error from starter on slot1_7@b9p16p0160.cern.ch:
	Failed to transfer files: SHADOW at 188.184.90.241 failed to send file(s) to <188.185.196.171:36309>: |Error: 1 total failures: first failure: reading from file /tmp/x509up_u182844: (errno 2) No such file or directory; STARTER failed to receive file(s) from <188.184.90.241:9618>
	Code 13 Subcode 2
...
004 (16827615.003.000) 09/22 14:22:55 Job was evicted. Code 13 Subcode 2
	(0) CPU times
		Usr 0 00:00:00, Sys 0 00:00:00  -  Run Remote Usage
		Usr 0 00:00:00, Sys 0 00:00:00  -  Run Local Usage
	0  -  Run Bytes Sent By Job
	0  -  Run Bytes Received By Job
	Reason: Transfer input files failure at access point bigbird15 while sending files to execution point slot1_7@b9p16p0160.cern.ch. Details: 1 total failures: first failure: reading from file /tmp/x509up_u182844: (errno 2) No such file or directory
	Partitionable Resources :    Usage  Request Allocated 
	   Cpus                 :        0        1         1 
	   Disk (KB)            :       44       35      3856 
	   GPUs                 :                           0 
	   Memory (MB)          :              3000      3000 
...
012 (16827615.003.000) 09/22 14:22:55 Job was held.
	Transfer input files failure at access point bigbird15 while sending files to execution point slot1_7@b9p16p0160.cern.ch. Details: 1 total failures: first failure: reading from file /tmp/x509up_u182844: (errno 2) No such file or directory
	Code 13 Subcode 2
...
009 (16827615.003.000) 09/22 14:24:52 Job was aborted.
	via condor_rm (by user masegret)
...
000 (16827617.003.000) 09/22 14:24:55 Job submitted from host: <188.184.90.241:9618?addrs=188.184.90.241-9618+[2001-1458-201-e4--100-2eb]-9618&alias=bigbird15.cern.ch&noUDP&sock=schedd_3150_376a>
...
040 (16827617.003.000) 09/22 14:28:25 Started transferring input files
	Transferring to host: <188.185.195.111:9618?addrs=188.185.195.111-9618+[2001-1458-303-22--100-6b]-9618&alias=b9p17p0693.cern.ch&noUDP&sock=slot1_28_3361_e0e2_86173>
...
040 (16827617.003.000) 09/22 14:28:25 Finished transferring input files
...
001 (16827617.003.000) 09/22 14:28:26 Job executing on host: <188.185.195.111:9618?addrs=188.185.195.111-9618+[2001-1458-303-22--100-6b]-9618&alias=b9p17p0693.cern.ch&noUDP&sock=startd_2576_800e>
	SlotName: slot1_28@b9p17p0693.cern.ch
	CondorScratchDir = "/pool/condor/dir_2219900"
	Cpus = 1
	Disk = 3898
	GPUs = 0
	Memory = 3000
...
006 (16827617.003.000) 09/22 14:28:35 Image size of job updated: 4020
	4  -  MemoryUsage of job (MB)
	4020  -  ResidentSetSize of job (KB)
...
006 (16827617.003.000) 09/22 14:33:36 Image size of job updated: 283260
	277  -  MemoryUsage of job (MB)
	283260  -  ResidentSetSize of job (KB)
...
006 (16827617.003.000) 09/22 14:35:20 Image size of job updated: 293916
	277  -  MemoryUsage of job (MB)
	283260  -  ResidentSetSize of job (KB)
...
040 (16827617.003.000) 09/22 14:35:20 Started transferring output files
...
040 (16827617.003.000) 09/22 14:35:20 Finished transferring output files
...
005 (16827617.003.000) 09/22 14:35:20 Job terminated.
	(1) Normal termination (return value 0)
		Usr 0 00:03:54, Sys 0 00:00:11  -  Run Remote Usage
		Usr 0 00:00:00, Sys 0 00:00:00  -  Run Local Usage
		Usr 0 00:03:54, Sys 0 00:00:11  -  Total Remote Usage
		Usr 0 00:00:00, Sys 0 00:00:00  -  Total Local Usage
	11723  -  Run Bytes Sent By Job
	11405  -  Run Bytes Received By Job
	11723  -  Total Bytes Sent By Job
	11405  -  Total Bytes Received By Job
	Partitionable Resources :    Usage  Request Allocated 
	   Cpus                 :        0        1         1 
	   Disk (KB)            :       76        1      3898 
	   GPUs                 :                           0 
	   Memory (MB)          :      277     3000      3000 
	   TimeExecute (s)      :      414                    
	   TimeSlotBusy (s)     :      416                    
...
000 (16828058.003.000) 09/22 18:28:29 Job submitted from host: <188.184.90.241:9618?addrs=188.184.90.241-9618+[2001-1458-201-e4--100-2eb]-9618&alias=bigbird15.cern.ch&noUDP&sock=schedd_3150_376a>
...
040 (16828058.003.000) 09/22 18:54:28 Started transferring input files
	Transferring to host: <188.185.215.184:9618?addrs=188.185.215.184-9618+[2001-1458-303-26--100-34]-9618&alias=b9p18p4694.cern.ch&noUDP&sock=slot1_10_7627_a94f_67864>
...
040 (16828058.003.000) 09/22 18:54:28 Finished transferring input files
...
001 (16828058.003.000) 09/22 18:54:29 Job executing on host: <188.185.215.184:9618?addrs=188.185.215.184-9618+[2001-1458-303-26--100-34]-9618&alias=b9p18p4694.cern.ch&noUDP&sock=startd_6566_4eef>
	SlotName: slot1_10@b9p18p4694.cern.ch
	CondorScratchDir = "/pool/condor/dir_3582687"
	Cpus = 1
	Disk = 3742
	GPUs = 0
	Memory = 3000
...
006 (16828058.003.000) 09/22 18:54:38 Image size of job updated: 2336
	3  -  MemoryUsage of job (MB)
	2152  -  ResidentSetSize of job (KB)
...
006 (16828058.003.000) 09/22 18:59:39 Image size of job updated: 281640
	276  -  MemoryUsage of job (MB)
	281640  -  ResidentSetSize of job (KB)
...
006 (16828058.003.000) 09/22 19:00:51 Image size of job updated: 302176
	276  -  MemoryUsage of job (MB)
	281640  -  ResidentSetSize of job (KB)
...
040 (16828058.003.000) 09/22 19:00:51 Started transferring output files
...
040 (16828058.003.000) 09/22 19:00:51 Finished transferring output files
...
005 (16828058.003.000) 09/22 19:00:51 Job terminated.
	(1) Normal termination (return value 0)
		Usr 0 00:02:40, Sys 0 00:00:12  -  Run Remote Usage
		Usr 0 00:00:00, Sys 0 00:00:00  -  Run Local Usage
		Usr 0 00:02:40, Sys 0 00:00:12  -  Total Remote Usage
		Usr 0 00:00:00, Sys 0 00:00:00  -  Total Local Usage
	10810  -  Run Bytes Sent By Job
	11405  -  Run Bytes Received By Job
	10810  -  Total Bytes Sent By Job
	11405  -  Total Bytes Received By Job
	Partitionable Resources :    Usage  Request Allocated 
	   Cpus                 :     0.45        1         1 
	   Disk (KB)            :    52           1      3742 
	   GPUs                 :                           0 
	   Memory (MB)          :   276        3000      3000 
	   TimeExecute (s)      :   382                       
	   TimeSlotBusy (s)     :   384                       
...
