000 (16827613.009.000) 09/22 13:56:39 Job submitted from host: <188.184.90.241:9618?addrs=188.184.90.241-9618+[2001-1458-201-e4--100-2eb]-9618&alias=bigbird15.cern.ch&noUDP&sock=schedd_3150_376a>
...
009 (16827613.009.000) 09/22 14:16:35 Job was aborted.
	via condor_rm (by user masegret)
...
000 (16827615.009.000) 09/22 14:16:39 Job submitted from host: <188.184.90.241:9618?addrs=188.184.90.241-9618+[2001-1458-201-e4--100-2eb]-9618&alias=bigbird15.cern.ch&noUDP&sock=schedd_3150_376a>
...
040 (16827615.009.000) 09/22 14:17:29 Started transferring input files
	Transferring to host: <188.185.213.229:9618?addrs=188.185.213.229-9618+[2001-1458-303-1b--100-61]-9618&alias=b9p28p7463.cern.ch&noUDP&sock=slot1_31_4202_7064_69106>
...
040 (16827615.009.000) 09/22 14:17:29 Finished transferring input files
...
040 (16827615.009.000) 09/22 14:17:30 Started transferring output files
...
021 (16827615.009.000) 09/22 14:17:30 Error from starter on slot1_31@b9p28p7463.cern.ch:
	Failed to transfer files: SHADOW at 188.184.90.241 failed to send file(s) to <188.185.213.229:35821>: |Error: 1 total failures: first failure: reading from file /tmp/x509up_u182844: (errno 2) No such file or directory; STARTER failed to receive file(s) from <188.184.90.241:9618>
	Code 13 Subcode 2
...
004 (16827615.009.000) 09/22 14:17:30 Job was evicted. Code 13 Subcode 2
	(0) CPU times
		Usr 0 00:00:00, Sys 0 00:00:00  -  Run Remote Usage
		Usr 0 00:00:00, Sys 0 00:00:00  -  Run Local Usage
	0  -  Run Bytes Sent By Job
	0  -  Run Bytes Received By Job
	Reason: Transfer input files failure at access point bigbird15 while sending files to execution point slot1_31@b9p28p7463.cern.ch. Details: 1 total failures: first failure: reading from file /tmp/x509up_u182844: (errno 2) No such file or directory
	Partitionable Resources :    Usage  Request Allocated 
	   Cpus                 :                 1         1 
	   Disk (KB)            :       34        1      3603 
	   GPUs                 :                           0 
	   Memory (MB)          :              3000      3000 
...
012 (16827615.009.000) 09/22 14:17:30 Job was held.
	Transfer input files failure at access point bigbird15 while sending files to execution point slot1_31@b9p28p7463.cern.ch. Details: 1 total failures: first failure: reading from file /tmp/x509up_u182844: (errno 2) No such file or directory
	Code 13 Subcode 2
...
013 (16827615.009.000) 09/22 14:19:45 Job was released.
	via condor_release (by user masegret)
...
040 (16827615.009.000) 09/22 14:22:54 Started transferring input files
	Transferring to host: <128.142.192.182:9618?addrs=128.142.192.182-9618+[2001-1458-301-56--100-32]-9618&alias=b9g18p3765.cern.ch&noUDP&sock=slot1_31_6565_62e4_71106>
...
040 (16827615.009.000) 09/22 14:22:54 Finished transferring input files
...
040 (16827615.009.000) 09/22 14:22:55 Started transferring output files
...
021 (16827615.009.000) 09/22 14:22:55 Error from starter on slot1_31@b9g18p3765.cern.ch:
	Failed to transfer files: SHADOW at 188.184.90.241 failed to send file(s) to <128.142.192.182:42697>: |Error: 1 total failures: first failure: reading from file /tmp/x509up_u182844: (errno 2) No such file or directory; STARTER failed to receive file(s) from <188.184.90.241:9618>
	Code 13 Subcode 2
...
004 (16827615.009.000) 09/22 14:22:55 Job was evicted. Code 13 Subcode 2
	(0) CPU times
		Usr 0 00:00:00, Sys 0 00:00:00  -  Run Remote Usage
		Usr 0 00:00:00, Sys 0 00:00:00  -  Run Local Usage
	0  -  Run Bytes Sent By Job
	0  -  Run Bytes Received By Job
	Reason: Transfer input files failure at access point bigbird15 while sending files to execution point slot1_31@b9g18p3765.cern.ch. Details: 1 total failures: first failure: reading from file /tmp/x509up_u182844: (errno 2) No such file or directory
	Partitionable Resources :    Usage  Request Allocated 
	   Cpus                 :        0        1         1 
	   Disk (KB)            :       44       35      3741 
	   GPUs                 :                           0 
	   Memory (MB)          :              3000      3000 
...
012 (16827615.009.000) 09/22 14:22:56 Job was held.
	Transfer input files failure at access point bigbird15 while sending files to execution point slot1_31@b9g18p3765.cern.ch. Details: 1 total failures: first failure: reading from file /tmp/x509up_u182844: (errno 2) No such file or directory
	Code 13 Subcode 2
...
009 (16827615.009.000) 09/22 14:24:52 Job was aborted.
	via condor_rm (by user masegret)
...
000 (16827617.009.000) 09/22 14:24:55 Job submitted from host: <188.184.90.241:9618?addrs=188.184.90.241-9618+[2001-1458-201-e4--100-2eb]-9618&alias=bigbird15.cern.ch&noUDP&sock=schedd_3150_376a>
...
040 (16827617.009.000) 09/22 14:28:26 Started transferring input files
	Transferring to host: <128.142.161.145:9618?addrs=128.142.161.145-9618+[2001-1458-301-b9--100-e]-9618&alias=b9g03p7833.cern.ch&noUDP&sock=slot1_13_3368_cf82_86836>
...
040 (16827617.009.000) 09/22 14:28:26 Finished transferring input files
...
001 (16827617.009.000) 09/22 14:28:27 Job executing on host: <128.142.161.145:9618?addrs=128.142.161.145-9618+[2001-1458-301-b9--100-e]-9618&alias=b9g03p7833.cern.ch&noUDP&sock=startd_2619_fea0>
	SlotName: slot1_13@b9g03p7833.cern.ch
	CondorScratchDir = "/pool/condor/dir_2202396"
	Cpus = 1
	Disk = 3965
	GPUs = 0
	Memory = 3000
...
006 (16827617.009.000) 09/22 14:28:35 Image size of job updated: 2344
	2  -  MemoryUsage of job (MB)
	1452  -  ResidentSetSize of job (KB)
...
006 (16827617.009.000) 09/22 14:33:35 Image size of job updated: 281036
	275  -  MemoryUsage of job (MB)
	281036  -  ResidentSetSize of job (KB)
...
006 (16827617.009.000) 09/22 14:34:41 Image size of job updated: 281104
	275  -  MemoryUsage of job (MB)
	281036  -  ResidentSetSize of job (KB)
...
040 (16827617.009.000) 09/22 14:34:41 Started transferring output files
...
040 (16827617.009.000) 09/22 14:34:41 Finished transferring output files
...
005 (16827617.009.000) 09/22 14:34:42 Job terminated.
	(1) Normal termination (return value 0)
		Usr 0 00:03:13, Sys 0 00:00:11  -  Run Remote Usage
		Usr 0 00:00:00, Sys 0 00:00:00  -  Run Local Usage
		Usr 0 00:03:13, Sys 0 00:00:11  -  Total Remote Usage
		Usr 0 00:00:00, Sys 0 00:00:00  -  Total Local Usage
	11723  -  Run Bytes Sent By Job
	11405  -  Run Bytes Received By Job
	11723  -  Total Bytes Sent By Job
	11405  -  Total Bytes Received By Job
	Partitionable Resources :    Usage  Request Allocated 
	   Cpus                 :     0.58        1         1 
	   Disk (KB)            :    62           1      3965 
	   GPUs                 :                           0 
	   Memory (MB)          :   275        3000      3000 
	   TimeExecute (s)      :   374                       
	   TimeSlotBusy (s)     :   377                       
...
000 (16828058.009.000) 09/22 18:28:29 Job submitted from host: <188.184.90.241:9618?addrs=188.184.90.241-9618+[2001-1458-201-e4--100-2eb]-9618&alias=bigbird15.cern.ch&noUDP&sock=schedd_3150_376a>
...
040 (16828058.009.000) 09/22 18:59:19 Started transferring input files
	Transferring to host: <188.185.214.35:9618?addrs=188.185.214.35-9618+[2001-1458-303-1c--100-1f]-9618&alias=b9p29p9581.cern.ch&noUDP&sock=slot1_21_4761_4e1b_68315>
...
040 (16828058.009.000) 09/22 18:59:19 Finished transferring input files
...
001 (16828058.009.000) 09/22 18:59:20 Job executing on host: <188.185.214.35:9618?addrs=188.185.214.35-9618+[2001-1458-303-1c--100-1f]-9618&alias=b9p29p9581.cern.ch&noUDP&sock=startd_4113_c11e>
	SlotName: slot1_21@b9p29p9581.cern.ch
	CondorScratchDir = "/pool/condor/dir_1996223"
	Cpus = 1
	Disk = 3625
	GPUs = 0
	Memory = 3000
...
006 (16828058.009.000) 09/22 18:59:28 Image size of job updated: 1832
	2  -  MemoryUsage of job (MB)
	1128  -  ResidentSetSize of job (KB)
...
006 (16828058.009.000) 09/22 19:04:28 Image size of job updated: 282884
	277  -  MemoryUsage of job (MB)
	282884  -  ResidentSetSize of job (KB)
...
006 (16828058.009.000) 09/22 19:06:06 Image size of job updated: 282900
	277  -  MemoryUsage of job (MB)
	282884  -  ResidentSetSize of job (KB)
...
040 (16828058.009.000) 09/22 19:06:06 Started transferring output files
...
040 (16828058.009.000) 09/22 19:06:06 Finished transferring output files
...
005 (16828058.009.000) 09/22 19:06:06 Job terminated.
	(1) Normal termination (return value 0)
		Usr 0 00:02:35, Sys 0 00:00:14  -  Run Remote Usage
		Usr 0 00:00:00, Sys 0 00:00:00  -  Run Local Usage
		Usr 0 00:02:35, Sys 0 00:00:14  -  Total Remote Usage
		Usr 0 00:00:00, Sys 0 00:00:00  -  Total Local Usage
	10810  -  Run Bytes Sent By Job
	11405  -  Run Bytes Received By Job
	10810  -  Total Bytes Sent By Job
	11405  -  Total Bytes Received By Job
	Partitionable Resources :    Usage  Request Allocated 
	   Cpus                 :        0        1         1 
	   Disk (KB)            :       53        1      3625 
	   GPUs                 :                           0 
	   Memory (MB)          :      277     3000      3000 
	   TimeExecute (s)      :      406                    
	   TimeSlotBusy (s)     :      408                    
...
