000 (16827618.000.000) 09/22 14:54:05 Job submitted from host: <188.184.90.241:9618?addrs=188.184.90.241-9618+[2001-1458-201-e4--100-2eb]-9618&alias=bigbird15.cern.ch&noUDP&sock=schedd_3150_376a>
...
040 (16827618.000.000) 09/22 14:55:21 Started transferring input files
	Transferring to host: <188.185.196.31:9618?addrs=188.185.196.31-9618+[2001-1458-303-23--100-1b]-9618&alias=b9p16p0041.cern.ch&noUDP&sock=slot1_39_5555_bffb_63029>
...
040 (16827618.000.000) 09/22 14:55:21 Finished transferring input files
...
001 (16827618.000.000) 09/22 14:55:22 Job executing on host: <188.185.196.31:9618?addrs=188.185.196.31-9618+[2001-1458-303-23--100-1b]-9618&alias=b9p16p0041.cern.ch&noUDP&sock=startd_4366_4a94>
	SlotName: slot1_39@b9p16p0041.cern.ch
	CondorScratchDir = "/pool/condor/dir_2495360"
	Cpus = 1
	Disk = 3852
	GPUs = 0
	Memory = 3000
...
006 (16827618.000.000) 09/22 14:55:30 Image size of job updated: 3136
	4  -  MemoryUsage of job (MB)
	3136  -  ResidentSetSize of job (KB)
...
006 (16827618.000.000) 09/22 15:00:30 Image size of job updated: 150968
	148  -  MemoryUsage of job (MB)
	150968  -  ResidentSetSize of job (KB)
...
006 (16827618.000.000) 09/22 15:05:31 Image size of job updated: 151608
	149  -  MemoryUsage of job (MB)
	151608  -  ResidentSetSize of job (KB)
...
006 (16827618.000.000) 09/22 15:10:31 Image size of job updated: 151668
	149  -  MemoryUsage of job (MB)
	151668  -  ResidentSetSize of job (KB)
...
006 (16827618.000.000) 09/22 15:15:31 Image size of job updated: 151728
	149  -  MemoryUsage of job (MB)
	151728  -  ResidentSetSize of job (KB)
...
006 (16827618.000.000) 09/22 15:20:32 Image size of job updated: 151784
	149  -  MemoryUsage of job (MB)
	151784  -  ResidentSetSize of job (KB)
...
006 (16827618.000.000) 09/22 15:25:32 Image size of job updated: 151856
	149  -  MemoryUsage of job (MB)
	151856  -  ResidentSetSize of job (KB)
...
006 (16827618.000.000) 09/22 15:30:33 Image size of job updated: 151964
	149  -  MemoryUsage of job (MB)
	151964  -  ResidentSetSize of job (KB)
...
006 (16827618.000.000) 09/22 15:35:34 Image size of job updated: 152028
	149  -  MemoryUsage of job (MB)
	152028  -  ResidentSetSize of job (KB)
...
006 (16827618.000.000) 09/22 15:40:34 Image size of job updated: 152056
	149  -  MemoryUsage of job (MB)
	152056  -  ResidentSetSize of job (KB)
...
006 (16827618.000.000) 09/22 15:45:35 Image size of job updated: 152092
	149  -  MemoryUsage of job (MB)
	152092  -  ResidentSetSize of job (KB)
...
006 (16827618.000.000) 09/22 15:50:35 Image size of job updated: 152136
	149  -  MemoryUsage of job (MB)
	152136  -  ResidentSetSize of job (KB)
...
006 (16827618.000.000) 09/22 15:55:35 Image size of job updated: 278256
	261  -  MemoryUsage of job (MB)
	266248  -  ResidentSetSize of job (KB)
...
040 (16827618.000.000) 09/22 15:55:35 Started transferring output files
...
040 (16827618.000.000) 09/22 15:55:35 Finished transferring output files
...
009 (16827618.000.000) 09/22 15:55:35 Job was aborted.
	Job removed by SYSTEM_PERIODIC_REMOVE due to wall time exceeded allowed max.
...
000 (16828058.010.000) 09/22 18:28:29 Job submitted from host: <188.184.90.241:9618?addrs=188.184.90.241-9618+[2001-1458-201-e4--100-2eb]-9618&alias=bigbird15.cern.ch&noUDP&sock=schedd_3150_376a>
...
040 (16828058.010.000) 09/22 19:00:28 Started transferring input files
	Transferring to host: <188.185.196.31:9618?addrs=188.185.196.31-9618+[2001-1458-303-23--100-1b]-9618&alias=b9p16p0041.cern.ch&noUDP&sock=slot1_21_5555_bffb_63243>
...
040 (16828058.010.000) 09/22 19:00:28 Finished transferring input files
...
001 (16828058.010.000) 09/22 19:00:29 Job executing on host: <188.185.196.31:9618?addrs=188.185.196.31-9618+[2001-1458-303-23--100-1b]-9618&alias=b9p16p0041.cern.ch&noUDP&sock=startd_4366_4a94>
	SlotName: slot1_21@b9p16p0041.cern.ch
	CondorScratchDir = "/pool/condor/dir_2610045"
	Cpus = 1
	Disk = 3856
	GPUs = 0
	Memory = 3000
...
006 (16828058.010.000) 09/22 19:00:37 Image size of job updated: 3856
	4  -  MemoryUsage of job (MB)
	3856  -  ResidentSetSize of job (KB)
...
006 (16828058.010.000) 09/22 19:05:37 Image size of job updated: 281924
	276  -  MemoryUsage of job (MB)
	281924  -  ResidentSetSize of job (KB)
...
006 (16828058.010.000) 09/22 19:09:43 Image size of job updated: 281932
	276  -  MemoryUsage of job (MB)
	281924  -  ResidentSetSize of job (KB)
...
040 (16828058.010.000) 09/22 19:09:43 Started transferring output files
...
040 (16828058.010.000) 09/22 19:09:43 Finished transferring output files
...
005 (16828058.010.000) 09/22 19:09:43 Job terminated.
	(1) Normal termination (return value 0)
		Usr 0 00:03:13, Sys 0 00:00:14  -  Run Remote Usage
		Usr 0 00:00:00, Sys 0 00:00:00  -  Run Local Usage
		Usr 0 00:03:13, Sys 0 00:00:14  -  Total Remote Usage
		Usr 0 00:00:00, Sys 0 00:00:00  -  Total Local Usage
	10810  -  Run Bytes Sent By Job
	11405  -  Run Bytes Received By Job
	10810  -  Total Bytes Sent By Job
	11405  -  Total Bytes Received By Job
	Partitionable Resources :    Usage  Request Allocated 
	   Cpus                 :     0.42        1         1 
	   Disk (KB)            :    68           1      3856 
	   GPUs                 :                           0 
	   Memory (MB)          :   276        3000      3000 
	   TimeExecute (s)      :   554                       
	   TimeSlotBusy (s)     :   556                       
...
