000 (16827613.001.000) 09/22 13:56:39 Job submitted from host: <188.184.90.241:9618?addrs=188.184.90.241-9618+[2001-1458-201-e4--100-2eb]-9618&alias=bigbird15.cern.ch&noUDP&sock=schedd_3150_376a>
...
009 (16827613.001.000) 09/22 14:16:35 Job was aborted.
	via condor_rm (by user masegret)
...
000 (16827615.001.000) 09/22 14:16:39 Job submitted from host: <188.184.90.241:9618?addrs=188.184.90.241-9618+[2001-1458-201-e4--100-2eb]-9618&alias=bigbird15.cern.ch&noUDP&sock=schedd_3150_376a>
...
040 (16827615.001.000) 09/22 14:17:17 Started transferring input files
	Transferring to host: <188.185.213.229:9618?addrs=188.185.213.229-9618+[2001-1458-303-1b--100-61]-9618&alias=b9p28p7463.cern.ch&noUDP&sock=slot1_31_4202_7064_69098>
...
040 (16827615.001.000) 09/22 14:17:17 Finished transferring input files
...
040 (16827615.001.000) 09/22 14:17:18 Started transferring output files
...
021 (16827615.001.000) 09/22 14:17:18 Error from starter on slot1_31@b9p28p7463.cern.ch:
	Failed to transfer files: SHADOW at 188.184.90.241 failed to send file(s) to <188.185.213.229:37157>: |Error: 1 total failures: first failure: reading from file /tmp/x509up_u182844: (errno 2) No such file or directory; STARTER failed to receive file(s) from <188.184.90.241:9618>
	Code 13 Subcode 2
...
004 (16827615.001.000) 09/22 14:17:18 Job was evicted. Code 13 Subcode 2
	(0) CPU times
		Usr 0 00:00:00, Sys 0 00:00:00  -  Run Remote Usage
		Usr 0 00:00:00, Sys 0 00:00:00  -  Run Local Usage
	0  -  Run Bytes Sent By Job
	0  -  Run Bytes Received By Job
	Reason: Transfer input files failure at access point bigbird15 while sending files to execution point slot1_31@b9p28p7463.cern.ch. Details: 1 total failures: first failure: reading from file /tmp/x509up_u182844: (errno 2) No such file or directory
	Partitionable Resources :    Usage  Request Allocated 
	   Cpus                 :                 1         1 
	   Disk (KB)            :       34        1      3603 
	   GPUs                 :                           0 
	   Memory (MB)          :              3000      3000 
...
012 (16827615.001.000) 09/22 14:17:18 Job was held.
	Transfer input files failure at access point bigbird15 while sending files to execution point slot1_31@b9p28p7463.cern.ch. Details: 1 total failures: first failure: reading from file /tmp/x509up_u182844: (errno 2) No such file or directory
	Code 13 Subcode 2
...
013 (16827615.001.000) 09/22 14:19:45 Job was released.
	via condor_release (by user masegret)
...
040 (16827615.001.000) 09/22 14:22:53 Started transferring input files
	Transferring to host: <188.185.209.79:9618?addrs=188.185.209.79-9618+[2001-1458-303-11--100-4c]-9618&alias=b9p11p7130.cern.ch&noUDP&sock=slot1_2_3950_e1da_72709>
...
040 (16827615.001.000) 09/22 14:22:53 Finished transferring input files
...
040 (16827615.001.000) 09/22 14:22:54 Started transferring output files
...
021 (16827615.001.000) 09/22 14:22:54 Error from starter on slot1_2@b9p11p7130.cern.ch:
	Failed to transfer files: SHADOW at 188.184.90.241 failed to send file(s) to <188.185.209.79:41031>: |Error: 1 total failures: first failure: reading from file /tmp/x509up_u182844: (errno 2) No such file or directory; STARTER failed to receive file(s) from <188.184.90.241:9618>
	Code 13 Subcode 2
...
004 (16827615.001.000) 09/22 14:22:55 Job was evicted. Code 13 Subcode 2
	(0) CPU times
		Usr 0 00:00:00, Sys 0 00:00:00  -  Run Remote Usage
		Usr 0 00:00:00, Sys 0 00:00:00  -  Run Local Usage
	0  -  Run Bytes Sent By Job
	0  -  Run Bytes Received By Job
	Reason: Transfer input files failure at access point bigbird15 while sending files to execution point slot1_2@b9p11p7130.cern.ch. Details: 1 total failures: first failure: reading from file /tmp/x509up_u182844: (errno 2) No such file or directory
	Partitionable Resources :    Usage  Request Allocated 
	   Cpus                 :        0        1         1 
	   Disk (KB)            :       46       35      3786 
	   GPUs                 :                           0 
	   Memory (MB)          :              3000      3000 
...
012 (16827615.001.000) 09/22 14:22:55 Job was held.
	Transfer input files failure at access point bigbird15 while sending files to execution point slot1_2@b9p11p7130.cern.ch. Details: 1 total failures: first failure: reading from file /tmp/x509up_u182844: (errno 2) No such file or directory
	Code 13 Subcode 2
...
009 (16827615.001.000) 09/22 14:24:52 Job was aborted.
	via condor_rm (by user masegret)
...
000 (16827617.001.000) 09/22 14:24:55 Job submitted from host: <188.184.90.241:9618?addrs=188.184.90.241-9618+[2001-1458-201-e4--100-2eb]-9618&alias=bigbird15.cern.ch&noUDP&sock=schedd_3150_376a>
...
040 (16827617.001.000) 09/22 14:27:10 Started transferring input files
	Transferring to host: <188.185.196.31:9618?addrs=188.185.196.31-9618+[2001-1458-303-23--100-1b]-9618&alias=b9p16p0041.cern.ch&noUDP&sock=slot1_47_5555_bffb_63002>
...
040 (16827617.001.000) 09/22 14:27:10 Finished transferring input files
...
001 (16827617.001.000) 09/22 14:27:11 Job executing on host: <188.185.196.31:9618?addrs=188.185.196.31-9618+[2001-1458-303-23--100-1b]-9618&alias=b9p16p0041.cern.ch&noUDP&sock=startd_4366_4a94>
	SlotName: slot1_47@b9p16p0041.cern.ch
	CondorScratchDir = "/pool/condor/dir_2482471"
	Cpus = 1
	Disk = 3856
	GPUs = 0
	Memory = 3000
...
006 (16827617.001.000) 09/22 14:27:20 Image size of job updated: 3928
	4  -  MemoryUsage of job (MB)
	3928  -  ResidentSetSize of job (KB)
...
006 (16827617.001.000) 09/22 14:32:22 Image size of job updated: 279088
	273  -  MemoryUsage of job (MB)
	279088  -  ResidentSetSize of job (KB)
...
006 (16827617.001.000) 09/22 14:33:35 Image size of job updated: 279108
	273  -  MemoryUsage of job (MB)
	279088  -  ResidentSetSize of job (KB)
...
040 (16827617.001.000) 09/22 14:33:35 Started transferring output files
...
040 (16827617.001.000) 09/22 14:33:35 Finished transferring output files
...
005 (16827617.001.000) 09/22 14:33:35 Job terminated.
	(1) Normal termination (return value 0)
		Usr 0 00:03:21, Sys 0 00:00:13  -  Run Remote Usage
		Usr 0 00:00:00, Sys 0 00:00:00  -  Run Local Usage
		Usr 0 00:03:21, Sys 0 00:00:13  -  Total Remote Usage
		Usr 0 00:00:00, Sys 0 00:00:00  -  Total Local Usage
	11722  -  Run Bytes Sent By Job
	11404  -  Run Bytes Received By Job
	11722  -  Total Bytes Sent By Job
	11404  -  Total Bytes Received By Job
	Partitionable Resources :    Usage  Request Allocated 
	   Cpus                 :     0.58        1         1 
	   Disk (KB)            :    76           1      3856 
	   GPUs                 :                           0 
	   Memory (MB)          :   273        3000      3000 
	   TimeExecute (s)      :   384                       
	   TimeSlotBusy (s)     :   386                       
...
