Running on host b9g03p4186.cern.ch
Input file: root://grid-dc.t2.mpcdf.mpg.de:1094//atlasgroupdisk/perf-muons/rucio/user/lucam/04/59/user.lucam.50435891._000015.ANALYSIS.root
[7mlsetup              [0m lsetup <tool1> [ <tool2> ...] (see lsetup -h):
[7m lsetup asetup      [0m  (or asetup) to setup an Athena release
[7m lsetup astyle      [0m  ATLAS style macros
[7m lsetup atlantis    [0m  Atlantis: event display
[7m lsetup centralpage [0m  Find samples
[7m lsetup eiclient    [0m  Event Index 
[7m lsetup emi         [0m  EMI: grid middleware user interface 
[7m lsetup lcgenv      [0m  lcgenv: setup tools from cvmfs SFT repository
[7m lsetup panda       [0m  Panda: Production ANd Distributed Analysis
[7m lsetup pyami       [0m  pyAMI: ATLAS Metadata Interface python client
[7m lsetup root        [0m  ROOT data processing framework
[7m lsetup rucio       [0m  distributed data management system client
[7m lsetup scikit      [0m  python data analysis ecosystem
[7m lsetup views       [0m  Set up a full LCG release
[7m lsetup xcache      [0m  XRootD local proxy cache
[7m lsetup xrootd      [0m  XRootD data access
[7madvancedTools       [0m advanced tools menu
[7mdiagnostics         [0m diagnostic tools menu
[7mhelpMe              [0m more help
[7minstallPip          [0m install relocatable pip modules locally
[7minstallRpm          [0m install relocatable rpms locally
[7mprintMenu           [0m show this menu
[7mqueryC              [0m find / whatis container query
[7mshowVersions        [0m show versions of installed software

[1m[4m30 Nov 2023[0m 

A serious security issue in ROOT's web-based GUI has been identified:

  You should not use the web-based browser until further notice and instead 
  set the old-style TBrowser as the default. Please see the Twiki page linked 
  below for instructions on how to do this.

  https://twiki.cern.ch/twiki/bin/view/AtlasComputing/AtlasComputingArchive/RootBrowserSecurityIssue

  More details of this issue:
  https://root.cern/about/security/#2023-11-26-open-port-for-control-of-web-gui-allows-read-and-write-access-to-file-system

  [0;31mReason for this message: $HOME/.rootrc is missing[0m 


[1m[4m17 Mar 2026[0m

SSL_CERT_DIR is no longer defined by asetup, python or emi.
If you see SSL issues, read https://cern.ch/fudpr
or run in a container depending on which OS needed:
   setupATLAS -c el9 or setupATLAS -c centos7


"amsg seen" to mark as seen to suppress above messages


************************************************************************
Requested:  root ... 
 Setting up [4mroot 6.40.02-x86_64-el9-gcc15-opt[0m ... 
  ROOT is from lcgenv -p LCG_110_ATLAS_1 x86_64-el9-gcc15-opt ROOT
>>>>>>>>>>>>>>>>>>>>>>>>> Information for user <<<<<<<<<<<<<<<<<<<<<<<<<
 root:
   Tip for _this_ standalone ROOT and grid (ie prun) submission:
    avoid --athenaTag if you do not need athena
    use --rootVer=6.40.02 --cmtConfig=x86_64-el9-gcc15-opt
 root:
   Note this ROOT from lcgenv sets up a long list of library paths.
   This may slow down executables; they look at each library path item.
   A faster alternative - setup the entire LCG stack with views:
    lsetup "views LCG_110_ATLAS_1 x86_64-el9-gcc15-opt"
************************************************************************
X509_USER_PROXY = /pool/condor/dir_2771973/x509up_disaligned
[INFO] Aggiunto file singolo: root://grid-dc.t2.mpcdf.mpg.de:1094//atlasgroupdisk/perf-muons/rucio/user/lucam/04/59/user.lucam.50435891._000015.ANALYSIS.root
[INFO] Entries totali = 1476459

[INFO] Inizio loop eventi...

[INFO] Processati 0 eventi
[INFO] Processati 50000 eventi
[INFO] Processati 100000 eventi
[INFO] Processati 150000 eventi
[INFO] Processati 200000 eventi
[INFO] Processati 250000 eventi
[INFO] Processati 300000 eventi
[INFO] Processati 350000 eventi
[INFO] Processati 400000 eventi
[INFO] Processati 450000 eventi
[INFO] Processati 500000 eventi
[INFO] Processati 550000 eventi
[INFO] Processati 600000 eventi
[INFO] Processati 650000 eventi
[INFO] Processati 700000 eventi
[INFO] Processati 750000 eventi
[INFO] Processati 800000 eventi
[INFO] Processati 850000 eventi
[INFO] Processati 900000 eventi
[INFO] Processati 950000 eventi
[INFO] Processati 1000000 eventi
[INFO] Processati 1050000 eventi
[INFO] Processati 1100000 eventi
[INFO] Processati 1150000 eventi
[INFO] Processati 1200000 eventi
[INFO] Processati 1250000 eventi
[INFO] Processati 1300000 eventi
[INFO] Processati 1350000 eventi
[INFO] Processati 1400000 eventi
[INFO] Processati 1450000 eventi

[INFO] Muoni prompt processati = 2266937
[INFO] Muoni riempiti negli istogrammi = 1963949
[INFO] 36 istogrammi salvati in output_eta.root

=== pT bin 20_30 ===
  eta 0.0-0.1: entries=17377, RMS=0.0236
  eta 0.1-1.01: entries=158097, RMS=0.0230
  eta 1.01-1.3: entries=49250, RMS=0.0277
  eta 1.3-1.7: entries=65616, RMS=0.0314
  eta 1.7-2.5: entries=117437, RMS=0.0322
  eta 2.5-2.8: entries=25266, RMS=0.0457

=== pT bin 30_40 ===
  eta 0.0-0.1: entries=24704, RMS=0.0256
  eta 0.1-1.01: entries=226843, RMS=0.0245
  eta 1.01-1.3: entries=71127, RMS=0.0294
  eta 1.3-1.7: entries=94669, RMS=0.0331
  eta 1.7-2.5: entries=175714, RMS=0.0335
  eta 2.5-2.8: entries=39271, RMS=0.0450

=== pT bin 40_50 ===
  eta 0.0-0.1: entries=23794, RMS=0.0286
  eta 0.1-1.01: entries=216693, RMS=0.0258
  eta 1.01-1.3: entries=68128, RMS=0.0306
  eta 1.3-1.7: entries=90473, RMS=0.0347
  eta 1.7-2.5: entries=171153, RMS=0.0350
  eta 2.5-2.8: entries=39355, RMS=0.0453

=== pT bin 50_80 ===
  eta 0.0-0.1: entries=9929, RMS=0.0334
  eta 0.1-1.01: entries=91021, RMS=0.0285
  eta 1.01-1.3: entries=27791, RMS=0.0336
  eta 1.3-1.7: entries=36826, RMS=0.0374
  eta 1.7-2.5: entries=66017, RMS=0.0374
  eta 2.5-2.8: entries=14135, RMS=0.0474

=== pT bin 80_120 ===
  eta 0.0-0.1: entries=1462, RMS=0.0436
  eta 0.1-1.01: entries=13247, RMS=0.0347
  eta 1.01-1.3: entries=3918, RMS=0.0396
  eta 1.3-1.7: entries=4953, RMS=0.0449
  eta 1.7-2.5: entries=8555, RMS=0.0436
  eta 2.5-2.8: entries=1724, RMS=0.0527

=== pT bin 120_500 ===
  eta 0.0-0.1: entries=415, RMS=0.0572
  eta 0.1-1.01: entries=3850, RMS=0.0450
  eta 1.01-1.3: entries=1135, RMS=0.0560
  eta 1.3-1.7: entries=1464, RMS=0.0597
  eta 1.7-2.5: entries=2176, RMS=0.0559
  eta 2.5-2.8: entries=364, RMS=0.0705
[INFO] Tabella salvata in images/table_RMS_vs_eta.pdf

[INFO] Plot salvato in images/plot_RMS_vs_eta.png (.pdf)
[INFO] Plot overlay eta salvato in images/plot_eta_overlay.png (.pdf)
[INFO] Tabella salvata in images/table_RMS_vs_eta.pdf
Exit code: 0
