000 (16827613.008.000) 09/22 13:56:39 Job submitted from host: <188.184.90.241:9618?addrs=188.184.90.241-9618+[2001-1458-201-e4--100-2eb]-9618&alias=bigbird15.cern.ch&noUDP&sock=schedd_3150_376a>
...
009 (16827613.008.000) 09/22 14:16:35 Job was aborted.
	via condor_rm (by user masegret)
...
000 (16827615.008.000) 09/22 14:16:39 Job submitted from host: <188.184.90.241:9618?addrs=188.184.90.241-9618+[2001-1458-201-e4--100-2eb]-9618&alias=bigbird15.cern.ch&noUDP&sock=schedd_3150_376a>
...
040 (16827615.008.000) 09/22 14:17:27 Started transferring input files
	Transferring to host: <188.185.213.229:9618?addrs=188.185.213.229-9618+[2001-1458-303-1b--100-61]-9618&alias=b9p28p7463.cern.ch&noUDP&sock=slot1_31_4202_7064_69105>
...
040 (16827615.008.000) 09/22 14:17:27 Finished transferring input files
...
040 (16827615.008.000) 09/22 14:17:28 Started transferring output files
...
021 (16827615.008.000) 09/22 14:17:28 Error from starter on slot1_31@b9p28p7463.cern.ch:
	Failed to transfer files: SHADOW at 188.184.90.241 failed to send file(s) to <188.185.213.229:38775>: |Error: 1 total failures: first failure: reading from file /tmp/x509up_u182844: (errno 2) No such file or directory; STARTER failed to receive file(s) from <188.184.90.241:9618>
	Code 13 Subcode 2
...
004 (16827615.008.000) 09/22 14:17:28 Job was evicted. Code 13 Subcode 2
	(0) CPU times
		Usr 0 00:00:00, Sys 0 00:00:00  -  Run Remote Usage
		Usr 0 00:00:00, Sys 0 00:00:00  -  Run Local Usage
	0  -  Run Bytes Sent By Job
	0  -  Run Bytes Received By Job
	Reason: Transfer input files failure at access point bigbird15 while sending files to execution point slot1_31@b9p28p7463.cern.ch. Details: 1 total failures: first failure: reading from file /tmp/x509up_u182844: (errno 2) No such file or directory
	Partitionable Resources :    Usage  Request Allocated 
	   Cpus                 :                 1         1 
	   Disk (KB)            :       34        1      3603 
	   GPUs                 :                           0 
	   Memory (MB)          :              3000      3000 
...
012 (16827615.008.000) 09/22 14:17:29 Job was held.
	Transfer input files failure at access point bigbird15 while sending files to execution point slot1_31@b9p28p7463.cern.ch. Details: 1 total failures: first failure: reading from file /tmp/x509up_u182844: (errno 2) No such file or directory
	Code 13 Subcode 2
...
013 (16827615.008.000) 09/22 14:19:45 Job was released.
	via condor_release (by user masegret)
...
040 (16827615.008.000) 09/22 14:22:54 Started transferring input files
	Transferring to host: <188.185.210.159:9618?addrs=188.185.210.159-9618+[2001-1458-303-15--100-1b]-9618&alias=b9p22p2432.cern.ch&noUDP&sock=slot1_36_7591_4bce_77523>
...
040 (16827615.008.000) 09/22 14:22:54 Finished transferring input files
...
040 (16827615.008.000) 09/22 14:22:55 Started transferring output files
...
021 (16827615.008.000) 09/22 14:22:55 Error from starter on slot1_36@b9p22p2432.cern.ch:
	Failed to transfer files: SHADOW at 188.184.90.241 failed to send file(s) to <188.185.210.159:40377>: |Error: 1 total failures: first failure: reading from file /tmp/x509up_u182844: (errno 2) No such file or directory; STARTER failed to receive file(s) from <188.184.90.241:9618>
	Code 13 Subcode 2
...
004 (16827615.008.000) 09/22 14:22:55 Job was evicted. Code 13 Subcode 2
	(0) CPU times
		Usr 0 00:00:00, Sys 0 00:00:00  -  Run Remote Usage
		Usr 0 00:00:00, Sys 0 00:00:00  -  Run Local Usage
	0  -  Run Bytes Sent By Job
	0  -  Run Bytes Received By Job
	Reason: Transfer input files failure at access point bigbird15 while sending files to execution point slot1_36@b9p22p2432.cern.ch. Details: 1 total failures: first failure: reading from file /tmp/x509up_u182844: (errno 2) No such file or directory
	Partitionable Resources :    Usage  Request Allocated 
	   Cpus                 :        0        1         1 
	   Disk (KB)            :       44       35      3742 
	   GPUs                 :                           0 
	   Memory (MB)          :              3000      3000 
...
012 (16827615.008.000) 09/22 14:22:55 Job was held.
	Transfer input files failure at access point bigbird15 while sending files to execution point slot1_36@b9p22p2432.cern.ch. Details: 1 total failures: first failure: reading from file /tmp/x509up_u182844: (errno 2) No such file or directory
	Code 13 Subcode 2
...
009 (16827615.008.000) 09/22 14:24:52 Job was aborted.
	via condor_rm (by user masegret)
...
000 (16827617.008.000) 09/22 14:24:55 Job submitted from host: <188.184.90.241:9618?addrs=188.184.90.241-9618+[2001-1458-201-e4--100-2eb]-9618&alias=bigbird15.cern.ch&noUDP&sock=schedd_3150_376a>
...
040 (16827617.008.000) 09/22 14:28:25 Started transferring input files
	Transferring to host: <128.142.161.109:9618?addrs=128.142.161.109-9618+[2001-1458-301-b8--100-2b]-9618&alias=b9g03p0586.cern.ch&noUDP&sock=slot1_31_5880_bde8_70406>
...
040 (16827617.008.000) 09/22 14:28:26 Finished transferring input files
...
001 (16827617.008.000) 09/22 14:28:27 Job executing on host: <128.142.161.109:9618?addrs=128.142.161.109-9618+[2001-1458-301-b8--100-2b]-9618&alias=b9g03p0586.cern.ch&noUDP&sock=startd_5371_a342>
	SlotName: slot1_31@b9g03p0586.cern.ch
	CondorScratchDir = "/pool/condor/dir_1004480"
	Cpus = 1
	Disk = 3908
	GPUs = 0
	Memory = 3000
...
006 (16827617.008.000) 09/22 14:28:35 Image size of job updated: 3916
	2  -  MemoryUsage of job (MB)
	1464  -  ResidentSetSize of job (KB)
...
006 (16827617.008.000) 09/22 14:33:35 Image size of job updated: 153052
	150  -  MemoryUsage of job (MB)
	153052  -  ResidentSetSize of job (KB)
...
006 (16827617.008.000) 09/22 14:38:35 Image size of job updated: 282552
	276  -  MemoryUsage of job (MB)
	282552  -  ResidentSetSize of job (KB)
...
006 (16827617.008.000) 09/22 14:41:42 Image size of job updated: 282564
	276  -  MemoryUsage of job (MB)
	282552  -  ResidentSetSize of job (KB)
...
040 (16827617.008.000) 09/22 14:41:42 Started transferring output files
...
040 (16827617.008.000) 09/22 14:41:42 Finished transferring output files
...
005 (16827617.008.000) 09/22 14:41:42 Job terminated.
	(1) Normal termination (return value 0)
		Usr 0 00:02:33, Sys 0 00:00:10  -  Run Remote Usage
		Usr 0 00:00:00, Sys 0 00:00:00  -  Run Local Usage
		Usr 0 00:02:33, Sys 0 00:00:10  -  Total Remote Usage
		Usr 0 00:00:00, Sys 0 00:00:00  -  Total Local Usage
	11723  -  Run Bytes Sent By Job
	11405  -  Run Bytes Received By Job
	11723  -  Total Bytes Sent By Job
	11405  -  Total Bytes Received By Job
	Partitionable Resources :    Usage  Request Allocated 
	   Cpus                 :     0.51        1         1 
	   Disk (KB)            :    76           1      3908 
	   GPUs                 :                           0 
	   Memory (MB)          :   276        3000      3000 
	   TimeExecute (s)      :   795                       
	   TimeSlotBusy (s)     :   798                       
...
000 (16828058.008.000) 09/22 18:28:29 Job submitted from host: <188.184.90.241:9618?addrs=188.184.90.241-9618+[2001-1458-201-e4--100-2eb]-9618&alias=bigbird15.cern.ch&noUDP&sock=schedd_3150_376a>
...
040 (16828058.008.000) 09/22 18:58:25 Started transferring input files
	Transferring to host: <188.185.214.35:9618?addrs=188.185.214.35-9618+[2001-1458-303-1c--100-1f]-9618&alias=b9p29p9581.cern.ch&noUDP&sock=slot1_1_4761_4e1b_68314>
...
040 (16828058.008.000) 09/22 18:58:25 Finished transferring input files
...
001 (16828058.008.000) 09/22 18:58:26 Job executing on host: <188.185.214.35:9618?addrs=188.185.214.35-9618+[2001-1458-303-1c--100-1f]-9618&alias=b9p29p9581.cern.ch&noUDP&sock=startd_4113_c11e>
	SlotName: slot1_1@b9p29p9581.cern.ch
	CondorScratchDir = "/pool/condor/dir_1993576"
	Cpus = 1
	Disk = 3625
	GPUs = 0
	Memory = 3000
...
006 (16828058.008.000) 09/22 18:58:34 Image size of job updated: 3856
	4  -  MemoryUsage of job (MB)
	3856  -  ResidentSetSize of job (KB)
...
006 (16828058.008.000) 09/22 19:03:14 Image size of job updated: 282916
	4  -  MemoryUsage of job (MB)
	3856  -  ResidentSetSize of job (KB)
...
040 (16828058.008.000) 09/22 19:03:14 Started transferring output files
...
040 (16828058.008.000) 09/22 19:03:14 Finished transferring output files
...
005 (16828058.008.000) 09/22 19:03:14 Job terminated.
	(1) Normal termination (return value 0)
		Usr 0 00:02:33, Sys 0 00:00:14  -  Run Remote Usage
		Usr 0 00:00:00, Sys 0 00:00:00  -  Run Local Usage
		Usr 0 00:02:33, Sys 0 00:00:14  -  Total Remote Usage
		Usr 0 00:00:00, Sys 0 00:00:00  -  Total Local Usage
	10810  -  Run Bytes Sent By Job
	11405  -  Run Bytes Received By Job
	10810  -  Total Bytes Sent By Job
	11405  -  Total Bytes Received By Job
	Partitionable Resources :    Usage  Request Allocated 
	   Cpus                 :                 1         1 
	   Disk (KB)            :       60        1      3625 
	   GPUs                 :                           0 
	   Memory (MB)          :        4     3000      3000 
	   TimeExecute (s)      :      288                    
	   TimeSlotBusy (s)     :      289                    
...
