Running on host b9p28p1203.cern.ch
Input file: root://grid-dc.t2.mpcdf.mpg.de:1094//atlasgroupdisk/perf-muons/rucio/user/lucam/c2/30/user.lucam.50435891._000003.ANALYSIS.root
[7mlsetup              [0m lsetup <tool1> [ <tool2> ...] (see lsetup -h):
[7m lsetup asetup      [0m  (or asetup) to setup an Athena release
[7m lsetup astyle      [0m  ATLAS style macros
[7m lsetup atlantis    [0m  Atlantis: event display
[7m lsetup centralpage [0m  Find samples
[7m lsetup eiclient    [0m  Event Index 
[7m lsetup emi         [0m  EMI: grid middleware user interface 
[7m lsetup lcgenv      [0m  lcgenv: setup tools from cvmfs SFT repository
[7m lsetup panda       [0m  Panda: Production ANd Distributed Analysis
[7m lsetup pyami       [0m  pyAMI: ATLAS Metadata Interface python client
[7m lsetup root        [0m  ROOT data processing framework
[7m lsetup rucio       [0m  distributed data management system client
[7m lsetup scikit      [0m  python data analysis ecosystem
[7m lsetup views       [0m  Set up a full LCG release
[7m lsetup xcache      [0m  XRootD local proxy cache
[7m lsetup xrootd      [0m  XRootD data access
[7madvancedTools       [0m advanced tools menu
[7mdiagnostics         [0m diagnostic tools menu
[7mhelpMe              [0m more help
[7minstallPip          [0m install relocatable pip modules locally
[7minstallRpm          [0m install relocatable rpms locally
[7mprintMenu           [0m show this menu
[7mqueryC              [0m find / whatis container query
[7mshowVersions        [0m show versions of installed software

************************************************************************
Requested:  root ... 
 Setting up [4mroot 6.40.02-x86_64-el9-gcc15-opt[0m ... 
  ROOT is from lcgenv -p LCG_110_ATLAS_1 x86_64-el9-gcc15-opt ROOT
>>>>>>>>>>>>>>>>>>>>>>>>> Information for user <<<<<<<<<<<<<<<<<<<<<<<<<
 root:
   Tip for _this_ standalone ROOT and grid (ie prun) submission:
    avoid --athenaTag if you do not need athena
    use --rootVer=6.40.02 --cmtConfig=x86_64-el9-gcc15-opt
 root:
   Note this ROOT from lcgenv sets up a long list of library paths.
   This may slow down executables; they look at each library path item.
   A faster alternative - setup the entire LCG stack with views:
    lsetup "views LCG_110_ATLAS_1 x86_64-el9-gcc15-opt"
************************************************************************
X509_USER_PROXY = /pool/condor/dir_589377/x509up_disaligned
[INFO] Aggiunto file singolo: root://grid-dc.t2.mpcdf.mpg.de:1094//atlasgroupdisk/perf-muons/rucio/user/lucam/c2/30/user.lucam.50435891._000003.ANALYSIS.root
[INFO] Entries totali = 1476231

[INFO] Inizio loop eventi...

[INFO] Processati 0 eventi
[INFO] Processati 50000 eventi
[INFO] Processati 100000 eventi
[INFO] Processati 150000 eventi
[INFO] Processati 200000 eventi
[INFO] Processati 250000 eventi
[INFO] Processati 300000 eventi
[INFO] Processati 350000 eventi
[INFO] Processati 400000 eventi
[INFO] Processati 450000 eventi
[INFO] Processati 500000 eventi
[INFO] Processati 550000 eventi
[INFO] Processati 600000 eventi
[INFO] Processati 650000 eventi
[INFO] Processati 700000 eventi
[INFO] Processati 750000 eventi
[INFO] Processati 800000 eventi
[INFO] Processati 850000 eventi
[INFO] Processati 900000 eventi
[INFO] Processati 950000 eventi
[INFO] Processati 1000000 eventi
[INFO] Processati 1050000 eventi
[INFO] Processati 1100000 eventi
[INFO] Processati 1150000 eventi
[INFO] Processati 1200000 eventi
[INFO] Processati 1250000 eventi
[INFO] Processati 1300000 eventi
[INFO] Processati 1350000 eventi
[INFO] Processati 1400000 eventi
[INFO] Processati 1450000 eventi

[INFO] Muoni prompt processati = 2265998
[INFO] Muoni riempiti negli istogrammi = 1963525
[INFO] 36 istogrammi salvati in output_eta.root

=== pT bin 20_30 ===
  eta 0.0-0.1: entries=17251, RMS=0.0238
  eta 0.1-1.01: entries=157411, RMS=0.0239
  eta 1.01-1.3: entries=49533, RMS=0.0301
  eta 1.3-1.7: entries=65475, RMS=0.0330
  eta 1.7-2.5: entries=117893, RMS=0.0378
  eta 2.5-2.8: entries=25499, RMS=0.0665

=== pT bin 30_40 ===
  eta 0.0-0.1: entries=25046, RMS=0.0274
  eta 0.1-1.01: entries=226651, RMS=0.0262
  eta 1.01-1.3: entries=71204, RMS=0.0330
  eta 1.3-1.7: entries=94224, RMS=0.0345
  eta 1.7-2.5: entries=175210, RMS=0.0392
  eta 2.5-2.8: entries=39760, RMS=0.0665

=== pT bin 40_50 ===
  eta 0.0-0.1: entries=23533, RMS=0.0297
  eta 0.1-1.01: entries=216410, RMS=0.0278
  eta 1.01-1.3: entries=68023, RMS=0.0351
  eta 1.3-1.7: entries=90335, RMS=0.0361
  eta 1.7-2.5: entries=171605, RMS=0.0412
  eta 2.5-2.8: entries=39389, RMS=0.0664

=== pT bin 50_80 ===
  eta 0.0-0.1: entries=10211, RMS=0.0351
  eta 0.1-1.01: entries=91039, RMS=0.0308
  eta 1.01-1.3: entries=28334, RMS=0.0385
  eta 1.3-1.7: entries=36518, RMS=0.0386
  eta 1.7-2.5: entries=65189, RMS=0.0442
  eta 2.5-2.8: entries=14140, RMS=0.0689

=== pT bin 80_120 ===
  eta 0.0-0.1: entries=1439, RMS=0.0480
  eta 0.1-1.01: entries=13207, RMS=0.0379
  eta 1.01-1.3: entries=3965, RMS=0.0437
  eta 1.3-1.7: entries=5165, RMS=0.0469
  eta 1.7-2.5: entries=8609, RMS=0.0515
  eta 2.5-2.8: entries=1716, RMS=0.0725

=== pT bin 120_500 ===
  eta 0.0-0.1: entries=381, RMS=0.0738
  eta 0.1-1.01: entries=3888, RMS=0.0514
  eta 1.01-1.3: entries=1145, RMS=0.0624
  eta 1.3-1.7: entries=1436, RMS=0.0668
  eta 1.7-2.5: entries=2313, RMS=0.0710
  eta 2.5-2.8: entries=378, RMS=0.0868
[INFO] Tabella salvata in images/table_RMS_vs_eta.pdf

[INFO] Plot salvato in images/plot_RMS_vs_eta.png (.pdf)
[INFO] Plot overlay eta salvato in images/plot_eta_overlay.png (.pdf)
[INFO] Tabella salvata in images/table_RMS_vs_eta.pdf
Exit code: 0
