Running on host b9p18p4694.cern.ch
Input file: root://grid-dc.t2.mpcdf.mpg.de:1094//atlasgroupdisk/perf-muons/rucio/user/lucam/cd/59/user.lucam.50435891._000026.ANALYSIS.root
[7mlsetup              [0m lsetup <tool1> [ <tool2> ...] (see lsetup -h):
[7m lsetup asetup      [0m  (or asetup) to setup an Athena release
[7m lsetup astyle      [0m  ATLAS style macros
[7m lsetup atlantis    [0m  Atlantis: event display
[7m lsetup centralpage [0m  Find samples
[7m lsetup eiclient    [0m  Event Index 
[7m lsetup emi         [0m  EMI: grid middleware user interface 
[7m lsetup lcgenv      [0m  lcgenv: setup tools from cvmfs SFT repository
[7m lsetup panda       [0m  Panda: Production ANd Distributed Analysis
[7m lsetup pyami       [0m  pyAMI: ATLAS Metadata Interface python client
[7m lsetup root        [0m  ROOT data processing framework
[7m lsetup rucio       [0m  distributed data management system client
[7m lsetup scikit      [0m  python data analysis ecosystem
[7m lsetup views       [0m  Set up a full LCG release
[7m lsetup xcache      [0m  XRootD local proxy cache
[7m lsetup xrootd      [0m  XRootD data access
[7madvancedTools       [0m advanced tools menu
[7mdiagnostics         [0m diagnostic tools menu
[7mhelpMe              [0m more help
[7minstallPip          [0m install relocatable pip modules locally
[7minstallRpm          [0m install relocatable rpms locally
[7mprintMenu           [0m show this menu
[7mqueryC              [0m find / whatis container query
[7mshowVersions        [0m show versions of installed software

************************************************************************
Requested:  root ... 
 Setting up [4mroot 6.40.02-x86_64-el9-gcc15-opt[0m ... 
  ROOT is from lcgenv -p LCG_110_ATLAS_1 x86_64-el9-gcc15-opt ROOT
>>>>>>>>>>>>>>>>>>>>>>>>> Information for user <<<<<<<<<<<<<<<<<<<<<<<<<
 root:
   Tip for _this_ standalone ROOT and grid (ie prun) submission:
    avoid --athenaTag if you do not need athena
    use --rootVer=6.40.02 --cmtConfig=x86_64-el9-gcc15-opt
 root:
   Note this ROOT from lcgenv sets up a long list of library paths.
   This may slow down executables; they look at each library path item.
   A faster alternative - setup the entire LCG stack with views:
    lsetup "views LCG_110_ATLAS_1 x86_64-el9-gcc15-opt"
************************************************************************
X509_USER_PROXY = /pool/condor/dir_3594889/x509up_disaligned
[INFO] Aggiunto file singolo: root://grid-dc.t2.mpcdf.mpg.de:1094//atlasgroupdisk/perf-muons/rucio/user/lucam/cd/59/user.lucam.50435891._000026.ANALYSIS.root
[INFO] Entries totali = 585024

[INFO] Inizio loop eventi...

[INFO] Processati 0 eventi
[INFO] Processati 50000 eventi
[INFO] Processati 100000 eventi
[INFO] Processati 150000 eventi
[INFO] Processati 200000 eventi
[INFO] Processati 250000 eventi
[INFO] Processati 300000 eventi
[INFO] Processati 350000 eventi
[INFO] Processati 400000 eventi
[INFO] Processati 450000 eventi
[INFO] Processati 500000 eventi
[INFO] Processati 550000 eventi

[INFO] Muoni prompt processati = 898299
[INFO] Muoni riempiti negli istogrammi = 778592
[INFO] 36 istogrammi salvati in output_eta.root

=== pT bin 20_30 ===
  eta 0.0-0.1: entries=6628, RMS=0.0244
  eta 0.1-1.01: entries=63050, RMS=0.0238
  eta 1.01-1.3: entries=19431, RMS=0.0305
  eta 1.3-1.7: entries=25699, RMS=0.0326
  eta 1.7-2.5: entries=46641, RMS=0.0380
  eta 2.5-2.8: entries=10010, RMS=0.0649

=== pT bin 30_40 ===
  eta 0.0-0.1: entries=9877, RMS=0.0270
  eta 0.1-1.01: entries=90291, RMS=0.0261
  eta 1.01-1.3: entries=27991, RMS=0.0329
  eta 1.3-1.7: entries=37621, RMS=0.0348
  eta 1.7-2.5: entries=69285, RMS=0.0388
  eta 2.5-2.8: entries=15504, RMS=0.0638

=== pT bin 40_50 ===
  eta 0.0-0.1: entries=9463, RMS=0.0295
  eta 0.1-1.01: entries=85727, RMS=0.0276
  eta 1.01-1.3: entries=27076, RMS=0.0364
  eta 1.3-1.7: entries=35717, RMS=0.0356
  eta 1.7-2.5: entries=67807, RMS=0.0412
  eta 2.5-2.8: entries=15601, RMS=0.0668

=== pT bin 50_80 ===
  eta 0.0-0.1: entries=4110, RMS=0.0362
  eta 0.1-1.01: entries=36641, RMS=0.0307
  eta 1.01-1.3: entries=11021, RMS=0.0380
  eta 1.3-1.7: entries=14572, RMS=0.0383
  eta 1.7-2.5: entries=26081, RMS=0.0456
  eta 2.5-2.8: entries=5532, RMS=0.0677

=== pT bin 80_120 ===
  eta 0.0-0.1: entries=562, RMS=0.0487
  eta 0.1-1.01: entries=5109, RMS=0.0384
  eta 1.01-1.3: entries=1680, RMS=0.0486
  eta 1.3-1.7: entries=2083, RMS=0.0483
  eta 1.7-2.5: entries=3446, RMS=0.0519
  eta 2.5-2.8: entries=665, RMS=0.0798

=== pT bin 120_500 ===
  eta 0.0-0.1: entries=140, RMS=0.0645
  eta 0.1-1.01: entries=1443, RMS=0.0530
  eta 1.01-1.3: entries=469, RMS=0.0638
  eta 1.3-1.7: entries=574, RMS=0.0665
  eta 1.7-2.5: entries=901, RMS=0.0741
  eta 2.5-2.8: entries=144, RMS=0.0793
[INFO] Tabella salvata in images/table_RMS_vs_eta.pdf

[INFO] Plot salvato in images/plot_RMS_vs_eta.png (.pdf)
[INFO] Plot overlay eta salvato in images/plot_eta_overlay.png (.pdf)
[INFO] Tabella salvata in images/table_RMS_vs_eta.pdf
Exit code: 0
