000 (16827613.012.000) 09/22 13:56:39 Job submitted from host: <188.184.90.241:9618?addrs=188.184.90.241-9618+[2001-1458-201-e4--100-2eb]-9618&alias=bigbird15.cern.ch&noUDP&sock=schedd_3150_376a>
...
009 (16827613.012.000) 09/22 14:16:35 Job was aborted.
	via condor_rm (by user masegret)
...
000 (16827615.012.000) 09/22 14:16:39 Job submitted from host: <188.184.90.241:9618?addrs=188.184.90.241-9618+[2001-1458-201-e4--100-2eb]-9618&alias=bigbird15.cern.ch&noUDP&sock=schedd_3150_376a>
...
040 (16827615.012.000) 09/22 14:17:33 Started transferring input files
	Transferring to host: <188.185.213.229:9618?addrs=188.185.213.229-9618+[2001-1458-303-1b--100-61]-9618&alias=b9p28p7463.cern.ch&noUDP&sock=slot1_31_4202_7064_69109>
...
040 (16827615.012.000) 09/22 14:17:33 Finished transferring input files
...
040 (16827615.012.000) 09/22 14:17:34 Started transferring output files
...
021 (16827615.012.000) 09/22 14:17:34 Error from starter on slot1_31@b9p28p7463.cern.ch:
	Failed to transfer files: SHADOW at 188.184.90.241 failed to send file(s) to <188.185.213.229:37181>: |Error: 1 total failures: first failure: reading from file /tmp/x509up_u182844: (errno 2) No such file or directory; STARTER failed to receive file(s) from <188.184.90.241:9618>
	Code 13 Subcode 2
...
004 (16827615.012.000) 09/22 14:17:35 Job was evicted. Code 13 Subcode 2
	(0) CPU times
		Usr 0 00:00:00, Sys 0 00:00:00  -  Run Remote Usage
		Usr 0 00:00:00, Sys 0 00:00:00  -  Run Local Usage
	0  -  Run Bytes Sent By Job
	0  -  Run Bytes Received By Job
	Reason: Transfer input files failure at access point bigbird15 while sending files to execution point slot1_31@b9p28p7463.cern.ch. Details: 1 total failures: first failure: reading from file /tmp/x509up_u182844: (errno 2) No such file or directory
	Partitionable Resources :    Usage  Request Allocated 
	   Cpus                 :                 1         1 
	   Disk (KB)            :       34        1      3603 
	   GPUs                 :                           0 
	   Memory (MB)          :              3000      3000 
...
012 (16827615.012.000) 09/22 14:17:35 Job was held.
	Transfer input files failure at access point bigbird15 while sending files to execution point slot1_31@b9p28p7463.cern.ch. Details: 1 total failures: first failure: reading from file /tmp/x509up_u182844: (errno 2) No such file or directory
	Code 13 Subcode 2
...
013 (16827615.012.000) 09/22 14:19:45 Job was released.
	via condor_release (by user masegret)
...
040 (16827615.012.000) 09/22 14:22:55 Started transferring input files
	Transferring to host: <128.142.192.153:9618?addrs=128.142.192.153-9618+[2001-1458-301-56--100-15]-9618&alias=b9g18p2987.cern.ch&noUDP&sock=slot1_30_3486_f3c7_29935>
...
040 (16827615.012.000) 09/22 14:22:55 Finished transferring input files
...
040 (16827615.012.000) 09/22 14:22:57 Started transferring output files
...
021 (16827615.012.000) 09/22 14:22:57 Error from starter on slot1_30@b9g18p2987.cern.ch:
	Failed to transfer files: SHADOW at 188.184.90.241 failed to send file(s) to <128.142.192.153:42411>: |Error: 1 total failures: first failure: reading from file /tmp/x509up_u182844: (errno 2) No such file or directory; STARTER failed to receive file(s) from <188.184.90.241:9618>
	Code 13 Subcode 2
...
004 (16827615.012.000) 09/22 14:22:57 Job was evicted. Code 13 Subcode 2
	(0) CPU times
		Usr 0 00:00:00, Sys 0 00:00:00  -  Run Remote Usage
		Usr 0 00:00:00, Sys 0 00:00:00  -  Run Local Usage
	0  -  Run Bytes Sent By Job
	0  -  Run Bytes Received By Job
	Reason: Transfer input files failure at access point bigbird15 while sending files to execution point slot1_30@b9g18p2987.cern.ch. Details: 1 total failures: first failure: reading from file /tmp/x509up_u182844: (errno 2) No such file or directory
	Partitionable Resources :    Usage  Request Allocated 
	   Cpus                 :                 1         1 
	   Disk (KB)            :       36       35      3854 
	   GPUs                 :                           0 
	   Memory (MB)          :              3000      3000 
...
012 (16827615.012.000) 09/22 14:22:57 Job was held.
	Transfer input files failure at access point bigbird15 while sending files to execution point slot1_30@b9g18p2987.cern.ch. Details: 1 total failures: first failure: reading from file /tmp/x509up_u182844: (errno 2) No such file or directory
	Code 13 Subcode 2
...
009 (16827615.012.000) 09/22 14:24:52 Job was aborted.
	via condor_rm (by user masegret)
...
000 (16827617.012.000) 09/22 14:24:55 Job submitted from host: <188.184.90.241:9618?addrs=188.184.90.241-9618+[2001-1458-201-e4--100-2eb]-9618&alias=bigbird15.cern.ch&noUDP&sock=schedd_3150_376a>
...
040 (16827617.012.000) 09/22 14:28:26 Started transferring input files
	Transferring to host: <128.142.161.118:9618?addrs=128.142.161.118-9618+[2001-1458-301-b8--100-34]-9618&alias=b9g03p9322.cern.ch&noUDP&sock=slot1_15_509612_816c_26359>
...
040 (16827617.012.000) 09/22 14:28:26 Finished transferring input files
...
001 (16827617.012.000) 09/22 14:28:27 Job executing on host: <128.142.161.118:9618?addrs=128.142.161.118-9618+[2001-1458-301-b8--100-34]-9618&alias=b9g03p9322.cern.ch&noUDP&sock=startd_2587_0b98>
	SlotName: slot1_15@b9g03p9322.cern.ch
	CondorScratchDir = "/pool/condor/dir_943725"
	Cpus = 1
	Disk = 3911
	GPUs = 0
	Memory = 3000
...
006 (16827617.012.000) 09/22 14:28:35 Image size of job updated: 11068
	2  -  MemoryUsage of job (MB)
	1956  -  ResidentSetSize of job (KB)
...
006 (16827617.012.000) 09/22 14:33:35 Image size of job updated: 282748
	277  -  MemoryUsage of job (MB)
	282748  -  ResidentSetSize of job (KB)
...
006 (16827617.012.000) 09/22 14:36:18 Image size of job updated: 297860
	277  -  MemoryUsage of job (MB)
	282748  -  ResidentSetSize of job (KB)
...
040 (16827617.012.000) 09/22 14:36:18 Started transferring output files
...
040 (16827617.012.000) 09/22 14:36:18 Finished transferring output files
...
005 (16827617.012.000) 09/22 14:36:19 Job terminated.
	(1) Normal termination (return value 0)
		Usr 0 00:02:40, Sys 0 00:00:10  -  Run Remote Usage
		Usr 0 00:00:00, Sys 0 00:00:00  -  Run Local Usage
		Usr 0 00:02:40, Sys 0 00:00:10  -  Total Remote Usage
		Usr 0 00:00:00, Sys 0 00:00:00  -  Total Local Usage
	11722  -  Run Bytes Sent By Job
	11404  -  Run Bytes Received By Job
	11722  -  Total Bytes Sent By Job
	11404  -  Total Bytes Received By Job
	Partitionable Resources :    Usage  Request Allocated 
	   Cpus                 :     0.05        1         1 
	   Disk (KB)            :    76           1      3911 
	   GPUs                 :                           0 
	   Memory (MB)          :   277        3000      3000 
	   TimeExecute (s)      :   471                       
	   TimeSlotBusy (s)     :   474                       
...
000 (16828058.012.000) 09/22 18:28:29 Job submitted from host: <188.184.90.241:9618?addrs=188.184.90.241-9618+[2001-1458-201-e4--100-2eb]-9618&alias=bigbird15.cern.ch&noUDP&sock=schedd_3150_376a>
...
040 (16828058.012.000) 09/22 19:00:56 Started transferring input files
	Transferring to host: <188.185.213.214:9618?addrs=188.185.213.214-9618+[2001-1458-303-1b--100-52]-9618&alias=b9p28p1203.cern.ch&noUDP&sock=slot1_1_4082_e35f_69788>
...
040 (16828058.012.000) 09/22 19:00:56 Finished transferring input files
...
001 (16828058.012.000) 09/22 19:00:57 Job executing on host: <188.185.213.214:9618?addrs=188.185.213.214-9618+[2001-1458-303-1b--100-52]-9618&alias=b9p28p1203.cern.ch&noUDP&sock=startd_3301_ca37>
	SlotName: slot1_1@b9p28p1203.cern.ch
	CondorScratchDir = "/pool/condor/dir_589377"
	Cpus = 1
	Disk = 3767
	GPUs = 0
	Memory = 3000
...
006 (16828058.012.000) 09/22 19:01:05 Image size of job updated: 3852
	4  -  MemoryUsage of job (MB)
	3852  -  ResidentSetSize of job (KB)
...
006 (16828058.012.000) 09/22 19:06:06 Image size of job updated: 277052
	271  -  MemoryUsage of job (MB)
	277052  -  ResidentSetSize of job (KB)
...
006 (16828058.012.000) 09/22 19:10:31 Image size of job updated: 290868
	271  -  MemoryUsage of job (MB)
	277052  -  ResidentSetSize of job (KB)
...
040 (16828058.012.000) 09/22 19:10:31 Started transferring output files
...
040 (16828058.012.000) 09/22 19:10:32 Finished transferring output files
...
005 (16828058.012.000) 09/22 19:10:32 Job terminated.
	(1) Normal termination (return value 0)
		Usr 0 00:02:45, Sys 0 00:00:17  -  Run Remote Usage
		Usr 0 00:00:00, Sys 0 00:00:00  -  Run Local Usage
		Usr 0 00:02:45, Sys 0 00:00:17  -  Total Remote Usage
		Usr 0 00:00:00, Sys 0 00:00:00  -  Total Local Usage
	10809  -  Run Bytes Sent By Job
	11404  -  Run Bytes Received By Job
	10809  -  Total Bytes Sent By Job
	11404  -  Total Bytes Received By Job
	Partitionable Resources :    Usage  Request Allocated 
	   Cpus                 :     0.23        1         1 
	   Disk (KB)            :    60           1      3767 
	   GPUs                 :                           0 
	   Memory (MB)          :   271        3000      3000 
	   TimeExecute (s)      :   574                       
	   TimeSlotBusy (s)     :   576                       
...
