000 (16828062.003.000) 09/22 20:08:44 Job submitted from host: <188.184.90.241:9618?addrs=188.184.90.241-9618+[2001-1458-201-e4--100-2eb]-9618&alias=bigbird15.cern.ch&noUDP&sock=schedd_3150_376a>
...
040 (16828062.003.000) 09/22 21:07:09 Started transferring input files
	Transferring to host: <188.185.214.27:9618?addrs=188.185.214.27-9618+[2001-1458-303-1c--100-17]-9618&alias=b9p29p9073.cern.ch&noUDP&sock=slot1_20_6217_3056_75967>
...
040 (16828062.003.000) 09/22 21:07:09 Finished transferring input files
...
001 (16828062.003.000) 09/22 21:07:10 Job executing on host: <188.185.214.27:9618?addrs=188.185.214.27-9618+[2001-1458-303-1c--100-17]-9618&alias=b9p29p9073.cern.ch&noUDP&sock=startd_5528_53a1>
	SlotName: slot1_20@b9p29p9073.cern.ch
	CondorScratchDir = "/pool/condor/dir_3427711"
	Cpus = 1
	Disk = 3741
	GPUs = 0
	Memory = 3000
...
006 (16828062.003.000) 09/22 21:07:19 Image size of job updated: 6656
	7  -  MemoryUsage of job (MB)
	6656  -  ResidentSetSize of job (KB)
...
006 (16828062.003.000) 09/22 21:10:52 Image size of job updated: 291200
	7  -  MemoryUsage of job (MB)
	6696  -  ResidentSetSize of job (KB)
...
040 (16828062.003.000) 09/22 21:10:52 Started transferring output files
...
040 (16828062.003.000) 09/22 21:10:52 Finished transferring output files
...
005 (16828062.003.000) 09/22 21:10:52 Job terminated.
	(1) Normal termination (return value 0)
		Usr 0 00:01:54, Sys 0 00:00:09  -  Run Remote Usage
		Usr 0 00:00:00, Sys 0 00:00:00  -  Run Local Usage
		Usr 0 00:01:54, Sys 0 00:00:09  -  Total Remote Usage
		Usr 0 00:00:00, Sys 0 00:00:00  -  Total Local Usage
	11497  -  Run Bytes Sent By Job
	11405  -  Run Bytes Received By Job
	11497  -  Total Bytes Sent By Job
	11405  -  Total Bytes Received By Job
	Partitionable Resources :    Usage  Request Allocated 
	   Cpus                 :        0        1         1 
	   Disk (KB)            :       53        1      3741 
	   GPUs                 :                           0 
	   Memory (MB)          :        7     3000      3000 
	   TimeExecute (s)      :      222                    
	   TimeSlotBusy (s)     :      224                    
...
