Running on host b9p28p6148.cern.ch
Input file: root://grid-dc.t2.mpcdf.mpg.de:1094//atlasgroupdisk/perf-muons/rucio/user/lucam/ab/e4/user.lucam.50435891._000021.ANALYSIS.root
[7mlsetup              [0m lsetup <tool1> [ <tool2> ...] (see lsetup -h):
[7m lsetup asetup      [0m  (or asetup) to setup an Athena release
[7m lsetup astyle      [0m  ATLAS style macros
[7m lsetup atlantis    [0m  Atlantis: event display
[7m lsetup centralpage [0m  Find samples
[7m lsetup eiclient    [0m  Event Index 
[7m lsetup emi         [0m  EMI: grid middleware user interface 
[7m lsetup lcgenv      [0m  lcgenv: setup tools from cvmfs SFT repository
[7m lsetup panda       [0m  Panda: Production ANd Distributed Analysis
[7m lsetup pyami       [0m  pyAMI: ATLAS Metadata Interface python client
[7m lsetup root        [0m  ROOT data processing framework
[7m lsetup rucio       [0m  distributed data management system client
[7m lsetup scikit      [0m  python data analysis ecosystem
[7m lsetup views       [0m  Set up a full LCG release
[7m lsetup xcache      [0m  XRootD local proxy cache
[7m lsetup xrootd      [0m  XRootD data access
[7madvancedTools       [0m advanced tools menu
[7mdiagnostics         [0m diagnostic tools menu
[7mhelpMe              [0m more help
[7minstallPip          [0m install relocatable pip modules locally
[7minstallRpm          [0m install relocatable rpms locally
[7mprintMenu           [0m show this menu
[7mqueryC              [0m find / whatis container query
[7mshowVersions        [0m show versions of installed software

************************************************************************
Requested:  root ... 
 Setting up [4mroot 6.40.02-x86_64-el9-gcc15-opt[0m ... 
  ROOT is from lcgenv -p LCG_110_ATLAS_1 x86_64-el9-gcc15-opt ROOT
>>>>>>>>>>>>>>>>>>>>>>>>> Information for user <<<<<<<<<<<<<<<<<<<<<<<<<
 root:
   Tip for _this_ standalone ROOT and grid (ie prun) submission:
    avoid --athenaTag if you do not need athena
    use --rootVer=6.40.02 --cmtConfig=x86_64-el9-gcc15-opt
 root:
   Note this ROOT from lcgenv sets up a long list of library paths.
   This may slow down executables; they look at each library path item.
   A faster alternative - setup the entire LCG stack with views:
    lsetup "views LCG_110_ATLAS_1 x86_64-el9-gcc15-opt"
************************************************************************
X509_USER_PROXY = /pool/condor/dir_3633630/x509up_disaligned
[INFO] Aggiunto file singolo: root://grid-dc.t2.mpcdf.mpg.de:1094//atlasgroupdisk/perf-muons/rucio/user/lucam/ab/e4/user.lucam.50435891._000021.ANALYSIS.root
[INFO] Entries totali = 1476464

[INFO] Inizio loop eventi...

[INFO] Processati 0 eventi
[INFO] Processati 50000 eventi
[INFO] Processati 100000 eventi
[INFO] Processati 150000 eventi
[INFO] Processati 200000 eventi
[INFO] Processati 250000 eventi
[INFO] Processati 300000 eventi
[INFO] Processati 350000 eventi
[INFO] Processati 400000 eventi
[INFO] Processati 450000 eventi
[INFO] Processati 500000 eventi
[INFO] Processati 550000 eventi
[INFO] Processati 600000 eventi
[INFO] Processati 650000 eventi
[INFO] Processati 700000 eventi
[INFO] Processati 750000 eventi
[INFO] Processati 800000 eventi
[INFO] Processati 850000 eventi
[INFO] Processati 900000 eventi
[INFO] Processati 950000 eventi
[INFO] Processati 1000000 eventi
[INFO] Processati 1050000 eventi
[INFO] Processati 1100000 eventi
[INFO] Processati 1150000 eventi
[INFO] Processati 1200000 eventi
[INFO] Processati 1250000 eventi
[INFO] Processati 1300000 eventi
[INFO] Processati 1350000 eventi
[INFO] Processati 1400000 eventi
[INFO] Processati 1450000 eventi

[INFO] Muoni prompt processati = 2267265
[INFO] Muoni riempiti negli istogrammi = 1965622
[INFO] 36 istogrammi salvati in output_eta.root

=== pT bin 20_30 ===
  eta 0.0-0.1: entries=17202, RMS=0.0241
  eta 0.1-1.01: entries=158435, RMS=0.0240
  eta 1.01-1.3: entries=49350, RMS=0.0305
  eta 1.3-1.7: entries=65416, RMS=0.0331
  eta 1.7-2.5: entries=117460, RMS=0.0377
  eta 2.5-2.8: entries=25364, RMS=0.0654

=== pT bin 30_40 ===
  eta 0.0-0.1: entries=24971, RMS=0.0272
  eta 0.1-1.01: entries=227414, RMS=0.0262
  eta 1.01-1.3: entries=71038, RMS=0.0325
  eta 1.3-1.7: entries=94142, RMS=0.0348
  eta 1.7-2.5: entries=176182, RMS=0.0391
  eta 2.5-2.8: entries=39582, RMS=0.0660

=== pT bin 40_50 ===
  eta 0.0-0.1: entries=23748, RMS=0.0311
  eta 0.1-1.01: entries=216887, RMS=0.0278
  eta 1.01-1.3: entries=68190, RMS=0.0342
  eta 1.3-1.7: entries=90375, RMS=0.0361
  eta 1.7-2.5: entries=170728, RMS=0.0410
  eta 2.5-2.8: entries=39403, RMS=0.0653

=== pT bin 50_80 ===
  eta 0.0-0.1: entries=10111, RMS=0.0353
  eta 0.1-1.01: entries=91029, RMS=0.0311
  eta 1.01-1.3: entries=28188, RMS=0.0381
  eta 1.3-1.7: entries=36726, RMS=0.0390
  eta 1.7-2.5: entries=65658, RMS=0.0439
  eta 2.5-2.8: entries=14331, RMS=0.0685

=== pT bin 80_120 ===
  eta 0.0-0.1: entries=1478, RMS=0.0510
  eta 0.1-1.01: entries=12968, RMS=0.0366
  eta 1.01-1.3: entries=4073, RMS=0.0471
  eta 1.3-1.7: entries=5216, RMS=0.0485
  eta 1.7-2.5: entries=8702, RMS=0.0507
  eta 2.5-2.8: entries=1717, RMS=0.0770

=== pT bin 120_500 ===
  eta 0.0-0.1: entries=398, RMS=0.0794
  eta 0.1-1.01: entries=3826, RMS=0.0504
  eta 1.01-1.3: entries=1165, RMS=0.0613
  eta 1.3-1.7: entries=1482, RMS=0.0642
  eta 1.7-2.5: entries=2308, RMS=0.0683
  eta 2.5-2.8: entries=359, RMS=0.0928
[INFO] Tabella salvata in images/table_RMS_vs_eta.pdf

[INFO] Plot salvato in images/plot_RMS_vs_eta.png (.pdf)
[INFO] Plot overlay eta salvato in images/plot_eta_overlay.png (.pdf)
[INFO] Tabella salvata in images/table_RMS_vs_eta.pdf
Exit code: 0
