000 (16827613.013.000) 09/22 13:56:39 Job submitted from host: <188.184.90.241:9618?addrs=188.184.90.241-9618+[2001-1458-201-e4--100-2eb]-9618&alias=bigbird15.cern.ch&noUDP&sock=schedd_3150_376a>
...
009 (16827613.013.000) 09/22 14:16:35 Job was aborted.
	via condor_rm (by user masegret)
...
000 (16827615.013.000) 09/22 14:16:39 Job submitted from host: <188.184.90.241:9618?addrs=188.184.90.241-9618+[2001-1458-201-e4--100-2eb]-9618&alias=bigbird15.cern.ch&noUDP&sock=schedd_3150_376a>
...
040 (16827615.013.000) 09/22 14:17:35 Started transferring input files
	Transferring to host: <188.185.213.229:9618?addrs=188.185.213.229-9618+[2001-1458-303-1b--100-61]-9618&alias=b9p28p7463.cern.ch&noUDP&sock=slot1_31_4202_7064_69110>
...
040 (16827615.013.000) 09/22 14:17:35 Finished transferring input files
...
040 (16827615.013.000) 09/22 14:17:36 Started transferring output files
...
021 (16827615.013.000) 09/22 14:17:36 Error from starter on slot1_31@b9p28p7463.cern.ch:
	Failed to transfer files: SHADOW at 188.184.90.241 failed to send file(s) to <188.185.213.229:39947>: |Error: 1 total failures: first failure: reading from file /tmp/x509up_u182844: (errno 2) No such file or directory; STARTER failed to receive file(s) from <188.184.90.241:9618>
	Code 13 Subcode 2
...
004 (16827615.013.000) 09/22 14:17:36 Job was evicted. Code 13 Subcode 2
	(0) CPU times
		Usr 0 00:00:00, Sys 0 00:00:00  -  Run Remote Usage
		Usr 0 00:00:00, Sys 0 00:00:00  -  Run Local Usage
	0  -  Run Bytes Sent By Job
	0  -  Run Bytes Received By Job
	Reason: Transfer input files failure at access point bigbird15 while sending files to execution point slot1_31@b9p28p7463.cern.ch. Details: 1 total failures: first failure: reading from file /tmp/x509up_u182844: (errno 2) No such file or directory
	Partitionable Resources :    Usage  Request Allocated 
	   Cpus                 :                 1         1 
	   Disk (KB)            :       34        1      3603 
	   GPUs                 :                           0 
	   Memory (MB)          :              3000      3000 
...
012 (16827615.013.000) 09/22 14:17:36 Job was held.
	Transfer input files failure at access point bigbird15 while sending files to execution point slot1_31@b9p28p7463.cern.ch. Details: 1 total failures: first failure: reading from file /tmp/x509up_u182844: (errno 2) No such file or directory
	Code 13 Subcode 2
...
013 (16827615.013.000) 09/22 14:19:45 Job was released.
	via condor_release (by user masegret)
...
040 (16827615.013.000) 09/22 14:22:54 Started transferring input files
	Transferring to host: <128.142.192.149:9618?addrs=128.142.192.149-9618+[2001-1458-301-56--100-11]-9618&alias=b9g18p4214.cern.ch&noUDP&sock=slot1_7_1780457_c62b_60822>
...
040 (16827615.013.000) 09/22 14:22:54 Finished transferring input files
...
040 (16827615.013.000) 09/22 14:22:55 Started transferring output files
...
021 (16827615.013.000) 09/22 14:22:55 Error from starter on slot1_7@b9g18p4214.cern.ch:
	Failed to transfer files: SHADOW at 188.184.90.241 failed to send file(s) to <128.142.192.149:34595>: |Error: 1 total failures: first failure: reading from file /tmp/x509up_u182844: (errno 2) No such file or directory; STARTER failed to receive file(s) from <188.184.90.241:9618>
	Code 13 Subcode 2
...
004 (16827615.013.000) 09/22 14:22:55 Job was evicted. Code 13 Subcode 2
	(0) CPU times
		Usr 0 00:00:00, Sys 0 00:00:00  -  Run Remote Usage
		Usr 0 00:00:00, Sys 0 00:00:00  -  Run Local Usage
	0  -  Run Bytes Sent By Job
	0  -  Run Bytes Received By Job
	Reason: Transfer input files failure at access point bigbird15 while sending files to execution point slot1_7@b9g18p4214.cern.ch. Details: 1 total failures: first failure: reading from file /tmp/x509up_u182844: (errno 2) No such file or directory
	Partitionable Resources :    Usage  Request Allocated 
	   Cpus                 :        0        1         1 
	   Disk (KB)            :       44       35      3760 
	   GPUs                 :                           0 
	   Memory (MB)          :              3000      3000 
...
012 (16827615.013.000) 09/22 14:22:55 Job was held.
	Transfer input files failure at access point bigbird15 while sending files to execution point slot1_7@b9g18p4214.cern.ch. Details: 1 total failures: first failure: reading from file /tmp/x509up_u182844: (errno 2) No such file or directory
	Code 13 Subcode 2
...
009 (16827615.013.000) 09/22 14:24:52 Job was aborted.
	via condor_rm (by user masegret)
...
000 (16827617.013.000) 09/22 14:24:55 Job submitted from host: <188.184.90.241:9618?addrs=188.184.90.241-9618+[2001-1458-201-e4--100-2eb]-9618&alias=bigbird15.cern.ch&noUDP&sock=schedd_3150_376a>
...
040 (16827617.013.000) 09/22 14:28:26 Started transferring input files
	Transferring to host: <188.185.195.25:9618?addrs=188.185.195.25-9618+[2001-1458-303-22--100-15]-9618&alias=b9p17p0523.cern.ch&noUDP&sock=slot1_1_3406_95c4_86931>
...
040 (16827617.013.000) 09/22 14:28:26 Finished transferring input files
...
001 (16827617.013.000) 09/22 14:28:27 Job executing on host: <188.185.195.25:9618?addrs=188.185.195.25-9618+[2001-1458-303-22--100-15]-9618&alias=b9p17p0523.cern.ch&noUDP&sock=startd_2584_fccf>
	SlotName: slot1_1@b9p17p0523.cern.ch
	CondorScratchDir = "/pool/condor/dir_2034706"
	Cpus = 1
	Disk = 3951
	GPUs = 0
	Memory = 3000
...
006 (16827617.013.000) 09/22 14:28:35 Image size of job updated: 2612
	3  -  MemoryUsage of job (MB)
	2612  -  ResidentSetSize of job (KB)
...
006 (16827617.013.000) 09/22 14:33:35 Image size of job updated: 279352
	273  -  MemoryUsage of job (MB)
	279352  -  ResidentSetSize of job (KB)
...
006 (16827617.013.000) 09/22 14:35:56 Image size of job updated: 279448
	273  -  MemoryUsage of job (MB)
	279352  -  ResidentSetSize of job (KB)
...
040 (16827617.013.000) 09/22 14:35:56 Started transferring output files
...
040 (16827617.013.000) 09/22 14:35:56 Finished transferring output files
...
005 (16827617.013.000) 09/22 14:35:56 Job terminated.
	(1) Normal termination (return value 0)
		Usr 0 00:02:59, Sys 0 00:00:11  -  Run Remote Usage
		Usr 0 00:00:00, Sys 0 00:00:00  -  Run Local Usage
		Usr 0 00:02:59, Sys 0 00:00:11  -  Total Remote Usage
		Usr 0 00:00:00, Sys 0 00:00:00  -  Total Local Usage
	11723  -  Run Bytes Sent By Job
	11405  -  Run Bytes Received By Job
	11723  -  Total Bytes Sent By Job
	11405  -  Total Bytes Received By Job
	Partitionable Resources :    Usage  Request Allocated 
	   Cpus                 :     0.40        1         1 
	   Disk (KB)            :    76           1      3951 
	   GPUs                 :                           0 
	   Memory (MB)          :   273        3000      3000 
	   TimeExecute (s)      :   449                       
	   TimeSlotBusy (s)     :   452                       
...
000 (16828058.013.000) 09/22 18:28:29 Job submitted from host: <188.184.90.241:9618?addrs=188.184.90.241-9618+[2001-1458-201-e4--100-2eb]-9618&alias=bigbird15.cern.ch&noUDP&sock=schedd_3150_376a>
...
040 (16828058.013.000) 09/22 19:02:10 Started transferring input files
	Transferring to host: <188.185.213.198:9618?addrs=188.185.213.198-9618+[2001-1458-303-1b--100-42]-9618&alias=b9p28p6148.cern.ch&noUDP&sock=slot1_23_9732_d305_67528>
...
040 (16828058.013.000) 09/22 19:02:10 Finished transferring input files
...
001 (16828058.013.000) 09/22 19:02:11 Job executing on host: <188.185.213.198:9618?addrs=188.185.213.198-9618+[2001-1458-303-1b--100-42]-9618&alias=b9p28p6148.cern.ch&noUDP&sock=startd_8956_a648>
	SlotName: slot1_23@b9p28p6148.cern.ch
	CondorScratchDir = "/pool/condor/dir_3633630"
	Cpus = 1
	Disk = 3777
	GPUs = 0
	Memory = 3000
...
006 (16828058.013.000) 09/22 19:02:20 Image size of job updated: 2408
	3  -  MemoryUsage of job (MB)
	2192  -  ResidentSetSize of job (KB)
...
006 (16828058.013.000) 09/22 19:07:21 Image size of job updated: 282440
	276  -  MemoryUsage of job (MB)
	282440  -  ResidentSetSize of job (KB)
...
006 (16828058.013.000) 09/22 19:12:22 Image size of job updated: 282536
	276  -  MemoryUsage of job (MB)
	282536  -  ResidentSetSize of job (KB)
...
040 (16828058.013.000) 09/22 19:14:15 Started transferring output files
...
040 (16828058.013.000) 09/22 19:14:15 Finished transferring output files
...
005 (16828058.013.000) 09/22 19:14:15 Job terminated.
	(1) Normal termination (return value 0)
		Usr 0 00:02:49, Sys 0 00:00:16  -  Run Remote Usage
		Usr 0 00:00:00, Sys 0 00:00:00  -  Run Local Usage
		Usr 0 00:02:49, Sys 0 00:00:16  -  Total Remote Usage
		Usr 0 00:00:00, Sys 0 00:00:00  -  Total Local Usage
	10810  -  Run Bytes Sent By Job
	11405  -  Run Bytes Received By Job
	10810  -  Total Bytes Sent By Job
	11405  -  Total Bytes Received By Job
	Partitionable Resources :    Usage  Request Allocated 
	   Cpus                 :     0.33        1         1 
	   Disk (KB)            :    53           1      3777 
	   GPUs                 :                           0 
	   Memory (MB)          :   276        3000      3000 
	   TimeExecute (s)      :   724                       
	   TimeSlotBusy (s)     :   725                       
...
