Running on host b9p28p3293.cern.ch
Input file: root://grid-dc.t2.mpcdf.mpg.de:1094//atlasgroupdisk/perf-muons/rucio/user/lucam/5d/03/user.lucam.50435891._000022.ANALYSIS.root
[7mlsetup              [0m lsetup <tool1> [ <tool2> ...] (see lsetup -h):
[7m lsetup asetup      [0m  (or asetup) to setup an Athena release
[7m lsetup astyle      [0m  ATLAS style macros
[7m lsetup atlantis    [0m  Atlantis: event display
[7m lsetup centralpage [0m  Find samples
[7m lsetup eiclient    [0m  Event Index 
[7m lsetup emi         [0m  EMI: grid middleware user interface 
[7m lsetup lcgenv      [0m  lcgenv: setup tools from cvmfs SFT repository
[7m lsetup panda       [0m  Panda: Production ANd Distributed Analysis
[7m lsetup pyami       [0m  pyAMI: ATLAS Metadata Interface python client
[7m lsetup root        [0m  ROOT data processing framework
[7m lsetup rucio       [0m  distributed data management system client
[7m lsetup scikit      [0m  python data analysis ecosystem
[7m lsetup views       [0m  Set up a full LCG release
[7m lsetup xcache      [0m  XRootD local proxy cache
[7m lsetup xrootd      [0m  XRootD data access
[7madvancedTools       [0m advanced tools menu
[7mdiagnostics         [0m diagnostic tools menu
[7mhelpMe              [0m more help
[7minstallPip          [0m install relocatable pip modules locally
[7minstallRpm          [0m install relocatable rpms locally
[7mprintMenu           [0m show this menu
[7mqueryC              [0m find / whatis container query
[7mshowVersions        [0m show versions of installed software

************************************************************************
Requested:  root ... 
 Setting up [4mroot 6.40.02-x86_64-el9-gcc15-opt[0m ... 
  ROOT is from lcgenv -p LCG_110_ATLAS_1 x86_64-el9-gcc15-opt ROOT
>>>>>>>>>>>>>>>>>>>>>>>>> Information for user <<<<<<<<<<<<<<<<<<<<<<<<<
 root:
   Tip for _this_ standalone ROOT and grid (ie prun) submission:
    avoid --athenaTag if you do not need athena
    use --rootVer=6.40.02 --cmtConfig=x86_64-el9-gcc15-opt
 root:
   Note this ROOT from lcgenv sets up a long list of library paths.
   This may slow down executables; they look at each library path item.
   A faster alternative - setup the entire LCG stack with views:
    lsetup "views LCG_110_ATLAS_1 x86_64-el9-gcc15-opt"
************************************************************************
X509_USER_PROXY = /pool/condor/dir_1053776/x509up_disaligned
[INFO] Aggiunto file singolo: root://grid-dc.t2.mpcdf.mpg.de:1094//atlasgroupdisk/perf-muons/rucio/user/lucam/5d/03/user.lucam.50435891._000022.ANALYSIS.root
[INFO] Entries totali = 1476790

[INFO] Inizio loop eventi...

[INFO] Processati 0 eventi
[INFO] Processati 50000 eventi
[INFO] Processati 100000 eventi
[INFO] Processati 150000 eventi
[INFO] Processati 200000 eventi
[INFO] Processati 250000 eventi
[INFO] Processati 300000 eventi
[INFO] Processati 350000 eventi
[INFO] Processati 400000 eventi
[INFO] Processati 450000 eventi
[INFO] Processati 500000 eventi
[INFO] Processati 550000 eventi
[INFO] Processati 600000 eventi
[INFO] Processati 650000 eventi
[INFO] Processati 700000 eventi
[INFO] Processati 750000 eventi
[INFO] Processati 800000 eventi
[INFO] Processati 850000 eventi
[INFO] Processati 900000 eventi
[INFO] Processati 950000 eventi
[INFO] Processati 1000000 eventi
[INFO] Processati 1050000 eventi
[INFO] Processati 1100000 eventi
[INFO] Processati 1150000 eventi
[INFO] Processati 1200000 eventi
[INFO] Processati 1250000 eventi
[INFO] Processati 1300000 eventi
[INFO] Processati 1350000 eventi
[INFO] Processati 1400000 eventi
[INFO] Processati 1450000 eventi

[INFO] Muoni prompt processati = 2266710
[INFO] Muoni riempiti negli istogrammi = 1963705
[INFO] 36 istogrammi salvati in output_eta.root

=== pT bin 20_30 ===
  eta 0.0-0.1: entries=17222, RMS=0.0235
  eta 0.1-1.01: entries=158453, RMS=0.0241
  eta 1.01-1.3: entries=49315, RMS=0.0298
  eta 1.3-1.7: entries=65087, RMS=0.0329
  eta 1.7-2.5: entries=117582, RMS=0.0380
  eta 2.5-2.8: entries=25139, RMS=0.0657

=== pT bin 30_40 ===
  eta 0.0-0.1: entries=24737, RMS=0.0274
  eta 0.1-1.01: entries=226173, RMS=0.0260
  eta 1.01-1.3: entries=71254, RMS=0.0327
  eta 1.3-1.7: entries=93916, RMS=0.0347
  eta 1.7-2.5: entries=175823, RMS=0.0391
  eta 2.5-2.8: entries=39460, RMS=0.0664

=== pT bin 40_50 ===
  eta 0.0-0.1: entries=23797, RMS=0.0302
  eta 0.1-1.01: entries=216802, RMS=0.0280
  eta 1.01-1.3: entries=68320, RMS=0.0351
  eta 1.3-1.7: entries=90841, RMS=0.0361
  eta 1.7-2.5: entries=171388, RMS=0.0408
  eta 2.5-2.8: entries=39328, RMS=0.0660

=== pT bin 50_80 ===
  eta 0.0-0.1: entries=10061, RMS=0.0357
  eta 0.1-1.01: entries=90993, RMS=0.0310
  eta 1.01-1.3: entries=28012, RMS=0.0387
  eta 1.3-1.7: entries=36619, RMS=0.0390
  eta 1.7-2.5: entries=65790, RMS=0.0441
  eta 2.5-2.8: entries=13980, RMS=0.0693

=== pT bin 80_120 ===
  eta 0.0-0.1: entries=1476, RMS=0.0432
  eta 0.1-1.01: entries=13105, RMS=0.0379
  eta 1.01-1.3: entries=3908, RMS=0.0480
  eta 1.3-1.7: entries=5225, RMS=0.0504
  eta 1.7-2.5: entries=8511, RMS=0.0528
  eta 2.5-2.8: entries=1751, RMS=0.0736

=== pT bin 120_500 ===
  eta 0.0-0.1: entries=437, RMS=0.0701
  eta 0.1-1.01: entries=3896, RMS=0.0509
  eta 1.01-1.3: entries=1107, RMS=0.0660
  eta 1.3-1.7: entries=1498, RMS=0.0687
  eta 1.7-2.5: entries=2305, RMS=0.0714
  eta 2.5-2.8: entries=394, RMS=0.0869
[INFO] Tabella salvata in images/table_RMS_vs_eta.pdf

[INFO] Plot salvato in images/plot_RMS_vs_eta.png (.pdf)
[INFO] Plot overlay eta salvato in images/plot_eta_overlay.png (.pdf)
[INFO] Tabella salvata in images/table_RMS_vs_eta.pdf
Exit code: 0
