000 (16827613.016.000) 09/22 13:56:39 Job submitted from host: <188.184.90.241:9618?addrs=188.184.90.241-9618+[2001-1458-201-e4--100-2eb]-9618&alias=bigbird15.cern.ch&noUDP&sock=schedd_3150_376a>
...
009 (16827613.016.000) 09/22 14:16:35 Job was aborted.
	via condor_rm (by user masegret)
...
000 (16827615.016.000) 09/22 14:16:39 Job submitted from host: <188.184.90.241:9618?addrs=188.184.90.241-9618+[2001-1458-201-e4--100-2eb]-9618&alias=bigbird15.cern.ch&noUDP&sock=schedd_3150_376a>
...
040 (16827615.016.000) 09/22 14:17:40 Started transferring input files
	Transferring to host: <188.185.213.229:9618?addrs=188.185.213.229-9618+[2001-1458-303-1b--100-61]-9618&alias=b9p28p7463.cern.ch&noUDP&sock=slot1_31_4202_7064_69113>
...
040 (16827615.016.000) 09/22 14:17:40 Finished transferring input files
...
040 (16827615.016.000) 09/22 14:17:41 Started transferring output files
...
021 (16827615.016.000) 09/22 14:17:41 Error from starter on slot1_31@b9p28p7463.cern.ch:
	Failed to transfer files: SHADOW at 188.184.90.241 failed to send file(s) to <188.185.213.229:43827>: |Error: 1 total failures: first failure: reading from file /tmp/x509up_u182844: (errno 2) No such file or directory; STARTER failed to receive file(s) from <188.184.90.241:9618>
	Code 13 Subcode 2
...
004 (16827615.016.000) 09/22 14:17:41 Job was evicted. Code 13 Subcode 2
	(0) CPU times
		Usr 0 00:00:00, Sys 0 00:00:00  -  Run Remote Usage
		Usr 0 00:00:00, Sys 0 00:00:00  -  Run Local Usage
	0  -  Run Bytes Sent By Job
	0  -  Run Bytes Received By Job
	Reason: Transfer input files failure at access point bigbird15 while sending files to execution point slot1_31@b9p28p7463.cern.ch. Details: 1 total failures: first failure: reading from file /tmp/x509up_u182844: (errno 2) No such file or directory
	Partitionable Resources :    Usage  Request Allocated 
	   Cpus                 :        0        1         1 
	   Disk (KB)            :       43        1      3603 
	   GPUs                 :                           0 
	   Memory (MB)          :              3000      3000 
...
012 (16827615.016.000) 09/22 14:17:41 Job was held.
	Transfer input files failure at access point bigbird15 while sending files to execution point slot1_31@b9p28p7463.cern.ch. Details: 1 total failures: first failure: reading from file /tmp/x509up_u182844: (errno 2) No such file or directory
	Code 13 Subcode 2
...
013 (16827615.016.000) 09/22 14:19:45 Job was released.
	via condor_release (by user masegret)
...
040 (16827615.016.000) 09/22 14:22:53 Started transferring input files
	Transferring to host: <188.185.212.32:9618?addrs=188.185.212.32-9618+[2001-1458-303-18--100-1c]-9618&alias=b9p25p8766.cern.ch&noUDP&sock=slot1_9_7696_4732_73917>
...
040 (16827615.016.000) 09/22 14:22:53 Finished transferring input files
...
040 (16827615.016.000) 09/22 14:22:54 Started transferring output files
...
021 (16827615.016.000) 09/22 14:22:54 Error from starter on slot1_9@b9p25p8766.cern.ch:
	Failed to transfer files: SHADOW at 188.184.90.241 failed to send file(s) to <188.185.212.32:41169>: |Error: 1 total failures: first failure: reading from file /tmp/x509up_u182844: (errno 2) No such file or directory; STARTER failed to receive file(s) from <188.184.90.241:9618>
	Code 13 Subcode 2
...
004 (16827615.016.000) 09/22 14:22:55 Job was evicted. Code 13 Subcode 2
	(0) CPU times
		Usr 0 00:00:00, Sys 0 00:00:00  -  Run Remote Usage
		Usr 0 00:00:00, Sys 0 00:00:00  -  Run Local Usage
	0  -  Run Bytes Sent By Job
	0  -  Run Bytes Received By Job
	Reason: Transfer input files failure at access point bigbird15 while sending files to execution point slot1_9@b9p25p8766.cern.ch. Details: 1 total failures: first failure: reading from file /tmp/x509up_u182844: (errno 2) No such file or directory
	Partitionable Resources :    Usage  Request Allocated 
	   Cpus                 :        0        1         1 
	   Disk (KB)            :       44       45      3836 
	   GPUs                 :                           0 
	   Memory (MB)          :              3000      3000 
...
012 (16827615.016.000) 09/22 14:22:55 Job was held.
	Transfer input files failure at access point bigbird15 while sending files to execution point slot1_9@b9p25p8766.cern.ch. Details: 1 total failures: first failure: reading from file /tmp/x509up_u182844: (errno 2) No such file or directory
	Code 13 Subcode 2
...
009 (16827615.016.000) 09/22 14:24:52 Job was aborted.
	via condor_rm (by user masegret)
...
000 (16827617.016.000) 09/22 14:24:55 Job submitted from host: <188.184.90.241:9618?addrs=188.184.90.241-9618+[2001-1458-201-e4--100-2eb]-9618&alias=bigbird15.cern.ch&noUDP&sock=schedd_3150_376a>
...
040 (16827617.016.000) 09/22 14:28:26 Started transferring input files
	Transferring to host: <188.185.192.28:9618?addrs=188.185.192.28-9618+[2001-1458-303-1f--100-18]-9618&alias=b9p13p0517.cern.ch&noUDP&sock=slot1_24_6919_cfb2_88541>
...
040 (16827617.016.000) 09/22 14:28:26 Finished transferring input files
...
001 (16827617.016.000) 09/22 14:28:27 Job executing on host: <188.185.192.28:9618?addrs=188.185.192.28-9618+[2001-1458-303-1f--100-18]-9618&alias=b9p13p0517.cern.ch&noUDP&sock=startd_5200_5890>
	SlotName: slot1_24@b9p13p0517.cern.ch
	CondorScratchDir = "/pool/condor/dir_1846729"
	Cpus = 1
	Disk = 3906
	GPUs = 0
	Memory = 3000
...
006 (16827617.016.000) 09/22 14:28:35 Image size of job updated: 11072
	11  -  MemoryUsage of job (MB)
	11072  -  ResidentSetSize of job (KB)
...
006 (16827617.016.000) 09/22 14:33:35 Image size of job updated: 281016
	275  -  MemoryUsage of job (MB)
	281016  -  ResidentSetSize of job (KB)
...
006 (16827617.016.000) 09/22 14:34:48 Image size of job updated: 281048
	275  -  MemoryUsage of job (MB)
	281016  -  ResidentSetSize of job (KB)
...
040 (16827617.016.000) 09/22 14:34:48 Started transferring output files
...
040 (16827617.016.000) 09/22 14:34:48 Finished transferring output files
...
005 (16827617.016.000) 09/22 14:34:48 Job terminated.
	(1) Normal termination (return value 0)
		Usr 0 00:03:20, Sys 0 00:00:15  -  Run Remote Usage
		Usr 0 00:00:00, Sys 0 00:00:00  -  Run Local Usage
		Usr 0 00:03:20, Sys 0 00:00:15  -  Total Remote Usage
		Usr 0 00:00:00, Sys 0 00:00:00  -  Total Local Usage
	11723  -  Run Bytes Sent By Job
	11405  -  Run Bytes Received By Job
	11723  -  Total Bytes Sent By Job
	11405  -  Total Bytes Received By Job
	Partitionable Resources :    Usage  Request Allocated 
	   Cpus                 :     0.46        1         1 
	   Disk (KB)            :    62           1      3906 
	   GPUs                 :                           0 
	   Memory (MB)          :   275        3000      3000 
	   TimeExecute (s)      :   381                       
	   TimeSlotBusy (s)     :   384                       
...
