Running on host b9p29p9581.cern.ch
Input file: root://grid-dc.t2.mpcdf.mpg.de:1094//atlasgroupdisk/perf-muons/rucio/user/lucam/7a/7c/user.lucam.50435891._000025.ANALYSIS.root
[7mlsetup              [0m lsetup <tool1> [ <tool2> ...] (see lsetup -h):
[7m lsetup asetup      [0m  (or asetup) to setup an Athena release
[7m lsetup astyle      [0m  ATLAS style macros
[7m lsetup atlantis    [0m  Atlantis: event display
[7m lsetup centralpage [0m  Find samples
[7m lsetup eiclient    [0m  Event Index 
[7m lsetup emi         [0m  EMI: grid middleware user interface 
[7m lsetup lcgenv      [0m  lcgenv: setup tools from cvmfs SFT repository
[7m lsetup panda       [0m  Panda: Production ANd Distributed Analysis
[7m lsetup pyami       [0m  pyAMI: ATLAS Metadata Interface python client
[7m lsetup root        [0m  ROOT data processing framework
[7m lsetup rucio       [0m  distributed data management system client
[7m lsetup scikit      [0m  python data analysis ecosystem
[7m lsetup views       [0m  Set up a full LCG release
[7m lsetup xcache      [0m  XRootD local proxy cache
[7m lsetup xrootd      [0m  XRootD data access
[7madvancedTools       [0m advanced tools menu
[7mdiagnostics         [0m diagnostic tools menu
[7mhelpMe              [0m more help
[7minstallPip          [0m install relocatable pip modules locally
[7minstallRpm          [0m install relocatable rpms locally
[7mprintMenu           [0m show this menu
[7mqueryC              [0m find / whatis container query
[7mshowVersions        [0m show versions of installed software

************************************************************************
Requested:  root ... 
 Setting up [4mroot 6.40.02-x86_64-el9-gcc15-opt[0m ... 
  ROOT is from lcgenv -p LCG_110_ATLAS_1 x86_64-el9-gcc15-opt ROOT
>>>>>>>>>>>>>>>>>>>>>>>>> Information for user <<<<<<<<<<<<<<<<<<<<<<<<<
 root:
   Tip for _this_ standalone ROOT and grid (ie prun) submission:
    avoid --athenaTag if you do not need athena
    use --rootVer=6.40.02 --cmtConfig=x86_64-el9-gcc15-opt
 root:
   Note this ROOT from lcgenv sets up a long list of library paths.
   This may slow down executables; they look at each library path item.
   A faster alternative - setup the entire LCG stack with views:
    lsetup "views LCG_110_ATLAS_1 x86_64-el9-gcc15-opt"
************************************************************************
X509_USER_PROXY = /pool/condor/dir_2003486/x509up_disaligned
[INFO] Aggiunto file singolo: root://grid-dc.t2.mpcdf.mpg.de:1094//atlasgroupdisk/perf-muons/rucio/user/lucam/7a/7c/user.lucam.50435891._000025.ANALYSIS.root
[INFO] Entries totali = 1477246

[INFO] Inizio loop eventi...

[INFO] Processati 0 eventi
[INFO] Processati 50000 eventi
[INFO] Processati 100000 eventi
[INFO] Processati 150000 eventi
[INFO] Processati 200000 eventi
[INFO] Processati 250000 eventi
[INFO] Processati 300000 eventi
[INFO] Processati 350000 eventi
[INFO] Processati 400000 eventi
[INFO] Processati 450000 eventi
[INFO] Processati 500000 eventi
[INFO] Processati 550000 eventi
[INFO] Processati 600000 eventi
[INFO] Processati 650000 eventi
[INFO] Processati 700000 eventi
[INFO] Processati 750000 eventi
[INFO] Processati 800000 eventi
[INFO] Processati 850000 eventi
[INFO] Processati 900000 eventi
[INFO] Processati 950000 eventi
[INFO] Processati 1000000 eventi
[INFO] Processati 1050000 eventi
[INFO] Processati 1100000 eventi
[INFO] Processati 1150000 eventi
[INFO] Processati 1200000 eventi
[INFO] Processati 1250000 eventi
[INFO] Processati 1300000 eventi
[INFO] Processati 1350000 eventi
[INFO] Processati 1400000 eventi
[INFO] Processati 1450000 eventi

[INFO] Muoni prompt processati = 2266657
[INFO] Muoni riempiti negli istogrammi = 1963676
[INFO] 36 istogrammi salvati in output_eta.root

=== pT bin 20_30 ===
  eta 0.0-0.1: entries=17195, RMS=0.0245
  eta 0.1-1.01: entries=158326, RMS=0.0241
  eta 1.01-1.3: entries=49712, RMS=0.0293
  eta 1.3-1.7: entries=65386, RMS=0.0329
  eta 1.7-2.5: entries=118202, RMS=0.0379
  eta 2.5-2.8: entries=25305, RMS=0.0674

=== pT bin 30_40 ===
  eta 0.0-0.1: entries=24723, RMS=0.0275
  eta 0.1-1.01: entries=227101, RMS=0.0263
  eta 1.01-1.3: entries=71002, RMS=0.0330
  eta 1.3-1.7: entries=94687, RMS=0.0343
  eta 1.7-2.5: entries=174745, RMS=0.0394
  eta 2.5-2.8: entries=39629, RMS=0.0666

=== pT bin 40_50 ===
  eta 0.0-0.1: entries=23631, RMS=0.0298
  eta 0.1-1.01: entries=215396, RMS=0.0281
  eta 1.01-1.3: entries=67634, RMS=0.0353
  eta 1.3-1.7: entries=90942, RMS=0.0361
  eta 1.7-2.5: entries=170787, RMS=0.0411
  eta 2.5-2.8: entries=39430, RMS=0.0669

=== pT bin 50_80 ===
  eta 0.0-0.1: entries=10083, RMS=0.0366
  eta 0.1-1.01: entries=91491, RMS=0.0304
  eta 1.01-1.3: entries=28302, RMS=0.0381
  eta 1.3-1.7: entries=36953, RMS=0.0393
  eta 1.7-2.5: entries=65331, RMS=0.0442
  eta 2.5-2.8: entries=14194, RMS=0.0699

=== pT bin 80_120 ===
  eta 0.0-0.1: entries=1421, RMS=0.0457
  eta 0.1-1.01: entries=12944, RMS=0.0361
  eta 1.01-1.3: entries=3929, RMS=0.0449
  eta 1.3-1.7: entries=5118, RMS=0.0470
  eta 1.7-2.5: entries=8768, RMS=0.0512
  eta 2.5-2.8: entries=1724, RMS=0.0657

=== pT bin 120_500 ===
  eta 0.0-0.1: entries=432, RMS=0.0786
  eta 0.1-1.01: entries=3894, RMS=0.0526
  eta 1.01-1.3: entries=1155, RMS=0.0600
  eta 1.3-1.7: entries=1433, RMS=0.0676
  eta 1.7-2.5: entries=2314, RMS=0.0675
  eta 2.5-2.8: entries=357, RMS=0.0937
[INFO] Tabella salvata in images/table_RMS_vs_eta.pdf

[INFO] Plot salvato in images/plot_RMS_vs_eta.png (.pdf)
[INFO] Plot overlay eta salvato in images/plot_eta_overlay.png (.pdf)
[INFO] Tabella salvata in images/table_RMS_vs_eta.pdf
Exit code: 0
