Running on host b9p28p3293.cern.ch
Input file: root://grid-dc.t2.mpcdf.mpg.de:1094//atlasgroupdisk/perf-muons/rucio/user/lucam/02/2e/user.lucam.50435891._000004.ANALYSIS.root
[7mlsetup              [0m lsetup <tool1> [ <tool2> ...] (see lsetup -h):
[7m lsetup asetup      [0m  (or asetup) to setup an Athena release
[7m lsetup astyle      [0m  ATLAS style macros
[7m lsetup atlantis    [0m  Atlantis: event display
[7m lsetup centralpage [0m  Find samples
[7m lsetup eiclient    [0m  Event Index 
[7m lsetup emi         [0m  EMI: grid middleware user interface 
[7m lsetup lcgenv      [0m  lcgenv: setup tools from cvmfs SFT repository
[7m lsetup panda       [0m  Panda: Production ANd Distributed Analysis
[7m lsetup pyami       [0m  pyAMI: ATLAS Metadata Interface python client
[7m lsetup root        [0m  ROOT data processing framework
[7m lsetup rucio       [0m  distributed data management system client
[7m lsetup scikit      [0m  python data analysis ecosystem
[7m lsetup views       [0m  Set up a full LCG release
[7m lsetup xcache      [0m  XRootD local proxy cache
[7m lsetup xrootd      [0m  XRootD data access
[7madvancedTools       [0m advanced tools menu
[7mdiagnostics         [0m diagnostic tools menu
[7mhelpMe              [0m more help
[7minstallPip          [0m install relocatable pip modules locally
[7minstallRpm          [0m install relocatable rpms locally
[7mprintMenu           [0m show this menu
[7mqueryC              [0m find / whatis container query
[7mshowVersions        [0m show versions of installed software

************************************************************************
Requested:  root ... 
 Setting up [4mroot 6.40.02-x86_64-el9-gcc15-opt[0m ... 
  ROOT is from lcgenv -p LCG_110_ATLAS_1 x86_64-el9-gcc15-opt ROOT
>>>>>>>>>>>>>>>>>>>>>>>>> Information for user <<<<<<<<<<<<<<<<<<<<<<<<<
 root:
   Tip for _this_ standalone ROOT and grid (ie prun) submission:
    avoid --athenaTag if you do not need athena
    use --rootVer=6.40.02 --cmtConfig=x86_64-el9-gcc15-opt
 root:
   Note this ROOT from lcgenv sets up a long list of library paths.
   This may slow down executables; they look at each library path item.
   A faster alternative - setup the entire LCG stack with views:
    lsetup "views LCG_110_ATLAS_1 x86_64-el9-gcc15-opt"
************************************************************************
X509_USER_PROXY = /pool/condor/dir_1057304/x509up_disaligned
[INFO] Aggiunto file singolo: root://grid-dc.t2.mpcdf.mpg.de:1094//atlasgroupdisk/perf-muons/rucio/user/lucam/02/2e/user.lucam.50435891._000004.ANALYSIS.root
[INFO] Entries totali = 1476391

[INFO] Inizio loop eventi...

[INFO] Processati 0 eventi
[INFO] Processati 50000 eventi
[INFO] Processati 100000 eventi
[INFO] Processati 150000 eventi
[INFO] Processati 200000 eventi
[INFO] Processati 250000 eventi
[INFO] Processati 300000 eventi
[INFO] Processati 350000 eventi
[INFO] Processati 400000 eventi
[INFO] Processati 450000 eventi
[INFO] Processati 500000 eventi
[INFO] Processati 550000 eventi
[INFO] Processati 600000 eventi
[INFO] Processati 650000 eventi
[INFO] Processati 700000 eventi
[INFO] Processati 750000 eventi
[INFO] Processati 800000 eventi
[INFO] Processati 850000 eventi
[INFO] Processati 900000 eventi
[INFO] Processati 950000 eventi
[INFO] Processati 1000000 eventi
[INFO] Processati 1050000 eventi
[INFO] Processati 1100000 eventi
[INFO] Processati 1150000 eventi
[INFO] Processati 1200000 eventi
[INFO] Processati 1250000 eventi
[INFO] Processati 1300000 eventi
[INFO] Processati 1350000 eventi
[INFO] Processati 1400000 eventi
[INFO] Processati 1450000 eventi

[INFO] Muoni prompt processati = 2266213
[INFO] Muoni riempiti negli istogrammi = 1963701
[INFO] 36 istogrammi salvati in output_eta.root

=== pT bin 20_30 ===
  eta 0.0-0.1: entries=17465, RMS=0.0246
  eta 0.1-1.01: entries=158289, RMS=0.0241
  eta 1.01-1.3: entries=49298, RMS=0.0294
  eta 1.3-1.7: entries=65121, RMS=0.0328
  eta 1.7-2.5: entries=118265, RMS=0.0380
  eta 2.5-2.8: entries=25258, RMS=0.0681

=== pT bin 30_40 ===
  eta 0.0-0.1: entries=25147, RMS=0.0274
  eta 0.1-1.01: entries=226624, RMS=0.0262
  eta 1.01-1.3: entries=71057, RMS=0.0329
  eta 1.3-1.7: entries=94616, RMS=0.0347
  eta 1.7-2.5: entries=174848, RMS=0.0389
  eta 2.5-2.8: entries=39179, RMS=0.0662

=== pT bin 40_50 ===
  eta 0.0-0.1: entries=23684, RMS=0.0299
  eta 0.1-1.01: entries=215736, RMS=0.0280
  eta 1.01-1.3: entries=68427, RMS=0.0343
  eta 1.3-1.7: entries=90746, RMS=0.0358
  eta 1.7-2.5: entries=171620, RMS=0.0407
  eta 2.5-2.8: entries=39504, RMS=0.0655

=== pT bin 50_80 ===
  eta 0.0-0.1: entries=9992, RMS=0.0370
  eta 0.1-1.01: entries=91293, RMS=0.0303
  eta 1.01-1.3: entries=28242, RMS=0.0382
  eta 1.3-1.7: entries=36613, RMS=0.0398
  eta 1.7-2.5: entries=65516, RMS=0.0437
  eta 2.5-2.8: entries=13906, RMS=0.0689

=== pT bin 80_120 ===
  eta 0.0-0.1: entries=1484, RMS=0.0468
  eta 0.1-1.01: entries=13040, RMS=0.0365
  eta 1.01-1.3: entries=3911, RMS=0.0479
  eta 1.3-1.7: entries=5161, RMS=0.0484
  eta 1.7-2.5: entries=8691, RMS=0.0526
  eta 2.5-2.8: entries=1665, RMS=0.0761

=== pT bin 120_500 ===
  eta 0.0-0.1: entries=418, RMS=0.0746
  eta 0.1-1.01: entries=3755, RMS=0.0518
  eta 1.01-1.3: entries=1119, RMS=0.0621
  eta 1.3-1.7: entries=1423, RMS=0.0648
  eta 1.7-2.5: entries=2231, RMS=0.0651
  eta 2.5-2.8: entries=357, RMS=0.0863
[INFO] Tabella salvata in images/table_RMS_vs_eta.pdf

[INFO] Plot salvato in images/plot_RMS_vs_eta.png (.pdf)
[INFO] Plot overlay eta salvato in images/plot_eta_overlay.png (.pdf)
[INFO] Tabella salvata in images/table_RMS_vs_eta.pdf
Exit code: 0
