000 (16827613.019.000) 09/22 13:56:39 Job submitted from host: <188.184.90.241:9618?addrs=188.184.90.241-9618+[2001-1458-201-e4--100-2eb]-9618&alias=bigbird15.cern.ch&noUDP&sock=schedd_3150_376a>
...
009 (16827613.019.000) 09/22 14:16:35 Job was aborted.
	via condor_rm (by user masegret)
...
000 (16827615.019.000) 09/22 14:16:39 Job submitted from host: <188.184.90.241:9618?addrs=188.184.90.241-9618+[2001-1458-201-e4--100-2eb]-9618&alias=bigbird15.cern.ch&noUDP&sock=schedd_3150_376a>
...
040 (16827615.019.000) 09/22 14:17:44 Started transferring input files
	Transferring to host: <188.185.213.229:9618?addrs=188.185.213.229-9618+[2001-1458-303-1b--100-61]-9618&alias=b9p28p7463.cern.ch&noUDP&sock=slot1_31_4202_7064_69116>
...
040 (16827615.019.000) 09/22 14:17:44 Finished transferring input files
...
040 (16827615.019.000) 09/22 14:17:45 Started transferring output files
...
021 (16827615.019.000) 09/22 14:17:45 Error from starter on slot1_31@b9p28p7463.cern.ch:
	Failed to transfer files: SHADOW at 188.184.90.241 failed to send file(s) to <188.185.213.229:37145>: |Error: 1 total failures: first failure: reading from file /tmp/x509up_u182844: (errno 2) No such file or directory; STARTER failed to receive file(s) from <188.184.90.241:9618>
	Code 13 Subcode 2
...
004 (16827615.019.000) 09/22 14:17:45 Job was evicted. Code 13 Subcode 2
	(0) CPU times
		Usr 0 00:00:00, Sys 0 00:00:00  -  Run Remote Usage
		Usr 0 00:00:00, Sys 0 00:00:00  -  Run Local Usage
	0  -  Run Bytes Sent By Job
	0  -  Run Bytes Received By Job
	Reason: Transfer input files failure at access point bigbird15 while sending files to execution point slot1_31@b9p28p7463.cern.ch. Details: 1 total failures: first failure: reading from file /tmp/x509up_u182844: (errno 2) No such file or directory
	Partitionable Resources :    Usage  Request Allocated 
	   Cpus                 :                 1         1 
	   Disk (KB)            :       34        1      3603 
	   GPUs                 :                           0 
	   Memory (MB)          :              3000      3000 
...
012 (16827615.019.000) 09/22 14:17:46 Job was held.
	Transfer input files failure at access point bigbird15 while sending files to execution point slot1_31@b9p28p7463.cern.ch. Details: 1 total failures: first failure: reading from file /tmp/x509up_u182844: (errno 2) No such file or directory
	Code 13 Subcode 2
...
013 (16827615.019.000) 09/22 14:19:45 Job was released.
	via condor_release (by user masegret)
...
040 (16827615.019.000) 09/22 14:22:54 Started transferring input files
	Transferring to host: <128.142.132.104:9618?addrs=128.142.132.104-9618+[2001-1458-301-5a--100-5c]-9618&alias=b9g12p5821.cern.ch&noUDP&sock=slot1_24_2964_27f2_68012>
...
040 (16827615.019.000) 09/22 14:22:54 Finished transferring input files
...
040 (16827615.019.000) 09/22 14:22:55 Started transferring output files
...
021 (16827615.019.000) 09/22 14:22:55 Error from starter on slot1_24@b9g12p5821.cern.ch:
	Failed to transfer files: SHADOW at 188.184.90.241 failed to send file(s) to <128.142.132.104:44653>: |Error: 1 total failures: first failure: reading from file /tmp/x509up_u182844: (errno 2) No such file or directory; STARTER failed to receive file(s) from <188.184.90.241:9618>
	Code 13 Subcode 2
...
004 (16827615.019.000) 09/22 14:22:55 Job was evicted. Code 13 Subcode 2
	(0) CPU times
		Usr 0 00:00:00, Sys 0 00:00:00  -  Run Remote Usage
		Usr 0 00:00:00, Sys 0 00:00:00  -  Run Local Usage
	0  -  Run Bytes Sent By Job
	0  -  Run Bytes Received By Job
	Reason: Transfer input files failure at access point bigbird15 while sending files to execution point slot1_24@b9g12p5821.cern.ch. Details: 1 total failures: first failure: reading from file /tmp/x509up_u182844: (errno 2) No such file or directory
	Partitionable Resources :    Usage  Request Allocated 
	   Cpus                 :        0        1         1 
	   Disk (KB)            :       44       35      2689 
	   GPUs                 :                           0 
	   Memory (MB)          :              3000      3000 
...
012 (16827615.019.000) 09/22 14:22:55 Job was held.
	Transfer input files failure at access point bigbird15 while sending files to execution point slot1_24@b9g12p5821.cern.ch. Details: 1 total failures: first failure: reading from file /tmp/x509up_u182844: (errno 2) No such file or directory
	Code 13 Subcode 2
...
009 (16827615.019.000) 09/22 14:24:52 Job was aborted.
	via condor_rm (by user masegret)
...
000 (16827617.019.000) 09/22 14:24:55 Job submitted from host: <188.184.90.241:9618?addrs=188.184.90.241-9618+[2001-1458-201-e4--100-2eb]-9618&alias=bigbird15.cern.ch&noUDP&sock=schedd_3150_376a>
...
040 (16827617.019.000) 09/22 14:28:26 Started transferring input files
	Transferring to host: <188.185.195.59:9618?addrs=188.185.195.59-9618+[2001-1458-303-22--100-37]-9618&alias=b9p17p0722.cern.ch&noUDP&sock=slot1_4_487250_741f_86598>
...
040 (16827617.019.000) 09/22 14:28:26 Finished transferring input files
...
001 (16827617.019.000) 09/22 14:28:27 Job executing on host: <188.185.195.59:9618?addrs=188.185.195.59-9618+[2001-1458-303-22--100-37]-9618&alias=b9p17p0722.cern.ch&noUDP&sock=startd_3885_5d86>
	SlotName: slot1_4@b9p17p0722.cern.ch
	CondorScratchDir = "/pool/condor/dir_4181859"
	Cpus = 1
	Disk = 3795
	GPUs = 0
	Memory = 3000
...
006 (16827617.019.000) 09/22 14:28:35 Image size of job updated: 2336
	3  -  MemoryUsage of job (MB)
	2336  -  ResidentSetSize of job (KB)
...
006 (16827617.019.000) 09/22 14:33:35 Image size of job updated: 277332
	271  -  MemoryUsage of job (MB)
	277332  -  ResidentSetSize of job (KB)
...
040 (16827617.019.000) 09/22 14:33:42 Started transferring output files
...
040 (16827617.019.000) 09/22 14:33:42 Finished transferring output files
...
005 (16827617.019.000) 09/22 14:33:42 Job terminated.
	(1) Normal termination (return value 0)
		Usr 0 00:02:58, Sys 0 00:00:12  -  Run Remote Usage
		Usr 0 00:00:00, Sys 0 00:00:00  -  Run Local Usage
		Usr 0 00:02:58, Sys 0 00:00:12  -  Total Remote Usage
		Usr 0 00:00:00, Sys 0 00:00:00  -  Total Local Usage
	11722  -  Run Bytes Sent By Job
	11404  -  Run Bytes Received By Job
	11722  -  Total Bytes Sent By Job
	11404  -  Total Bytes Received By Job
	Partitionable Resources :    Usage  Request Allocated 
	   Cpus                 :                 1         1 
	   Disk (KB)            :       68        1      3795 
	   GPUs                 :                           0 
	   Memory (MB)          :      271     3000      3000 
	   TimeExecute (s)      :      315                    
	   TimeSlotBusy (s)     :      317                    
...
