000 (16827613.021.000) 09/22 13:56:39 Job submitted from host: <188.184.90.241:9618?addrs=188.184.90.241-9618+[2001-1458-201-e4--100-2eb]-9618&alias=bigbird15.cern.ch&noUDP&sock=schedd_3150_376a>
...
009 (16827613.021.000) 09/22 14:16:35 Job was aborted.
	via condor_rm (by user masegret)
...
000 (16827615.021.000) 09/22 14:16:39 Job submitted from host: <188.184.90.241:9618?addrs=188.184.90.241-9618+[2001-1458-201-e4--100-2eb]-9618&alias=bigbird15.cern.ch&noUDP&sock=schedd_3150_376a>
...
040 (16827615.021.000) 09/22 14:17:48 Started transferring input files
	Transferring to host: <188.185.213.229:9618?addrs=188.185.213.229-9618+[2001-1458-303-1b--100-61]-9618&alias=b9p28p7463.cern.ch&noUDP&sock=slot1_31_4202_7064_69118>
...
040 (16827615.021.000) 09/22 14:17:48 Finished transferring input files
...
040 (16827615.021.000) 09/22 14:17:49 Started transferring output files
...
021 (16827615.021.000) 09/22 14:17:49 Error from starter on slot1_31@b9p28p7463.cern.ch:
	Failed to transfer files: SHADOW at 188.184.90.241 failed to send file(s) to <188.185.213.229:44833>: |Error: 1 total failures: first failure: reading from file /tmp/x509up_u182844: (errno 2) No such file or directory; STARTER failed to receive file(s) from <188.184.90.241:9618>
	Code 13 Subcode 2
...
004 (16827615.021.000) 09/22 14:17:49 Job was evicted. Code 13 Subcode 2
	(0) CPU times
		Usr 0 00:00:00, Sys 0 00:00:00  -  Run Remote Usage
		Usr 0 00:00:00, Sys 0 00:00:00  -  Run Local Usage
	0  -  Run Bytes Sent By Job
	0  -  Run Bytes Received By Job
	Reason: Transfer input files failure at access point bigbird15 while sending files to execution point slot1_31@b9p28p7463.cern.ch. Details: 1 total failures: first failure: reading from file /tmp/x509up_u182844: (errno 2) No such file or directory
	Partitionable Resources :    Usage  Request Allocated 
	   Cpus                 :        0        1         1 
	   Disk (KB)            :       43        1      3603 
	   GPUs                 :                           0 
	   Memory (MB)          :              3000      3000 
...
012 (16827615.021.000) 09/22 14:17:49 Job was held.
	Transfer input files failure at access point bigbird15 while sending files to execution point slot1_31@b9p28p7463.cern.ch. Details: 1 total failures: first failure: reading from file /tmp/x509up_u182844: (errno 2) No such file or directory
	Code 13 Subcode 2
...
013 (16827615.021.000) 09/22 14:19:45 Job was released.
	via condor_release (by user masegret)
...
040 (16827615.021.000) 09/22 14:22:54 Started transferring input files
	Transferring to host: <128.142.137.123:9618?addrs=128.142.137.123-9618+[2001-1458-301-5e--100-6f]-9618&alias=b9g19p8425.cern.ch&noUDP&sock=slot1_13_3018_3434_67416>
...
040 (16827615.021.000) 09/22 14:22:54 Finished transferring input files
...
040 (16827615.021.000) 09/22 14:22:55 Started transferring output files
...
021 (16827615.021.000) 09/22 14:22:55 Error from starter on slot1_13@b9g19p8425.cern.ch:
	Failed to transfer files: SHADOW at 188.184.90.241 failed to send file(s) to <128.142.137.123:41661>: |Error: 1 total failures: first failure: reading from file /tmp/x509up_u182844: (errno 2) No such file or directory; STARTER failed to receive file(s) from <188.184.90.241:9618>
	Code 13 Subcode 2
...
004 (16827615.021.000) 09/22 14:22:55 Job was evicted. Code 13 Subcode 2
	(0) CPU times
		Usr 0 00:00:00, Sys 0 00:00:00  -  Run Remote Usage
		Usr 0 00:00:00, Sys 0 00:00:00  -  Run Local Usage
	0  -  Run Bytes Sent By Job
	0  -  Run Bytes Received By Job
	Reason: Transfer input files failure at access point bigbird15 while sending files to execution point slot1_13@b9g19p8425.cern.ch. Details: 1 total failures: first failure: reading from file /tmp/x509up_u182844: (errno 2) No such file or directory
	Partitionable Resources :    Usage  Request Allocated 
	   Cpus                 :        0        1         1 
	   Disk (KB)            :       44       45      2734 
	   GPUs                 :                           0 
	   Memory (MB)          :              3000      3000 
...
012 (16827615.021.000) 09/22 14:22:56 Job was held.
	Transfer input files failure at access point bigbird15 while sending files to execution point slot1_13@b9g19p8425.cern.ch. Details: 1 total failures: first failure: reading from file /tmp/x509up_u182844: (errno 2) No such file or directory
	Code 13 Subcode 2
...
009 (16827615.021.000) 09/22 14:24:52 Job was aborted.
	via condor_rm (by user masegret)
...
000 (16827617.021.000) 09/22 14:24:55 Job submitted from host: <188.184.90.241:9618?addrs=188.184.90.241-9618+[2001-1458-201-e4--100-2eb]-9618&alias=bigbird15.cern.ch&noUDP&sock=schedd_3150_376a>
...
040 (16827617.021.000) 09/22 14:28:26 Started transferring input files
	Transferring to host: <188.185.204.194:9618?addrs=188.185.204.194-9618+[2001-1458-303-8--100-b6]-9618&alias=b9p02p3136.cern.ch&noUDP&sock=slot1_15_3945_5bf9_67838>
...
040 (16827617.021.000) 09/22 14:28:26 Finished transferring input files
...
001 (16827617.021.000) 09/22 14:28:27 Job executing on host: <188.185.204.194:9618?addrs=188.185.204.194-9618+[2001-1458-303-8--100-b6]-9618&alias=b9p02p3136.cern.ch&noUDP&sock=startd_3408_2ed9>
	SlotName: slot1_15@b9p02p3136.cern.ch
	CondorScratchDir = "/pool/condor/dir_3155359"
	Cpus = 1
	Disk = 3690
	GPUs = 0
	Memory = 3000
...
006 (16827617.021.000) 09/22 14:28:36 Image size of job updated: 2612
	3  -  MemoryUsage of job (MB)
	2612  -  ResidentSetSize of job (KB)
...
006 (16827617.021.000) 09/22 14:32:57 Image size of job updated: 283196
	3  -  MemoryUsage of job (MB)
	2612  -  ResidentSetSize of job (KB)
...
040 (16827617.021.000) 09/22 14:32:57 Started transferring output files
...
040 (16827617.021.000) 09/22 14:32:57 Finished transferring output files
...
005 (16827617.021.000) 09/22 14:32:57 Job terminated.
	(1) Normal termination (return value 0)
		Usr 0 00:02:35, Sys 0 00:00:12  -  Run Remote Usage
		Usr 0 00:00:00, Sys 0 00:00:00  -  Run Local Usage
		Usr 0 00:02:35, Sys 0 00:00:12  -  Total Remote Usage
		Usr 0 00:00:00, Sys 0 00:00:00  -  Total Local Usage
	11723  -  Run Bytes Sent By Job
	11404  -  Run Bytes Received By Job
	11723  -  Total Bytes Sent By Job
	11404  -  Total Bytes Received By Job
	Partitionable Resources :    Usage  Request Allocated 
	   Cpus                 :     0.54        1         1 
	   Disk (KB)            :    69           1      3690 
	   GPUs                 :                           0 
	   Memory (MB)          :     3        3000      3000 
	   TimeExecute (s)      :   270                       
	   TimeSlotBusy (s)     :   272                       
...
