000 (16828062.001.000) 09/22 20:08:44 Job submitted from host: <188.184.90.241:9618?addrs=188.184.90.241-9618+[2001-1458-201-e4--100-2eb]-9618&alias=bigbird15.cern.ch&noUDP&sock=schedd_3150_376a>
...
040 (16828062.001.000) 09/22 21:07:09 Started transferring input files
	Transferring to host: <188.185.206.142:9618?addrs=188.185.206.142-9618+[2001-1458-303-c--100-b]-9618&alias=b9p06p3480.cern.ch&noUDP&sock=slot1_21_10962_7877_68364>
...
040 (16828062.001.000) 09/22 21:07:09 Finished transferring input files
...
001 (16828062.001.000) 09/22 21:07:10 Job executing on host: <188.185.206.142:9618?addrs=188.185.206.142-9618+[2001-1458-303-c--100-b]-9618&alias=b9p06p3480.cern.ch&noUDP&sock=startd_9469_865e>
	SlotName: slot1_21@b9p06p3480.cern.ch
	CondorScratchDir = "/pool/condor/dir_3451432"
	Cpus = 1
	Disk = 3507
	GPUs = 0
	Memory = 3000
...
006 (16828062.001.000) 09/22 21:07:19 Image size of job updated: 3860
	4  -  MemoryUsage of job (MB)
	3860  -  ResidentSetSize of job (KB)
...
006 (16828062.001.000) 09/22 21:12:19 Image size of job updated: 283284
	277  -  MemoryUsage of job (MB)
	283284  -  ResidentSetSize of job (KB)
...
040 (16828062.001.000) 09/22 21:12:51 Started transferring output files
...
040 (16828062.001.000) 09/22 21:12:51 Finished transferring output files
...
005 (16828062.001.000) 09/22 21:12:51 Job terminated.
	(1) Normal termination (return value 0)
		Usr 0 00:02:31, Sys 0 00:00:11  -  Run Remote Usage
		Usr 0 00:00:00, Sys 0 00:00:00  -  Run Local Usage
		Usr 0 00:02:31, Sys 0 00:00:11  -  Total Remote Usage
		Usr 0 00:00:00, Sys 0 00:00:00  -  Total Local Usage
	10810  -  Run Bytes Sent By Job
	11404  -  Run Bytes Received By Job
	10810  -  Total Bytes Sent By Job
	11404  -  Total Bytes Received By Job
	Partitionable Resources :    Usage  Request Allocated 
	   Cpus                 :     0.36        1         1 
	   Disk (KB)            :    70           1      3507 
	   GPUs                 :                           0 
	   Memory (MB)          :   277        3000      3000 
	   TimeExecute (s)      :   341                       
	   TimeSlotBusy (s)     :   343                       
...
