Running on host b9p24p1879.cern.ch
Input file: root://grid-dc.t2.mpcdf.mpg.de:1094//atlasgroupdisk/perf-muons/rucio/user/lucam/e3/43/user.lucam.50435891._000009.ANALYSIS.root
[7mlsetup              [0m lsetup <tool1> [ <tool2> ...] (see lsetup -h):
[7m lsetup asetup      [0m  (or asetup) to setup an Athena release
[7m lsetup astyle      [0m  ATLAS style macros
[7m lsetup atlantis    [0m  Atlantis: event display
[7m lsetup centralpage [0m  Find samples
[7m lsetup eiclient    [0m  Event Index 
[7m lsetup emi         [0m  EMI: grid middleware user interface 
[7m lsetup lcgenv      [0m  lcgenv: setup tools from cvmfs SFT repository
[7m lsetup panda       [0m  Panda: Production ANd Distributed Analysis
[7m lsetup pyami       [0m  pyAMI: ATLAS Metadata Interface python client
[7m lsetup root        [0m  ROOT data processing framework
[7m lsetup rucio       [0m  distributed data management system client
[7m lsetup scikit      [0m  python data analysis ecosystem
[7m lsetup views       [0m  Set up a full LCG release
[7m lsetup xcache      [0m  XRootD local proxy cache
[7m lsetup xrootd      [0m  XRootD data access
[7madvancedTools       [0m advanced tools menu
[7mdiagnostics         [0m diagnostic tools menu
[7mhelpMe              [0m more help
[7minstallPip          [0m install relocatable pip modules locally
[7minstallRpm          [0m install relocatable rpms locally
[7mprintMenu           [0m show this menu
[7mqueryC              [0m find / whatis container query
[7mshowVersions        [0m show versions of installed software

Warning: atlas /cvmfs/atlas.cern.ch/repo may be stale
  2026Sep14 11:15 | lxcvmfs169.cern.ch | 1789377340
Warning: sft repo ALRB_cvmfs_sft_repo may be stale
  2026-09-14 11:43:49 | lxcvmfs145.cern.ch | 1789379029
Warning: unpacked repo  may be stale
  2026Sep14 00:17 | lxcvmfs119.cern.ch | 1789337826
************************************************************************
Requested:  root ... 
 Setting up [4mroot 6.40.02-x86_64-el9-gcc15-opt[0m ... 
  ROOT is from lcgenv -p LCG_110_ATLAS_1 x86_64-el9-gcc15-opt ROOT
>>>>>>>>>>>>>>>>>>>>>>>>> Information for user <<<<<<<<<<<<<<<<<<<<<<<<<
 root:
   Tip for _this_ standalone ROOT and grid (ie prun) submission:
    avoid --athenaTag if you do not need athena
    use --rootVer=6.40.02 --cmtConfig=x86_64-el9-gcc15-opt
 root:
   Note this ROOT from lcgenv sets up a long list of library paths.
   This may slow down executables; they look at each library path item.
   A faster alternative - setup the entire LCG stack with views:
    lsetup "views LCG_110_ATLAS_1 x86_64-el9-gcc15-opt"
************************************************************************
X509_USER_PROXY = /pool/condor/dir_204449/x509up_disaligned
[INFO] Aggiunto file singolo: root://grid-dc.t2.mpcdf.mpg.de:1094//atlasgroupdisk/perf-muons/rucio/user/lucam/e3/43/user.lucam.50435891._000009.ANALYSIS.root
[INFO] Entries totali = 1476986

[INFO] Inizio loop eventi...

[INFO] Processati 0 eventi
[INFO] Processati 50000 eventi
[INFO] Processati 100000 eventi
[INFO] Processati 150000 eventi
[INFO] Processati 200000 eventi
[INFO] Processati 250000 eventi
[INFO] Processati 300000 eventi
[INFO] Processati 350000 eventi
[INFO] Processati 400000 eventi
[INFO] Processati 450000 eventi
[INFO] Processati 500000 eventi
[INFO] Processati 550000 eventi
[INFO] Processati 600000 eventi
[INFO] Processati 650000 eventi
[INFO] Processati 700000 eventi
[INFO] Processati 750000 eventi
[INFO] Processati 800000 eventi
[INFO] Processati 850000 eventi
[INFO] Processati 900000 eventi
[INFO] Processati 950000 eventi
[INFO] Processati 1000000 eventi
[INFO] Processati 1050000 eventi
[INFO] Processati 1100000 eventi
[INFO] Processati 1150000 eventi
[INFO] Processati 1200000 eventi
[INFO] Processati 1250000 eventi
[INFO] Processati 1300000 eventi
[INFO] Processati 1350000 eventi
[INFO] Processati 1400000 eventi
[INFO] Processati 1450000 eventi

[INFO] Muoni prompt processati = 2267317
[INFO] Muoni riempiti negli istogrammi = 1963769
[INFO] 36 istogrammi salvati in output_eta.root

=== pT bin 20_30 ===
  eta 0.0-0.1: entries=17240, RMS=0.0237
  eta 0.1-1.01: entries=157798, RMS=0.0240
  eta 1.01-1.3: entries=49403, RMS=0.0297
  eta 1.3-1.7: entries=64886, RMS=0.0329
  eta 1.7-2.5: entries=118196, RMS=0.0379
  eta 2.5-2.8: entries=25119, RMS=0.0672

=== pT bin 30_40 ===
  eta 0.0-0.1: entries=24746, RMS=0.0273
  eta 0.1-1.01: entries=227801, RMS=0.0263
  eta 1.01-1.3: entries=71185, RMS=0.0325
  eta 1.3-1.7: entries=94559, RMS=0.0347
  eta 1.7-2.5: entries=174952, RMS=0.0393
  eta 2.5-2.8: entries=39777, RMS=0.0649

=== pT bin 40_50 ===
  eta 0.0-0.1: entries=24054, RMS=0.0308
  eta 0.1-1.01: entries=215925, RMS=0.0276
  eta 1.01-1.3: entries=68434, RMS=0.0352
  eta 1.3-1.7: entries=90796, RMS=0.0361
  eta 1.7-2.5: entries=170060, RMS=0.0407
  eta 2.5-2.8: entries=39184, RMS=0.0679

=== pT bin 50_80 ===
  eta 0.0-0.1: entries=10261, RMS=0.0366
  eta 0.1-1.01: entries=91466, RMS=0.0307
  eta 1.01-1.3: entries=28176, RMS=0.0390
  eta 1.3-1.7: entries=36975, RMS=0.0393
  eta 1.7-2.5: entries=65439, RMS=0.0444
  eta 2.5-2.8: entries=13988, RMS=0.0677

=== pT bin 80_120 ===
  eta 0.0-0.1: entries=1429, RMS=0.0512
  eta 0.1-1.01: entries=12917, RMS=0.0383
  eta 1.01-1.3: entries=3936, RMS=0.0461
  eta 1.3-1.7: entries=5111, RMS=0.0476
  eta 1.7-2.5: entries=8740, RMS=0.0507
  eta 2.5-2.8: entries=1744, RMS=0.0749

=== pT bin 120_500 ===
  eta 0.0-0.1: entries=445, RMS=0.0829
  eta 0.1-1.01: entries=3831, RMS=0.0505
  eta 1.01-1.3: entries=1155, RMS=0.0576
  eta 1.3-1.7: entries=1450, RMS=0.0655
  eta 1.7-2.5: entries=2218, RMS=0.0664
  eta 2.5-2.8: entries=373, RMS=0.0795
[INFO] Tabella salvata in images/table_RMS_vs_eta.pdf

[INFO] Plot salvato in images/plot_RMS_vs_eta.png (.pdf)
[INFO] Plot overlay eta salvato in images/plot_eta_overlay.png (.pdf)
[INFO] Tabella salvata in images/table_RMS_vs_eta.pdf
Exit code: 0
