000 (16827613.025.000) 09/22 13:56:39 Job submitted from host: <188.184.90.241:9618?addrs=188.184.90.241-9618+[2001-1458-201-e4--100-2eb]-9618&alias=bigbird15.cern.ch&noUDP&sock=schedd_3150_376a>
...
009 (16827613.025.000) 09/22 14:16:35 Job was aborted.
	via condor_rm (by user masegret)
...
000 (16827615.025.000) 09/22 14:16:39 Job submitted from host: <188.184.90.241:9618?addrs=188.184.90.241-9618+[2001-1458-201-e4--100-2eb]-9618&alias=bigbird15.cern.ch&noUDP&sock=schedd_3150_376a>
...
040 (16827615.025.000) 09/22 14:17:54 Started transferring input files
	Transferring to host: <188.185.213.229:9618?addrs=188.185.213.229-9618+[2001-1458-303-1b--100-61]-9618&alias=b9p28p7463.cern.ch&noUDP&sock=slot1_31_4202_7064_69122>
...
040 (16827615.025.000) 09/22 14:17:54 Finished transferring input files
...
040 (16827615.025.000) 09/22 14:17:55 Started transferring output files
...
021 (16827615.025.000) 09/22 14:17:55 Error from starter on slot1_31@b9p28p7463.cern.ch:
	Failed to transfer files: SHADOW at 188.184.90.241 failed to send file(s) to <188.185.213.229:40289>: |Error: 1 total failures: first failure: reading from file /tmp/x509up_u182844: (errno 2) No such file or directory; STARTER failed to receive file(s) from <188.184.90.241:9618>
	Code 13 Subcode 2
...
004 (16827615.025.000) 09/22 14:17:55 Job was evicted. Code 13 Subcode 2
	(0) CPU times
		Usr 0 00:00:00, Sys 0 00:00:00  -  Run Remote Usage
		Usr 0 00:00:00, Sys 0 00:00:00  -  Run Local Usage
	0  -  Run Bytes Sent By Job
	0  -  Run Bytes Received By Job
	Reason: Transfer input files failure at access point bigbird15 while sending files to execution point slot1_31@b9p28p7463.cern.ch. Details: 1 total failures: first failure: reading from file /tmp/x509up_u182844: (errno 2) No such file or directory
	Partitionable Resources :    Usage  Request Allocated 
	   Cpus                 :                 1         1 
	   Disk (KB)            :       34        1      3603 
	   GPUs                 :                           0 
	   Memory (MB)          :              3000      3000 
...
012 (16827615.025.000) 09/22 14:17:55 Job was held.
	Transfer input files failure at access point bigbird15 while sending files to execution point slot1_31@b9p28p7463.cern.ch. Details: 1 total failures: first failure: reading from file /tmp/x509up_u182844: (errno 2) No such file or directory
	Code 13 Subcode 2
...
013 (16827615.025.000) 09/22 14:19:45 Job was released.
	via condor_release (by user masegret)
...
040 (16827615.025.000) 09/22 14:22:54 Started transferring input files
	Transferring to host: <128.142.132.47:9618?addrs=128.142.132.47-9618+[2001-1458-301-5a--100-23]-9618&alias=b9g12p4505.cern.ch&noUDP&sock=slot1_1_2899_5b8f_66209>
...
040 (16827615.025.000) 09/22 14:22:54 Finished transferring input files
...
040 (16827615.025.000) 09/22 14:22:55 Started transferring output files
...
021 (16827615.025.000) 09/22 14:22:55 Error from starter on slot1_1@b9g12p4505.cern.ch:
	Failed to transfer files: SHADOW at 188.184.90.241 failed to send file(s) to <128.142.132.47:35541>: |Error: 1 total failures: first failure: reading from file /tmp/x509up_u182844: (errno 2) No such file or directory; STARTER failed to receive file(s) from <188.184.90.241:9618>
	Code 13 Subcode 2
...
004 (16827615.025.000) 09/22 14:22:55 Job was evicted. Code 13 Subcode 2
	(0) CPU times
		Usr 0 00:00:00, Sys 0 00:00:00  -  Run Remote Usage
		Usr 0 00:00:00, Sys 0 00:00:00  -  Run Local Usage
	0  -  Run Bytes Sent By Job
	0  -  Run Bytes Received By Job
	Reason: Transfer input files failure at access point bigbird15 while sending files to execution point slot1_1@b9g12p4505.cern.ch. Details: 1 total failures: first failure: reading from file /tmp/x509up_u182844: (errno 2) No such file or directory
	Partitionable Resources :    Usage  Request Allocated 
	   Cpus                 :        0        1         1 
	   Disk (KB)            :       44       35      2639 
	   GPUs                 :                           0 
	   Memory (MB)          :              3000      3000 
...
012 (16827615.025.000) 09/22 14:22:56 Job was held.
	Transfer input files failure at access point bigbird15 while sending files to execution point slot1_1@b9g12p4505.cern.ch. Details: 1 total failures: first failure: reading from file /tmp/x509up_u182844: (errno 2) No such file or directory
	Code 13 Subcode 2
...
009 (16827615.025.000) 09/22 14:24:52 Job was aborted.
	via condor_rm (by user masegret)
...
000 (16827617.025.000) 09/22 14:24:55 Job submitted from host: <188.184.90.241:9618?addrs=188.184.90.241-9618+[2001-1458-201-e4--100-2eb]-9618&alias=bigbird15.cern.ch&noUDP&sock=schedd_3150_376a>
...
040 (16827617.025.000) 09/22 14:28:26 Started transferring input files
	Transferring to host: <188.185.205.206:9618?addrs=188.185.205.206-9618+[2001-1458-303-a--100-4b]-9618&alias=b9p04p2719.cern.ch&noUDP&sock=slot1_6_10914_a675_68753>
...
040 (16827617.025.000) 09/22 14:28:26 Finished transferring input files
...
001 (16827617.025.000) 09/22 14:28:27 Job executing on host: <188.185.205.206:9618?addrs=188.185.205.206-9618+[2001-1458-303-a--100-4b]-9618&alias=b9p04p2719.cern.ch&noUDP&sock=startd_9882_cefb>
	SlotName: slot1_6@b9p04p2719.cern.ch
	CondorScratchDir = "/pool/condor/dir_656169"
	Cpus = 1
	Disk = 3561
	GPUs = 0
	Memory = 3000
...
006 (16827617.025.000) 09/22 14:28:35 Image size of job updated: 1680
	2  -  MemoryUsage of job (MB)
	1680  -  ResidentSetSize of job (KB)
...
006 (16827617.025.000) 09/22 14:33:00 Image size of job updated: 283248
	2  -  MemoryUsage of job (MB)
	1680  -  ResidentSetSize of job (KB)
...
040 (16827617.025.000) 09/22 14:33:00 Started transferring output files
...
040 (16827617.025.000) 09/22 14:33:00 Finished transferring output files
...
005 (16827617.025.000) 09/22 14:33:01 Job terminated.
	(1) Normal termination (return value 0)
		Usr 0 00:01:54, Sys 0 00:00:09  -  Run Remote Usage
		Usr 0 00:00:00, Sys 0 00:00:00  -  Run Local Usage
		Usr 0 00:01:54, Sys 0 00:00:09  -  Total Remote Usage
		Usr 0 00:00:00, Sys 0 00:00:00  -  Total Local Usage
	11722  -  Run Bytes Sent By Job
	11404  -  Run Bytes Received By Job
	11722  -  Total Bytes Sent By Job
	11404  -  Total Bytes Received By Job
	Partitionable Resources :    Usage  Request Allocated 
	   Cpus                 :     0.41        1         1 
	   Disk (KB)            :    66           1      3561 
	   GPUs                 :                           0 
	   Memory (MB)          :     2        3000      3000 
	   TimeExecute (s)      :   273                       
	   TimeSlotBusy (s)     :   275                       
...
