000 (16711818.006.000) 08/10 12:09:49 Job submitted from host: <188.184.90.241:9618?addrs=188.184.90.241-9618+[2001-1458-201-e4--100-2eb]-9618&alias=bigbird15.cern.ch&noUDP&sock=schedd_3150_376a>
...
040 (16711818.006.000) 08/10 12:10:37 Started transferring input files
	Transferring to host: <128.142.248.233:9618?addrs=128.142.248.233-9618+[2001-1458-301-73--100-e8]-9618&alias=b9g23p4534.cern.ch&noUDP&sock=slot1_12_6867_2c30_16881>
...
040 (16711818.006.000) 08/10 12:10:37 Finished transferring input files
...
001 (16711818.006.000) 08/10 12:10:38 Job executing on host: <128.142.248.233:9618?addrs=128.142.248.233-9618+[2001-1458-301-73--100-e8]-9618&alias=b9g23p4534.cern.ch&noUDP&sock=startd_5996_55f3>
	SlotName: slot1_12@b9g23p4534.cern.ch
	CondorScratchDir = "/pool/condor/dir_2144984"
	Cpus = 1
	Disk = 3909
	GPUs = 0
	Memory = 3000
...
006 (16711818.006.000) 08/10 12:10:47 Image size of job updated: 2588
	3  -  MemoryUsage of job (MB)
	2588  -  ResidentSetSize of job (KB)
...
006 (16711818.006.000) 08/10 12:15:48 Image size of job updated: 295108
	289  -  MemoryUsage of job (MB)
	295108  -  ResidentSetSize of job (KB)
...
006 (16711818.006.000) 08/10 12:16:05 Image size of job updated: 297908
	289  -  MemoryUsage of job (MB)
	295108  -  ResidentSetSize of job (KB)
...
040 (16711818.006.000) 08/10 12:16:05 Started transferring output files
...
040 (16711818.006.000) 08/10 12:16:05 Finished transferring output files
...
005 (16711818.006.000) 08/10 12:16:05 Job terminated.
	(1) Normal termination (return value 0)
		Usr 0 00:04:08, Sys 0 00:00:12  -  Run Remote Usage
		Usr 0 00:00:00, Sys 0 00:00:00  -  Run Local Usage
		Usr 0 00:04:08, Sys 0 00:00:12  -  Total Remote Usage
		Usr 0 00:00:00, Sys 0 00:00:00  -  Total Local Usage
	11477  -  Run Bytes Sent By Job
	11410  -  Run Bytes Received By Job
	11477  -  Total Bytes Sent By Job
	11410  -  Total Bytes Received By Job
	Partitionable Resources :    Usage  Request Allocated 
	   Cpus                 :        0        1         1 
	   Disk (KB)            :       74        1      3909 
	   GPUs                 :                           0 
	   Memory (MB)          :      289     3000      3000 
	   TimeExecute (s)      :      327                    
	   TimeSlotBusy (s)     :      329                    
...
