000 (16711818.002.000) 08/10 12:09:49 Job submitted from host: <188.184.90.241:9618?addrs=188.184.90.241-9618+[2001-1458-201-e4--100-2eb]-9618&alias=bigbird15.cern.ch&noUDP&sock=schedd_3150_376a>
...
040 (16711818.002.000) 08/10 12:10:36 Started transferring input files
	Transferring to host: <188.185.211.55:9618?addrs=188.185.211.55-9618+[2001-1458-303-16--100-33]-9618&alias=b9p23p0726.cern.ch&noUDP&sock=slot1_38_6019_ae0e_27928>
...
040 (16711818.002.000) 08/10 12:10:36 Finished transferring input files
...
001 (16711818.002.000) 08/10 12:10:37 Job executing on host: <188.185.211.55:9618?addrs=188.185.211.55-9618+[2001-1458-303-16--100-33]-9618&alias=b9p23p0726.cern.ch&noUDP&sock=startd_5347_2cfc>
	SlotName: slot1_38@b9p23p0726.cern.ch
	CondorScratchDir = "/pool/condor/dir_3110904"
	Cpus = 1
	Disk = 3887
	GPUs = 0
	Memory = 3000
...
006 (16711818.002.000) 08/10 12:10:45 Image size of job updated: 3908
	4  -  MemoryUsage of job (MB)
	3908  -  ResidentSetSize of job (KB)
...
006 (16711818.002.000) 08/10 12:15:45 Image size of job updated: 308384
	302  -  MemoryUsage of job (MB)
	308384  -  ResidentSetSize of job (KB)
...
006 (16711818.002.000) 08/10 12:16:12 Image size of job updated: 308436
	302  -  MemoryUsage of job (MB)
	308384  -  ResidentSetSize of job (KB)
...
040 (16711818.002.000) 08/10 12:16:12 Started transferring output files
...
040 (16711818.002.000) 08/10 12:16:12 Finished transferring output files
...
005 (16711818.002.000) 08/10 12:16:12 Job terminated.
	(1) Normal termination (return value 0)
		Usr 0 00:03:33, Sys 0 00:00:15  -  Run Remote Usage
		Usr 0 00:00:00, Sys 0 00:00:00  -  Run Local Usage
		Usr 0 00:03:33, Sys 0 00:00:15  -  Total Remote Usage
		Usr 0 00:00:00, Sys 0 00:00:00  -  Total Local Usage
	11534  -  Run Bytes Sent By Job
	11410  -  Run Bytes Received By Job
	11534  -  Total Bytes Sent By Job
	11410  -  Total Bytes Received By Job
	Partitionable Resources :    Usage  Request Allocated 
	   Cpus                 :     0.65        1         1 
	   Disk (KB)            :    74           1      3887 
	   GPUs                 :                           0 
	   Memory (MB)          :   302        3000      3000 
	   TimeExecute (s)      :   335                       
	   TimeSlotBusy (s)     :   337                       
...
