000 (16711818.005.000) 08/10 12:09:49 Job submitted from host: <188.184.90.241:9618?addrs=188.184.90.241-9618+[2001-1458-201-e4--100-2eb]-9618&alias=bigbird15.cern.ch&noUDP&sock=schedd_3150_376a>
...
040 (16711818.005.000) 08/10 12:10:37 Started transferring input files
	Transferring to host: <188.185.210.150:9618?addrs=188.185.210.150-9618+[2001-1458-303-15--100-12]-9618&alias=b9p22p7910.cern.ch&noUDP&sock=slot1_9_4102_fae0_27037>
...
040 (16711818.005.000) 08/10 12:10:37 Finished transferring input files
...
001 (16711818.005.000) 08/10 12:10:38 Job executing on host: <188.185.210.150:9618?addrs=188.185.210.150-9618+[2001-1458-303-15--100-12]-9618&alias=b9p22p7910.cern.ch&noUDP&sock=startd_3824_863f>
	SlotName: slot1_9@b9p22p7910.cern.ch
	CondorScratchDir = "/pool/condor/dir_2361951"
	Cpus = 1
	Disk = 3895
	GPUs = 0
	Memory = 3000
...
006 (16711818.005.000) 08/10 12:10:47 Image size of job updated: 3900
	4  -  MemoryUsage of job (MB)
	3900  -  ResidentSetSize of job (KB)
...
006 (16711818.005.000) 08/10 12:15:43 Image size of job updated: 317752
	4  -  MemoryUsage of job (MB)
	3900  -  ResidentSetSize of job (KB)
...
040 (16711818.005.000) 08/10 12:15:43 Started transferring output files
...
040 (16711818.005.000) 08/10 12:15:43 Finished transferring output files
...
005 (16711818.005.000) 08/10 12:15:43 Job terminated.
	(1) Normal termination (return value 0)
		Usr 0 00:03:30, Sys 0 00:00:12  -  Run Remote Usage
		Usr 0 00:00:00, Sys 0 00:00:00  -  Run Local Usage
		Usr 0 00:03:30, Sys 0 00:00:12  -  Total Remote Usage
		Usr 0 00:00:00, Sys 0 00:00:00  -  Total Local Usage
	11534  -  Run Bytes Sent By Job
	11410  -  Run Bytes Received By Job
	11534  -  Total Bytes Sent By Job
	11410  -  Total Bytes Received By Job
	Partitionable Resources :    Usage  Request Allocated 
	   Cpus                 :        0        1         1 
	   Disk (KB)            :       74        1      3895 
	   GPUs                 :                           0 
	   Memory (MB)          :        4     3000      3000 
	   TimeExecute (s)      :      305                    
	   TimeSlotBusy (s)     :      307                    
...
