000 (16711818.007.000) 08/10 12:09:49 Job submitted from host: <188.184.90.241:9618?addrs=188.184.90.241-9618+[2001-1458-201-e4--100-2eb]-9618&alias=bigbird15.cern.ch&noUDP&sock=schedd_3150_376a>
...
040 (16711818.007.000) 08/10 12:10:58 Started transferring input files
	Transferring to host: <188.185.194.102:9618?addrs=188.185.194.102-9618+[2001-1458-303-21--100-62]-9618&alias=b9p20p2397.cern.ch&noUDP&sock=slot1_39_3324_cf00_24545>
...
040 (16711818.007.000) 08/10 12:10:58 Finished transferring input files
...
001 (16711818.007.000) 08/10 12:10:59 Job executing on host: <188.185.194.102:9618?addrs=188.185.194.102-9618+[2001-1458-303-21--100-62]-9618&alias=b9p20p2397.cern.ch&noUDP&sock=startd_2549_faff>
	SlotName: slot1_39@b9p20p2397.cern.ch
	CondorScratchDir = "/pool/condor/dir_2630289"
	Cpus = 1
	Disk = 3863
	GPUs = 0
	Memory = 3000
...
006 (16711818.007.000) 08/10 12:11:08 Image size of job updated: 11068
	2  -  MemoryUsage of job (MB)
	1672  -  ResidentSetSize of job (KB)
...
006 (16711818.007.000) 08/10 12:16:09 Image size of job updated: 314708
	308  -  MemoryUsage of job (MB)
	314708  -  ResidentSetSize of job (KB)
...
040 (16711818.007.000) 08/10 12:16:29 Started transferring output files
...
040 (16711818.007.000) 08/10 12:16:29 Finished transferring output files
...
005 (16711818.007.000) 08/10 12:16:29 Job terminated.
	(1) Normal termination (return value 0)
		Usr 0 00:04:14, Sys 0 00:00:12  -  Run Remote Usage
		Usr 0 00:00:00, Sys 0 00:00:00  -  Run Local Usage
		Usr 0 00:04:14, Sys 0 00:00:12  -  Total Remote Usage
		Usr 0 00:00:00, Sys 0 00:00:00  -  Total Local Usage
	11477  -  Run Bytes Sent By Job
	11410  -  Run Bytes Received By Job
	11477  -  Total Bytes Sent By Job
	11410  -  Total Bytes Received By Job
	Partitionable Resources :    Usage  Request Allocated 
	   Cpus                 :     0.82        1         1 
	   Disk (KB)            :    60           1      3863 
	   GPUs                 :                           0 
	   Memory (MB)          :   308        3000      3000 
	   TimeExecute (s)      :   330                       
	   TimeSlotBusy (s)     :   331                       
...
