000 (16711818.001.000) 08/10 12:09:49 Job submitted from host: <188.184.90.241:9618?addrs=188.184.90.241-9618+[2001-1458-201-e4--100-2eb]-9618&alias=bigbird15.cern.ch&noUDP&sock=schedd_3150_376a>
...
040 (16711818.001.000) 08/10 12:10:36 Started transferring input files
	Transferring to host: <188.185.213.100:9618?addrs=188.185.213.100-9618+[2001-1458-303-1a--100-60]-9618&alias=b9p27p7105.cern.ch&noUDP&sock=slot1_13_7853_e618_25657>
...
040 (16711818.001.000) 08/10 12:10:36 Finished transferring input files
...
001 (16711818.001.000) 08/10 12:10:37 Job executing on host: <188.185.213.100:9618?addrs=188.185.213.100-9618+[2001-1458-303-1a--100-60]-9618&alias=b9p27p7105.cern.ch&noUDP&sock=startd_6898_0860>
	SlotName: slot1_13@b9p27p7105.cern.ch
	CondorScratchDir = "/pool/condor/dir_1747782"
	Cpus = 1
	Disk = 3848
	GPUs = 0
	Memory = 3000
...
006 (16711818.001.000) 08/10 12:10:45 Image size of job updated: 11052
	11  -  MemoryUsage of job (MB)
	11052  -  ResidentSetSize of job (KB)
...
006 (16711818.001.000) 08/10 12:15:45 Image size of job updated: 309180
	302  -  MemoryUsage of job (MB)
	309180  -  ResidentSetSize of job (KB)
...
040 (16711818.001.000) 08/10 12:15:50 Started transferring output files
...
040 (16711818.001.000) 08/10 12:15:50 Finished transferring output files
...
005 (16711818.001.000) 08/10 12:15:50 Job terminated.
	(1) Normal termination (return value 0)
		Usr 0 00:03:27, Sys 0 00:00:14  -  Run Remote Usage
		Usr 0 00:00:00, Sys 0 00:00:00  -  Run Local Usage
		Usr 0 00:03:27, Sys 0 00:00:14  -  Total Remote Usage
		Usr 0 00:00:00, Sys 0 00:00:00  -  Total Local Usage
	11477  -  Run Bytes Sent By Job
	11409  -  Run Bytes Received By Job
	11477  -  Total Bytes Sent By Job
	11409  -  Total Bytes Received By Job
	Partitionable Resources :    Usage  Request Allocated 
	   Cpus                 :     0.72        1         1 
	   Disk (KB)            :    61           1      3848 
	   GPUs                 :                           0 
	   Memory (MB)          :   302        3000      3000 
	   TimeExecute (s)      :   313                       
	   TimeSlotBusy (s)     :   315                       
...
