000 (16711818.011.000) 08/10 12:09:49 Job submitted from host: <188.184.90.241:9618?addrs=188.184.90.241-9618+[2001-1458-201-e4--100-2eb]-9618&alias=bigbird15.cern.ch&noUDP&sock=schedd_3150_376a>
...
040 (16711818.011.000) 08/10 12:10:39 Started transferring input files
	Transferring to host: <188.185.215.191:9618?addrs=188.185.215.191-9618+[2001-1458-303-26--100-3b]-9618&alias=b9p18p4896.cern.ch&noUDP&sock=slot1_35_640138_e168_25549>
...
040 (16711818.011.000) 08/10 12:10:39 Finished transferring input files
...
001 (16711818.011.000) 08/10 12:10:40 Job executing on host: <188.185.215.191:9618?addrs=188.185.215.191-9618+[2001-1458-303-26--100-3b]-9618&alias=b9p18p4896.cern.ch&noUDP&sock=startd_7036_b072>
	SlotName: slot1_35@b9p18p4896.cern.ch
	CondorScratchDir = "/pool/condor/dir_1804194"
	Cpus = 1
	Disk = 3846
	GPUs = 0
	Memory = 3000
...
006 (16711818.011.000) 08/10 12:10:49 Image size of job updated: 11052
	3  -  MemoryUsage of job (MB)
	2940  -  ResidentSetSize of job (KB)
...
006 (16711818.011.000) 08/10 12:15:50 Image size of job updated: 299012
	290  -  MemoryUsage of job (MB)
	296580  -  ResidentSetSize of job (KB)
...
040 (16711818.011.000) 08/10 12:16:25 Started transferring output files
...
040 (16711818.011.000) 08/10 12:16:25 Finished transferring output files
...
005 (16711818.011.000) 08/10 12:16:25 Job terminated.
	(1) Normal termination (return value 0)
		Usr 0 00:03:06, Sys 0 00:00:14  -  Run Remote Usage
		Usr 0 00:00:00, Sys 0 00:00:00  -  Run Local Usage
		Usr 0 00:03:06, Sys 0 00:00:14  -  Total Remote Usage
		Usr 0 00:00:00, Sys 0 00:00:00  -  Total Local Usage
	11534  -  Run Bytes Sent By Job
	11410  -  Run Bytes Received By Job
	11534  -  Total Bytes Sent By Job
	11410  -  Total Bytes Received By Job
	Partitionable Resources :    Usage  Request Allocated 
	   Cpus                 :     0.65        1         1 
	   Disk (KB)            :    74           1      3846 
	   GPUs                 :                           0 
	   Memory (MB)          :   290        3000      3000 
	   TimeExecute (s)      :   345                       
	   TimeSlotBusy (s)     :   347                       
...
