000 (16711818.010.000) 08/10 12:09:49 Job submitted from host: <188.184.90.241:9618?addrs=188.184.90.241-9618+[2001-1458-201-e4--100-2eb]-9618&alias=bigbird15.cern.ch&noUDP&sock=schedd_3150_376a>
...
040 (16711818.010.000) 08/10 12:10:38 Started transferring input files
	Transferring to host: <188.185.212.58:9618?addrs=188.185.212.58-9618+[2001-1458-303-18--100-36]-9618&alias=b9p25p3483.cern.ch&noUDP&sock=slot1_17_7980_61be_26608>
...
040 (16711818.010.000) 08/10 12:10:38 Finished transferring input files
...
001 (16711818.010.000) 08/10 12:10:39 Job executing on host: <188.185.212.58:9618?addrs=188.185.212.58-9618+[2001-1458-303-18--100-36]-9618&alias=b9p25p3483.cern.ch&noUDP&sock=startd_7396_9e8a>
	SlotName: slot1_17@b9p25p3483.cern.ch
	CondorScratchDir = "/pool/condor/dir_1371208"
	Cpus = 1
	Disk = 3787
	GPUs = 0
	Memory = 3000
...
006 (16711818.010.000) 08/10 12:10:48 Image size of job updated: 3896
	4  -  MemoryUsage of job (MB)
	3896  -  ResidentSetSize of job (KB)
...
006 (16711818.010.000) 08/10 12:15:49 Image size of job updated: 302512
	296  -  MemoryUsage of job (MB)
	302512  -  ResidentSetSize of job (KB)
...
040 (16711818.010.000) 08/10 12:15:53 Started transferring output files
...
040 (16711818.010.000) 08/10 12:15:53 Finished transferring output files
...
005 (16711818.010.000) 08/10 12:15:53 Job terminated.
	(1) Normal termination (return value 0)
		Usr 0 00:03:38, Sys 0 00:00:17  -  Run Remote Usage
		Usr 0 00:00:00, Sys 0 00:00:00  -  Run Local Usage
		Usr 0 00:03:38, Sys 0 00:00:17  -  Total Remote Usage
		Usr 0 00:00:00, Sys 0 00:00:00  -  Total Local Usage
	11534  -  Run Bytes Sent By Job
	11410  -  Run Bytes Received By Job
	11534  -  Total Bytes Sent By Job
	11410  -  Total Bytes Received By Job
	Partitionable Resources :    Usage  Request Allocated 
	   Cpus                 :                 1         1 
	   Disk (KB)            :       65        1      3787 
	   GPUs                 :                           0 
	   Memory (MB)          :      296     3000      3000 
	   TimeExecute (s)      :      314                    
	   TimeSlotBusy (s)     :      316                    
...
