000 (16711818.017.000) 08/10 12:09:49 Job submitted from host: <188.184.90.241:9618?addrs=188.184.90.241-9618+[2001-1458-201-e4--100-2eb]-9618&alias=bigbird15.cern.ch&noUDP&sock=schedd_3150_376a>
...
040 (16711818.017.000) 08/10 12:10:41 Started transferring input files
	Transferring to host: <188.185.213.171:9618?addrs=188.185.213.171-9618+[2001-1458-303-1b--100-27]-9618&alias=b9p28p8423.cern.ch&noUDP&sock=slot1_24_5804_3165_24667>
...
040 (16711818.017.000) 08/10 12:10:41 Finished transferring input files
...
001 (16711818.017.000) 08/10 12:10:42 Job executing on host: <188.185.213.171:9618?addrs=188.185.213.171-9618+[2001-1458-303-1b--100-27]-9618&alias=b9p28p8423.cern.ch&noUDP&sock=startd_4973_a491>
	SlotName: slot1_24@b9p28p8423.cern.ch
	CondorScratchDir = "/pool/condor/dir_59403"
	Cpus = 1
	Disk = 3826
	GPUs = 0
	Memory = 3000
...
006 (16711818.017.000) 08/10 12:10:50 Image size of job updated: 3656
	4  -  MemoryUsage of job (MB)
	3656  -  ResidentSetSize of job (KB)
...
006 (16711818.017.000) 08/10 12:15:50 Image size of job updated: 304572
	298  -  MemoryUsage of job (MB)
	304572  -  ResidentSetSize of job (KB)
...
040 (16711818.017.000) 08/10 12:16:45 Started transferring output files
...
040 (16711818.017.000) 08/10 12:16:45 Finished transferring output files
...
005 (16711818.017.000) 08/10 12:16:46 Job terminated.
	(1) Normal termination (return value 0)
		Usr 0 00:03:32, Sys 0 00:00:15  -  Run Remote Usage
		Usr 0 00:00:00, Sys 0 00:00:00  -  Run Local Usage
		Usr 0 00:03:32, Sys 0 00:00:15  -  Total Remote Usage
		Usr 0 00:00:00, Sys 0 00:00:00  -  Total Local Usage
	11532  -  Run Bytes Sent By Job
	11410  -  Run Bytes Received By Job
	11532  -  Total Bytes Sent By Job
	11410  -  Total Bytes Received By Job
	Partitionable Resources :    Usage  Request Allocated 
	   Cpus                 :        0        1         1 
	   Disk (KB)            :       74        1      3826 
	   GPUs                 :                           0 
	   Memory (MB)          :      298     3000      3000 
	   TimeExecute (s)      :      363                    
	   TimeSlotBusy (s)     :      365                    
...
