000 (16711818.018.000) 08/10 12:09:49 Job submitted from host: <188.184.90.241:9618?addrs=188.184.90.241-9618+[2001-1458-201-e4--100-2eb]-9618&alias=bigbird15.cern.ch&noUDP&sock=schedd_3150_376a>
...
040 (16711818.018.000) 08/10 12:10:41 Started transferring input files
	Transferring to host: <188.185.213.173:9618?addrs=188.185.213.173-9618+[2001-1458-303-1b--100-29]-9618&alias=b9p28p7806.cern.ch&noUDP&sock=slot1_30_9042_a829_33639>
...
040 (16711818.018.000) 08/10 12:10:41 Finished transferring input files
...
001 (16711818.018.000) 08/10 12:10:42 Job executing on host: <188.185.213.173:9618?addrs=188.185.213.173-9618+[2001-1458-303-1b--100-29]-9618&alias=b9p28p7806.cern.ch&noUDP&sock=startd_7721_8ad2>
	SlotName: slot1_30@b9p28p7806.cern.ch
	CondorScratchDir = "/pool/condor/dir_3418728"
	Cpus = 1
	Disk = 3721
	GPUs = 0
	Memory = 3000
...
006 (16711818.018.000) 08/10 12:10:50 Image size of job updated: 11044
	4  -  MemoryUsage of job (MB)
	3892  -  ResidentSetSize of job (KB)
...
006 (16711818.018.000) 08/10 12:14:53 Image size of job updated: 294756
	4  -  MemoryUsage of job (MB)
	3892  -  ResidentSetSize of job (KB)
...
040 (16711818.018.000) 08/10 12:14:53 Started transferring output files
...
040 (16711818.018.000) 08/10 12:14:53 Finished transferring output files
...
005 (16711818.018.000) 08/10 12:14:53 Job terminated.
	(1) Normal termination (return value 0)
		Usr 0 00:02:55, Sys 0 00:00:14  -  Run Remote Usage
		Usr 0 00:00:00, Sys 0 00:00:00  -  Run Local Usage
		Usr 0 00:02:55, Sys 0 00:00:14  -  Total Remote Usage
		Usr 0 00:00:00, Sys 0 00:00:00  -  Total Local Usage
	11477  -  Run Bytes Sent By Job
	11410  -  Run Bytes Received By Job
	11477  -  Total Bytes Sent By Job
	11410  -  Total Bytes Received By Job
	Partitionable Resources :    Usage  Request Allocated 
	   Cpus                 :        0        1         1 
	   Disk (KB)            :       73        1      3721 
	   GPUs                 :                           0 
	   Memory (MB)          :        4     3000      3000 
	   TimeExecute (s)      :      251                    
	   TimeSlotBusy (s)     :      253                    
...
