000 (16711818.016.000) 08/10 12:09:49 Job submitted from host: <188.184.90.241:9618?addrs=188.184.90.241-9618+[2001-1458-201-e4--100-2eb]-9618&alias=bigbird15.cern.ch&noUDP&sock=schedd_3150_376a>
...
040 (16711818.016.000) 08/10 12:10:40 Started transferring input files
	Transferring to host: <188.185.212.52:9618?addrs=188.185.212.52-9618+[2001-1458-303-18--100-30]-9618&alias=b9p25p7786.cern.ch&noUDP&sock=slot1_42_4222_87e5_26547>
...
040 (16711818.016.000) 08/10 12:10:40 Finished transferring input files
...
001 (16711818.016.000) 08/10 12:10:41 Job executing on host: <188.185.212.52:9618?addrs=188.185.212.52-9618+[2001-1458-303-18--100-30]-9618&alias=b9p25p7786.cern.ch&noUDP&sock=startd_3935_a942>
	SlotName: slot1_42@b9p25p7786.cern.ch
	CondorScratchDir = "/pool/condor/dir_2097242"
	Cpus = 1
	Disk = 3842
	GPUs = 0
	Memory = 3000
...
006 (16711818.016.000) 08/10 12:10:50 Image size of job updated: 2452
	2  -  MemoryUsage of job (MB)
	1092  -  ResidentSetSize of job (KB)
...
006 (16711818.016.000) 08/10 12:15:37 Image size of job updated: 318380
	2  -  MemoryUsage of job (MB)
	1092  -  ResidentSetSize of job (KB)
...
040 (16711818.016.000) 08/10 12:15:37 Started transferring output files
...
040 (16711818.016.000) 08/10 12:15:37 Finished transferring output files
...
005 (16711818.016.000) 08/10 12:15:38 Job terminated.
	(1) Normal termination (return value 0)
		Usr 0 00:03:09, Sys 0 00:00:13  -  Run Remote Usage
		Usr 0 00:00:00, Sys 0 00:00:00  -  Run Local Usage
		Usr 0 00:03:09, Sys 0 00:00:13  -  Total Remote Usage
		Usr 0 00:00:00, Sys 0 00:00:00  -  Total Local Usage
	11534  -  Run Bytes Sent By Job
	11410  -  Run Bytes Received By Job
	11534  -  Total Bytes Sent By Job
	11410  -  Total Bytes Received By Job
	Partitionable Resources :    Usage  Request Allocated 
	   Cpus                 :        0        1         1 
	   Disk (KB)            :       60        1      3842 
	   GPUs                 :                           0 
	   Memory (MB)          :        2     3000      3000 
	   TimeExecute (s)      :      296                    
	   TimeSlotBusy (s)     :      298                    
...
