000 (16711818.020.000) 08/10 12:09:49 Job submitted from host: <188.184.90.241:9618?addrs=188.184.90.241-9618+[2001-1458-201-e4--100-2eb]-9618&alias=bigbird15.cern.ch&noUDP&sock=schedd_3150_376a>
...
040 (16711818.020.000) 08/10 12:10:42 Started transferring input files
	Transferring to host: <128.142.248.184:9618?addrs=128.142.248.184-9618+[2001-1458-301-73--100-b7]-9618&alias=b9g23p4315.cern.ch&noUDP&sock=slot1_10_7879_37d9_16438>
...
040 (16711818.020.000) 08/10 12:10:42 Finished transferring input files
...
001 (16711818.020.000) 08/10 12:10:43 Job executing on host: <128.142.248.184:9618?addrs=128.142.248.184-9618+[2001-1458-301-73--100-b7]-9618&alias=b9g23p4315.cern.ch&noUDP&sock=startd_7055_b8bf>
	SlotName: slot1_10@b9g23p4315.cern.ch
	CondorScratchDir = "/pool/condor/dir_3183879"
	Cpus = 1
	Disk = 3878
	GPUs = 0
	Memory = 3000
...
006 (16711818.020.000) 08/10 12:10:52 Image size of job updated: 3908
	4  -  MemoryUsage of job (MB)
	3908  -  ResidentSetSize of job (KB)
...
006 (16711818.020.000) 08/10 12:15:53 Image size of job updated: 281756
	276  -  MemoryUsage of job (MB)
	281756  -  ResidentSetSize of job (KB)
...
006 (16711818.020.000) 08/10 12:20:54 Image size of job updated: 281768
	276  -  MemoryUsage of job (MB)
	281768  -  ResidentSetSize of job (KB)
...
006 (16711818.020.000) 08/10 12:25:46 Image size of job updated: 289860
	276  -  MemoryUsage of job (MB)
	281768  -  ResidentSetSize of job (KB)
...
040 (16711818.020.000) 08/10 12:25:46 Started transferring output files
...
040 (16711818.020.000) 08/10 12:25:46 Finished transferring output files
...
005 (16711818.020.000) 08/10 12:25:46 Job terminated.
	(1) Normal termination (return value 0)
		Usr 0 00:11:04, Sys 0 00:00:17  -  Run Remote Usage
		Usr 0 00:00:00, Sys 0 00:00:00  -  Run Local Usage
		Usr 0 00:11:04, Sys 0 00:00:17  -  Total Remote Usage
		Usr 0 00:00:00, Sys 0 00:00:00  -  Total Local Usage
	13073  -  Run Bytes Sent By Job
	11410  -  Run Bytes Received By Job
	13073  -  Total Bytes Sent By Job
	11410  -  Total Bytes Received By Job
	Partitionable Resources :    Usage  Request Allocated 
	   Cpus                 :     0.77        1         1 
	   Disk (KB)            :    73           1      3878 
	   GPUs                 :                           0 
	   Memory (MB)          :   276        3000      3000 
	   TimeExecute (s)      :   903                       
	   TimeSlotBusy (s)     :   905                       
...
