000 (16711818.012.000) 08/10 12:09:49 Job submitted from host: <188.184.90.241:9618?addrs=188.184.90.241-9618+[2001-1458-201-e4--100-2eb]-9618&alias=bigbird15.cern.ch&noUDP&sock=schedd_3150_376a>
...
040 (16711818.012.000) 08/10 12:10:39 Started transferring input files
	Transferring to host: <188.185.212.180:9618?addrs=188.185.212.180-9618+[2001-1458-303-19--100-30]-9618&alias=b9p26p6509.cern.ch&noUDP&sock=slot1_21_5289_5430_25907>
...
040 (16711818.012.000) 08/10 12:10:39 Finished transferring input files
...
001 (16711818.012.000) 08/10 12:10:40 Job executing on host: <188.185.212.180:9618?addrs=188.185.212.180-9618+[2001-1458-303-19--100-30]-9618&alias=b9p26p6509.cern.ch&noUDP&sock=startd_4410_78bf>
	SlotName: slot1_21@b9p26p6509.cern.ch
	CondorScratchDir = "/pool/condor/dir_485189"
	Cpus = 1
	Disk = 3907
	GPUs = 0
	Memory = 3000
...
006 (16711818.012.000) 08/10 12:10:49 Image size of job updated: 3892
	4  -  MemoryUsage of job (MB)
	3892  -  ResidentSetSize of job (KB)
...
006 (16711818.012.000) 08/10 12:15:50 Image size of job updated: 294324
	288  -  MemoryUsage of job (MB)
	294324  -  ResidentSetSize of job (KB)
...
006 (16711818.012.000) 08/10 12:17:30 Image size of job updated: 294340
	288  -  MemoryUsage of job (MB)
	294324  -  ResidentSetSize of job (KB)
...
040 (16711818.012.000) 08/10 12:17:31 Started transferring output files
...
040 (16711818.012.000) 08/10 12:17:31 Finished transferring output files
...
005 (16711818.012.000) 08/10 12:17:31 Job terminated.
	(1) Normal termination (return value 0)
		Usr 0 00:03:24, Sys 0 00:00:17  -  Run Remote Usage
		Usr 0 00:00:00, Sys 0 00:00:00  -  Run Local Usage
		Usr 0 00:03:24, Sys 0 00:00:17  -  Total Remote Usage
		Usr 0 00:00:00, Sys 0 00:00:00  -  Total Local Usage
	11533  -  Run Bytes Sent By Job
	11409  -  Run Bytes Received By Job
	11533  -  Total Bytes Sent By Job
	11409  -  Total Bytes Received By Job
	Partitionable Resources :    Usage  Request Allocated 
	   Cpus                 :        0        1         1 
	   Disk (KB)            :       74        1      3907 
	   GPUs                 :                           0 
	   Memory (MB)          :      288     3000      3000 
	   TimeExecute (s)      :      410                    
	   TimeSlotBusy (s)     :      413                    
...
