000 (16711818.031.000) 08/10 12:09:49 Job submitted from host: <188.184.90.241:9618?addrs=188.184.90.241-9618+[2001-1458-201-e4--100-2eb]-9618&alias=bigbird15.cern.ch&noUDP&sock=schedd_3150_376a>
...
040 (16711818.031.000) 08/10 12:10:58 Started transferring input files
	Transferring to host: <188.185.192.8:9618?addrs=188.185.192.8-9618+[2001-1458-303-1f--100-4]-9618&alias=b9p13p5956.cern.ch&noUDP&sock=slot1_39_5618_239e_25027>
...
040 (16711818.031.000) 08/10 12:10:58 Finished transferring input files
...
001 (16711818.031.000) 08/10 12:10:59 Job executing on host: <188.185.192.8:9618?addrs=188.185.192.8-9618+[2001-1458-303-1f--100-4]-9618&alias=b9p13p5956.cern.ch&noUDP&sock=startd_4307_d27e>
	SlotName: slot1_39@b9p13p5956.cern.ch
	CondorScratchDir = "/pool/condor/dir_224375"
	Cpus = 1
	Disk = 3894
	GPUs = 0
	Memory = 3000
...
006 (16711818.031.000) 08/10 12:11:08 Image size of job updated: 3224
	2  -  MemoryUsage of job (MB)
	1440  -  ResidentSetSize of job (KB)
...
006 (16711818.031.000) 08/10 12:16:09 Image size of job updated: 278232
	272  -  MemoryUsage of job (MB)
	278232  -  ResidentSetSize of job (KB)
...
040 (16711818.031.000) 08/10 12:28:55 Started transferring output files
...
040 (16711818.031.000) 08/10 12:28:55 Finished transferring output files
...
005 (16711818.031.000) 08/10 12:28:56 Job terminated.
	(1) Normal termination (return value 0)
		Usr 0 00:13:15, Sys 0 00:00:25  -  Run Remote Usage
		Usr 0 00:00:00, Sys 0 00:00:00  -  Run Local Usage
		Usr 0 00:13:15, Sys 0 00:00:25  -  Total Remote Usage
		Usr 0 00:00:00, Sys 0 00:00:00  -  Total Local Usage
	13357  -  Run Bytes Sent By Job
	11410  -  Run Bytes Received By Job
	13357  -  Total Bytes Sent By Job
	11410  -  Total Bytes Received By Job
	Partitionable Resources :    Usage  Request Allocated 
	   Cpus                 :     0.79        1         1 
	   Disk (KB)            :    73           1      3894 
	   GPUs                 :                           0 
	   Memory (MB)          :   272        3000      3000 
	   TimeExecute (s)      :  1076                       
	   TimeSlotBusy (s)     :  1077                       
...
