000 (16711816.000.000) 08/10 11:59:14 Job submitted from host: <188.184.90.241:9618?addrs=188.184.90.241-9618+[2001-1458-201-e4--100-2eb]-9618&alias=bigbird15.cern.ch&noUDP&sock=schedd_3150_376a>
...
040 (16711816.000.000) 08/10 12:02:18 Started transferring input files
	Transferring to host: <188.185.194.51:9618?addrs=188.185.194.51-9618+[2001-1458-303-21--100-2f]-9618&alias=b9p20p4709.cern.ch&noUDP&sock=slot1_10_4435_9bcd_22766>
...
040 (16711816.000.000) 08/10 12:02:18 Finished transferring input files
...
001 (16711816.000.000) 08/10 12:02:19 Job executing on host: <188.185.194.51:9618?addrs=188.185.194.51-9618+[2001-1458-303-21--100-2f]-9618&alias=b9p20p4709.cern.ch&noUDP&sock=startd_3461_895e>
	SlotName: slot1_10@b9p20p4709.cern.ch
	CondorScratchDir = "/pool/condor/dir_2515007"
	Cpus = 1
	Disk = 3882
	GPUs = 0
	Memory = 3000
...
006 (16711816.000.000) 08/10 12:02:28 Image size of job updated: 11060
	2  -  MemoryUsage of job (MB)
	1448  -  ResidentSetSize of job (KB)
...
006 (16711816.000.000) 08/10 12:03:23 Image size of job updated: 342032
	2  -  MemoryUsage of job (MB)
	1448  -  ResidentSetSize of job (KB)
...
040 (16711816.000.000) 08/10 12:03:23 Started transferring output files
...
040 (16711816.000.000) 08/10 12:03:23 Finished transferring output files
...
005 (16711816.000.000) 08/10 12:03:23 Job terminated.
	(1) Normal termination (return value 0)
		Usr 0 00:00:41, Sys 0 00:00:07  -  Run Remote Usage
		Usr 0 00:00:00, Sys 0 00:00:00  -  Run Local Usage
		Usr 0 00:00:41, Sys 0 00:00:07  -  Total Remote Usage
		Usr 0 00:00:00, Sys 0 00:00:00  -  Total Local Usage
	10741  -  Run Bytes Sent By Job
	11433  -  Run Bytes Received By Job
	10741  -  Total Bytes Sent By Job
	11433  -  Total Bytes Received By Job
	Partitionable Resources :    Usage  Request Allocated 
	   Cpus                 :        0        1         1 
	   Disk (KB)            :       60        2      3882 
	   GPUs                 :                           0 
	   Memory (MB)          :        2     3000      3000 
	   TimeExecute (s)      :       64                    
	   TimeSlotBusy (s)     :       66                    
...
000 (16711818.024.000) 08/10 12:09:49 Job submitted from host: <188.184.90.241:9618?addrs=188.184.90.241-9618+[2001-1458-201-e4--100-2eb]-9618&alias=bigbird15.cern.ch&noUDP&sock=schedd_3150_376a>
...
040 (16711818.024.000) 08/10 12:10:43 Started transferring input files
	Transferring to host: <188.185.212.60:9618?addrs=188.185.212.60-9618+[2001-1458-303-18--100-38]-9618&alias=b9p25p5962.cern.ch&noUDP&sock=slot1_38_6382_723d_20789>
...
040 (16711818.024.000) 08/10 12:10:43 Finished transferring input files
...
001 (16711818.024.000) 08/10 12:10:44 Job executing on host: <188.185.212.60:9618?addrs=188.185.212.60-9618+[2001-1458-303-18--100-38]-9618&alias=b9p25p5962.cern.ch&noUDP&sock=startd_5611_41fd>
	SlotName: slot1_38@b9p25p5962.cern.ch
	CondorScratchDir = "/pool/condor/dir_2443129"
	Cpus = 1
	Disk = 3844
	GPUs = 0
	Memory = 3000
...
006 (16711818.024.000) 08/10 12:10:53 Image size of job updated: 1992
	2  -  MemoryUsage of job (MB)
	1340  -  ResidentSetSize of job (KB)
...
006 (16711818.024.000) 08/10 12:15:54 Image size of job updated: 280780
	275  -  MemoryUsage of job (MB)
	280780  -  ResidentSetSize of job (KB)
...
006 (16711818.024.000) 08/10 12:20:54 Image size of job updated: 280800
	275  -  MemoryUsage of job (MB)
	280800  -  ResidentSetSize of job (KB)
...
006 (16711818.024.000) 08/10 12:24:29 Image size of job updated: 280804
	275  -  MemoryUsage of job (MB)
	280800  -  ResidentSetSize of job (KB)
...
040 (16711818.024.000) 08/10 12:24:29 Started transferring output files
...
040 (16711818.024.000) 08/10 12:24:29 Finished transferring output files
...
005 (16711818.024.000) 08/10 12:24:29 Job terminated.
	(1) Normal termination (return value 0)
		Usr 0 00:08:41, Sys 0 00:00:25  -  Run Remote Usage
		Usr 0 00:00:00, Sys 0 00:00:00  -  Run Local Usage
		Usr 0 00:08:41, Sys 0 00:00:25  -  Total Remote Usage
		Usr 0 00:00:00, Sys 0 00:00:00  -  Total Local Usage
	13073  -  Run Bytes Sent By Job
	11410  -  Run Bytes Received By Job
	13073  -  Total Bytes Sent By Job
	11410  -  Total Bytes Received By Job
	Partitionable Resources :    Usage  Request Allocated 
	   Cpus                 :     0.65        1         1 
	   Disk (KB)            :    73           1      3844 
	   GPUs                 :                           0 
	   Memory (MB)          :   275        3000      3000 
	   TimeExecute (s)      :   825                       
	   TimeSlotBusy (s)     :   827                       
...
