000 (16711818.032.000) 08/10 12:09:49 Job submitted from host: <188.184.90.241:9618?addrs=188.184.90.241-9618+[2001-1458-201-e4--100-2eb]-9618&alias=bigbird15.cern.ch&noUDP&sock=schedd_3150_376a>
...
040 (16711818.032.000) 08/10 12:10:45 Started transferring input files
	Transferring to host: <188.185.194.135:9618?addrs=188.185.194.135-9618+[2001-1458-303-21--100-83]-9618&alias=b9p20p5089.cern.ch&noUDP&sock=slot1_20_6782_484d_24557>
...
040 (16711818.032.000) 08/10 12:10:45 Finished transferring input files
...
001 (16711818.032.000) 08/10 12:10:46 Job executing on host: <188.185.194.135:9618?addrs=188.185.194.135-9618+[2001-1458-303-21--100-83]-9618&alias=b9p20p5089.cern.ch&noUDP&sock=startd_6138_bc66>
	SlotName: slot1_20@b9p20p5089.cern.ch
	CondorScratchDir = "/pool/condor/dir_1473452"
	Cpus = 1
	Disk = 3860
	GPUs = 0
	Memory = 3000
...
006 (16711818.032.000) 08/10 12:10:54 Image size of job updated: 3900
	4  -  MemoryUsage of job (MB)
	3900  -  ResidentSetSize of job (KB)
...
006 (16711818.032.000) 08/10 12:15:54 Image size of job updated: 284208
	278  -  MemoryUsage of job (MB)
	284208  -  ResidentSetSize of job (KB)
...
006 (16711818.032.000) 08/10 12:20:55 Image size of job updated: 284224
	278  -  MemoryUsage of job (MB)
	284224  -  ResidentSetSize of job (KB)
...
006 (16711818.032.000) 08/10 12:25:55 Image size of job updated: 284236
	278  -  MemoryUsage of job (MB)
	284236  -  ResidentSetSize of job (KB)
...
006 (16711818.032.000) 08/10 12:26:59 Image size of job updated: 284240
	278  -  MemoryUsage of job (MB)
	284236  -  ResidentSetSize of job (KB)
...
040 (16711818.032.000) 08/10 12:27:00 Started transferring output files
...
040 (16711818.032.000) 08/10 12:27:00 Finished transferring output files
...
005 (16711818.032.000) 08/10 12:27:00 Job terminated.
	(1) Normal termination (return value 0)
		Usr 0 00:12:01, Sys 0 00:00:25  -  Run Remote Usage
		Usr 0 00:00:00, Sys 0 00:00:00  -  Run Local Usage
		Usr 0 00:12:01, Sys 0 00:00:25  -  Total Remote Usage
		Usr 0 00:00:00, Sys 0 00:00:00  -  Total Local Usage
	13301  -  Run Bytes Sent By Job
	11410  -  Run Bytes Received By Job
	13301  -  Total Bytes Sent By Job
	11410  -  Total Bytes Received By Job
	Partitionable Resources :    Usage  Request Allocated 
	   Cpus                 :     0.79        1         1 
	   Disk (KB)            :    74           1      3860 
	   GPUs                 :                           0 
	   Memory (MB)          :   278        3000      3000 
	   TimeExecute (s)      :   973                       
	   TimeSlotBusy (s)     :   976                       
...
