000 (16711818.029.000) 08/10 12:09:49 Job submitted from host: <188.184.90.241:9618?addrs=188.184.90.241-9618+[2001-1458-201-e4--100-2eb]-9618&alias=bigbird15.cern.ch&noUDP&sock=schedd_3150_376a>
...
040 (16711818.029.000) 08/10 12:10:58 Started transferring input files
	Transferring to host: <188.185.194.135:9618?addrs=188.185.194.135-9618+[2001-1458-303-21--100-83]-9618&alias=b9p20p5089.cern.ch&noUDP&sock=slot1_34_6782_484d_24558>
...
040 (16711818.029.000) 08/10 12:10:58 Finished transferring input files
...
001 (16711818.029.000) 08/10 12:10:59 Job executing on host: <188.185.194.135:9618?addrs=188.185.194.135-9618+[2001-1458-303-21--100-83]-9618&alias=b9p20p5089.cern.ch&noUDP&sock=startd_6138_bc66>
	SlotName: slot1_34@b9p20p5089.cern.ch
	CondorScratchDir = "/pool/condor/dir_1476014"
	Cpus = 1
	Disk = 3860
	GPUs = 0
	Memory = 3000
...
006 (16711818.029.000) 08/10 12:11:08 Image size of job updated: 40372
	40  -  MemoryUsage of job (MB)
	40372  -  ResidentSetSize of job (KB)
...
006 (16711818.029.000) 08/10 12:16:09 Image size of job updated: 281404
	275  -  MemoryUsage of job (MB)
	281404  -  ResidentSetSize of job (KB)
...
006 (16711818.029.000) 08/10 12:26:10 Image size of job updated: 281416
	275  -  MemoryUsage of job (MB)
	281416  -  ResidentSetSize of job (KB)
...
006 (16711818.029.000) 08/10 12:27:27 Image size of job updated: 281436
	275  -  MemoryUsage of job (MB)
	281416  -  ResidentSetSize of job (KB)
...
040 (16711818.029.000) 08/10 12:27:27 Started transferring output files
...
040 (16711818.029.000) 08/10 12:27:27 Finished transferring output files
...
005 (16711818.029.000) 08/10 12:27:27 Job terminated.
	(1) Normal termination (return value 0)
		Usr 0 00:12:02, Sys 0 00:00:24  -  Run Remote Usage
		Usr 0 00:00:00, Sys 0 00:00:00  -  Run Local Usage
		Usr 0 00:12:02, Sys 0 00:00:24  -  Total Remote Usage
		Usr 0 00:00:00, Sys 0 00:00:00  -  Total Local Usage
	13358  -  Run Bytes Sent By Job
	11410  -  Run Bytes Received By Job
	13358  -  Total Bytes Sent By Job
	11410  -  Total Bytes Received By Job
	Partitionable Resources :    Usage  Request Allocated 
	   Cpus                 :     0.79        1         1 
	   Disk (KB)            :    62           1      3860 
	   GPUs                 :                           0 
	   Memory (MB)          :   275        3000      3000 
	   TimeExecute (s)      :   988                       
	   TimeSlotBusy (s)     :   989                       
...
