000 (16711818.023.000) 08/10 12:09:49 Job submitted from host: <188.184.90.241:9618?addrs=188.184.90.241-9618+[2001-1458-201-e4--100-2eb]-9618&alias=bigbird15.cern.ch&noUDP&sock=schedd_3150_376a>
...
040 (16711818.023.000) 08/10 12:10:43 Started transferring input files
	Transferring to host: <188.185.215.192:9618?addrs=188.185.215.192-9618+[2001-1458-303-26--100-3c]-9618&alias=b9p18p7291.cern.ch&noUDP&sock=slot1_30_5118_d809_24553>
...
040 (16711818.023.000) 08/10 12:10:43 Finished transferring input files
...
001 (16711818.023.000) 08/10 12:10:44 Job executing on host: <188.185.215.192:9618?addrs=188.185.215.192-9618+[2001-1458-303-26--100-3c]-9618&alias=b9p18p7291.cern.ch&noUDP&sock=startd_4291_d8fa>
	SlotName: slot1_30@b9p18p7291.cern.ch
	CondorScratchDir = "/pool/condor/dir_1906453"
	Cpus = 1
	Disk = 3798
	GPUs = 0
	Memory = 3000
...
006 (16711818.023.000) 08/10 12:10:53 Image size of job updated: 1952
	2  -  MemoryUsage of job (MB)
	1952  -  ResidentSetSize of job (KB)
...
006 (16711818.023.000) 08/10 12:15:54 Image size of job updated: 303224
	297  -  MemoryUsage of job (MB)
	303224  -  ResidentSetSize of job (KB)
...
040 (16711818.023.000) 08/10 12:16:05 Started transferring output files
...
040 (16711818.023.000) 08/10 12:16:05 Finished transferring output files
...
005 (16711818.023.000) 08/10 12:16:06 Job terminated.
	(1) Normal termination (return value 0)
		Usr 0 00:03:15, Sys 0 00:00:16  -  Run Remote Usage
		Usr 0 00:00:00, Sys 0 00:00:00  -  Run Local Usage
		Usr 0 00:03:15, Sys 0 00:00:16  -  Total Remote Usage
		Usr 0 00:00:00, Sys 0 00:00:00  -  Total Local Usage
	11534  -  Run Bytes Sent By Job
	11409  -  Run Bytes Received By Job
	11534  -  Total Bytes Sent By Job
	11409  -  Total Bytes Received By Job
	Partitionable Resources :    Usage  Request Allocated 
	   Cpus                 :     0.62        1         1 
	   Disk (KB)            :    74           1      3798 
	   GPUs                 :                           0 
	   Memory (MB)          :   297        3000      3000 
	   TimeExecute (s)      :   321                       
	   TimeSlotBusy (s)     :   323                       
...
