000 (16711818.043.000) 08/10 12:09:49 Job submitted from host: <188.184.90.241:9618?addrs=188.184.90.241-9618+[2001-1458-201-e4--100-2eb]-9618&alias=bigbird15.cern.ch&noUDP&sock=schedd_3150_376a>
...
040 (16711818.043.000) 08/10 12:10:48 Started transferring input files
	Transferring to host: <188.185.212.202:9618?addrs=188.185.212.202-9618+[2001-1458-303-19--100-46]-9618&alias=b9p26p9899.cern.ch&noUDP&sock=slot1_15_5724_d362_24563>
...
040 (16711818.043.000) 08/10 12:10:48 Finished transferring input files
...
001 (16711818.043.000) 08/10 12:10:49 Job executing on host: <188.185.212.202:9618?addrs=188.185.212.202-9618+[2001-1458-303-19--100-46]-9618&alias=b9p26p9899.cern.ch&noUDP&sock=startd_4693_960c>
	SlotName: slot1_15@b9p26p9899.cern.ch
	CondorScratchDir = "/pool/condor/dir_2182754"
	Cpus = 1
	Disk = 3793
	GPUs = 0
	Memory = 3000
...
006 (16711818.043.000) 08/10 12:10:57 Image size of job updated: 2324
	3  -  MemoryUsage of job (MB)
	2324  -  ResidentSetSize of job (KB)
...
006 (16711818.043.000) 08/10 12:15:57 Image size of job updated: 278236
	272  -  MemoryUsage of job (MB)
	278236  -  ResidentSetSize of job (KB)
...
006 (16711818.043.000) 08/10 12:20:58 Image size of job updated: 278260
	272  -  MemoryUsage of job (MB)
	278260  -  ResidentSetSize of job (KB)
...
006 (16711818.043.000) 08/10 12:25:58 Image size of job updated: 278296
	272  -  MemoryUsage of job (MB)
	278296  -  ResidentSetSize of job (KB)
...
006 (16711818.043.000) 08/10 12:28:26 Image size of job updated: 288844
	272  -  MemoryUsage of job (MB)
	278296  -  ResidentSetSize of job (KB)
...
040 (16711818.043.000) 08/10 12:28:26 Started transferring output files
...
040 (16711818.043.000) 08/10 12:28:26 Finished transferring output files
...
005 (16711818.043.000) 08/10 12:28:27 Job terminated.
	(1) Normal termination (return value 0)
		Usr 0 00:10:33, Sys 0 00:00:26  -  Run Remote Usage
		Usr 0 00:00:00, Sys 0 00:00:00  -  Run Local Usage
		Usr 0 00:10:33, Sys 0 00:00:26  -  Total Remote Usage
		Usr 0 00:00:00, Sys 0 00:00:00  -  Total Local Usage
	13358  -  Run Bytes Sent By Job
	11410  -  Run Bytes Received By Job
	13358  -  Total Bytes Sent By Job
	11410  -  Total Bytes Received By Job
	Partitionable Resources :    Usage  Request Allocated 
	   Cpus                 :     0.73        1         1 
	   Disk (KB)            :    74           1      3793 
	   GPUs                 :                           0 
	   Memory (MB)          :   272        3000      3000 
	   TimeExecute (s)      :  1057                       
	   TimeSlotBusy (s)     :  1059                       
...
