000 (16711818.035.000) 08/10 12:09:49 Job submitted from host: <188.184.90.241:9618?addrs=188.184.90.241-9618+[2001-1458-201-e4--100-2eb]-9618&alias=bigbird15.cern.ch&noUDP&sock=schedd_3150_376a>
...
040 (16711818.035.000) 08/10 12:10:46 Started transferring input files
	Transferring to host: <188.185.213.65:9618?addrs=188.185.213.65-9618+[2001-1458-303-1a--100-3d]-9618&alias=b9p27p1726.cern.ch&noUDP&sock=slot1_36_9910_3dcc_26372>
...
040 (16711818.035.000) 08/10 12:10:46 Finished transferring input files
...
001 (16711818.035.000) 08/10 12:10:47 Job executing on host: <188.185.213.65:9618?addrs=188.185.213.65-9618+[2001-1458-303-1a--100-3d]-9618&alias=b9p27p1726.cern.ch&noUDP&sock=startd_9046_61ce>
	SlotName: slot1_36@b9p27p1726.cern.ch
	CondorScratchDir = "/pool/condor/dir_362806"
	Cpus = 1
	Disk = 3818
	GPUs = 0
	Memory = 3000
...
006 (16711818.035.000) 08/10 12:10:55 Image size of job updated: 3892
	4  -  MemoryUsage of job (MB)
	3892  -  ResidentSetSize of job (KB)
...
006 (16711818.035.000) 08/10 12:15:55 Image size of job updated: 281688
	276  -  MemoryUsage of job (MB)
	281688  -  ResidentSetSize of job (KB)
...
006 (16711818.035.000) 08/10 12:20:56 Image size of job updated: 281692
	276  -  MemoryUsage of job (MB)
	281692  -  ResidentSetSize of job (KB)
...
006 (16711818.035.000) 08/10 12:27:13 Image size of job updated: 290276
	276  -  MemoryUsage of job (MB)
	281692  -  ResidentSetSize of job (KB)
...
040 (16711818.035.000) 08/10 12:27:13 Started transferring output files
...
040 (16711818.035.000) 08/10 12:27:13 Finished transferring output files
...
005 (16711818.035.000) 08/10 12:27:13 Job terminated.
	(1) Normal termination (return value 0)
		Usr 0 00:09:54, Sys 0 00:00:25  -  Run Remote Usage
		Usr 0 00:00:00, Sys 0 00:00:00  -  Run Local Usage
		Usr 0 00:09:54, Sys 0 00:00:25  -  Total Remote Usage
		Usr 0 00:00:00, Sys 0 00:00:00  -  Total Local Usage
	13300  -  Run Bytes Sent By Job
	11410  -  Run Bytes Received By Job
	13300  -  Total Bytes Sent By Job
	11410  -  Total Bytes Received By Job
	Partitionable Resources :    Usage  Request Allocated 
	   Cpus                 :     0.61        1         1 
	   Disk (KB)            :    74           1      3818 
	   GPUs                 :                           0 
	   Memory (MB)          :   276        3000      3000 
	   TimeExecute (s)      :   986                       
	   TimeSlotBusy (s)     :   988                       
...
