000 (16711818.041.000) 08/10 12:09:49 Job submitted from host: <188.184.90.241:9618?addrs=188.184.90.241-9618+[2001-1458-201-e4--100-2eb]-9618&alias=bigbird15.cern.ch&noUDP&sock=schedd_3150_376a>
...
040 (16711818.041.000) 08/10 12:10:48 Started transferring input files
	Transferring to host: <188.185.210.182:9618?addrs=188.185.210.182-9618+[2001-1458-303-15--100-32]-9618&alias=b9p22p0222.cern.ch&noUDP&sock=slot1_34_5685_58c0_27031>
...
040 (16711818.041.000) 08/10 12:10:48 Finished transferring input files
...
001 (16711818.041.000) 08/10 12:10:49 Job executing on host: <188.185.210.182:9618?addrs=188.185.210.182-9618+[2001-1458-303-15--100-32]-9618&alias=b9p22p0222.cern.ch&noUDP&sock=startd_4670_cf5e>
	SlotName: slot1_34@b9p22p0222.cern.ch
	CondorScratchDir = "/pool/condor/dir_418298"
	Cpus = 1
	Disk = 3756
	GPUs = 0
	Memory = 3000
...
006 (16711818.041.000) 08/10 12:10:57 Image size of job updated: 3904
	4  -  MemoryUsage of job (MB)
	3904  -  ResidentSetSize of job (KB)
...
006 (16711818.041.000) 08/10 12:15:57 Image size of job updated: 281340
	275  -  MemoryUsage of job (MB)
	281340  -  ResidentSetSize of job (KB)
...
006 (16711818.041.000) 08/10 12:20:58 Image size of job updated: 281356
	275  -  MemoryUsage of job (MB)
	281356  -  ResidentSetSize of job (KB)
...
006 (16711818.041.000) 08/10 12:25:58 Image size of job updated: 281368
	275  -  MemoryUsage of job (MB)
	281368  -  ResidentSetSize of job (KB)
...
040 (16711818.041.000) 08/10 12:26:58 Started transferring output files
...
040 (16711818.041.000) 08/10 12:26:58 Finished transferring output files
...
005 (16711818.041.000) 08/10 12:26:59 Job terminated.
	(1) Normal termination (return value 0)
		Usr 0 00:09:51, Sys 0 00:00:27  -  Run Remote Usage
		Usr 0 00:00:00, Sys 0 00:00:00  -  Run Local Usage
		Usr 0 00:09:51, Sys 0 00:00:27  -  Total Remote Usage
		Usr 0 00:00:00, Sys 0 00:00:00  -  Total Local Usage
	13357  -  Run Bytes Sent By Job
	11410  -  Run Bytes Received By Job
	13357  -  Total Bytes Sent By Job
	11410  -  Total Bytes Received By Job
	Partitionable Resources :    Usage  Request Allocated 
	   Cpus                 :     0.69        1         1 
	   Disk (KB)            :    74           1      3756 
	   GPUs                 :                           0 
	   Memory (MB)          :   275        3000      3000 
	   TimeExecute (s)      :   969                       
	   TimeSlotBusy (s)     :   971                       
...
