000 (16711818.051.000) 08/10 12:09:49 Job submitted from host: <188.184.90.241:9618?addrs=188.184.90.241-9618+[2001-1458-201-e4--100-2eb]-9618&alias=bigbird15.cern.ch&noUDP&sock=schedd_3150_376a>
...
040 (16711818.051.000) 08/10 12:10:51 Started transferring input files
	Transferring to host: <188.185.210.78:9618?addrs=188.185.210.78-9618+[2001-1458-303-1--100-4a]-9618&alias=b9p21p8482.cern.ch&noUDP&sock=slot1_51_5580_5d5c_25520>
...
040 (16711818.051.000) 08/10 12:10:51 Finished transferring input files
...
001 (16711818.051.000) 08/10 12:10:52 Job executing on host: <188.185.210.78:9618?addrs=188.185.210.78-9618+[2001-1458-303-1--100-4a]-9618&alias=b9p21p8482.cern.ch&noUDP&sock=startd_4610_a7b0>
	SlotName: slot1_51@b9p21p8482.cern.ch
	CondorScratchDir = "/pool/condor/dir_2120009"
	Cpus = 1
	Disk = 3880
	GPUs = 0
	Memory = 3000
...
006 (16711818.051.000) 08/10 12:11:01 Image size of job updated: 3904
	4  -  MemoryUsage of job (MB)
	3904  -  ResidentSetSize of job (KB)
...
006 (16711818.051.000) 08/10 12:16:02 Image size of job updated: 281652
	276  -  MemoryUsage of job (MB)
	281652  -  ResidentSetSize of job (KB)
...
006 (16711818.051.000) 08/10 12:21:02 Image size of job updated: 281664
	276  -  MemoryUsage of job (MB)
	281664  -  ResidentSetSize of job (KB)
...
006 (16711818.051.000) 08/10 12:26:04 Image size of job updated: 281668
	276  -  MemoryUsage of job (MB)
	281668  -  ResidentSetSize of job (KB)
...
006 (16711818.051.000) 08/10 12:26:46 Image size of job updated: 281692
	276  -  MemoryUsage of job (MB)
	281668  -  ResidentSetSize of job (KB)
...
040 (16711818.051.000) 08/10 12:26:46 Started transferring output files
...
040 (16711818.051.000) 08/10 12:26:46 Finished transferring output files
...
005 (16711818.051.000) 08/10 12:26:47 Job terminated.
	(1) Normal termination (return value 0)
		Usr 0 00:10:46, Sys 0 00:00:28  -  Run Remote Usage
		Usr 0 00:00:00, Sys 0 00:00:00  -  Run Local Usage
		Usr 0 00:10:46, Sys 0 00:00:28  -  Total Remote Usage
		Usr 0 00:00:00, Sys 0 00:00:00  -  Total Local Usage
	13358  -  Run Bytes Sent By Job
	11410  -  Run Bytes Received By Job
	13358  -  Total Bytes Sent By Job
	11410  -  Total Bytes Received By Job
	Partitionable Resources :    Usage  Request Allocated 
	   Cpus                 :     0.76        1         1 
	   Disk (KB)            :    74           1      3880 
	   GPUs                 :                           0 
	   Memory (MB)          :   276        3000      3000 
	   TimeExecute (s)      :   954                       
	   TimeSlotBusy (s)     :   956                       
...
