000 (16711818.049.000) 08/10 12:09:49 Job submitted from host: <188.184.90.241:9618?addrs=188.184.90.241-9618+[2001-1458-201-e4--100-2eb]-9618&alias=bigbird15.cern.ch&noUDP&sock=schedd_3150_376a>
...
040 (16711818.049.000) 08/10 12:10:50 Started transferring input files
	Transferring to host: <188.185.211.28:9618?addrs=188.185.211.28-9618+[2001-1458-303-16--100-18]-9618&alias=b9p23p1756.cern.ch&noUDP&sock=slot1_34_9657_fae2_25280>
...
040 (16711818.049.000) 08/10 12:10:50 Finished transferring input files
...
001 (16711818.049.000) 08/10 12:10:51 Job executing on host: <188.185.211.28:9618?addrs=188.185.211.28-9618+[2001-1458-303-16--100-18]-9618&alias=b9p23p1756.cern.ch&noUDP&sock=startd_8525_04f7>
	SlotName: slot1_34@b9p23p1756.cern.ch
	CondorScratchDir = "/pool/condor/dir_3960693"
	Cpus = 1
	Disk = 3853
	GPUs = 0
	Memory = 3000
...
006 (16711818.049.000) 08/10 12:11:00 Image size of job updated: 2384
	2  -  MemoryUsage of job (MB)
	1920  -  ResidentSetSize of job (KB)
...
006 (16711818.049.000) 08/10 12:16:01 Image size of job updated: 278416
	272  -  MemoryUsage of job (MB)
	278416  -  ResidentSetSize of job (KB)
...
006 (16711818.049.000) 08/10 12:16:17 Image size of job updated: 283904
	272  -  MemoryUsage of job (MB)
	278416  -  ResidentSetSize of job (KB)
...
040 (16711818.049.000) 08/10 12:16:17 Started transferring output files
...
040 (16711818.049.000) 08/10 12:16:17 Finished transferring output files
...
005 (16711818.049.000) 08/10 12:16:17 Job terminated.
	(1) Normal termination (return value 0)
		Usr 0 00:03:08, Sys 0 00:00:15  -  Run Remote Usage
		Usr 0 00:00:00, Sys 0 00:00:00  -  Run Local Usage
		Usr 0 00:03:08, Sys 0 00:00:15  -  Total Remote Usage
		Usr 0 00:00:00, Sys 0 00:00:00  -  Total Local Usage
	11534  -  Run Bytes Sent By Job
	11410  -  Run Bytes Received By Job
	11534  -  Total Bytes Sent By Job
	11410  -  Total Bytes Received By Job
	Partitionable Resources :    Usage  Request Allocated 
	   Cpus                 :        0        1         1 
	   Disk (KB)            :       74        1      3853 
	   GPUs                 :                           0 
	   Memory (MB)          :      272     3000      3000 
	   TimeExecute (s)      :      326                    
	   TimeSlotBusy (s)     :      328                    
...
