000 (16711818.047.000) 08/10 12:09:49 Job submitted from host: <188.184.90.241:9618?addrs=188.184.90.241-9618+[2001-1458-201-e4--100-2eb]-9618&alias=bigbird15.cern.ch&noUDP&sock=schedd_3150_376a>
...
040 (16711818.047.000) 08/10 12:10:50 Started transferring input files
	Transferring to host: <188.185.213.94:9618?addrs=188.185.213.94-9618+[2001-1458-303-1a--100-5a]-9618&alias=b9p27p3664.cern.ch&noUDP&sock=slot1_33_8048_4b40_24169>
...
040 (16711818.047.000) 08/10 12:10:50 Finished transferring input files
...
001 (16711818.047.000) 08/10 12:10:51 Job executing on host: <188.185.213.94:9618?addrs=188.185.213.94-9618+[2001-1458-303-1a--100-5a]-9618&alias=b9p27p3664.cern.ch&noUDP&sock=startd_7413_47a6>
	SlotName: slot1_33@b9p27p3664.cern.ch
	CondorScratchDir = "/pool/condor/dir_1489947"
	Cpus = 1
	Disk = 3746
	GPUs = 0
	Memory = 3000
...
006 (16711818.047.000) 08/10 12:11:00 Image size of job updated: 2368
	2  -  MemoryUsage of job (MB)
	1464  -  ResidentSetSize of job (KB)
...
006 (16711818.047.000) 08/10 12:16:01 Image size of job updated: 281268
	275  -  MemoryUsage of job (MB)
	281268  -  ResidentSetSize of job (KB)
...
006 (16711818.047.000) 08/10 12:21:01 Image size of job updated: 281284
	275  -  MemoryUsage of job (MB)
	281284  -  ResidentSetSize of job (KB)
...
006 (16711818.047.000) 08/10 12:26:02 Image size of job updated: 281292
	275  -  MemoryUsage of job (MB)
	281292  -  ResidentSetSize of job (KB)
...
006 (16711818.047.000) 08/10 12:27:01 Image size of job updated: 281296
	275  -  MemoryUsage of job (MB)
	281292  -  ResidentSetSize of job (KB)
...
040 (16711818.047.000) 08/10 12:27:01 Started transferring output files
...
040 (16711818.047.000) 08/10 12:27:01 Finished transferring output files
...
005 (16711818.047.000) 08/10 12:27:02 Job terminated.
	(1) Normal termination (return value 0)
		Usr 0 00:09:03, Sys 0 00:00:25  -  Run Remote Usage
		Usr 0 00:00:00, Sys 0 00:00:00  -  Run Local Usage
		Usr 0 00:09:03, Sys 0 00:00:25  -  Total Remote Usage
		Usr 0 00:00:00, Sys 0 00:00:00  -  Total Local Usage
	13358  -  Run Bytes Sent By Job
	11410  -  Run Bytes Received By Job
	13358  -  Total Bytes Sent By Job
	11410  -  Total Bytes Received By Job
	Partitionable Resources :    Usage  Request Allocated 
	   Cpus                 :     0.33        1         1 
	   Disk (KB)            :    62           1      3746 
	   GPUs                 :                           0 
	   Memory (MB)          :   275        3000      3000 
	   TimeExecute (s)      :   970                       
	   TimeSlotBusy (s)     :   972                       
...
