000 (16711818.048.000) 08/10 12:09:49 Job submitted from host: <188.184.90.241:9618?addrs=188.184.90.241-9618+[2001-1458-201-e4--100-2eb]-9618&alias=bigbird15.cern.ch&noUDP&sock=schedd_3150_376a>
...
040 (16711818.048.000) 08/10 12:10:50 Started transferring input files
	Transferring to host: <188.185.197.22:9618?addrs=188.185.197.22-9618+[2001-1458-303-24--100-12]-9618&alias=b9p14p6928.cern.ch&noUDP&sock=slot1_9_3146_6439_16959>
...
040 (16711818.048.000) 08/10 12:10:50 Finished transferring input files
...
001 (16711818.048.000) 08/10 12:10:51 Job executing on host: <188.185.197.22:9618?addrs=188.185.197.22-9618+[2001-1458-303-24--100-12]-9618&alias=b9p14p6928.cern.ch&noUDP&sock=startd_2536_1044>
	SlotName: slot1_9@b9p14p6928.cern.ch
	CondorScratchDir = "/pool/condor/dir_2355947"
	Cpus = 1
	Disk = 3831
	GPUs = 0
	Memory = 3000
...
006 (16711818.048.000) 08/10 12:11:00 Image size of job updated: 2448
	3  -  MemoryUsage of job (MB)
	2448  -  ResidentSetSize of job (KB)
...
006 (16711818.048.000) 08/10 12:16:01 Image size of job updated: 280688
	275  -  MemoryUsage of job (MB)
	280688  -  ResidentSetSize of job (KB)
...
006 (16711818.048.000) 08/10 12:21:01 Image size of job updated: 280704
	275  -  MemoryUsage of job (MB)
	280704  -  ResidentSetSize of job (KB)
...
006 (16711818.048.000) 08/10 12:25:58 Image size of job updated: 280828
	275  -  MemoryUsage of job (MB)
	280704  -  ResidentSetSize of job (KB)
...
040 (16711818.048.000) 08/10 12:25:58 Started transferring output files
...
040 (16711818.048.000) 08/10 12:25:58 Finished transferring output files
...
005 (16711818.048.000) 08/10 12:25:59 Job terminated.
	(1) Normal termination (return value 0)
		Usr 0 00:09:12, Sys 0 00:00:17  -  Run Remote Usage
		Usr 0 00:00:00, Sys 0 00:00:00  -  Run Local Usage
		Usr 0 00:09:12, Sys 0 00:00:17  -  Total Remote Usage
		Usr 0 00:00:00, Sys 0 00:00:00  -  Total Local Usage
	12731  -  Run Bytes Sent By Job
	11410  -  Run Bytes Received By Job
	12731  -  Total Bytes Sent By Job
	11410  -  Total Bytes Received By Job
	Partitionable Resources :    Usage  Request Allocated 
	   Cpus                 :     0.61        1         1 
	   Disk (KB)            :    62           1      3831 
	   GPUs                 :                           0 
	   Memory (MB)          :   275        3000      3000 
	   TimeExecute (s)      :   907                       
	   TimeSlotBusy (s)     :   909                       
...
