000 (16711818.046.000) 08/10 12:09:49 Job submitted from host: <188.184.90.241:9618?addrs=188.184.90.241-9618+[2001-1458-201-e4--100-2eb]-9618&alias=bigbird15.cern.ch&noUDP&sock=schedd_3150_376a>
...
040 (16711818.046.000) 08/10 12:10:49 Started transferring input files
	Transferring to host: <188.185.212.176:9618?addrs=188.185.212.176-9618+[2001-1458-303-19--100-2c]-9618&alias=b9p26p1659.cern.ch&noUDP&sock=slot1_26_10398_14e0_28531>
...
040 (16711818.046.000) 08/10 12:10:49 Finished transferring input files
...
001 (16711818.046.000) 08/10 12:10:50 Job executing on host: <188.185.212.176:9618?addrs=188.185.212.176-9618+[2001-1458-303-19--100-2c]-9618&alias=b9p26p1659.cern.ch&noUDP&sock=startd_9345_78a0>
	SlotName: slot1_26@b9p26p1659.cern.ch
	CondorScratchDir = "/pool/condor/dir_1024178"
	Cpus = 1
	Disk = 3884
	GPUs = 0
	Memory = 3000
...
006 (16711818.046.000) 08/10 12:10:58 Image size of job updated: 11064
	2  -  MemoryUsage of job (MB)
	1956  -  ResidentSetSize of job (KB)
...
006 (16711818.046.000) 08/10 12:15:58 Image size of job updated: 281644
	276  -  MemoryUsage of job (MB)
	281644  -  ResidentSetSize of job (KB)
...
006 (16711818.046.000) 08/10 12:20:59 Image size of job updated: 281652
	276  -  MemoryUsage of job (MB)
	281652  -  ResidentSetSize of job (KB)
...
006 (16711818.046.000) 08/10 12:26:37 Image size of job updated: 291212
	276  -  MemoryUsage of job (MB)
	281652  -  ResidentSetSize of job (KB)
...
040 (16711818.046.000) 08/10 12:26:37 Started transferring output files
...
040 (16711818.046.000) 08/10 12:26:37 Finished transferring output files
...
005 (16711818.046.000) 08/10 12:26:38 Job terminated.
	(1) Normal termination (return value 0)
		Usr 0 00:09:29, Sys 0 00:00:28  -  Run Remote Usage
		Usr 0 00:00:00, Sys 0 00:00:00  -  Run Local Usage
		Usr 0 00:09:29, Sys 0 00:00:28  -  Total Remote Usage
		Usr 0 00:00:00, Sys 0 00:00:00  -  Total Local Usage
	13358  -  Run Bytes Sent By Job
	11410  -  Run Bytes Received By Job
	13358  -  Total Bytes Sent By Job
	11410  -  Total Bytes Received By Job
	Partitionable Resources :    Usage  Request Allocated 
	   Cpus                 :     0.64        1         1 
	   Disk (KB)            :    74           1      3884 
	   GPUs                 :                           0 
	   Memory (MB)          :   276        3000      3000 
	   TimeExecute (s)      :   947                       
	   TimeSlotBusy (s)     :   949                       
...
