000 (16711818.050.000) 08/10 12:09:49 Job submitted from host: <188.184.90.241:9618?addrs=188.184.90.241-9618+[2001-1458-201-e4--100-2eb]-9618&alias=bigbird15.cern.ch&noUDP&sock=schedd_3150_376a>
...
040 (16711818.050.000) 08/10 12:10:51 Started transferring input files
	Transferring to host: <188.185.193.83:9618?addrs=188.185.193.83-9618+[2001-1458-303-20--100-4f]-9618&alias=b9p19p9863.cern.ch&noUDP&sock=slot1_24_4291_25c8_26332>
...
040 (16711818.050.000) 08/10 12:10:51 Finished transferring input files
...
001 (16711818.050.000) 08/10 12:10:52 Job executing on host: <188.185.193.83:9618?addrs=188.185.193.83-9618+[2001-1458-303-20--100-4f]-9618&alias=b9p19p9863.cern.ch&noUDP&sock=startd_3154_f5cb>
	SlotName: slot1_24@b9p19p9863.cern.ch
	CondorScratchDir = "/pool/condor/dir_1411396"
	Cpus = 1
	Disk = 3819
	GPUs = 0
	Memory = 3000
...
006 (16711818.050.000) 08/10 12:11:01 Image size of job updated: 3896
	4  -  MemoryUsage of job (MB)
	3896  -  ResidentSetSize of job (KB)
...
006 (16711818.050.000) 08/10 12:16:02 Image size of job updated: 279008
	273  -  MemoryUsage of job (MB)
	279008  -  ResidentSetSize of job (KB)
...
006 (16711818.050.000) 08/10 12:21:02 Image size of job updated: 279016
	273  -  MemoryUsage of job (MB)
	279016  -  ResidentSetSize of job (KB)
...
006 (16711818.050.000) 08/10 12:29:16 Image size of job updated: 279024
	273  -  MemoryUsage of job (MB)
	279016  -  ResidentSetSize of job (KB)
...
040 (16711818.050.000) 08/10 12:29:17 Started transferring output files
...
040 (16711818.050.000) 08/10 12:29:17 Finished transferring output files
...
005 (16711818.050.000) 08/10 12:29:17 Job terminated.
	(1) Normal termination (return value 0)
		Usr 0 00:13:25, Sys 0 00:00:23  -  Run Remote Usage
		Usr 0 00:00:00, Sys 0 00:00:00  -  Run Local Usage
		Usr 0 00:13:25, Sys 0 00:00:23  -  Total Remote Usage
		Usr 0 00:00:00, Sys 0 00:00:00  -  Total Local Usage
	13358  -  Run Bytes Sent By Job
	11410  -  Run Bytes Received By Job
	13358  -  Total Bytes Sent By Job
	11410  -  Total Bytes Received By Job
	Partitionable Resources :    Usage  Request Allocated 
	   Cpus                 :     0.79        1         1 
	   Disk (KB)            :    74           1      3819 
	   GPUs                 :                           0 
	   Memory (MB)          :   273        3000      3000 
	   TimeExecute (s)      :  1104                       
	   TimeSlotBusy (s)     :  1107                       
...
