000 (16711818.058.000) 08/10 12:09:49 Job submitted from host: <188.184.90.241:9618?addrs=188.184.90.241-9618+[2001-1458-201-e4--100-2eb]-9618&alias=bigbird15.cern.ch&noUDP&sock=schedd_3150_376a>
...
040 (16711818.058.000) 08/10 12:10:56 Started transferring input files
	Transferring to host: <188.185.195.54:9618?addrs=188.185.195.54-9618+[2001-1458-303-22--100-32]-9618&alias=b9p17p1021.cern.ch&noUDP&sock=slot1_36_3641_29ed_25290>
...
040 (16711818.058.000) 08/10 12:10:56 Finished transferring input files
...
001 (16711818.058.000) 08/10 12:10:57 Job executing on host: <188.185.195.54:9618?addrs=188.185.195.54-9618+[2001-1458-303-22--100-32]-9618&alias=b9p17p1021.cern.ch&noUDP&sock=startd_2923_836b>
	SlotName: slot1_36@b9p17p1021.cern.ch
	CondorScratchDir = "/pool/condor/dir_36379"
	Cpus = 1
	Disk = 3871
	GPUs = 0
	Memory = 3000
...
006 (16711818.058.000) 08/10 12:11:06 Image size of job updated: 3924
	4  -  MemoryUsage of job (MB)
	3924  -  ResidentSetSize of job (KB)
...
006 (16711818.058.000) 08/10 12:16:07 Image size of job updated: 277344
	271  -  MemoryUsage of job (MB)
	277344  -  ResidentSetSize of job (KB)
...
006 (16711818.058.000) 08/10 12:21:07 Image size of job updated: 277396
	271  -  MemoryUsage of job (MB)
	277396  -  ResidentSetSize of job (KB)
...
006 (16711818.058.000) 08/10 12:26:07 Image size of job updated: 277400
	271  -  MemoryUsage of job (MB)
	277400  -  ResidentSetSize of job (KB)
...
006 (16711818.058.000) 08/10 12:30:06 Image size of job updated: 285824
	271  -  MemoryUsage of job (MB)
	277400  -  ResidentSetSize of job (KB)
...
040 (16711818.058.000) 08/10 12:30:06 Started transferring output files
...
040 (16711818.058.000) 08/10 12:30:06 Finished transferring output files
...
005 (16711818.058.000) 08/10 12:30:06 Job terminated.
	(1) Normal termination (return value 0)
		Usr 0 00:13:56, Sys 0 00:00:21  -  Run Remote Usage
		Usr 0 00:00:00, Sys 0 00:00:00  -  Run Local Usage
		Usr 0 00:13:56, Sys 0 00:00:21  -  Total Remote Usage
		Usr 0 00:00:00, Sys 0 00:00:00  -  Total Local Usage
	13356  -  Run Bytes Sent By Job
	11410  -  Run Bytes Received By Job
	13356  -  Total Bytes Sent By Job
	11410  -  Total Bytes Received By Job
	Partitionable Resources :    Usage  Request Allocated 
	   Cpus                 :     0.75        1         1 
	   Disk (KB)            :    74           1      3871 
	   GPUs                 :                           0 
	   Memory (MB)          :   271        3000      3000 
	   TimeExecute (s)      :  1149                       
	   TimeSlotBusy (s)     :  1151                       
...
