000 (16711818.064.000) 08/10 12:09:49 Job submitted from host: <188.184.90.241:9618?addrs=188.184.90.241-9618+[2001-1458-201-e4--100-2eb]-9618&alias=bigbird15.cern.ch&noUDP&sock=schedd_3150_376a>
...
040 (16711818.064.000) 08/10 12:10:57 Started transferring input files
	Transferring to host: <128.142.51.207:9618?addrs=128.142.51.207-9618+[2001-1458-301-3--100-c]-9618&alias=b9g02p4318.cern.ch&noUDP&sock=slot1_12_9590_c5bf_24559>
...
040 (16711818.064.000) 08/10 12:10:57 Finished transferring input files
...
001 (16711818.064.000) 08/10 12:10:58 Job executing on host: <128.142.51.207:9618?addrs=128.142.51.207-9618+[2001-1458-301-3--100-c]-9618&alias=b9g02p4318.cern.ch&noUDP&sock=startd_8125_a715>
	SlotName: slot1_12@b9g02p4318.cern.ch
	CondorScratchDir = "/pool/condor/dir_609904"
	Cpus = 1
	Disk = 3780
	GPUs = 0
	Memory = 3000
...
006 (16711818.064.000) 08/10 12:11:07 Image size of job updated: 3900
	4  -  MemoryUsage of job (MB)
	3900  -  ResidentSetSize of job (KB)
...
006 (16711818.064.000) 08/10 12:16:08 Image size of job updated: 278736
	273  -  MemoryUsage of job (MB)
	278736  -  ResidentSetSize of job (KB)
...
006 (16711818.064.000) 08/10 12:16:58 Image size of job updated: 278744
	273  -  MemoryUsage of job (MB)
	278736  -  ResidentSetSize of job (KB)
...
040 (16711818.064.000) 08/10 12:16:58 Started transferring output files
...
040 (16711818.064.000) 08/10 12:16:58 Finished transferring output files
...
005 (16711818.064.000) 08/10 12:16:58 Job terminated.
	(1) Normal termination (return value 0)
		Usr 0 00:04:00, Sys 0 00:00:14  -  Run Remote Usage
		Usr 0 00:00:00, Sys 0 00:00:00  -  Run Local Usage
		Usr 0 00:04:00, Sys 0 00:00:14  -  Total Remote Usage
		Usr 0 00:00:00, Sys 0 00:00:00  -  Total Local Usage
	11476  -  Run Bytes Sent By Job
	11410  -  Run Bytes Received By Job
	11476  -  Total Bytes Sent By Job
	11410  -  Total Bytes Received By Job
	Partitionable Resources :    Usage  Request Allocated 
	   Cpus                 :        0        1         1 
	   Disk (KB)            :       74        1      3780 
	   GPUs                 :                           0 
	   Memory (MB)          :      273     3000      3000 
	   TimeExecute (s)      :      360                    
	   TimeSlotBusy (s)     :      362                    
...
