000 (16711818.063.000) 08/10 12:09:49 Job submitted from host: <188.184.90.241:9618?addrs=188.184.90.241-9618+[2001-1458-201-e4--100-2eb]-9618&alias=bigbird15.cern.ch&noUDP&sock=schedd_3150_376a>
...
040 (16711818.063.000) 08/10 12:10:54 Started transferring input files
	Transferring to host: <188.185.215.176:9618?addrs=188.185.215.176-9618+[2001-1458-303-26--100-2c]-9618&alias=b9p18p7146.cern.ch&noUDP&sock=slot1_14_4807_b75d_24870>
...
040 (16711818.063.000) 08/10 12:10:54 Finished transferring input files
...
001 (16711818.063.000) 08/10 12:10:55 Job executing on host: <188.185.215.176:9618?addrs=188.185.215.176-9618+[2001-1458-303-26--100-2c]-9618&alias=b9p18p7146.cern.ch&noUDP&sock=startd_4107_a38d>
	SlotName: slot1_14@b9p18p7146.cern.ch
	CondorScratchDir = "/pool/condor/dir_2016704"
	Cpus = 1
	Disk = 3870
	GPUs = 0
	Memory = 3000
...
006 (16711818.063.000) 08/10 12:11:03 Image size of job updated: 3896
	4  -  MemoryUsage of job (MB)
	3896  -  ResidentSetSize of job (KB)
...
006 (16711818.063.000) 08/10 12:14:53 Image size of job updated: 300312
	4  -  MemoryUsage of job (MB)
	3896  -  ResidentSetSize of job (KB)
...
040 (16711818.063.000) 08/10 12:14:53 Started transferring output files
...
040 (16711818.063.000) 08/10 12:14:53 Finished transferring output files
...
005 (16711818.063.000) 08/10 12:14:53 Job terminated.
	(1) Normal termination (return value 0)
		Usr 0 00:02:25, Sys 0 00:00:12  -  Run Remote Usage
		Usr 0 00:00:00, Sys 0 00:00:00  -  Run Local Usage
		Usr 0 00:02:25, Sys 0 00:00:12  -  Total Remote Usage
		Usr 0 00:00:00, Sys 0 00:00:00  -  Total Local Usage
	11306  -  Run Bytes Sent By Job
	11410  -  Run Bytes Received By Job
	11306  -  Total Bytes Sent By Job
	11410  -  Total Bytes Received By Job
	Partitionable Resources :    Usage  Request Allocated 
	   Cpus                 :     0.68        1         1 
	   Disk (KB)            :    74           1      3870 
	   GPUs                 :                           0 
	   Memory (MB)          :     4        3000      3000 
	   TimeExecute (s)      :   238                       
	   TimeSlotBusy (s)     :   240                       
...
