000 (16711818.066.000) 08/10 12:09:49 Job submitted from host: <188.184.90.241:9618?addrs=188.184.90.241-9618+[2001-1458-201-e4--100-2eb]-9618&alias=bigbird15.cern.ch&noUDP&sock=schedd_3150_376a>
...
040 (16711818.066.000) 08/10 12:10:58 Started transferring input files
	Transferring to host: <128.142.248.112:9618?addrs=128.142.248.112-9618+[2001-1458-301-73--100-160]-9618&alias=b9g23p1260.cern.ch&noUDP&sock=slot1_4_5940_046b_16973>
...
040 (16711818.066.000) 08/10 12:10:58 Finished transferring input files
...
001 (16711818.066.000) 08/10 12:10:59 Job executing on host: <128.142.248.112:9618?addrs=128.142.248.112-9618+[2001-1458-301-73--100-160]-9618&alias=b9g23p1260.cern.ch&noUDP&sock=startd_4426_7243>
	SlotName: slot1_4@b9g23p1260.cern.ch
	CondorScratchDir = "/pool/condor/dir_198049"
	Cpus = 1
	Disk = 3877
	GPUs = 0
	Memory = 3000
...
006 (16711818.066.000) 08/10 12:11:07 Image size of job updated: 3976
	4  -  MemoryUsage of job (MB)
	3976  -  ResidentSetSize of job (KB)
...
006 (16711818.066.000) 08/10 12:12:03 Image size of job updated: 340356
	4  -  MemoryUsage of job (MB)
	3984  -  ResidentSetSize of job (KB)
...
040 (16711818.066.000) 08/10 12:12:03 Started transferring output files
...
040 (16711818.066.000) 08/10 12:12:03 Finished transferring output files
...
005 (16711818.066.000) 08/10 12:12:04 Job terminated.
	(1) Normal termination (return value 0)
		Usr 0 00:00:41, Sys 0 00:00:09  -  Run Remote Usage
		Usr 0 00:00:00, Sys 0 00:00:00  -  Run Local Usage
		Usr 0 00:00:41, Sys 0 00:00:09  -  Total Remote Usage
		Usr 0 00:00:00, Sys 0 00:00:00  -  Total Local Usage
	10740  -  Run Bytes Sent By Job
	11410  -  Run Bytes Received By Job
	10740  -  Total Bytes Sent By Job
	11410  -  Total Bytes Received By Job
	Partitionable Resources :    Usage  Request Allocated 
	   Cpus                 :        0        1         1 
	   Disk (KB)            :       74        1      3877 
	   GPUs                 :                           0 
	   Memory (MB)          :        4     3000      3000 
	   TimeExecute (s)      :       64                    
	   TimeSlotBusy (s)     :       66                    
...
