000 (16711818.056.000) 08/10 12:09:49 Job submitted from host: <188.184.90.241:9618?addrs=188.184.90.241-9618+[2001-1458-201-e4--100-2eb]-9618&alias=bigbird15.cern.ch&noUDP&sock=schedd_3150_376a>
...
040 (16711818.056.000) 08/10 12:10:53 Started transferring input files
	Transferring to host: <188.185.215.148:9618?addrs=188.185.215.148-9618+[2001-1458-303-26--100-10]-9618&alias=b9p18p7862.cern.ch&noUDP&sock=slot1_34_6904_3e12_23207>
...
040 (16711818.056.000) 08/10 12:10:53 Finished transferring input files
...
001 (16711818.056.000) 08/10 12:10:54 Job executing on host: <188.185.215.148:9618?addrs=188.185.215.148-9618+[2001-1458-303-26--100-10]-9618&alias=b9p18p7862.cern.ch&noUDP&sock=startd_6176_ccff>
	SlotName: slot1_34@b9p18p7862.cern.ch
	CondorScratchDir = "/pool/condor/dir_154652"
	Cpus = 1
	Disk = 3815
	GPUs = 0
	Memory = 3000
...
006 (16711818.056.000) 08/10 12:11:03 Image size of job updated: 1880
	2  -  MemoryUsage of job (MB)
	1880  -  ResidentSetSize of job (KB)
...
006 (16711818.056.000) 08/10 12:16:04 Image size of job updated: 300140
	294  -  MemoryUsage of job (MB)
	300140  -  ResidentSetSize of job (KB)
...
040 (16711818.056.000) 08/10 12:17:03 Started transferring output files
...
040 (16711818.056.000) 08/10 12:17:03 Finished transferring output files
...
005 (16711818.056.000) 08/10 12:17:04 Job terminated.
	(1) Normal termination (return value 0)
		Usr 0 00:04:10, Sys 0 00:00:13  -  Run Remote Usage
		Usr 0 00:00:00, Sys 0 00:00:00  -  Run Local Usage
		Usr 0 00:04:10, Sys 0 00:00:13  -  Total Remote Usage
		Usr 0 00:00:00, Sys 0 00:00:00  -  Total Local Usage
	11533  -  Run Bytes Sent By Job
	11409  -  Run Bytes Received By Job
	11533  -  Total Bytes Sent By Job
	11409  -  Total Bytes Received By Job
	Partitionable Resources :    Usage  Request Allocated 
	   Cpus                 :        0        1         1 
	   Disk (KB)            :       74        1      3815 
	   GPUs                 :                           0 
	   Memory (MB)          :      294     3000      3000 
	   TimeExecute (s)      :      369                    
	   TimeSlotBusy (s)     :      371                    
...
