000 (16711818.062.000) 08/10 12:09:49 Job submitted from host: <188.184.90.241:9618?addrs=188.184.90.241-9618+[2001-1458-201-e4--100-2eb]-9618&alias=bigbird15.cern.ch&noUDP&sock=schedd_3150_376a>
...
040 (16711818.062.000) 08/10 12:10:57 Started transferring input files
	Transferring to host: <128.142.196.62:9618?addrs=128.142.196.62-9618+[2001-1458-301-3c--100-3c]-9618&alias=b9g32p1648.cern.ch&noUDP&sock=slot1_19_4236_6525_26160>
...
040 (16711818.062.000) 08/10 12:10:57 Finished transferring input files
...
001 (16711818.062.000) 08/10 12:10:58 Job executing on host: <128.142.196.62:9618?addrs=128.142.196.62-9618+[2001-1458-301-3c--100-3c]-9618&alias=b9g32p1648.cern.ch&noUDP&sock=startd_3324_90e5>
	SlotName: slot1_19@b9g32p1648.cern.ch
	CondorScratchDir = "/pool/condor/dir_3741255"
	Cpus = 1
	Disk = 3785
	GPUs = 0
	Memory = 3000
...
006 (16711818.062.000) 08/10 12:11:07 Image size of job updated: 3904
	4  -  MemoryUsage of job (MB)
	3904  -  ResidentSetSize of job (KB)
...
006 (16711818.062.000) 08/10 12:16:08 Image size of job updated: 295528
	289  -  MemoryUsage of job (MB)
	295528  -  ResidentSetSize of job (KB)
...
006 (16711818.062.000) 08/10 12:16:58 Image size of job updated: 295532
	289  -  MemoryUsage of job (MB)
	295528  -  ResidentSetSize of job (KB)
...
040 (16711818.062.000) 08/10 12:16:58 Started transferring output files
...
040 (16711818.062.000) 08/10 12:16:58 Finished transferring output files
...
005 (16711818.062.000) 08/10 12:16:59 Job terminated.
	(1) Normal termination (return value 0)
		Usr 0 00:03:53, Sys 0 00:00:15  -  Run Remote Usage
		Usr 0 00:00:00, Sys 0 00:00:00  -  Run Local Usage
		Usr 0 00:03:53, Sys 0 00:00:15  -  Total Remote Usage
		Usr 0 00:00:00, Sys 0 00:00:00  -  Total Local Usage
	11648  -  Run Bytes Sent By Job
	11410  -  Run Bytes Received By Job
	11648  -  Total Bytes Sent By Job
	11410  -  Total Bytes Received By Job
	Partitionable Resources :    Usage  Request Allocated 
	   Cpus                 :        0        1         1 
	   Disk (KB)            :       73        1      3785 
	   GPUs                 :                           0 
	   Memory (MB)          :      289     3000      3000 
	   TimeExecute (s)      :      360                    
	   TimeSlotBusy (s)     :      362                    
...
