000 (16711818.057.000) 08/10 12:09:49 Job submitted from host: <188.184.90.241:9618?addrs=188.184.90.241-9618+[2001-1458-201-e4--100-2eb]-9618&alias=bigbird15.cern.ch&noUDP&sock=schedd_3150_376a>
...
040 (16711818.057.000) 08/10 12:10:53 Started transferring input files
	Transferring to host: <188.185.192.30:9618?addrs=188.185.192.30-9618+[2001-1458-303-1f--100-1a]-9618&alias=b9p13p4361.cern.ch&noUDP&sock=slot1_29_10075_7fb3_22792>
...
040 (16711818.057.000) 08/10 12:10:53 Finished transferring input files
...
001 (16711818.057.000) 08/10 12:10:54 Job executing on host: <188.185.192.30:9618?addrs=188.185.192.30-9618+[2001-1458-303-1f--100-1a]-9618&alias=b9p13p4361.cern.ch&noUDP&sock=startd_8860_cd31>
	SlotName: slot1_29@b9p13p4361.cern.ch
	CondorScratchDir = "/pool/condor/dir_1923426"
	Cpus = 1
	Disk = 3824
	GPUs = 0
	Memory = 3000
...
006 (16711818.057.000) 08/10 12:11:03 Image size of job updated: 1644
	2  -  MemoryUsage of job (MB)
	1644  -  ResidentSetSize of job (KB)
...
006 (16711818.057.000) 08/10 12:16:04 Image size of job updated: 281764
	276  -  MemoryUsage of job (MB)
	281764  -  ResidentSetSize of job (KB)
...
006 (16711818.057.000) 08/10 12:21:04 Image size of job updated: 281776
	276  -  MemoryUsage of job (MB)
	281776  -  ResidentSetSize of job (KB)
...
006 (16711818.057.000) 08/10 12:26:05 Image size of job updated: 281780
	276  -  MemoryUsage of job (MB)
	281780  -  ResidentSetSize of job (KB)
...
006 (16711818.057.000) 08/10 12:27:47 Image size of job updated: 292724
	276  -  MemoryUsage of job (MB)
	281780  -  ResidentSetSize of job (KB)
...
040 (16711818.057.000) 08/10 12:27:47 Started transferring output files
...
040 (16711818.057.000) 08/10 12:27:47 Finished transferring output files
...
005 (16711818.057.000) 08/10 12:27:47 Job terminated.
	(1) Normal termination (return value 0)
		Usr 0 00:11:50, Sys 0 00:00:19  -  Run Remote Usage
		Usr 0 00:00:00, Sys 0 00:00:00  -  Run Local Usage
		Usr 0 00:11:50, Sys 0 00:00:19  -  Total Remote Usage
		Usr 0 00:00:00, Sys 0 00:00:00  -  Total Local Usage
	13358  -  Run Bytes Sent By Job
	11410  -  Run Bytes Received By Job
	13358  -  Total Bytes Sent By Job
	11410  -  Total Bytes Received By Job
	Partitionable Resources :    Usage  Request Allocated 
	   Cpus                 :     0.70        1         1 
	   Disk (KB)            :    74           1      3824 
	   GPUs                 :                           0 
	   Memory (MB)          :   276        3000      3000 
	   TimeExecute (s)      :  1013                       
	   TimeSlotBusy (s)     :  1015                       
...
