000 (16711818.069.000) 08/10 12:09:49 Job submitted from host: <188.184.90.241:9618?addrs=188.184.90.241-9618+[2001-1458-201-e4--100-2eb]-9618&alias=bigbird15.cern.ch&noUDP&sock=schedd_3150_376a>
...
040 (16711818.069.000) 08/10 12:10:55 Started transferring input files
	Transferring to host: <188.185.192.157:9618?addrs=188.185.192.157-9618+[2001-1458-303-1f--100-99]-9618&alias=b9p13p7797.cern.ch&noUDP&sock=slot1_20_3848_0396_23009>
...
040 (16711818.069.000) 08/10 12:10:55 Finished transferring input files
...
001 (16711818.069.000) 08/10 12:10:56 Job executing on host: <188.185.192.157:9618?addrs=188.185.192.157-9618+[2001-1458-303-1f--100-99]-9618&alias=b9p13p7797.cern.ch&noUDP&sock=startd_3075_c5d0>
	SlotName: slot1_20@b9p13p7797.cern.ch
	CondorScratchDir = "/pool/condor/dir_1438261"
	Cpus = 1
	Disk = 3835
	GPUs = 0
	Memory = 3000
...
006 (16711818.069.000) 08/10 12:11:04 Image size of job updated: 11052
	11  -  MemoryUsage of job (MB)
	11052  -  ResidentSetSize of job (KB)
...
006 (16711818.069.000) 08/10 12:16:04 Image size of job updated: 144684
	142  -  MemoryUsage of job (MB)
	144684  -  ResidentSetSize of job (KB)
...
006 (16711818.069.000) 08/10 12:19:34 Image size of job updated: 144704
	142  -  MemoryUsage of job (MB)
	144684  -  ResidentSetSize of job (KB)
...
040 (16711818.069.000) 08/10 12:19:34 Started transferring output files
...
040 (16711818.069.000) 08/10 12:19:34 Finished transferring output files
...
005 (16711818.069.000) 08/10 12:19:34 Job terminated.
	(1) Normal termination (return value 0)
		Usr 0 00:00:06, Sys 0 00:00:09  -  Run Remote Usage
		Usr 0 00:00:00, Sys 0 00:00:00  -  Run Local Usage
		Usr 0 00:00:06, Sys 0 00:00:09  -  Total Remote Usage
		Usr 0 00:00:00, Sys 0 00:00:00  -  Total Local Usage
	10386  -  Run Bytes Sent By Job
	11410  -  Run Bytes Received By Job
	10386  -  Total Bytes Sent By Job
	11410  -  Total Bytes Received By Job
	Partitionable Resources :    Usage  Request Allocated 
	   Cpus                 :     0.00        1         1 
	   Disk (KB)            :    60           1      3835 
	   GPUs                 :                           0 
	   Memory (MB)          :   142        3000      3000 
	   TimeExecute (s)      :   518                       
	   TimeSlotBusy (s)     :   520                       
...
