000 (16741372.000.000) 08/21 14:45:05 Job submitted from host: <188.184.90.241:9618?addrs=188.184.90.241-9618+[2001-1458-201-e4--100-2eb]-9618&alias=bigbird15.cern.ch&noUDP&sock=schedd_3150_376a>
...
040 (16741372.000.000) 08/21 14:51:39 Started transferring input files
	Transferring to host: <188.185.210.62:9618?addrs=188.185.210.62-9618+[2001-1458-303-1--100-3a]-9618&alias=b9p21p9921.cern.ch&noUDP&sock=slot1_1_3283_eb9f_48228>
...
040 (16741372.000.000) 08/21 14:51:39 Finished transferring input files
...
001 (16741372.000.000) 08/21 14:51:40 Job executing on host: <188.185.210.62:9618?addrs=188.185.210.62-9618+[2001-1458-303-1--100-3a]-9618&alias=b9p21p9921.cern.ch&noUDP&sock=startd_2711_1957>
	SlotName: slot1_1@b9p21p9921.cern.ch
	CondorScratchDir = "/pool/condor/dir_3972082"
	Cpus = 1
	Disk = 3821
	GPUs = 0
	Memory = 3000
...
006 (16741372.000.000) 08/21 14:51:49 Image size of job updated: 3900
	4  -  MemoryUsage of job (MB)
	3900  -  ResidentSetSize of job (KB)
...
006 (16741372.000.000) 08/21 14:52:34 Image size of job updated: 219316
	4  -  MemoryUsage of job (MB)
	3900  -  ResidentSetSize of job (KB)
...
040 (16741372.000.000) 08/21 14:52:34 Started transferring output files
...
040 (16741372.000.000) 08/21 14:52:34 Finished transferring output files
...
004 (16741372.000.000) 08/21 14:52:34 Job was evicted. Code 1009 Subcode 0
	(0) CPU times
		Usr 0 00:00:18, Sys 0 00:00:07  -  Run Remote Usage
		Usr 0 00:00:00, Sys 0 00:00:00  -  Run Local Usage
	8632  -  Run Bytes Sent By Job
	849  -  Run Bytes Received By Job
	Reason: Claim deactivated
	Partitionable Resources :    Usage  Request Allocated 
	   Cpus                 :        0        1         1 
	   Disk (KB)            :       65        1      3821 
	   GPUs                 :                           0 
	   Memory (MB)          :        4     3000      3000 
	   TimeExecute (s)      :       54                    
	   TimeSlotBusy (s)     :       56                    
...
009 (16741372.000.000) 08/21 14:52:34 Job was aborted.
	via condor_rm (by user masegret)
...
000 (16742629.000.000) 08/21 14:55:57 Job submitted from host: <188.184.90.241:9618?addrs=188.184.90.241-9618+[2001-1458-201-e4--100-2eb]-9618&alias=bigbird15.cern.ch&noUDP&sock=schedd_3150_376a>
...
040 (16742629.000.000) 08/21 14:57:37 Started transferring input files
	Transferring to host: <128.142.192.161:9618?addrs=128.142.192.161-9618+[2001-1458-301-56--100-1d]-9618&alias=b9g18p0292.cern.ch&noUDP&sock=slot1_7_3621_126c_46908>
...
040 (16742629.000.000) 08/21 14:57:37 Finished transferring input files
...
001 (16742629.000.000) 08/21 14:57:38 Job executing on host: <128.142.192.161:9618?addrs=128.142.192.161-9618+[2001-1458-301-56--100-1d]-9618&alias=b9g18p0292.cern.ch&noUDP&sock=startd_2938_cd56>
	SlotName: slot1_7@b9g18p0292.cern.ch
	CondorScratchDir = "/pool/condor/dir_1974050"
	Cpus = 1
	Disk = 3917
	GPUs = 0
	Memory = 3000
...
006 (16742629.000.000) 08/21 14:57:46 Image size of job updated: 3904
	4  -  MemoryUsage of job (MB)
	3904  -  ResidentSetSize of job (KB)
...
