000 (16751062.005.000) 08/22 12:09:55 Job submitted from host: <188.184.90.241:9618?addrs=188.184.90.241-9618+[2001-1458-201-e4--100-2eb]-9618&alias=bigbird15.cern.ch&noUDP&sock=schedd_3150_376a>
...
040 (16751062.005.000) 08/22 12:10:38 Started transferring input files
	Transferring to host: <188.185.213.196:9618?addrs=188.185.213.196-9618+[2001-1458-303-1b--100-40]-9618&alias=b9p28p7375.cern.ch&noUDP&sock=slot1_27_3975_7f3b_48032>
...
040 (16751062.005.000) 08/22 12:10:38 Finished transferring input files
...
001 (16751062.005.000) 08/22 12:10:39 Job executing on host: <188.185.213.196:9618?addrs=188.185.213.196-9618+[2001-1458-303-1b--100-40]-9618&alias=b9p28p7375.cern.ch&noUDP&sock=startd_3745_5644>
	SlotName: slot1_27@b9p28p7375.cern.ch
	CondorScratchDir = "/pool/condor/dir_1785005"
	Cpus = 1
	Disk = 3671
	GPUs = 0
	Memory = 3000
...
006 (16751062.005.000) 08/22 12:10:47 Image size of job updated: 2264
	3  -  MemoryUsage of job (MB)
	2264  -  ResidentSetSize of job (KB)
...
006 (16751062.005.000) 08/22 12:15:47 Image size of job updated: 221640
	217  -  MemoryUsage of job (MB)
	221640  -  ResidentSetSize of job (KB)
...
006 (16751062.005.000) 08/22 12:15:50 Image size of job updated: 237420
	217  -  MemoryUsage of job (MB)
	221640  -  ResidentSetSize of job (KB)
...
040 (16751062.005.000) 08/22 12:15:50 Started transferring output files
...
040 (16751062.005.000) 08/22 12:15:50 Finished transferring output files
...
005 (16751062.005.000) 08/22 12:15:50 Job terminated.
	(1) Normal termination (return value 0)
		Usr 0 00:04:36, Sys 0 00:00:09  -  Run Remote Usage
		Usr 0 00:00:00, Sys 0 00:00:00  -  Run Local Usage
		Usr 0 00:04:36, Sys 0 00:00:09  -  Total Remote Usage
		Usr 0 00:00:00, Sys 0 00:00:00  -  Total Local Usage
	8994  -  Run Bytes Sent By Job
	850  -  Run Bytes Received By Job
	8994  -  Total Bytes Sent By Job
	850  -  Total Bytes Received By Job
	Partitionable Resources :    Usage  Request Allocated 
	   Cpus                 :        0        1         1 
	   Disk (KB)            :       56        1      3671 
	   GPUs                 :                           0 
	   Memory (MB)          :      217     3000      3000 
	   TimeExecute (s)      :      311                    
	   TimeSlotBusy (s)     :      313                    
...
