000 (16751062.008.000) 08/22 12:09:55 Job submitted from host: <188.184.90.241:9618?addrs=188.184.90.241-9618+[2001-1458-201-e4--100-2eb]-9618&alias=bigbird15.cern.ch&noUDP&sock=schedd_3150_376a>
...
040 (16751062.008.000) 08/22 12:10:39 Started transferring input files
	Transferring to host: <188.185.210.173:9618?addrs=188.185.210.173-9618+[2001-1458-303-15--100-29]-9618&alias=b9p22p6887.cern.ch&noUDP&sock=slot1_9_10588_f428_49767>
...
040 (16751062.008.000) 08/22 12:10:39 Finished transferring input files
...
001 (16751062.008.000) 08/22 12:10:40 Job executing on host: <188.185.210.173:9618?addrs=188.185.210.173-9618+[2001-1458-303-15--100-29]-9618&alias=b9p22p6887.cern.ch&noUDP&sock=startd_9995_512f>
	SlotName: slot1_9@b9p22p6887.cern.ch
	CondorScratchDir = "/pool/condor/dir_3502556"
	Cpus = 1
	Disk = 3715
	GPUs = 0
	Memory = 3000
...
006 (16751062.008.000) 08/22 12:10:49 Image size of job updated: 2660
	3  -  MemoryUsage of job (MB)
	2648  -  ResidentSetSize of job (KB)
...
006 (16751062.008.000) 08/22 12:15:50 Image size of job updated: 221628
	217  -  MemoryUsage of job (MB)
	221628  -  ResidentSetSize of job (KB)
...
006 (16751062.008.000) 08/22 12:16:38 Image size of job updated: 228484
	217  -  MemoryUsage of job (MB)
	221628  -  ResidentSetSize of job (KB)
...
040 (16751062.008.000) 08/22 12:16:38 Started transferring output files
...
040 (16751062.008.000) 08/22 12:16:38 Finished transferring output files
...
005 (16751062.008.000) 08/22 12:16:38 Job terminated.
	(1) Normal termination (return value 0)
		Usr 0 00:04:59, Sys 0 00:00:08  -  Run Remote Usage
		Usr 0 00:00:00, Sys 0 00:00:00  -  Run Local Usage
		Usr 0 00:04:59, Sys 0 00:00:08  -  Total Remote Usage
		Usr 0 00:00:00, Sys 0 00:00:00  -  Total Local Usage
	8994  -  Run Bytes Sent By Job
	850  -  Run Bytes Received By Job
	8994  -  Total Bytes Sent By Job
	850  -  Total Bytes Received By Job
	Partitionable Resources :    Usage  Request Allocated 
	   Cpus                 :     0.03        1         1 
	   Disk (KB)            :    39           1      3715 
	   GPUs                 :                           0 
	   Memory (MB)          :   217        3000      3000 
	   TimeExecute (s)      :   358                       
	   TimeSlotBusy (s)     :   360                       
...
