000 (16751062.002.000) 08/22 12:09:55 Job submitted from host: <188.184.90.241:9618?addrs=188.184.90.241-9618+[2001-1458-201-e4--100-2eb]-9618&alias=bigbird15.cern.ch&noUDP&sock=schedd_3150_376a>
...
040 (16751062.002.000) 08/22 12:10:37 Started transferring input files
	Transferring to host: <128.142.161.80:9618?addrs=128.142.161.80-9618+[2001-1458-301-b8--100-e]-9618&alias=b9g03p6247.cern.ch&noUDP&sock=slot1_10_5584_2edc_48826>
...
040 (16751062.002.000) 08/22 12:10:37 Finished transferring input files
...
001 (16751062.002.000) 08/22 12:10:38 Job executing on host: <128.142.161.80:9618?addrs=128.142.161.80-9618+[2001-1458-301-b8--100-e]-9618&alias=b9g03p6247.cern.ch&noUDP&sock=startd_4501_e3dd>
	SlotName: slot1_10@b9g03p6247.cern.ch
	CondorScratchDir = "/pool/condor/dir_2184663"
	Cpus = 1
	Disk = 3990
	GPUs = 0
	Memory = 3000
...
006 (16751062.002.000) 08/22 12:10:46 Image size of job updated: 3848
	4  -  MemoryUsage of job (MB)
	3848  -  ResidentSetSize of job (KB)
...
006 (16751062.002.000) 08/22 12:14:57 Image size of job updated: 221816
	4  -  MemoryUsage of job (MB)
	3848  -  ResidentSetSize of job (KB)
...
040 (16751062.002.000) 08/22 12:14:57 Started transferring output files
...
040 (16751062.002.000) 08/22 12:14:57 Finished transferring output files
...
005 (16751062.002.000) 08/22 12:14:58 Job terminated.
	(1) Normal termination (return value 0)
		Usr 0 00:03:48, Sys 0 00:00:06  -  Run Remote Usage
		Usr 0 00:00:00, Sys 0 00:00:00  -  Run Local Usage
		Usr 0 00:03:48, Sys 0 00:00:06  -  Total Remote Usage
		Usr 0 00:00:00, Sys 0 00:00:00  -  Total Local Usage
	8994  -  Run Bytes Sent By Job
	850  -  Run Bytes Received By Job
	8994  -  Total Bytes Sent By Job
	850  -  Total Bytes Received By Job
	Partitionable Resources :    Usage  Request Allocated 
	   Cpus                 :                 1         1 
	   Disk (KB)            :       48        1      3990 
	   GPUs                 :                           0 
	   Memory (MB)          :        4     3000      3000 
	   TimeExecute (s)      :      259                    
	   TimeSlotBusy (s)     :      261                    
...
