000 (16751062.006.000) 08/22 12:09:55 Job submitted from host: <188.184.90.241:9618?addrs=188.184.90.241-9618+[2001-1458-201-e4--100-2eb]-9618&alias=bigbird15.cern.ch&noUDP&sock=schedd_3150_376a>
...
040 (16751062.006.000) 08/22 12:10:38 Started transferring input files
	Transferring to host: <188.185.214.74:9618?addrs=188.185.214.74-9618+[2001-1458-303-1c--100-46]-9618&alias=b9p29p6551.cern.ch&noUDP&sock=slot1_18_5798_f725_48474>
...
040 (16751062.006.000) 08/22 12:10:38 Finished transferring input files
...
001 (16751062.006.000) 08/22 12:10:39 Job executing on host: <188.185.214.74:9618?addrs=188.185.214.74-9618+[2001-1458-303-1c--100-46]-9618&alias=b9p29p6551.cern.ch&noUDP&sock=startd_4836_ac17>
	SlotName: slot1_18@b9p29p6551.cern.ch
	CondorScratchDir = "/pool/condor/dir_2271546"
	Cpus = 1
	Disk = 3805
	GPUs = 0
	Memory = 3000
...
006 (16751062.006.000) 08/22 12:10:47 Image size of job updated: 3844
	4  -  MemoryUsage of job (MB)
	3844  -  ResidentSetSize of job (KB)
...
006 (16751062.006.000) 08/22 12:14:37 Image size of job updated: 231592
	4  -  MemoryUsage of job (MB)
	3844  -  ResidentSetSize of job (KB)
...
040 (16751062.006.000) 08/22 12:14:37 Started transferring output files
...
040 (16751062.006.000) 08/22 12:14:37 Finished transferring output files
...
005 (16751062.006.000) 08/22 12:14:37 Job terminated.
	(1) Normal termination (return value 0)
		Usr 0 00:03:33, Sys 0 00:00:08  -  Run Remote Usage
		Usr 0 00:00:00, Sys 0 00:00:00  -  Run Local Usage
		Usr 0 00:03:33, Sys 0 00:00:08  -  Total Remote Usage
		Usr 0 00:00:00, Sys 0 00:00:00  -  Total Local Usage
	8961  -  Run Bytes Sent By Job
	850  -  Run Bytes Received By Job
	8961  -  Total Bytes Sent By Job
	850  -  Total Bytes Received By Job
	Partitionable Resources :    Usage  Request Allocated 
	   Cpus                 :        0        1         1 
	   Disk (KB)            :       56        1      3805 
	   GPUs                 :                           0 
	   Memory (MB)          :        4     3000      3000 
	   TimeExecute (s)      :      238                    
	   TimeSlotBusy (s)     :      240                    
...
