000 (16751062.010.000) 08/22 12:09:55 Job submitted from host: <188.184.90.241:9618?addrs=188.184.90.241-9618+[2001-1458-201-e4--100-2eb]-9618&alias=bigbird15.cern.ch&noUDP&sock=schedd_3150_376a>
...
040 (16751062.010.000) 08/22 12:10:40 Started transferring input files
	Transferring to host: <188.185.213.174:9618?addrs=188.185.213.174-9618+[2001-1458-303-1b--100-2a]-9618&alias=b9p28p4056.cern.ch&noUDP&sock=slot1_21_3764_d412_47962>
...
040 (16751062.010.000) 08/22 12:10:40 Finished transferring input files
...
001 (16751062.010.000) 08/22 12:10:41 Job executing on host: <188.185.213.174:9618?addrs=188.185.213.174-9618+[2001-1458-303-1b--100-2a]-9618&alias=b9p28p4056.cern.ch&noUDP&sock=startd_3721_dffe>
	SlotName: slot1_21@b9p28p4056.cern.ch
	CondorScratchDir = "/pool/condor/dir_2348672"
	Cpus = 1
	Disk = 3712
	GPUs = 0
	Memory = 3000
...
006 (16751062.010.000) 08/22 12:10:50 Image size of job updated: 6372
	7  -  MemoryUsage of job (MB)
	6372  -  ResidentSetSize of job (KB)
...
006 (16751062.010.000) 08/22 12:14:12 Image size of job updated: 237408
	7  -  MemoryUsage of job (MB)
	6372  -  ResidentSetSize of job (KB)
...
040 (16751062.010.000) 08/22 12:14:12 Started transferring output files
...
040 (16751062.010.000) 08/22 12:14:12 Finished transferring output files
...
005 (16751062.010.000) 08/22 12:14:12 Job terminated.
	(1) Normal termination (return value 0)
		Usr 0 00:03:08, Sys 0 00:00:06  -  Run Remote Usage
		Usr 0 00:00:00, Sys 0 00:00:00  -  Run Local Usage
		Usr 0 00:03:08, Sys 0 00:00:06  -  Total Remote Usage
		Usr 0 00:00:00, Sys 0 00:00:00  -  Total Local Usage
	8994  -  Run Bytes Sent By Job
	850  -  Run Bytes Received By Job
	8994  -  Total Bytes Sent By Job
	850  -  Total Bytes Received By Job
	Partitionable Resources :    Usage  Request Allocated 
	   Cpus                 :     0.99        1         1 
	   Disk (KB)            :    39           1      3712 
	   GPUs                 :                           0 
	   Memory (MB)          :     7        3000      3000 
	   TimeExecute (s)      :   211                       
	   TimeSlotBusy (s)     :   213                       
...
