000 (16741372.004.000) 08/21 14:45:05 Job submitted from host: <188.184.90.241:9618?addrs=188.184.90.241-9618+[2001-1458-201-e4--100-2eb]-9618&alias=bigbird15.cern.ch&noUDP&sock=schedd_3150_376a>
...
040 (16741372.004.000) 08/21 14:51:41 Started transferring input files
	Transferring to host: <128.142.192.176:9618?addrs=128.142.192.176-9618+[2001-1458-301-56--100-2c]-9618&alias=b9g18p0460.cern.ch&noUDP&sock=slot1_2_7159_e9bc_45019>
...
040 (16741372.004.000) 08/21 14:51:41 Finished transferring input files
...
001 (16741372.004.000) 08/21 14:51:42 Job executing on host: <128.142.192.176:9618?addrs=128.142.192.176-9618+[2001-1458-301-56--100-2c]-9618&alias=b9g18p0460.cern.ch&noUDP&sock=startd_6335_dc8e>
	SlotName: slot1_2@b9g18p0460.cern.ch
	CondorScratchDir = "/pool/condor/dir_2697557"
	Cpus = 1
	Disk = 3783
	GPUs = 0
	Memory = 3000
...
006 (16741372.004.000) 08/21 14:51:51 Image size of job updated: 3912
	4  -  MemoryUsage of job (MB)
	3912  -  ResidentSetSize of job (KB)
...
006 (16741372.004.000) 08/21 14:52:34 Image size of job updated: 220284
	4  -  MemoryUsage of job (MB)
	3912  -  ResidentSetSize of job (KB)
...
040 (16741372.004.000) 08/21 14:52:34 Started transferring output files
...
040 (16741372.004.000) 08/21 14:52:34 Finished transferring output files
...
004 (16741372.004.000) 08/21 14:52:34 Job was evicted. Code 1009 Subcode 0
	(0) CPU times
		Usr 0 00:00:18, Sys 0 00:00:06  -  Run Remote Usage
		Usr 0 00:00:00, Sys 0 00:00:00  -  Run Local Usage
	8600  -  Run Bytes Sent By Job
	850  -  Run Bytes Received By Job
	Reason: Claim deactivated
	Partitionable Resources :    Usage  Request Allocated 
	   Cpus                 :        0        1         1 
	   Disk (KB)            :       65        1      3783 
	   GPUs                 :                           0 
	   Memory (MB)          :        4     3000      3000 
	   TimeExecute (s)      :       52                    
	   TimeSlotBusy (s)     :       54                    
...
009 (16741372.004.000) 08/21 14:52:34 Job was aborted.
	via condor_rm (by user masegret)
...
000 (16742629.004.000) 08/21 14:55:57 Job submitted from host: <188.184.90.241:9618?addrs=188.184.90.241-9618+[2001-1458-201-e4--100-2eb]-9618&alias=bigbird15.cern.ch&noUDP&sock=schedd_3150_376a>
...
040 (16742629.004.000) 08/21 14:57:37 Started transferring input files
	Transferring to host: <188.185.213.153:9618?addrs=188.185.213.153-9618+[2001-1458-303-1b--100-15]-9618&alias=b9p28p8772.cern.ch&noUDP&sock=slot1_3_5376_a0d4_46371>
...
040 (16742629.004.000) 08/21 14:57:37 Finished transferring input files
...
001 (16742629.004.000) 08/21 14:57:38 Job executing on host: <188.185.213.153:9618?addrs=188.185.213.153-9618+[2001-1458-303-1b--100-15]-9618&alias=b9p28p8772.cern.ch&noUDP&sock=startd_4483_8b29>
	SlotName: slot1_3@b9p28p8772.cern.ch
	CondorScratchDir = "/pool/condor/dir_3136340"
	Cpus = 1
	Disk = 3777
	GPUs = 0
	Memory = 3000
...
006 (16742629.004.000) 08/21 14:57:46 Image size of job updated: 3916
	4  -  MemoryUsage of job (MB)
	3916  -  ResidentSetSize of job (KB)
...
