000 (16741372.003.000) 08/21 14:45:05 Job submitted from host: <188.184.90.241:9618?addrs=188.184.90.241-9618+[2001-1458-201-e4--100-2eb]-9618&alias=bigbird15.cern.ch&noUDP&sock=schedd_3150_376a>
...
040 (16741372.003.000) 08/21 14:51:41 Started transferring input files
	Transferring to host: <128.142.161.77:9618?addrs=128.142.161.77-9618+[2001-1458-301-b8--100-b]-9618&alias=b9g03p8125.cern.ch&noUDP&sock=slot1_12_3974_cadb_47510>
...
040 (16741372.003.000) 08/21 14:51:41 Finished transferring input files
...
001 (16741372.003.000) 08/21 14:51:42 Job executing on host: <128.142.161.77:9618?addrs=128.142.161.77-9618+[2001-1458-301-b8--100-b]-9618&alias=b9g03p8125.cern.ch&noUDP&sock=startd_3838_2093>
	SlotName: slot1_12@b9g03p8125.cern.ch
	CondorScratchDir = "/pool/condor/dir_262908"
	Cpus = 1
	Disk = 4063
	GPUs = 0
	Memory = 3000
...
006 (16741372.003.000) 08/21 14:51:51 Image size of job updated: 3916
	4  -  MemoryUsage of job (MB)
	3916  -  ResidentSetSize of job (KB)
...
006 (16741372.003.000) 08/21 14:52:34 Image size of job updated: 220208
	4  -  MemoryUsage of job (MB)
	3916  -  ResidentSetSize of job (KB)
...
040 (16741372.003.000) 08/21 14:52:34 Started transferring output files
...
040 (16741372.003.000) 08/21 14:52:34 Finished transferring output files
...
004 (16741372.003.000) 08/21 14:52:34 Job was evicted. Code 1009 Subcode 0
	(0) CPU times
		Usr 0 00:00:27, Sys 0 00:00:07  -  Run Remote Usage
		Usr 0 00:00:00, Sys 0 00:00:00  -  Run Local Usage
	8632  -  Run Bytes Sent By Job
	850  -  Run Bytes Received By Job
	Reason: Claim deactivated
	Partitionable Resources :    Usage  Request Allocated 
	   Cpus                 :        0        1         1 
	   Disk (KB)            :       65        1      4063 
	   GPUs                 :                           0 
	   Memory (MB)          :        4     3000      3000 
	   TimeExecute (s)      :       52                    
	   TimeSlotBusy (s)     :       54                    
...
009 (16741372.003.000) 08/21 14:52:34 Job was aborted.
	via condor_rm (by user masegret)
...
000 (16742629.003.000) 08/21 14:55:57 Job submitted from host: <188.184.90.241:9618?addrs=188.184.90.241-9618+[2001-1458-201-e4--100-2eb]-9618&alias=bigbird15.cern.ch&noUDP&sock=schedd_3150_376a>
...
040 (16742629.003.000) 08/21 14:57:37 Started transferring input files
	Transferring to host: <188.185.213.228:9618?addrs=188.185.213.228-9618+[2001-1458-303-1b--100-60]-9618&alias=b9p28p4003.cern.ch&noUDP&sock=slot1_8_5541_e2ba_48356>
...
040 (16742629.003.000) 08/21 14:57:37 Finished transferring input files
...
001 (16742629.003.000) 08/21 14:57:38 Job executing on host: <188.185.213.228:9618?addrs=188.185.213.228-9618+[2001-1458-303-1b--100-60]-9618&alias=b9p28p4003.cern.ch&noUDP&sock=startd_4557_4d2b>
	SlotName: slot1_8@b9p28p4003.cern.ch
	CondorScratchDir = "/pool/condor/dir_1243751"
	Cpus = 1
	Disk = 3837
	GPUs = 0
	Memory = 3000
...
006 (16742629.003.000) 08/21 14:57:46 Image size of job updated: 3904
	4  -  MemoryUsage of job (MB)
	3904  -  ResidentSetSize of job (KB)
...
006 (16742629.003.000) 08/21 15:02:47 Image size of job updated: 221652
	217  -  MemoryUsage of job (MB)
	221652  -  ResidentSetSize of job (KB)
...
006 (16742629.003.000) 08/21 15:08:09 Image size of job updated: 234216
	217  -  MemoryUsage of job (MB)
	221652  -  ResidentSetSize of job (KB)
...
040 (16742629.003.000) 08/21 15:08:09 Started transferring output files
...
040 (16742629.003.000) 08/21 15:08:09 Finished transferring output files
...
005 (16742629.003.000) 08/21 15:08:10 Job terminated.
	(1) Normal termination (return value 0)
		Usr 0 00:09:45, Sys 0 00:00:09  -  Run Remote Usage
		Usr 0 00:00:00, Sys 0 00:00:00  -  Run Local Usage
		Usr 0 00:09:45, Sys 0 00:00:09  -  Total Remote Usage
		Usr 0 00:00:00, Sys 0 00:00:00  -  Total Local Usage
	10868  -  Run Bytes Sent By Job
	850  -  Run Bytes Received By Job
	10868  -  Total Bytes Sent By Job
	850  -  Total Bytes Received By Job
	Partitionable Resources :    Usage  Request Allocated 
	   Cpus                 :                 1         1 
	   Disk (KB)            :       57        1      3837 
	   GPUs                 :                           0 
	   Memory (MB)          :      217     3000      3000 
	   TimeExecute (s)      :      631                    
	   TimeSlotBusy (s)     :      633                    
...
000 (16743219.003.000) 08/21 16:52:00 Job submitted from host: <188.184.90.241:9618?addrs=188.184.90.241-9618+[2001-1458-201-e4--100-2eb]-9618&alias=bigbird15.cern.ch&noUDP&sock=schedd_3150_376a>
...
040 (16743219.003.000) 08/21 16:56:42 Started transferring input files
	Transferring to host: <188.185.203.195:9618?addrs=188.185.203.195-9618+[2001-1458-303-6--100-40]-9618&alias=b9p34p0020.cern.ch&noUDP&sock=slot1_32_7409_0f86_63627>
...
040 (16743219.003.000) 08/21 16:56:42 Finished transferring input files
...
001 (16743219.003.000) 08/21 16:56:43 Job executing on host: <188.185.203.195:9618?addrs=188.185.203.195-9618+[2001-1458-303-6--100-40]-9618&alias=b9p34p0020.cern.ch&noUDP&sock=startd_7354_cf90>
	SlotName: slot1_32@b9p34p0020.cern.ch
	CondorScratchDir = "/pool/condor/dir_3970264"
	Cpus = 1
	Disk = 6721
	GPUs = 0
	Memory = 3000
...
006 (16743219.003.000) 08/21 16:56:52 Image size of job updated: 206256
	202  -  MemoryUsage of job (MB)
	206256  -  ResidentSetSize of job (KB)
...
006 (16743219.003.000) 08/21 17:00:29 Image size of job updated: 238544
	202  -  MemoryUsage of job (MB)
	206256  -  ResidentSetSize of job (KB)
...
040 (16743219.003.000) 08/21 17:00:29 Started transferring output files
...
040 (16743219.003.000) 08/21 17:00:30 Finished transferring output files
...
005 (16743219.003.000) 08/21 17:00:31 Job terminated.
	(1) Normal termination (return value 0)
		Usr 0 00:03:24, Sys 0 00:00:03  -  Run Remote Usage
		Usr 0 00:00:00, Sys 0 00:00:00  -  Run Local Usage
		Usr 0 00:03:24, Sys 0 00:00:03  -  Total Remote Usage
		Usr 0 00:00:00, Sys 0 00:00:00  -  Total Local Usage
	10868  -  Run Bytes Sent By Job
	850  -  Run Bytes Received By Job
	10868  -  Total Bytes Sent By Job
	850  -  Total Bytes Received By Job
	Partitionable Resources :    Usage  Request Allocated 
	   Cpus                 :        0        1         1 
	   Disk (KB)            :       49        1      6721 
	   GPUs                 :                           0 
	   Memory (MB)          :      202     3000      3000 
	   TimeExecute (s)      :      226                    
	   TimeSlotBusy (s)     :      229                    
...
