000 (16741372.007.000) 08/21 14:45:05 Job submitted from host: <188.184.90.241:9618?addrs=188.184.90.241-9618+[2001-1458-201-e4--100-2eb]-9618&alias=bigbird15.cern.ch&noUDP&sock=schedd_3150_376a>
...
040 (16741372.007.000) 08/21 14:51:42 Started transferring input files
	Transferring to host: <188.185.196.84:9618?addrs=188.185.196.84-9618+[2001-1458-303-23--100-50]-9618&alias=b9p16p0283.cern.ch&noUDP&sock=slot1_5_3877_7277_1979>
...
040 (16741372.007.000) 08/21 14:51:42 Finished transferring input files
...
001 (16741372.007.000) 08/21 14:51:43 Job executing on host: <188.185.196.84:9618?addrs=188.185.196.84-9618+[2001-1458-303-23--100-50]-9618&alias=b9p16p0283.cern.ch&noUDP&sock=startd_3823_d6a7>
	SlotName: slot1_5@b9p16p0283.cern.ch
	CondorScratchDir = "/pool/condor/dir_2224171"
	Cpus = 1
	Disk = 3909
	GPUs = 0
	Memory = 3000
...
006 (16741372.007.000) 08/21 14:51:52 Image size of job updated: 2396
	3  -  MemoryUsage of job (MB)
	2396  -  ResidentSetSize of job (KB)
...
006 (16741372.007.000) 08/21 14:52:34 Image size of job updated: 35080
	3  -  MemoryUsage of job (MB)
	2428  -  ResidentSetSize of job (KB)
...
040 (16741372.007.000) 08/21 14:52:34 Started transferring output files
...
040 (16741372.007.000) 08/21 14:52:34 Finished transferring output files
...
004 (16741372.007.000) 08/21 14:52:34 Job was evicted. Code 1009 Subcode 0
	(0) CPU times
		Usr 0 00:00:02, Sys 0 00:00:08  -  Run Remote Usage
		Usr 0 00:00:00, Sys 0 00:00:00  -  Run Local Usage
	8111  -  Run Bytes Sent By Job
	850  -  Run Bytes Received By Job
	Reason: Claim deactivated
	Partitionable Resources :    Usage  Request Allocated 
	   Cpus                 :        0        1         1 
	   Disk (KB)            :       47        1      3909 
	   GPUs                 :                           0 
	   Memory (MB)          :        3     3000      3000 
	   TimeExecute (s)      :       51                    
	   TimeSlotBusy (s)     :       53                    
...
009 (16741372.007.000) 08/21 14:52:34 Job was aborted.
	via condor_rm (by user masegret)
...
000 (16742629.007.000) 08/21 14:55:57 Job submitted from host: <188.184.90.241:9618?addrs=188.184.90.241-9618+[2001-1458-201-e4--100-2eb]-9618&alias=bigbird15.cern.ch&noUDP&sock=schedd_3150_376a>
...
040 (16742629.007.000) 08/21 14:57:41 Started transferring input files
	Transferring to host: <188.185.210.191:9618?addrs=188.185.210.191-9618+[2001-1458-303-15--100-3b]-9618&alias=b9p22p9807.cern.ch&noUDP&sock=slot1_6_5443_d5f6_47034>
...
040 (16742629.007.000) 08/21 14:57:41 Finished transferring input files
...
001 (16742629.007.000) 08/21 14:57:42 Job executing on host: <188.185.210.191:9618?addrs=188.185.210.191-9618+[2001-1458-303-15--100-3b]-9618&alias=b9p22p9807.cern.ch&noUDP&sock=startd_4536_e5ae>
	SlotName: slot1_6@b9p22p9807.cern.ch
	CondorScratchDir = "/pool/condor/dir_3605424"
	Cpus = 1
	Disk = 3800
	GPUs = 0
	Memory = 3000
...
006 (16742629.007.000) 08/21 14:57:51 Image size of job updated: 3896
	4  -  MemoryUsage of job (MB)
	3896  -  ResidentSetSize of job (KB)
...
006 (16742629.007.000) 08/21 15:02:52 Image size of job updated: 222132
	217  -  MemoryUsage of job (MB)
	222132  -  ResidentSetSize of job (KB)
...
040 (16742629.007.000) 08/21 15:11:02 Started transferring output files
...
040 (16742629.007.000) 08/21 15:11:02 Finished transferring output files
...
005 (16742629.007.000) 08/21 15:11:02 Job terminated.
	(1) Normal termination (return value 0)
		Usr 0 00:12:16, Sys 0 00:00:10  -  Run Remote Usage
		Usr 0 00:00:00, Sys 0 00:00:00  -  Run Local Usage
		Usr 0 00:12:16, Sys 0 00:00:10  -  Total Remote Usage
		Usr 0 00:00:00, Sys 0 00:00:00  -  Total Local Usage
	11033  -  Run Bytes Sent By Job
	850  -  Run Bytes Received By Job
	11033  -  Total Bytes Sent By Job
	850  -  Total Bytes Received By Job
	Partitionable Resources :    Usage  Request Allocated 
	   Cpus                 :     0.99        1         1 
	   Disk (KB)            :    65           1      3800 
	   GPUs                 :                           0 
	   Memory (MB)          :   217        3000      3000 
	   TimeExecute (s)      :   800                       
	   TimeSlotBusy (s)     :   802                       
...
