000 (16751062.011.000) 08/22 12:09:55 Job submitted from host: <188.184.90.241:9618?addrs=188.184.90.241-9618+[2001-1458-201-e4--100-2eb]-9618&alias=bigbird15.cern.ch&noUDP&sock=schedd_3150_376a>
...
040 (16751062.011.000) 08/22 12:10:40 Started transferring input files
	Transferring to host: <188.185.214.52:9618?addrs=188.185.214.52-9618+[2001-1458-303-1c--100-30]-9618&alias=b9p29p8321.cern.ch&noUDP&sock=slot1_19_7018_90d6_48250>
...
040 (16751062.011.000) 08/22 12:10:40 Finished transferring input files
...
001 (16751062.011.000) 08/22 12:10:41 Job executing on host: <188.185.214.52:9618?addrs=188.185.214.52-9618+[2001-1458-303-1c--100-30]-9618&alias=b9p29p8321.cern.ch&noUDP&sock=startd_6136_5d36>
	SlotName: slot1_19@b9p29p8321.cern.ch
	CondorScratchDir = "/pool/condor/dir_1138335"
	Cpus = 1
	Disk = 3811
	GPUs = 0
	Memory = 3000
...
006 (16751062.011.000) 08/22 12:10:50 Image size of job updated: 3860
	4  -  MemoryUsage of job (MB)
	3860  -  ResidentSetSize of job (KB)
...
006 (16751062.011.000) 08/22 12:15:51 Image size of job updated: 221360
	217  -  MemoryUsage of job (MB)
	221360  -  ResidentSetSize of job (KB)
...
006 (16751062.011.000) 08/22 12:16:13 Image size of job updated: 229896
	217  -  MemoryUsage of job (MB)
	221360  -  ResidentSetSize of job (KB)
...
040 (16751062.011.000) 08/22 12:16:13 Started transferring output files
...
040 (16751062.011.000) 08/22 12:16:13 Finished transferring output files
...
005 (16751062.011.000) 08/22 12:16:13 Job terminated.
	(1) Normal termination (return value 0)
		Usr 0 00:04:57, Sys 0 00:00:08  -  Run Remote Usage
		Usr 0 00:00:00, Sys 0 00:00:00  -  Run Local Usage
		Usr 0 00:04:57, Sys 0 00:00:08  -  Total Remote Usage
		Usr 0 00:00:00, Sys 0 00:00:00  -  Total Local Usage
	8994  -  Run Bytes Sent By Job
	850  -  Run Bytes Received By Job
	8994  -  Total Bytes Sent By Job
	850  -  Total Bytes Received By Job
	Partitionable Resources :    Usage  Request Allocated 
	   Cpus                 :        0        1         1 
	   Disk (KB)            :       56        1      3811 
	   GPUs                 :                           0 
	   Memory (MB)          :      217     3000      3000 
	   TimeExecute (s)      :      332                    
	   TimeSlotBusy (s)     :      334                    
...
