000 (16741372.009.000) 08/21 14:45:05 Job submitted from host: <188.184.90.241:9618?addrs=188.184.90.241-9618+[2001-1458-201-e4--100-2eb]-9618&alias=bigbird15.cern.ch&noUDP&sock=schedd_3150_376a>
...
040 (16741372.009.000) 08/21 14:51:43 Started transferring input files
	Transferring to host: <188.185.214.47:9618?addrs=188.185.214.47-9618+[2001-1458-303-1c--100-2b]-9618&alias=b9p29p1922.cern.ch&noUDP&sock=slot1_4_5889_1549_47749>
...
040 (16741372.009.000) 08/21 14:51:43 Finished transferring input files
...
001 (16741372.009.000) 08/21 14:51:44 Job executing on host: <188.185.214.47:9618?addrs=188.185.214.47-9618+[2001-1458-303-1c--100-2b]-9618&alias=b9p29p1922.cern.ch&noUDP&sock=startd_4942_6121>
	SlotName: slot1_4@b9p29p1922.cern.ch
	CondorScratchDir = "/pool/condor/dir_1160341"
	Cpus = 1
	Disk = 3807
	GPUs = 0
	Memory = 3000
...
006 (16741372.009.000) 08/21 14:51:53 Image size of job updated: 11060
	11  -  MemoryUsage of job (MB)
	11060  -  ResidentSetSize of job (KB)
...
006 (16741372.009.000) 08/21 14:52:34 Image size of job updated: 220908
	11  -  MemoryUsage of job (MB)
	11060  -  ResidentSetSize of job (KB)
...
040 (16741372.009.000) 08/21 14:52:34 Started transferring output files
...
040 (16741372.009.000) 08/21 14:52:34 Finished transferring output files
...
004 (16741372.009.000) 08/21 14:52:34 Job was evicted. Code 1009 Subcode 0
	(0) CPU times
		Usr 0 00:00:14, Sys 0 00:00:08  -  Run Remote Usage
		Usr 0 00:00:00, Sys 0 00:00:00  -  Run Local Usage
	8600  -  Run Bytes Sent By Job
	850  -  Run Bytes Received By Job
	Reason: Claim deactivated
	Partitionable Resources :    Usage  Request Allocated 
	   Cpus                 :        0        1         1 
	   Disk (KB)            :       47        1      3807 
	   GPUs                 :                           0 
	   Memory (MB)          :       11     3000      3000 
	   TimeExecute (s)      :       50                    
	   TimeSlotBusy (s)     :       52                    
...
009 (16741372.009.000) 08/21 14:52:34 Job was aborted.
	via condor_rm (by user masegret)
...
000 (16742629.009.000) 08/21 14:55:57 Job submitted from host: <188.184.90.241:9618?addrs=188.184.90.241-9618+[2001-1458-201-e4--100-2eb]-9618&alias=bigbird15.cern.ch&noUDP&sock=schedd_3150_376a>
...
040 (16742629.009.000) 08/21 14:57:40 Started transferring input files
	Transferring to host: <188.185.210.62:9618?addrs=188.185.210.62-9618+[2001-1458-303-1--100-3a]-9618&alias=b9p21p9921.cern.ch&noUDP&sock=slot1_9_3283_eb9f_48234>
...
040 (16742629.009.000) 08/21 14:57:40 Finished transferring input files
...
001 (16742629.009.000) 08/21 14:57:41 Job executing on host: <188.185.210.62:9618?addrs=188.185.210.62-9618+[2001-1458-303-1--100-3a]-9618&alias=b9p21p9921.cern.ch&noUDP&sock=startd_2711_1957>
	SlotName: slot1_9@b9p21p9921.cern.ch
	CondorScratchDir = "/pool/condor/dir_3983469"
	Cpus = 1
	Disk = 3820
	GPUs = 0
	Memory = 3000
...
006 (16742629.009.000) 08/21 14:57:49 Image size of job updated: 11056
	2  -  MemoryUsage of job (MB)
	1196  -  ResidentSetSize of job (KB)
...
006 (16742629.009.000) 08/21 15:02:49 Image size of job updated: 221916
	217  -  MemoryUsage of job (MB)
	221916  -  ResidentSetSize of job (KB)
...
040 (16742629.009.000) 08/21 15:07:14 Started transferring output files
...
040 (16742629.009.000) 08/21 15:07:14 Finished transferring output files
...
005 (16742629.009.000) 08/21 15:07:14 Job terminated.
	(1) Normal termination (return value 0)
		Usr 0 00:09:04, Sys 0 00:00:07  -  Run Remote Usage
		Usr 0 00:00:00, Sys 0 00:00:00  -  Run Local Usage
		Usr 0 00:09:04, Sys 0 00:00:07  -  Total Remote Usage
		Usr 0 00:00:00, Sys 0 00:00:00  -  Total Local Usage
	11033  -  Run Bytes Sent By Job
	850  -  Run Bytes Received By Job
	11033  -  Total Bytes Sent By Job
	850  -  Total Bytes Received By Job
	Partitionable Resources :    Usage  Request Allocated 
	   Cpus                 :     0.99        1         1 
	   Disk (KB)            :    50           1      3820 
	   GPUs                 :                           0 
	   Memory (MB)          :   217        3000      3000 
	   TimeExecute (s)      :   573                       
	   TimeSlotBusy (s)     :   574                       
...
000 (16743219.009.000) 08/21 16:52:00 Job submitted from host: <188.184.90.241:9618?addrs=188.184.90.241-9618+[2001-1458-201-e4--100-2eb]-9618&alias=bigbird15.cern.ch&noUDP&sock=schedd_3150_376a>
...
040 (16743219.009.000) 08/21 16:56:43 Started transferring input files
	Transferring to host: <188.185.210.173:9618?addrs=188.185.210.173-9618+[2001-1458-303-15--100-29]-9618&alias=b9p22p6887.cern.ch&noUDP&sock=slot1_19_10588_f428_48663>
...
040 (16743219.009.000) 08/21 16:56:43 Finished transferring input files
...
001 (16743219.009.000) 08/21 16:56:44 Job executing on host: <188.185.210.173:9618?addrs=188.185.210.173-9618+[2001-1458-303-15--100-29]-9618&alias=b9p22p6887.cern.ch&noUDP&sock=startd_9995_512f>
	SlotName: slot1_19@b9p22p6887.cern.ch
	CondorScratchDir = "/pool/condor/dir_2045033"
	Cpus = 1
	Disk = 3781
	GPUs = 0
	Memory = 3000
...
006 (16743219.009.000) 08/21 16:56:53 Image size of job updated: 4212
	5  -  MemoryUsage of job (MB)
	4212  -  ResidentSetSize of job (KB)
...
006 (16743219.009.000) 08/21 17:01:54 Image size of job updated: 221940
	217  -  MemoryUsage of job (MB)
	221940  -  ResidentSetSize of job (KB)
...
040 (16743219.009.000) 08/21 17:06:57 Started transferring output files
...
040 (16743219.009.000) 08/21 17:06:57 Finished transferring output files
...
005 (16743219.009.000) 08/21 17:06:57 Job terminated.
	(1) Normal termination (return value 0)
		Usr 0 00:09:46, Sys 0 00:00:08  -  Run Remote Usage
		Usr 0 00:00:00, Sys 0 00:00:00  -  Run Local Usage
		Usr 0 00:09:46, Sys 0 00:00:08  -  Total Remote Usage
		Usr 0 00:00:00, Sys 0 00:00:00  -  Total Local Usage
	11033  -  Run Bytes Sent By Job
	850  -  Run Bytes Received By Job
	11033  -  Total Bytes Sent By Job
	850  -  Total Bytes Received By Job
	Partitionable Resources :    Usage  Request Allocated 
	   Cpus                 :        0        1         1 
	   Disk (KB)            :       49        1      3781 
	   GPUs                 :                           0 
	   Memory (MB)          :      217     3000      3000 
	   TimeExecute (s)      :      613                    
	   TimeSlotBusy (s)     :      614                    
...
