000 (16741372.001.000) 08/21 14:45:05 Job submitted from host: <188.184.90.241:9618?addrs=188.184.90.241-9618+[2001-1458-201-e4--100-2eb]-9618&alias=bigbird15.cern.ch&noUDP&sock=schedd_3150_376a>
...
040 (16741372.001.000) 08/21 14:51:50 Started transferring input files
	Transferring to host: <188.185.213.224:9618?addrs=188.185.213.224-9618+[2001-1458-303-1b--100-5c]-9618&alias=b9p28p2561.cern.ch&noUDP&sock=slot1_3_4529_d711_47450>
...
040 (16741372.001.000) 08/21 14:51:50 Finished transferring input files
...
001 (16741372.001.000) 08/21 14:51:51 Job executing on host: <188.185.213.224:9618?addrs=188.185.213.224-9618+[2001-1458-303-1b--100-5c]-9618&alias=b9p28p2561.cern.ch&noUDP&sock=startd_3853_6a7e>
	SlotName: slot1_3@b9p28p2561.cern.ch
	CondorScratchDir = "/pool/condor/dir_2253554"
	Cpus = 1
	Disk = 3845
	GPUs = 0
	Memory = 3000
...
006 (16741372.001.000) 08/21 14:51:59 Image size of job updated: 2740
	3  -  MemoryUsage of job (MB)
	2740  -  ResidentSetSize of job (KB)
...
006 (16741372.001.000) 08/21 14:52:34 Image size of job updated: 219632
	3  -  MemoryUsage of job (MB)
	2740  -  ResidentSetSize of job (KB)
...
040 (16741372.001.000) 08/21 14:52:34 Started transferring output files
...
040 (16741372.001.000) 08/21 14:52:34 Finished transferring output files
...
004 (16741372.001.000) 08/21 14:52:34 Job was evicted. Code 1009 Subcode 0
	(0) CPU times
		Usr 0 00:00:17, Sys 0 00:00:08  -  Run Remote Usage
		Usr 0 00:00:00, Sys 0 00:00:00  -  Run Local Usage
	8600  -  Run Bytes Sent By Job
	849  -  Run Bytes Received By Job
	Reason: Claim deactivated
	Partitionable Resources :    Usage  Request Allocated 
	   Cpus                 :        0        1         1 
	   Disk (KB)            :       47        1      3845 
	   GPUs                 :                           0 
	   Memory (MB)          :        3     3000      3000 
	   TimeExecute (s)      :       43                    
	   TimeSlotBusy (s)     :       45                    
...
009 (16741372.001.000) 08/21 14:52:34 Job was aborted.
	via condor_rm (by user masegret)
...
000 (16742629.001.000) 08/21 14:55:57 Job submitted from host: <188.184.90.241:9618?addrs=188.184.90.241-9618+[2001-1458-201-e4--100-2eb]-9618&alias=bigbird15.cern.ch&noUDP&sock=schedd_3150_376a>
...
040 (16742629.001.000) 08/21 14:57:37 Started transferring input files
	Transferring to host: <128.142.192.137:9618?addrs=128.142.192.137-9618+[2001-1458-301-56--100-5]-9618&alias=b9g18p0056.cern.ch&noUDP&sock=slot1_7_6645_c0e7_46501>
...
040 (16742629.001.000) 08/21 14:57:37 Finished transferring input files
...
001 (16742629.001.000) 08/21 14:57:38 Job executing on host: <128.142.192.137:9618?addrs=128.142.192.137-9618+[2001-1458-301-56--100-5]-9618&alias=b9g18p0056.cern.ch&noUDP&sock=startd_5522_360f>
	SlotName: slot1_7@b9g18p0056.cern.ch
	CondorScratchDir = "/pool/condor/dir_2661994"
	Cpus = 1
	Disk = 3786
	GPUs = 0
	Memory = 3000
...
006 (16742629.001.000) 08/21 14:57:46 Image size of job updated: 3892
	2  -  MemoryUsage of job (MB)
	1532  -  ResidentSetSize of job (KB)
...
006 (16742629.001.000) 08/21 15:01:19 Image size of job updated: 221416
	2  -  MemoryUsage of job (MB)
	1532  -  ResidentSetSize of job (KB)
...
040 (16742629.001.000) 08/21 15:01:19 Started transferring output files
...
040 (16742629.001.000) 08/21 15:01:19 Finished transferring output files
...
005 (16742629.001.000) 08/21 15:01:20 Job terminated.
	(1) Normal termination (return value 0)
		Usr 0 00:03:15, Sys 0 00:00:05  -  Run Remote Usage
		Usr 0 00:00:00, Sys 0 00:00:00  -  Run Local Usage
		Usr 0 00:03:15, Sys 0 00:00:05  -  Total Remote Usage
		Usr 0 00:00:00, Sys 0 00:00:00  -  Total Local Usage
	9977  -  Run Bytes Sent By Job
	849  -  Run Bytes Received By Job
	9977  -  Total Bytes Sent By Job
	849  -  Total Bytes Received By Job
	Partitionable Resources :    Usage  Request Allocated 
	   Cpus                 :        0        1         1 
	   Disk (KB)            :       65        1      3786 
	   GPUs                 :                           0 
	   Memory (MB)          :        2     3000      3000 
	   TimeExecute (s)      :      221                    
	   TimeSlotBusy (s)     :      224                    
...
000 (16743219.001.000) 08/21 16:52:00 Job submitted from host: <188.184.90.241:9618?addrs=188.184.90.241-9618+[2001-1458-201-e4--100-2eb]-9618&alias=bigbird15.cern.ch&noUDP&sock=schedd_3150_376a>
...
040 (16743219.001.000) 08/21 16:56:41 Started transferring input files
	Transferring to host: <128.142.161.79:9618?addrs=128.142.161.79-9618+[2001-1458-301-b8--100-d]-9618&alias=b9g03p3647.cern.ch&noUDP&sock=slot1_4_5234_938e_44560>
...
040 (16743219.001.000) 08/21 16:56:41 Finished transferring input files
...
001 (16743219.001.000) 08/21 16:56:42 Job executing on host: <128.142.161.79:9618?addrs=128.142.161.79-9618+[2001-1458-301-b8--100-d]-9618&alias=b9g03p3647.cern.ch&noUDP&sock=startd_4324_7b9a>
	SlotName: slot1_4@b9g03p3647.cern.ch
	CondorScratchDir = "/pool/condor/dir_3851460"
	Cpus = 1
	Disk = 3905
	GPUs = 0
	Memory = 3000
...
006 (16743219.001.000) 08/21 16:56:51 Image size of job updated: 40488
	40  -  MemoryUsage of job (MB)
	40488  -  ResidentSetSize of job (KB)
...
006 (16743219.001.000) 08/21 16:59:47 Image size of job updated: 221456
	40  -  MemoryUsage of job (MB)
	40488  -  ResidentSetSize of job (KB)
...
040 (16743219.001.000) 08/21 16:59:47 Started transferring output files
...
040 (16743219.001.000) 08/21 16:59:47 Finished transferring output files
...
005 (16743219.001.000) 08/21 16:59:48 Job terminated.
	(1) Normal termination (return value 0)
		Usr 0 00:02:46, Sys 0 00:00:05  -  Run Remote Usage
		Usr 0 00:00:00, Sys 0 00:00:00  -  Run Local Usage
		Usr 0 00:02:46, Sys 0 00:00:05  -  Total Remote Usage
		Usr 0 00:00:00, Sys 0 00:00:00  -  Total Local Usage
	9977  -  Run Bytes Sent By Job
	849  -  Run Bytes Received By Job
	9977  -  Total Bytes Sent By Job
	849  -  Total Bytes Received By Job
	Partitionable Resources :    Usage  Request Allocated 
	   Cpus                 :        0        1         1 
	   Disk (KB)            :       49        1      3905 
	   GPUs                 :                           0 
	   Memory (MB)          :       40     3000      3000 
	   TimeExecute (s)      :      185                    
	   TimeSlotBusy (s)     :      187                    
...
