000 (16741372.016.000) 08/21 14:45:05 Job submitted from host: <188.184.90.241:9618?addrs=188.184.90.241-9618+[2001-1458-201-e4--100-2eb]-9618&alias=bigbird15.cern.ch&noUDP&sock=schedd_3150_376a>
...
040 (16741372.016.000) 08/21 14:51:45 Started transferring input files
	Transferring to host: <188.185.213.163:9618?addrs=188.185.213.163-9618+[2001-1458-303-1b--100-1f]-9618&alias=b9p28p6164.cern.ch&noUDP&sock=slot1_13_3281_82de_47222>
...
040 (16741372.016.000) 08/21 14:51:45 Finished transferring input files
...
001 (16741372.016.000) 08/21 14:51:46 Job executing on host: <188.185.213.163:9618?addrs=188.185.213.163-9618+[2001-1458-303-1b--100-1f]-9618&alias=b9p28p6164.cern.ch&noUDP&sock=startd_2688_52a9>
	SlotName: slot1_13@b9p28p6164.cern.ch
	CondorScratchDir = "/pool/condor/dir_444597"
	Cpus = 1
	Disk = 3927
	GPUs = 0
	Memory = 3000
...
006 (16741372.016.000) 08/21 14:51:55 Image size of job updated: 2996
	3  -  MemoryUsage of job (MB)
	2996  -  ResidentSetSize of job (KB)
...
006 (16741372.016.000) 08/21 14:52:35 Image size of job updated: 220640
	4  -  MemoryUsage of job (MB)
	3112  -  ResidentSetSize of job (KB)
...
040 (16741372.016.000) 08/21 14:52:35 Started transferring output files
...
040 (16741372.016.000) 08/21 14:52:35 Finished transferring output files
...
004 (16741372.016.000) 08/21 14:52:35 Job was evicted. Code 1009 Subcode 0
	(0) CPU times
		Usr 0 00:00:13, Sys 0 00:00:07  -  Run Remote Usage
		Usr 0 00:00:00, Sys 0 00:00:00  -  Run Local Usage
	8600  -  Run Bytes Sent By Job
	850  -  Run Bytes Received By Job
	Reason: Claim deactivated
	Partitionable Resources :    Usage  Request Allocated 
	   Cpus                 :        0        1         1 
	   Disk (KB)            :       65        1      3927 
	   GPUs                 :                           0 
	   Memory (MB)          :        4     3000      3000 
	   TimeExecute (s)      :       49                    
	   TimeSlotBusy (s)     :       51                    
...
009 (16741372.016.000) 08/21 14:52:35 Job was aborted.
	via condor_rm (by user masegret)
...
000 (16742629.016.000) 08/21 14:55:57 Job submitted from host: <188.184.90.241:9618?addrs=188.184.90.241-9618+[2001-1458-201-e4--100-2eb]-9618&alias=bigbird15.cern.ch&noUDP&sock=schedd_3150_376a>
...
040 (16742629.016.000) 08/21 14:57:42 Started transferring input files
	Transferring to host: <188.185.214.82:9618?addrs=188.185.214.82-9618+[2001-1458-303-1c--100-4e]-9618&alias=b9p29p5269.cern.ch&noUDP&sock=slot1_13_4856_3dbf_47490>
...
040 (16742629.016.000) 08/21 14:57:42 Finished transferring input files
...
001 (16742629.016.000) 08/21 14:57:43 Job executing on host: <188.185.214.82:9618?addrs=188.185.214.82-9618+[2001-1458-303-1c--100-4e]-9618&alias=b9p29p5269.cern.ch&noUDP&sock=startd_4137_3764>
	SlotName: slot1_13@b9p29p5269.cern.ch
	CondorScratchDir = "/pool/condor/dir_1547730"
	Cpus = 1
	Disk = 3802
	GPUs = 0
	Memory = 3000
...
006 (16742629.016.000) 08/21 14:57:52 Image size of job updated: 25524
	25  -  MemoryUsage of job (MB)
	25524  -  ResidentSetSize of job (KB)
...
006 (16742629.016.000) 08/21 15:02:53 Image size of job updated: 217960
	213  -  MemoryUsage of job (MB)
	217960  -  ResidentSetSize of job (KB)
...
040 (16742629.016.000) 08/21 15:07:38 Started transferring output files
...
040 (16742629.016.000) 08/21 15:07:38 Finished transferring output files
...
005 (16742629.016.000) 08/21 15:07:39 Job terminated.
	(1) Normal termination (return value 0)
		Usr 0 00:09:28, Sys 0 00:00:07  -  Run Remote Usage
		Usr 0 00:00:00, Sys 0 00:00:00  -  Run Local Usage
		Usr 0 00:09:28, Sys 0 00:00:07  -  Total Remote Usage
		Usr 0 00:00:00, Sys 0 00:00:00  -  Total Local Usage
	11033  -  Run Bytes Sent By Job
	850  -  Run Bytes Received By Job
	11033  -  Total Bytes Sent By Job
	850  -  Total Bytes Received By Job
	Partitionable Resources :    Usage  Request Allocated 
	   Cpus                 :                 1         1 
	   Disk (KB)            :       41        1      3802 
	   GPUs                 :                           0 
	   Memory (MB)          :      213     3000      3000 
	   TimeExecute (s)      :      595                    
	   TimeSlotBusy (s)     :      596                    
...
