000 (16751062.022.000) 08/22 12:09:55 Job submitted from host: <188.184.90.241:9618?addrs=188.184.90.241-9618+[2001-1458-201-e4--100-2eb]-9618&alias=bigbird15.cern.ch&noUDP&sock=schedd_3150_376a>
...
040 (16751062.022.000) 08/22 12:10:45 Started transferring input files
	Transferring to host: <128.142.192.136:9618?addrs=128.142.192.136-9618+[2001-1458-301-56--100-4]-9618&alias=b9g18p1082.cern.ch&noUDP&sock=slot1_29_2629307_63c1_33686>
...
040 (16751062.022.000) 08/22 12:10:45 Finished transferring input files
...
001 (16751062.022.000) 08/22 12:10:46 Job executing on host: <128.142.192.136:9618?addrs=128.142.192.136-9618+[2001-1458-301-56--100-4]-9618&alias=b9g18p1082.cern.ch&noUDP&sock=startd_7129_7ac1>
	SlotName: slot1_29@b9g18p1082.cern.ch
	CondorScratchDir = "/pool/condor/dir_783766"
	Cpus = 1
	Disk = 3760
	GPUs = 0
	Memory = 3000
...
006 (16751062.022.000) 08/22 12:10:54 Image size of job updated: 10636
	2  -  MemoryUsage of job (MB)
	1836  -  ResidentSetSize of job (KB)
...
006 (16751062.022.000) 08/22 12:15:54 Image size of job updated: 221504
	217  -  MemoryUsage of job (MB)
	221504  -  ResidentSetSize of job (KB)
...
006 (16751062.022.000) 08/22 12:21:58 Image size of job updated: 238508
	217  -  MemoryUsage of job (MB)
	221504  -  ResidentSetSize of job (KB)
...
040 (16751062.022.000) 08/22 12:21:58 Started transferring output files
...
040 (16751062.022.000) 08/22 12:21:58 Finished transferring output files
...
005 (16751062.022.000) 08/22 12:21:59 Job terminated.
	(1) Normal termination (return value 0)
		Usr 0 00:10:36, Sys 0 00:00:06  -  Run Remote Usage
		Usr 0 00:00:00, Sys 0 00:00:00  -  Run Local Usage
		Usr 0 00:10:36, Sys 0 00:00:06  -  Total Remote Usage
		Usr 0 00:00:00, Sys 0 00:00:00  -  Total Local Usage
	9885  -  Run Bytes Sent By Job
	850  -  Run Bytes Received By Job
	9885  -  Total Bytes Sent By Job
	850  -  Total Bytes Received By Job
	Partitionable Resources :    Usage  Request Allocated 
	   Cpus                 :     0.89        1         1 
	   Disk (KB)            :    56           1      3760 
	   GPUs                 :                           0 
	   Memory (MB)          :   217        3000      3000 
	   TimeExecute (s)      :   672                       
	   TimeSlotBusy (s)     :   675                       
...
