000 (16741372.014.000) 08/21 14:45:05 Job submitted from host: <188.184.90.241:9618?addrs=188.184.90.241-9618+[2001-1458-201-e4--100-2eb]-9618&alias=bigbird15.cern.ch&noUDP&sock=schedd_3150_376a>
...
040 (16741372.014.000) 08/21 14:51:45 Started transferring input files
	Transferring to host: <188.185.210.195:9618?addrs=188.185.210.195-9618+[2001-1458-303-15--100-3f]-9618&alias=b9p22p8302.cern.ch&noUDP&sock=slot1_8_7408_5b26_49962>
...
040 (16741372.014.000) 08/21 14:51:45 Finished transferring input files
...
001 (16741372.014.000) 08/21 14:51:46 Job executing on host: <188.185.210.195:9618?addrs=188.185.210.195-9618+[2001-1458-303-15--100-3f]-9618&alias=b9p22p8302.cern.ch&noUDP&sock=startd_6519_11fb>
	SlotName: slot1_8@b9p22p8302.cern.ch
	CondorScratchDir = "/pool/condor/dir_1827483"
	Cpus = 1
	Disk = 3788
	GPUs = 0
	Memory = 3000
...
006 (16741372.014.000) 08/21 14:51:55 Image size of job updated: 3900
	4  -  MemoryUsage of job (MB)
	3900  -  ResidentSetSize of job (KB)
...
006 (16741372.014.000) 08/21 14:52:35 Image size of job updated: 220684
	4  -  MemoryUsage of job (MB)
	3900  -  ResidentSetSize of job (KB)
...
040 (16741372.014.000) 08/21 14:52:35 Started transferring output files
...
040 (16741372.014.000) 08/21 14:52:35 Finished transferring output files
...
004 (16741372.014.000) 08/21 14:52:35 Job was evicted. Code 1009 Subcode 0
	(0) CPU times
		Usr 0 00:00:15, Sys 0 00:00:06  -  Run Remote Usage
		Usr 0 00:00:00, Sys 0 00:00:00  -  Run Local Usage
	8600  -  Run Bytes Sent By Job
	850  -  Run Bytes Received By Job
	Reason: Claim deactivated
	Partitionable Resources :    Usage  Request Allocated 
	   Cpus                 :        0        1         1 
	   Disk (KB)            :       65        1      3788 
	   GPUs                 :                           0 
	   Memory (MB)          :        4     3000      3000 
	   TimeExecute (s)      :       49                    
	   TimeSlotBusy (s)     :       51                    
...
009 (16741372.014.000) 08/21 14:52:35 Job was aborted.
	via condor_rm (by user masegret)
...
000 (16742629.014.000) 08/21 14:55:57 Job submitted from host: <188.184.90.241:9618?addrs=188.184.90.241-9618+[2001-1458-201-e4--100-2eb]-9618&alias=bigbird15.cern.ch&noUDP&sock=schedd_3150_376a>
...
040 (16742629.014.000) 08/21 14:57:42 Started transferring input files
	Transferring to host: <188.185.213.145:9618?addrs=188.185.213.145-9618+[2001-1458-303-1b--100-d]-9618&alias=b9p28p6428.cern.ch&noUDP&sock=slot1_8_3752_5f92_48506>
...
040 (16742629.014.000) 08/21 14:57:42 Finished transferring input files
...
001 (16742629.014.000) 08/21 14:57:43 Job executing on host: <188.185.213.145:9618?addrs=188.185.213.145-9618+[2001-1458-303-1b--100-d]-9618&alias=b9p28p6428.cern.ch&noUDP&sock=startd_3711_040c>
	SlotName: slot1_8@b9p28p6428.cern.ch
	CondorScratchDir = "/pool/condor/dir_4157222"
	Cpus = 1
	Disk = 3876
	GPUs = 0
	Memory = 3000
...
006 (16742629.014.000) 08/21 14:57:52 Image size of job updated: 3920
	4  -  MemoryUsage of job (MB)
	3920  -  ResidentSetSize of job (KB)
...
