000 (16741372.020.000) 08/21 14:45:05 Job submitted from host: <188.184.90.241:9618?addrs=188.184.90.241-9618+[2001-1458-201-e4--100-2eb]-9618&alias=bigbird15.cern.ch&noUDP&sock=schedd_3150_376a>
...
040 (16741372.020.000) 08/21 14:51:47 Started transferring input files
	Transferring to host: <188.185.210.173:9618?addrs=188.185.210.173-9618+[2001-1458-303-15--100-29]-9618&alias=b9p22p6887.cern.ch&noUDP&sock=slot1_8_10588_f428_48531>
...
040 (16741372.020.000) 08/21 14:51:47 Finished transferring input files
...
001 (16741372.020.000) 08/21 14:51:48 Job executing on host: <188.185.210.173:9618?addrs=188.185.210.173-9618+[2001-1458-303-15--100-29]-9618&alias=b9p22p6887.cern.ch&noUDP&sock=startd_9995_512f>
	SlotName: slot1_8@b9p22p6887.cern.ch
	CondorScratchDir = "/pool/condor/dir_1916666"
	Cpus = 1
	Disk = 3805
	GPUs = 0
	Memory = 3000
...
006 (16741372.020.000) 08/21 14:51:57 Image size of job updated: 3892
	4  -  MemoryUsage of job (MB)
	3892  -  ResidentSetSize of job (KB)
...
006 (16741372.020.000) 08/21 14:52:36 Image size of job updated: 220048
	4  -  MemoryUsage of job (MB)
	3892  -  ResidentSetSize of job (KB)
...
040 (16741372.020.000) 08/21 14:52:36 Started transferring output files
...
040 (16741372.020.000) 08/21 14:52:36 Finished transferring output files
...
004 (16741372.020.000) 08/21 14:52:36 Job was evicted. Code 1009 Subcode 0
	(0) CPU times
		Usr 0 00:00:09, Sys 0 00:00:07  -  Run Remote Usage
		Usr 0 00:00:00, Sys 0 00:00:00  -  Run Local Usage
	8568  -  Run Bytes Sent By Job
	850  -  Run Bytes Received By Job
	Reason: Claim deactivated
	Partitionable Resources :    Usage  Request Allocated 
	   Cpus                 :        0        1         1 
	   Disk (KB)            :       65        1      3805 
	   GPUs                 :                           0 
	   Memory (MB)          :        4     3000      3000 
	   TimeExecute (s)      :       48                    
	   TimeSlotBusy (s)     :       50                    
...
009 (16741372.020.000) 08/21 14:52:36 Job was aborted.
	via condor_rm (by user masegret)
...
000 (16742629.020.000) 08/21 14:55:57 Job submitted from host: <188.184.90.241:9618?addrs=188.184.90.241-9618+[2001-1458-201-e4--100-2eb]-9618&alias=bigbird15.cern.ch&noUDP&sock=schedd_3150_376a>
...
040 (16742629.020.000) 08/21 14:57:44 Started transferring input files
	Transferring to host: <128.142.192.179:9618?addrs=128.142.192.179-9618+[2001-1458-301-56--100-2f]-9618&alias=b9g18p1392.cern.ch&noUDP&sock=slot1_8_7092_b499_45596>
...
040 (16742629.020.000) 08/21 14:57:44 Finished transferring input files
...
001 (16742629.020.000) 08/21 14:57:45 Job executing on host: <128.142.192.179:9618?addrs=128.142.192.179-9618+[2001-1458-301-56--100-2f]-9618&alias=b9g18p1392.cern.ch&noUDP&sock=startd_6082_5318>
	SlotName: slot1_8@b9g18p1392.cern.ch
	CondorScratchDir = "/pool/condor/dir_888203"
	Cpus = 1
	Disk = 3886
	GPUs = 0
	Memory = 3000
...
006 (16742629.020.000) 08/21 14:57:54 Image size of job updated: 2388
	3  -  MemoryUsage of job (MB)
	2388  -  ResidentSetSize of job (KB)
...
