000 (16741372.018.000) 08/21 14:45:05 Job submitted from host: <188.184.90.241:9618?addrs=188.184.90.241-9618+[2001-1458-201-e4--100-2eb]-9618&alias=bigbird15.cern.ch&noUDP&sock=schedd_3150_376a>
...
040 (16741372.018.000) 08/21 14:51:46 Started transferring input files
	Transferring to host: <188.185.214.87:9618?addrs=188.185.214.87-9618+[2001-1458-303-1c--100-53]-9618&alias=b9p29p4639.cern.ch&noUDP&sock=slot1_4_4022_9cdd_45665>
...
040 (16741372.018.000) 08/21 14:51:46 Finished transferring input files
...
001 (16741372.018.000) 08/21 14:51:47 Job executing on host: <188.185.214.87:9618?addrs=188.185.214.87-9618+[2001-1458-303-1c--100-53]-9618&alias=b9p29p4639.cern.ch&noUDP&sock=startd_3759_f097>
	SlotName: slot1_4@b9p29p4639.cern.ch
	CondorScratchDir = "/pool/condor/dir_1330631"
	Cpus = 1
	Disk = 3803
	GPUs = 0
	Memory = 3000
...
006 (16741372.018.000) 08/21 14:51:56 Image size of job updated: 1356
	1  -  MemoryUsage of job (MB)
	904  -  ResidentSetSize of job (KB)
...
006 (16741372.018.000) 08/21 14:52:35 Image size of job updated: 220836
	2  -  MemoryUsage of job (MB)
	1232  -  ResidentSetSize of job (KB)
...
040 (16741372.018.000) 08/21 14:52:35 Started transferring output files
...
040 (16741372.018.000) 08/21 14:52:35 Finished transferring output files
...
004 (16741372.018.000) 08/21 14:52:35 Job was evicted. Code 1009 Subcode 0
	(0) CPU times
		Usr 0 00:00:16, Sys 0 00:00:07  -  Run Remote Usage
		Usr 0 00:00:00, Sys 0 00:00:00  -  Run Local Usage
	8600  -  Run Bytes Sent By Job
	850  -  Run Bytes Received By Job
	Reason: Claim deactivated
	Partitionable Resources :    Usage  Request Allocated 
	   Cpus                 :     0.22        1         1 
	   Disk (KB)            :    65           1      3803 
	   GPUs                 :                           0 
	   Memory (MB)          :     2        3000      3000 
	   TimeExecute (s)      :    48                       
	   TimeSlotBusy (s)     :    50                       
...
009 (16741372.018.000) 08/21 14:52:35 Job was aborted.
	via condor_rm (by user masegret)
...
000 (16742629.018.000) 08/21 14:55:57 Job submitted from host: <188.184.90.241:9618?addrs=188.184.90.241-9618+[2001-1458-201-e4--100-2eb]-9618&alias=bigbird15.cern.ch&noUDP&sock=schedd_3150_376a>
...
040 (16742629.018.000) 08/21 14:57:44 Started transferring input files
	Transferring to host: <188.185.210.157:9618?addrs=188.185.210.157-9618+[2001-1458-303-15--100-19]-9618&alias=b9p22p6542.cern.ch&noUDP&sock=slot1_8_6081_5d50_45077>
...
040 (16742629.018.000) 08/21 14:57:44 Finished transferring input files
...
001 (16742629.018.000) 08/21 14:57:45 Job executing on host: <188.185.210.157:9618?addrs=188.185.210.157-9618+[2001-1458-303-15--100-19]-9618&alias=b9p22p6542.cern.ch&noUDP&sock=startd_5151_bc6c>
	SlotName: slot1_8@b9p22p6542.cern.ch
	CondorScratchDir = "/pool/condor/dir_3479007"
	Cpus = 1
	Disk = 3920
	GPUs = 0
	Memory = 3000
...
006 (16742629.018.000) 08/21 14:57:54 Image size of job updated: 2820
	2  -  MemoryUsage of job (MB)
	1144  -  ResidentSetSize of job (KB)
...
006 (16742629.018.000) 08/21 15:02:55 Image size of job updated: 222028
	217  -  MemoryUsage of job (MB)
	222028  -  ResidentSetSize of job (KB)
...
006 (16742629.018.000) 08/21 15:07:55 Image size of job updated: 222052
	217  -  MemoryUsage of job (MB)
	222052  -  ResidentSetSize of job (KB)
...
040 (16742629.018.000) 08/21 15:14:21 Started transferring output files
...
040 (16742629.018.000) 08/21 15:14:21 Finished transferring output files
...
005 (16742629.018.000) 08/21 15:14:22 Job terminated.
	(1) Normal termination (return value 0)
		Usr 0 00:13:52, Sys 0 00:00:15  -  Run Remote Usage
		Usr 0 00:00:00, Sys 0 00:00:00  -  Run Local Usage
		Usr 0 00:13:52, Sys 0 00:00:15  -  Total Remote Usage
		Usr 0 00:00:00, Sys 0 00:00:00  -  Total Local Usage
	11033  -  Run Bytes Sent By Job
	850  -  Run Bytes Received By Job
	11033  -  Total Bytes Sent By Job
	850  -  Total Bytes Received By Job
	Partitionable Resources :    Usage  Request Allocated 
	   Cpus                 :     0.93        1         1 
	   Disk (KB)            :    50           1      3920 
	   GPUs                 :                           0 
	   Memory (MB)          :   217        3000      3000 
	   TimeExecute (s)      :   996                       
	   TimeSlotBusy (s)     :   998                       
...
000 (16743219.018.000) 08/21 16:52:00 Job submitted from host: <188.184.90.241:9618?addrs=188.184.90.241-9618+[2001-1458-201-e4--100-2eb]-9618&alias=bigbird15.cern.ch&noUDP&sock=schedd_3150_376a>
...
040 (16743219.018.000) 08/21 16:56:45 Started transferring input files
	Transferring to host: <188.185.210.173:9618?addrs=188.185.210.173-9618+[2001-1458-303-15--100-29]-9618&alias=b9p22p6887.cern.ch&noUDP&sock=slot1_26_10588_f428_48665>
...
040 (16743219.018.000) 08/21 16:56:45 Finished transferring input files
...
001 (16743219.018.000) 08/21 16:56:46 Job executing on host: <188.185.210.173:9618?addrs=188.185.210.173-9618+[2001-1458-303-15--100-29]-9618&alias=b9p22p6887.cern.ch&noUDP&sock=startd_9995_512f>
	SlotName: slot1_26@b9p22p6887.cern.ch
	CondorScratchDir = "/pool/condor/dir_2045990"
	Cpus = 1
	Disk = 3781
	GPUs = 0
	Memory = 3000
...
006 (16743219.018.000) 08/21 16:56:55 Image size of job updated: 11052
	6  -  MemoryUsage of job (MB)
	5692  -  ResidentSetSize of job (KB)
...
006 (16743219.018.000) 08/21 17:01:56 Image size of job updated: 221984
	217  -  MemoryUsage of job (MB)
	221984  -  ResidentSetSize of job (KB)
...
006 (16743219.018.000) 08/21 17:06:48 Image size of job updated: 238940
	217  -  MemoryUsage of job (MB)
	221984  -  ResidentSetSize of job (KB)
...
040 (16743219.018.000) 08/21 17:06:48 Started transferring output files
...
040 (16743219.018.000) 08/21 17:06:48 Finished transferring output files
...
005 (16743219.018.000) 08/21 17:06:48 Job terminated.
	(1) Normal termination (return value 0)
		Usr 0 00:09:22, Sys 0 00:00:07  -  Run Remote Usage
		Usr 0 00:00:00, Sys 0 00:00:00  -  Run Local Usage
		Usr 0 00:09:22, Sys 0 00:00:07  -  Total Remote Usage
		Usr 0 00:00:00, Sys 0 00:00:00  -  Total Local Usage
	11033  -  Run Bytes Sent By Job
	850  -  Run Bytes Received By Job
	11033  -  Total Bytes Sent By Job
	850  -  Total Bytes Received By Job
	Partitionable Resources :    Usage  Request Allocated 
	   Cpus                 :                 1         1 
	   Disk (KB)            :       41        1      3781 
	   GPUs                 :                           0 
	   Memory (MB)          :      217     3000      3000 
	   TimeExecute (s)      :      602                    
	   TimeSlotBusy (s)     :      603                    
...
