000 (16751062.021.000) 08/22 12:09:55 Job submitted from host: <188.184.90.241:9618?addrs=188.184.90.241-9618+[2001-1458-201-e4--100-2eb]-9618&alias=bigbird15.cern.ch&noUDP&sock=schedd_3150_376a>
...
040 (16751062.021.000) 08/22 12:10:44 Started transferring input files
	Transferring to host: <128.142.192.200:9618?addrs=128.142.192.200-9618+[2001-1458-301-56--100-44]-9618&alias=b9g18p0307.cern.ch&noUDP&sock=slot1_28_8345_8eac_48085>
...
040 (16751062.021.000) 08/22 12:10:44 Finished transferring input files
...
001 (16751062.021.000) 08/22 12:10:45 Job executing on host: <128.142.192.200:9618?addrs=128.142.192.200-9618+[2001-1458-301-56--100-44]-9618&alias=b9g18p0307.cern.ch&noUDP&sock=startd_7308_4235>
	SlotName: slot1_28@b9g18p0307.cern.ch
	CondorScratchDir = "/pool/condor/dir_2782435"
	Cpus = 1
	Disk = 3717
	GPUs = 0
	Memory = 3000
...
006 (16751062.021.000) 08/22 12:10:53 Image size of job updated: 3844
	4  -  MemoryUsage of job (MB)
	3844  -  ResidentSetSize of job (KB)
...
006 (16751062.021.000) 08/22 12:15:53 Image size of job updated: 221624
	217  -  MemoryUsage of job (MB)
	221624  -  ResidentSetSize of job (KB)
...
006 (16751062.021.000) 08/22 12:25:19 Image size of job updated: 222524
	217  -  MemoryUsage of job (MB)
	221624  -  ResidentSetSize of job (KB)
...
040 (16751062.021.000) 08/22 12:25:19 Started transferring output files
...
040 (16751062.021.000) 08/22 12:25:19 Finished transferring output files
...
005 (16751062.021.000) 08/22 12:25:19 Job terminated.
	(1) Normal termination (return value 0)
		Usr 0 00:14:01, Sys 0 00:00:06  -  Run Remote Usage
		Usr 0 00:00:00, Sys 0 00:00:00  -  Run Local Usage
		Usr 0 00:14:01, Sys 0 00:00:06  -  Total Remote Usage
		Usr 0 00:00:00, Sys 0 00:00:00  -  Total Local Usage
	9885  -  Run Bytes Sent By Job
	850  -  Run Bytes Received By Job
	9885  -  Total Bytes Sent By Job
	850  -  Total Bytes Received By Job
	Partitionable Resources :    Usage  Request Allocated 
	   Cpus                 :     0.99        1         1 
	   Disk (KB)            :    56           1      3717 
	   GPUs                 :                           0 
	   Memory (MB)          :   217        3000      3000 
	   TimeExecute (s)      :   874                       
	   TimeSlotBusy (s)     :   877                       
...
