000 (16741372.013.000) 08/21 14:45:05 Job submitted from host: <188.184.90.241:9618?addrs=188.184.90.241-9618+[2001-1458-201-e4--100-2eb]-9618&alias=bigbird15.cern.ch&noUDP&sock=schedd_3150_376a>
...
040 (16741372.013.000) 08/21 14:51:44 Started transferring input files
	Transferring to host: <188.185.210.201:9618?addrs=188.185.210.201-9618+[2001-1458-303-15--100-45]-9618&alias=b9p22p5174.cern.ch&noUDP&sock=slot1_1_7680_0131_48856>
...
040 (16741372.013.000) 08/21 14:51:44 Finished transferring input files
...
001 (16741372.013.000) 08/21 14:51:45 Job executing on host: <188.185.210.201:9618?addrs=188.185.210.201-9618+[2001-1458-303-15--100-45]-9618&alias=b9p22p5174.cern.ch&noUDP&sock=startd_6630_34ff>
	SlotName: slot1_1@b9p22p5174.cern.ch
	CondorScratchDir = "/pool/condor/dir_347680"
	Cpus = 1
	Disk = 3890
	GPUs = 0
	Memory = 3000
...
006 (16741372.013.000) 08/21 14:51:54 Image size of job updated: 11064
	11  -  MemoryUsage of job (MB)
	11064  -  ResidentSetSize of job (KB)
...
006 (16741372.013.000) 08/21 14:52:35 Image size of job updated: 220728
	11  -  MemoryUsage of job (MB)
	11064  -  ResidentSetSize of job (KB)
...
040 (16741372.013.000) 08/21 14:52:35 Started transferring output files
...
040 (16741372.013.000) 08/21 14:52:35 Finished transferring output files
...
004 (16741372.013.000) 08/21 14:52:35 Job was evicted. Code 1009 Subcode 0
	(0) CPU times
		Usr 0 00:00:14, Sys 0 00:00:08  -  Run Remote Usage
		Usr 0 00:00:00, Sys 0 00:00:00  -  Run Local Usage
	8600  -  Run Bytes Sent By Job
	850  -  Run Bytes Received By Job
	Reason: Claim deactivated
	Partitionable Resources :    Usage  Request Allocated 
	   Cpus                 :        0        1         1 
	   Disk (KB)            :       47        1      3890 
	   GPUs                 :                           0 
	   Memory (MB)          :       11     3000      3000 
	   TimeExecute (s)      :       50                    
	   TimeSlotBusy (s)     :       52                    
...
009 (16741372.013.000) 08/21 14:52:35 Job was aborted.
	via condor_rm (by user masegret)
...
000 (16742629.013.000) 08/21 14:55:57 Job submitted from host: <188.184.90.241:9618?addrs=188.184.90.241-9618+[2001-1458-201-e4--100-2eb]-9618&alias=bigbird15.cern.ch&noUDP&sock=schedd_3150_376a>
...
040 (16742629.013.000) 08/21 14:57:39 Started transferring input files
	Transferring to host: <188.185.214.11:9618?addrs=188.185.214.11-9618+[2001-1458-303-1c--100-7]-9618&alias=b9p29p4563.cern.ch&noUDP&sock=slot1_3_4858_a67f_49742>
...
040 (16742629.013.000) 08/21 14:57:39 Finished transferring input files
...
001 (16742629.013.000) 08/21 14:57:40 Job executing on host: <188.185.214.11:9618?addrs=188.185.214.11-9618+[2001-1458-303-1c--100-7]-9618&alias=b9p29p4563.cern.ch&noUDP&sock=startd_4125_fc41>
	SlotName: slot1_3@b9p29p4563.cern.ch
	CondorScratchDir = "/pool/condor/dir_2988637"
	Cpus = 1
	Disk = 3797
	GPUs = 0
	Memory = 3000
...
006 (16742629.013.000) 08/21 14:57:48 Image size of job updated: 3916
	4  -  MemoryUsage of job (MB)
	3916  -  ResidentSetSize of job (KB)
...
006 (16742629.013.000) 08/21 15:02:48 Image size of job updated: 222028
	217  -  MemoryUsage of job (MB)
	222028  -  ResidentSetSize of job (KB)
...
006 (16742629.013.000) 08/21 15:07:48 Image size of job updated: 222032
	217  -  MemoryUsage of job (MB)
	222028  -  ResidentSetSize of job (KB)
...
040 (16742629.013.000) 08/21 15:07:48 Started transferring output files
...
040 (16742629.013.000) 08/21 15:07:48 Finished transferring output files
...
005 (16742629.013.000) 08/21 15:07:49 Job terminated.
	(1) Normal termination (return value 0)
		Usr 0 00:09:36, Sys 0 00:00:07  -  Run Remote Usage
		Usr 0 00:00:00, Sys 0 00:00:00  -  Run Local Usage
		Usr 0 00:09:36, Sys 0 00:00:07  -  Total Remote Usage
		Usr 0 00:00:00, Sys 0 00:00:00  -  Total Local Usage
	11033  -  Run Bytes Sent By Job
	850  -  Run Bytes Received By Job
	11033  -  Total Bytes Sent By Job
	850  -  Total Bytes Received By Job
	Partitionable Resources :    Usage  Request Allocated 
	   Cpus                 :        0        1         1 
	   Disk (KB)            :       65        1      3797 
	   GPUs                 :                           0 
	   Memory (MB)          :      217     3000      3000 
	   TimeExecute (s)      :      608                    
	   TimeSlotBusy (s)     :      610                    
...
000 (16743219.013.000) 08/21 16:52:00 Job submitted from host: <188.184.90.241:9618?addrs=188.184.90.241-9618+[2001-1458-201-e4--100-2eb]-9618&alias=bigbird15.cern.ch&noUDP&sock=schedd_3150_376a>
...
040 (16743219.013.000) 08/21 16:56:48 Started transferring input files
	Transferring to host: <188.185.214.10:9618?addrs=188.185.214.10-9618+[2001-1458-303-1c--100-6]-9618&alias=b9p29p0003.cern.ch&noUDP&sock=slot1_20_6404_f27d_48063>
...
040 (16743219.013.000) 08/21 16:56:48 Finished transferring input files
...
001 (16743219.013.000) 08/21 16:56:49 Job executing on host: <188.185.214.10:9618?addrs=188.185.214.10-9618+[2001-1458-303-1c--100-6]-9618&alias=b9p29p0003.cern.ch&noUDP&sock=startd_5703_5cb3>
	SlotName: slot1_20@b9p29p0003.cern.ch
	CondorScratchDir = "/pool/condor/dir_3281101"
	Cpus = 1
	Disk = 3934
	GPUs = 0
	Memory = 3000
...
006 (16743219.013.000) 08/21 16:56:57 Image size of job updated: 2368
	2  -  MemoryUsage of job (MB)
	1188  -  ResidentSetSize of job (KB)
...
006 (16743219.013.000) 08/21 17:01:57 Image size of job updated: 222016
	217  -  MemoryUsage of job (MB)
	222016  -  ResidentSetSize of job (KB)
...
006 (16743219.013.000) 08/21 17:07:01 Image size of job updated: 230328
	217  -  MemoryUsage of job (MB)
	222016  -  ResidentSetSize of job (KB)
...
040 (16743219.013.000) 08/21 17:07:01 Started transferring output files
...
040 (16743219.013.000) 08/21 17:07:01 Finished transferring output files
...
005 (16743219.013.000) 08/21 17:07:01 Job terminated.
	(1) Normal termination (return value 0)
		Usr 0 00:09:38, Sys 0 00:00:08  -  Run Remote Usage
		Usr 0 00:00:00, Sys 0 00:00:00  -  Run Local Usage
		Usr 0 00:09:38, Sys 0 00:00:08  -  Total Remote Usage
		Usr 0 00:00:00, Sys 0 00:00:00  -  Total Local Usage
	11033  -  Run Bytes Sent By Job
	850  -  Run Bytes Received By Job
	11033  -  Total Bytes Sent By Job
	850  -  Total Bytes Received By Job
	Partitionable Resources :    Usage  Request Allocated 
	   Cpus                 :     0.99        1         1 
	   Disk (KB)            :    50           1      3934 
	   GPUs                 :                           0 
	   Memory (MB)          :   217        3000      3000 
	   TimeExecute (s)      :   612                       
	   TimeSlotBusy (s)     :   614                       
...
