000 (16741372.015.000) 08/21 14:45:05 Job submitted from host: <188.184.90.241:9618?addrs=188.184.90.241-9618+[2001-1458-201-e4--100-2eb]-9618&alias=bigbird15.cern.ch&noUDP&sock=schedd_3150_376a>
...
040 (16741372.015.000) 08/21 14:51:45 Started transferring input files
	Transferring to host: <188.185.213.139:9618?addrs=188.185.213.139-9618+[2001-1458-303-1b--100-7]-9618&alias=b9p28p3597.cern.ch&noUDP&sock=slot1_9_3984_d69b_47057>
...
040 (16741372.015.000) 08/21 14:51:45 Finished transferring input files
...
001 (16741372.015.000) 08/21 14:51:46 Job executing on host: <188.185.213.139:9618?addrs=188.185.213.139-9618+[2001-1458-303-1b--100-7]-9618&alias=b9p28p3597.cern.ch&noUDP&sock=startd_3728_ad28>
	SlotName: slot1_9@b9p28p3597.cern.ch
	CondorScratchDir = "/pool/condor/dir_580269"
	Cpus = 1
	Disk = 3775
	GPUs = 0
	Memory = 3000
...
006 (16741372.015.000) 08/21 14:51:55 Image size of job updated: 11072
	11  -  MemoryUsage of job (MB)
	11072  -  ResidentSetSize of job (KB)
...
006 (16741372.015.000) 08/21 14:52:35 Image size of job updated: 220864
	11  -  MemoryUsage of job (MB)
	11072  -  ResidentSetSize of job (KB)
...
040 (16741372.015.000) 08/21 14:52:35 Started transferring output files
...
040 (16741372.015.000) 08/21 14:52:35 Finished transferring output files
...
004 (16741372.015.000) 08/21 14:52:35 Job was evicted. Code 1009 Subcode 0
	(0) CPU times
		Usr 0 00:00:08, Sys 0 00:00:08  -  Run Remote Usage
		Usr 0 00:00:00, Sys 0 00:00:00  -  Run Local Usage
	8568  -  Run Bytes Sent By Job
	850  -  Run Bytes Received By Job
	Reason: Claim deactivated
	Partitionable Resources :    Usage  Request Allocated 
	   Cpus                 :        0        1         1 
	   Disk (KB)            :       48        1      3775 
	   GPUs                 :                           0 
	   Memory (MB)          :       11     3000      3000 
	   TimeExecute (s)      :       49                    
	   TimeSlotBusy (s)     :       51                    
...
009 (16741372.015.000) 08/21 14:52:35 Job was aborted.
	via condor_rm (by user masegret)
...
000 (16742629.015.000) 08/21 14:55:57 Job submitted from host: <188.184.90.241:9618?addrs=188.184.90.241-9618+[2001-1458-201-e4--100-2eb]-9618&alias=bigbird15.cern.ch&noUDP&sock=schedd_3150_376a>
...
040 (16742629.015.000) 08/21 14:57:43 Started transferring input files
	Transferring to host: <188.185.213.188:9618?addrs=188.185.213.188-9618+[2001-1458-303-1b--100-38]-9618&alias=b9p28p4370.cern.ch&noUDP&sock=slot1_6_3252_13fd_47955>
...
040 (16742629.015.000) 08/21 14:57:43 Finished transferring input files
...
001 (16742629.015.000) 08/21 14:57:44 Job executing on host: <188.185.213.188:9618?addrs=188.185.213.188-9618+[2001-1458-303-1b--100-38]-9618&alias=b9p28p4370.cern.ch&noUDP&sock=startd_2686_f378>
	SlotName: slot1_6@b9p28p4370.cern.ch
	CondorScratchDir = "/pool/condor/dir_2192260"
	Cpus = 1
	Disk = 3824
	GPUs = 0
	Memory = 3000
...
006 (16742629.015.000) 08/21 14:57:53 Image size of job updated: 3880
	3  -  MemoryUsage of job (MB)
	2592  -  ResidentSetSize of job (KB)
...
006 (16742629.015.000) 08/21 15:02:54 Image size of job updated: 222080
	217  -  MemoryUsage of job (MB)
	222080  -  ResidentSetSize of job (KB)
...
006 (16742629.015.000) 08/21 15:07:42 Image size of job updated: 222760
	217  -  MemoryUsage of job (MB)
	222080  -  ResidentSetSize of job (KB)
...
040 (16742629.015.000) 08/21 15:07:42 Started transferring output files
...
040 (16742629.015.000) 08/21 15:07:42 Finished transferring output files
...
005 (16742629.015.000) 08/21 15:07:42 Job terminated.
	(1) Normal termination (return value 0)
		Usr 0 00:09:13, Sys 0 00:00:07  -  Run Remote Usage
		Usr 0 00:00:00, Sys 0 00:00:00  -  Run Local Usage
		Usr 0 00:09:13, Sys 0 00:00:07  -  Total Remote Usage
		Usr 0 00:00:00, Sys 0 00:00:00  -  Total Local Usage
	11033  -  Run Bytes Sent By Job
	850  -  Run Bytes Received By Job
	11033  -  Total Bytes Sent By Job
	850  -  Total Bytes Received By Job
	Partitionable Resources :    Usage  Request Allocated 
	   Cpus                 :     0.99        1         1 
	   Disk (KB)            :    57           1      3824 
	   GPUs                 :                           0 
	   Memory (MB)          :   217        3000      3000 
	   TimeExecute (s)      :   598                       
	   TimeSlotBusy (s)     :   600                       
...
000 (16743219.015.000) 08/21 16:52:00 Job submitted from host: <188.184.90.241:9618?addrs=188.184.90.241-9618+[2001-1458-201-e4--100-2eb]-9618&alias=bigbird15.cern.ch&noUDP&sock=schedd_3150_376a>
...
040 (16743219.015.000) 08/21 16:56:45 Started transferring input files
	Transferring to host: <128.142.192.200:9618?addrs=128.142.192.200-9618+[2001-1458-301-56--100-44]-9618&alias=b9g18p0307.cern.ch&noUDP&sock=slot1_12_8345_8eac_47120>
...
040 (16743219.015.000) 08/21 16:56:45 Finished transferring input files
...
001 (16743219.015.000) 08/21 16:56:46 Job executing on host: <128.142.192.200:9618?addrs=128.142.192.200-9618+[2001-1458-301-56--100-44]-9618&alias=b9g18p0307.cern.ch&noUDP&sock=startd_7308_4235>
	SlotName: slot1_12@b9g18p0307.cern.ch
	CondorScratchDir = "/pool/condor/dir_1929351"
	Cpus = 1
	Disk = 3844
	GPUs = 0
	Memory = 3000
...
006 (16743219.015.000) 08/21 16:56:55 Image size of job updated: 131080
	129  -  MemoryUsage of job (MB)
	131080  -  ResidentSetSize of job (KB)
...
006 (16743219.015.000) 08/21 17:01:57 Image size of job updated: 221976
	217  -  MemoryUsage of job (MB)
	221976  -  ResidentSetSize of job (KB)
...
040 (16743219.015.000) 08/21 17:06:56 Started transferring output files
...
040 (16743219.015.000) 08/21 17:06:56 Finished transferring output files
...
005 (16743219.015.000) 08/21 17:06:56 Job terminated.
	(1) Normal termination (return value 0)
		Usr 0 00:09:32, Sys 0 00:00:06  -  Run Remote Usage
		Usr 0 00:00:00, Sys 0 00:00:00  -  Run Local Usage
		Usr 0 00:09:32, Sys 0 00:00:06  -  Total Remote Usage
		Usr 0 00:00:00, Sys 0 00:00:00  -  Total Local Usage
	11033  -  Run Bytes Sent By Job
	850  -  Run Bytes Received By Job
	11033  -  Total Bytes Sent By Job
	850  -  Total Bytes Received By Job
	Partitionable Resources :    Usage  Request Allocated 
	   Cpus                 :     0.58        1         1 
	   Disk (KB)            :    49           1      3844 
	   GPUs                 :                           0 
	   Memory (MB)          :   217        3000      3000 
	   TimeExecute (s)      :   609                       
	   TimeSlotBusy (s)     :   611                       
...
