000 (16751062.012.000) 08/22 12:09:55 Job submitted from host: <188.184.90.241:9618?addrs=188.184.90.241-9618+[2001-1458-201-e4--100-2eb]-9618&alias=bigbird15.cern.ch&noUDP&sock=schedd_3150_376a>
...
040 (16751062.012.000) 08/22 12:10:40 Started transferring input files
	Transferring to host: <188.185.210.184:9618?addrs=188.185.210.184-9618+[2001-1458-303-15--100-34]-9618&alias=b9p22p5620.cern.ch&noUDP&sock=slot1_6_6855_b7b0_49242>
...
040 (16751062.012.000) 08/22 12:10:40 Finished transferring input files
...
001 (16751062.012.000) 08/22 12:10:41 Job executing on host: <188.185.210.184:9618?addrs=188.185.210.184-9618+[2001-1458-303-15--100-34]-9618&alias=b9p22p5620.cern.ch&noUDP&sock=startd_5978_fd3f>
	SlotName: slot1_6@b9p22p5620.cern.ch
	CondorScratchDir = "/pool/condor/dir_447799"
	Cpus = 1
	Disk = 3678
	GPUs = 0
	Memory = 3000
...
006 (16751062.012.000) 08/22 12:10:50 Image size of job updated: 3848
	4  -  MemoryUsage of job (MB)
	3848  -  ResidentSetSize of job (KB)
...
006 (16751062.012.000) 08/22 12:15:46 Image size of job updated: 221920
	4  -  MemoryUsage of job (MB)
	3848  -  ResidentSetSize of job (KB)
...
040 (16751062.012.000) 08/22 12:15:46 Started transferring output files
...
040 (16751062.012.000) 08/22 12:15:46 Finished transferring output files
...
005 (16751062.012.000) 08/22 12:15:46 Job terminated.
	(1) Normal termination (return value 0)
		Usr 0 00:04:36, Sys 0 00:00:08  -  Run Remote Usage
		Usr 0 00:00:00, Sys 0 00:00:00  -  Run Local Usage
		Usr 0 00:04:36, Sys 0 00:00:08  -  Total Remote Usage
		Usr 0 00:00:00, Sys 0 00:00:00  -  Total Local Usage
	8994  -  Run Bytes Sent By Job
	849  -  Run Bytes Received By Job
	8994  -  Total Bytes Sent By Job
	849  -  Total Bytes Received By Job
	Partitionable Resources :    Usage  Request Allocated 
	   Cpus                 :     0.99        1         1 
	   Disk (KB)            :    56           1      3678 
	   GPUs                 :                           0 
	   Memory (MB)          :     4        3000      3000 
	   TimeExecute (s)      :   305                       
	   TimeSlotBusy (s)     :   307                       
...
