000 (16741372.017.000) 08/21 14:45:05 Job submitted from host: <188.184.90.241:9618?addrs=188.184.90.241-9618+[2001-1458-201-e4--100-2eb]-9618&alias=bigbird15.cern.ch&noUDP&sock=schedd_3150_376a>
...
040 (16741372.017.000) 08/21 14:51:41 Started transferring input files
	Transferring to host: <188.185.210.104:9618?addrs=188.185.210.104-9618+[2001-1458-303-1--100-64]-9618&alias=b9p21p5559.cern.ch&noUDP&sock=slot1_18_3765_8872_47617>
...
040 (16741372.017.000) 08/21 14:51:41 Finished transferring input files
...
001 (16741372.017.000) 08/21 14:51:42 Job executing on host: <188.185.210.104:9618?addrs=188.185.210.104-9618+[2001-1458-303-1--100-64]-9618&alias=b9p21p5559.cern.ch&noUDP&sock=startd_3141_0b10>
	SlotName: slot1_18@b9p21p5559.cern.ch
	CondorScratchDir = "/pool/condor/dir_2336439"
	Cpus = 1
	Disk = 3851
	GPUs = 0
	Memory = 3000
...
006 (16741372.017.000) 08/21 14:51:50 Image size of job updated: 3904
	4  -  MemoryUsage of job (MB)
	3904  -  ResidentSetSize of job (KB)
...
006 (16741372.017.000) 08/21 14:52:35 Image size of job updated: 220696
	4  -  MemoryUsage of job (MB)
	3904  -  ResidentSetSize of job (KB)
...
040 (16741372.017.000) 08/21 14:52:35 Started transferring output files
...
040 (16741372.017.000) 08/21 14:52:35 Finished transferring output files
...
004 (16741372.017.000) 08/21 14:52:35 Job was evicted. Code 1009 Subcode 0
	(0) CPU times
		Usr 0 00:00:30, Sys 0 00:00:07  -  Run Remote Usage
		Usr 0 00:00:00, Sys 0 00:00:00  -  Run Local Usage
	8664  -  Run Bytes Sent By Job
	850  -  Run Bytes Received By Job
	Reason: Claim deactivated
	Partitionable Resources :    Usage  Request Allocated 
	   Cpus                 :        0        1         1 
	   Disk (KB)            :       65        1      3851 
	   GPUs                 :                           0 
	   Memory (MB)          :        4     3000      3000 
	   TimeExecute (s)      :       53                    
	   TimeSlotBusy (s)     :       55                    
...
009 (16741372.017.000) 08/21 14:52:35 Job was aborted.
	via condor_rm (by user masegret)
...
000 (16742629.017.000) 08/21 14:55:57 Job submitted from host: <188.184.90.241:9618?addrs=188.184.90.241-9618+[2001-1458-201-e4--100-2eb]-9618&alias=bigbird15.cern.ch&noUDP&sock=schedd_3150_376a>
...
040 (16742629.017.000) 08/21 14:57:43 Started transferring input files
	Transferring to host: <188.185.214.100:9618?addrs=188.185.214.100-9618+[2001-1458-303-1c--100-60]-9618&alias=b9p29p3255.cern.ch&noUDP&sock=slot1_3_4528_22b1_46498>
...
040 (16742629.017.000) 08/21 14:57:43 Finished transferring input files
...
001 (16742629.017.000) 08/21 14:57:44 Job executing on host: <188.185.214.100:9618?addrs=188.185.214.100-9618+[2001-1458-303-1c--100-60]-9618&alias=b9p29p3255.cern.ch&noUDP&sock=startd_3850_5bb6>
	SlotName: slot1_3@b9p29p3255.cern.ch
	CondorScratchDir = "/pool/condor/dir_222055"
	Cpus = 1
	Disk = 3875
	GPUs = 0
	Memory = 3000
...
006 (16742629.017.000) 08/21 14:57:52 Image size of job updated: 3916
	4  -  MemoryUsage of job (MB)
	3916  -  ResidentSetSize of job (KB)
...
006 (16742629.017.000) 08/21 15:02:53 Image size of job updated: 221908
	217  -  MemoryUsage of job (MB)
	221908  -  ResidentSetSize of job (KB)
...
040 (16742629.017.000) 08/21 15:09:23 Started transferring output files
...
040 (16742629.017.000) 08/21 15:09:23 Finished transferring output files
...
005 (16742629.017.000) 08/21 15:09:24 Job terminated.
	(1) Normal termination (return value 0)
		Usr 0 00:10:44, Sys 0 00:00:08  -  Run Remote Usage
		Usr 0 00:00:00, Sys 0 00:00:00  -  Run Local Usage
		Usr 0 00:10:44, Sys 0 00:00:08  -  Total Remote Usage
		Usr 0 00:00:00, Sys 0 00:00:00  -  Total Local Usage
	11033  -  Run Bytes Sent By Job
	850  -  Run Bytes Received By Job
	11033  -  Total Bytes Sent By Job
	850  -  Total Bytes Received By Job
	Partitionable Resources :    Usage  Request Allocated 
	   Cpus                 :     0.99        1         1 
	   Disk (KB)            :    65           1      3875 
	   GPUs                 :                           0 
	   Memory (MB)          :   217        3000      3000 
	   TimeExecute (s)      :   699                       
	   TimeSlotBusy (s)     :   701                       
...
000 (16743219.017.000) 08/21 16:52:00 Job submitted from host: <188.184.90.241:9618?addrs=188.184.90.241-9618+[2001-1458-201-e4--100-2eb]-9618&alias=bigbird15.cern.ch&noUDP&sock=schedd_3150_376a>
...
040 (16743219.017.000) 08/21 16:56:45 Started transferring input files
	Transferring to host: <188.185.210.101:9618?addrs=188.185.210.101-9618+[2001-1458-303-1--100-61]-9618&alias=b9p21p0502.cern.ch&noUDP&sock=slot1_26_4854_d4fe_47265>
...
040 (16743219.017.000) 08/21 16:56:45 Finished transferring input files
...
001 (16743219.017.000) 08/21 16:56:46 Job executing on host: <188.185.210.101:9618?addrs=188.185.210.101-9618+[2001-1458-303-1--100-61]-9618&alias=b9p21p0502.cern.ch&noUDP&sock=startd_4137_3764>
	SlotName: slot1_26@b9p21p0502.cern.ch
	CondorScratchDir = "/pool/condor/dir_140326"
	Cpus = 1
	Disk = 3920
	GPUs = 0
	Memory = 3000
...
006 (16743219.017.000) 08/21 16:56:54 Image size of job updated: 1164
	2  -  MemoryUsage of job (MB)
	1140  -  ResidentSetSize of job (KB)
...
006 (16743219.017.000) 08/21 17:01:54 Image size of job updated: 221912
	217  -  MemoryUsage of job (MB)
	221912  -  ResidentSetSize of job (KB)
...
006 (16743219.017.000) 08/21 17:06:23 Image size of job updated: 222072
	217  -  MemoryUsage of job (MB)
	221912  -  ResidentSetSize of job (KB)
...
040 (16743219.017.000) 08/21 17:06:23 Started transferring output files
...
040 (16743219.017.000) 08/21 17:06:23 Finished transferring output files
...
005 (16743219.017.000) 08/21 17:06:23 Job terminated.
	(1) Normal termination (return value 0)
		Usr 0 00:09:08, Sys 0 00:00:07  -  Run Remote Usage
		Usr 0 00:00:00, Sys 0 00:00:00  -  Run Local Usage
		Usr 0 00:09:08, Sys 0 00:00:07  -  Total Remote Usage
		Usr 0 00:00:00, Sys 0 00:00:00  -  Total Local Usage
	11033  -  Run Bytes Sent By Job
	850  -  Run Bytes Received By Job
	11033  -  Total Bytes Sent By Job
	850  -  Total Bytes Received By Job
	Partitionable Resources :    Usage  Request Allocated 
	   Cpus                 :     0.99        1         1 
	   Disk (KB)            :    50           1      3920 
	   GPUs                 :                           0 
	   Memory (MB)          :   217        3000      3000 
	   TimeExecute (s)      :   577                       
	   TimeSlotBusy (s)     :   578                       
...
