000 (16741372.019.000) 08/21 14:45:05 Job submitted from host: <188.184.90.241:9618?addrs=188.184.90.241-9618+[2001-1458-201-e4--100-2eb]-9618&alias=bigbird15.cern.ch&noUDP&sock=schedd_3150_376a>
...
040 (16741372.019.000) 08/21 14:51:46 Started transferring input files
	Transferring to host: <128.142.161.83:9618?addrs=128.142.161.83-9618+[2001-1458-301-b8--100-11]-9618&alias=b9g03p4706.cern.ch&noUDP&sock=slot1_4_3322_6640_48354>
...
040 (16741372.019.000) 08/21 14:51:46 Finished transferring input files
...
001 (16741372.019.000) 08/21 14:51:47 Job executing on host: <128.142.161.83:9618?addrs=128.142.161.83-9618+[2001-1458-301-b8--100-11]-9618&alias=b9g03p4706.cern.ch&noUDP&sock=startd_2650_4210>
	SlotName: slot1_4@b9g03p4706.cern.ch
	CondorScratchDir = "/pool/condor/dir_44989"
	Cpus = 1
	Disk = 4016
	GPUs = 0
	Memory = 3000
...
006 (16741372.019.000) 08/21 14:51:56 Image size of job updated: 11068
	11  -  MemoryUsage of job (MB)
	11068  -  ResidentSetSize of job (KB)
...
006 (16741372.019.000) 08/21 14:52:35 Image size of job updated: 216804
	11  -  MemoryUsage of job (MB)
	11068  -  ResidentSetSize of job (KB)
...
040 (16741372.019.000) 08/21 14:52:35 Started transferring output files
...
040 (16741372.019.000) 08/21 14:52:35 Finished transferring output files
...
004 (16741372.019.000) 08/21 14:52:35 Job was evicted. Code 1009 Subcode 0
	(0) CPU times
		Usr 0 00:00:23, Sys 0 00:00:07  -  Run Remote Usage
		Usr 0 00:00:00, Sys 0 00:00:00  -  Run Local Usage
	8600  -  Run Bytes Sent By Job
	850  -  Run Bytes Received By Job
	Reason: Claim deactivated
	Partitionable Resources :    Usage  Request Allocated 
	   Cpus                 :        0        1         1 
	   Disk (KB)            :       47        1      4016 
	   GPUs                 :                           0 
	   Memory (MB)          :       11     3000      3000 
	   TimeExecute (s)      :       48                    
	   TimeSlotBusy (s)     :       50                    
...
009 (16741372.019.000) 08/21 14:52:35 Job was aborted.
	via condor_rm (by user masegret)
...
000 (16742629.019.000) 08/21 14:55:57 Job submitted from host: <188.184.90.241:9618?addrs=188.184.90.241-9618+[2001-1458-201-e4--100-2eb]-9618&alias=bigbird15.cern.ch&noUDP&sock=schedd_3150_376a>
...
040 (16742629.019.000) 08/21 14:57:44 Started transferring input files
	Transferring to host: <128.142.192.157:9618?addrs=128.142.192.157-9618+[2001-1458-301-56--100-19]-9618&alias=b9g18p0526.cern.ch&noUDP&sock=slot1_13_4258_e566_47745>
...
040 (16742629.019.000) 08/21 14:57:44 Finished transferring input files
...
001 (16742629.019.000) 08/21 14:57:45 Job executing on host: <128.142.192.157:9618?addrs=128.142.192.157-9618+[2001-1458-301-56--100-19]-9618&alias=b9g18p0526.cern.ch&noUDP&sock=startd_3398_52e7>
	SlotName: slot1_13@b9g18p0526.cern.ch
	CondorScratchDir = "/pool/condor/dir_523557"
	Cpus = 1
	Disk = 3791
	GPUs = 0
	Memory = 3000
...
006 (16742629.019.000) 08/21 14:57:54 Image size of job updated: 3916
	4  -  MemoryUsage of job (MB)
	3916  -  ResidentSetSize of job (KB)
...
006 (16742629.019.000) 08/21 15:02:55 Image size of job updated: 222180
	217  -  MemoryUsage of job (MB)
	222180  -  ResidentSetSize of job (KB)
...
040 (16742629.019.000) 08/21 15:08:50 Started transferring output files
...
040 (16742629.019.000) 08/21 15:08:50 Finished transferring output files
...
005 (16742629.019.000) 08/21 15:08:50 Job terminated.
	(1) Normal termination (return value 0)
		Usr 0 00:10:22, Sys 0 00:00:05  -  Run Remote Usage
		Usr 0 00:00:00, Sys 0 00:00:00  -  Run Local Usage
		Usr 0 00:10:22, Sys 0 00:00:05  -  Total Remote Usage
		Usr 0 00:00:00, Sys 0 00:00:00  -  Total Local Usage
	11033  -  Run Bytes Sent By Job
	850  -  Run Bytes Received By Job
	11033  -  Total Bytes Sent By Job
	850  -  Total Bytes Received By Job
	Partitionable Resources :    Usage  Request Allocated 
	   Cpus                 :     1.00        1         1 
	   Disk (KB)            :    65           1      3791 
	   GPUs                 :                           0 
	   Memory (MB)          :   217        3000      3000 
	   TimeExecute (s)      :   665                       
	   TimeSlotBusy (s)     :   667                       
...
