000 (16751062.031.000) 08/22 12:09:55 Job submitted from host: <188.184.90.241:9618?addrs=188.184.90.241-9618+[2001-1458-201-e4--100-2eb]-9618&alias=bigbird15.cern.ch&noUDP&sock=schedd_3150_376a>
...
040 (16751062.031.000) 08/22 12:10:47 Started transferring input files
	Transferring to host: <188.185.206.154:9618?addrs=188.185.206.154-9618+[2001-1458-303-c--100-17]-9618&alias=b9p06p5094.cern.ch&noUDP&sock=slot1_17_6655_cca8_35697>
...
040 (16751062.031.000) 08/22 12:10:47 Finished transferring input files
...
001 (16751062.031.000) 08/22 12:10:48 Job executing on host: <188.185.206.154:9618?addrs=188.185.206.154-9618+[2001-1458-303-c--100-17]-9618&alias=b9p06p5094.cern.ch&noUDP&sock=startd_5718_a69f>
	SlotName: slot1_17@b9p06p5094.cern.ch
	CondorScratchDir = "/pool/condor/dir_244625"
	Cpus = 1
	Disk = 3760
	GPUs = 0
	Memory = 3000
...
006 (16751062.031.000) 08/22 12:10:57 Image size of job updated: 3104
	3  -  MemoryUsage of job (MB)
	2444  -  ResidentSetSize of job (KB)
...
006 (16751062.031.000) 08/22 12:15:58 Image size of job updated: 221932
	217  -  MemoryUsage of job (MB)
	221932  -  ResidentSetSize of job (KB)
...
006 (16751062.031.000) 08/22 12:20:58 Image size of job updated: 221956
	217  -  MemoryUsage of job (MB)
	221956  -  ResidentSetSize of job (KB)
...
006 (16751062.031.000) 08/22 12:27:53 Image size of job updated: 222888
	217  -  MemoryUsage of job (MB)
	221956  -  ResidentSetSize of job (KB)
...
040 (16751062.031.000) 08/22 12:27:53 Started transferring output files
...
040 (16751062.031.000) 08/22 12:27:53 Finished transferring output files
...
005 (16751062.031.000) 08/22 12:27:54 Job terminated.
	(1) Normal termination (return value 0)
		Usr 0 00:13:23, Sys 0 00:00:08  -  Run Remote Usage
		Usr 0 00:00:00, Sys 0 00:00:00  -  Run Local Usage
		Usr 0 00:13:23, Sys 0 00:00:08  -  Total Remote Usage
		Usr 0 00:00:00, Sys 0 00:00:00  -  Total Local Usage
	10050  -  Run Bytes Sent By Job
	850  -  Run Bytes Received By Job
	10050  -  Total Bytes Sent By Job
	850  -  Total Bytes Received By Job
	Partitionable Resources :    Usage  Request Allocated 
	   Cpus                 :     0.92        1         1 
	   Disk (KB)            :    43           1      3760 
	   GPUs                 :                           0 
	   Memory (MB)          :   217        3000      3000 
	   TimeExecute (s)      :  1025                       
	   TimeSlotBusy (s)     :  1027                       
...
