000 (16751062.025.000) 08/22 12:09:55 Job submitted from host: <188.184.90.241:9618?addrs=188.184.90.241-9618+[2001-1458-201-e4--100-2eb]-9618&alias=bigbird15.cern.ch&noUDP&sock=schedd_3150_376a>
...
040 (16751062.025.000) 08/22 12:10:45 Started transferring input files
	Transferring to host: <188.185.210.142:9618?addrs=188.185.210.142-9618+[2001-1458-303-15--100-a]-9618&alias=b9p22p8216.cern.ch&noUDP&sock=slot1_13_7156_cc9c_47315>
...
040 (16751062.025.000) 08/22 12:10:45 Finished transferring input files
...
001 (16751062.025.000) 08/22 12:10:46 Job executing on host: <188.185.210.142:9618?addrs=188.185.210.142-9618+[2001-1458-303-15--100-a]-9618&alias=b9p22p8216.cern.ch&noUDP&sock=startd_6256_ac93>
	SlotName: slot1_13@b9p22p8216.cern.ch
	CondorScratchDir = "/pool/condor/dir_658380"
	Cpus = 1
	Disk = 3798
	GPUs = 0
	Memory = 3000
...
006 (16751062.025.000) 08/22 12:10:54 Image size of job updated: 3068
	1  -  MemoryUsage of job (MB)
	840  -  ResidentSetSize of job (KB)
...
006 (16751062.025.000) 08/22 12:15:54 Image size of job updated: 221636
	217  -  MemoryUsage of job (MB)
	221636  -  ResidentSetSize of job (KB)
...
006 (16751062.025.000) 08/22 12:20:55 Image size of job updated: 221660
	217  -  MemoryUsage of job (MB)
	221660  -  ResidentSetSize of job (KB)
...
006 (16751062.025.000) 08/22 12:26:04 Image size of job updated: 230800
	217  -  MemoryUsage of job (MB)
	221660  -  ResidentSetSize of job (KB)
...
040 (16751062.025.000) 08/22 12:26:04 Started transferring output files
...
040 (16751062.025.000) 08/22 12:26:04 Finished transferring output files
...
005 (16751062.025.000) 08/22 12:26:04 Job terminated.
	(1) Normal termination (return value 0)
		Usr 0 00:14:01, Sys 0 00:00:08  -  Run Remote Usage
		Usr 0 00:00:00, Sys 0 00:00:00  -  Run Local Usage
		Usr 0 00:14:01, Sys 0 00:00:08  -  Total Remote Usage
		Usr 0 00:00:00, Sys 0 00:00:00  -  Total Local Usage
	9918  -  Run Bytes Sent By Job
	850  -  Run Bytes Received By Job
	9918  -  Total Bytes Sent By Job
	850  -  Total Bytes Received By Job
	Partitionable Resources :    Usage  Request Allocated 
	   Cpus                 :     0.94        1         1 
	   Disk (KB)            :    40           1      3798 
	   GPUs                 :                           0 
	   Memory (MB)          :   217        3000      3000 
	   TimeExecute (s)      :   918                       
	   TimeSlotBusy (s)     :   920                       
...
