000 (16751062.030.000) 08/22 12:09:55 Job submitted from host: <188.184.90.241:9618?addrs=188.184.90.241-9618+[2001-1458-201-e4--100-2eb]-9618&alias=bigbird15.cern.ch&noUDP&sock=schedd_3150_376a>
...
040 (16751062.030.000) 08/22 12:10:46 Started transferring input files
	Transferring to host: <188.185.214.29:9618?addrs=188.185.214.29-9618+[2001-1458-303-1c--100-19]-9618&alias=b9p29p6384.cern.ch&noUDP&sock=slot1_10_3263_d41e_41639>
...
040 (16751062.030.000) 08/22 12:10:46 Finished transferring input files
...
001 (16751062.030.000) 08/22 12:10:47 Job executing on host: <188.185.214.29:9618?addrs=188.185.214.29-9618+[2001-1458-303-1c--100-19]-9618&alias=b9p29p6384.cern.ch&noUDP&sock=startd_2706_ab5d>
	SlotName: slot1_10@b9p29p6384.cern.ch
	CondorScratchDir = "/pool/condor/dir_1455121"
	Cpus = 1
	Disk = 3763
	GPUs = 0
	Memory = 3000
...
006 (16751062.030.000) 08/22 12:10:55 Image size of job updated: 3848
	4  -  MemoryUsage of job (MB)
	3848  -  ResidentSetSize of job (KB)
...
006 (16751062.030.000) 08/22 12:15:55 Image size of job updated: 222048
	217  -  MemoryUsage of job (MB)
	222048  -  ResidentSetSize of job (KB)
...
040 (16751062.030.000) 08/22 12:23:12 Started transferring output files
...
040 (16751062.030.000) 08/22 12:23:12 Finished transferring output files
...
005 (16751062.030.000) 08/22 12:23:12 Job terminated.
	(1) Normal termination (return value 0)
		Usr 0 00:11:47, Sys 0 00:00:08  -  Run Remote Usage
		Usr 0 00:00:00, Sys 0 00:00:00  -  Run Local Usage
		Usr 0 00:11:47, Sys 0 00:00:08  -  Total Remote Usage
		Usr 0 00:00:00, Sys 0 00:00:00  -  Total Local Usage
	10050  -  Run Bytes Sent By Job
	850  -  Run Bytes Received By Job
	10050  -  Total Bytes Sent By Job
	850  -  Total Bytes Received By Job
	Partitionable Resources :    Usage  Request Allocated 
	   Cpus                 :     0.99        1         1 
	   Disk (KB)            :    56           1      3763 
	   GPUs                 :                           0 
	   Memory (MB)          :   217        3000      3000 
	   TimeExecute (s)      :   745                       
	   TimeSlotBusy (s)     :   747                       
...
