000 (16751062.026.000) 08/22 12:09:55 Job submitted from host: <188.184.90.241:9618?addrs=188.184.90.241-9618+[2001-1458-201-e4--100-2eb]-9618&alias=bigbird15.cern.ch&noUDP&sock=schedd_3150_376a>
...
040 (16751062.026.000) 08/22 12:10:45 Started transferring input files
	Transferring to host: <188.185.213.228:9618?addrs=188.185.213.228-9618+[2001-1458-303-1b--100-60]-9618&alias=b9p28p4003.cern.ch&noUDP&sock=slot1_10_5541_e2ba_49441>
...
040 (16751062.026.000) 08/22 12:10:45 Finished transferring input files
...
001 (16751062.026.000) 08/22 12:10:46 Job executing on host: <188.185.213.228:9618?addrs=188.185.213.228-9618+[2001-1458-303-1b--100-60]-9618&alias=b9p28p4003.cern.ch&noUDP&sock=startd_4557_4d2b>
	SlotName: slot1_10@b9p28p4003.cern.ch
	CondorScratchDir = "/pool/condor/dir_340396"
	Cpus = 1
	Disk = 3713
	GPUs = 0
	Memory = 3000
...
006 (16751062.026.000) 08/22 12:10:54 Image size of job updated: 2264
	2  -  MemoryUsage of job (MB)
	1436  -  ResidentSetSize of job (KB)
...
006 (16751062.026.000) 08/22 12:15:54 Image size of job updated: 221896
	217  -  MemoryUsage of job (MB)
	221896  -  ResidentSetSize of job (KB)
...
040 (16751062.026.000) 08/22 12:19:39 Started transferring output files
...
040 (16751062.026.000) 08/22 12:19:39 Finished transferring output files
...
005 (16751062.026.000) 08/22 12:19:39 Job terminated.
	(1) Normal termination (return value 0)
		Usr 0 00:08:25, Sys 0 00:00:06  -  Run Remote Usage
		Usr 0 00:00:00, Sys 0 00:00:00  -  Run Local Usage
		Usr 0 00:08:25, Sys 0 00:00:06  -  Total Remote Usage
		Usr 0 00:00:00, Sys 0 00:00:00  -  Total Local Usage
	9918  -  Run Bytes Sent By Job
	850  -  Run Bytes Received By Job
	9918  -  Total Bytes Sent By Job
	850  -  Total Bytes Received By Job
	Partitionable Resources :    Usage  Request Allocated 
	   Cpus                 :     0.99        1         1 
	   Disk (KB)            :    40           1      3713 
	   GPUs                 :                           0 
	   Memory (MB)          :   217        3000      3000 
	   TimeExecute (s)      :   533                       
	   TimeSlotBusy (s)     :   535                       
...
