000 (16751062.029.000) 08/22 12:09:55 Job submitted from host: <188.184.90.241:9618?addrs=188.184.90.241-9618+[2001-1458-201-e4--100-2eb]-9618&alias=bigbird15.cern.ch&noUDP&sock=schedd_3150_376a>
...
040 (16751062.029.000) 08/22 12:10:46 Started transferring input files
	Transferring to host: <128.142.192.155:9618?addrs=128.142.192.155-9618+[2001-1458-301-56--100-17]-9618&alias=b9g18p4752.cern.ch&noUDP&sock=slot1_32_3564_e90a_36497>
...
040 (16751062.029.000) 08/22 12:10:46 Finished transferring input files
...
001 (16751062.029.000) 08/22 12:10:47 Job executing on host: <128.142.192.155:9618?addrs=128.142.192.155-9618+[2001-1458-301-56--100-17]-9618&alias=b9g18p4752.cern.ch&noUDP&sock=startd_2919_c50a>
	SlotName: slot1_32@b9g18p4752.cern.ch
	CondorScratchDir = "/pool/condor/dir_1265892"
	Cpus = 1
	Disk = 3704
	GPUs = 0
	Memory = 3000
...
006 (16751062.029.000) 08/22 12:10:56 Image size of job updated: 3848
	4  -  MemoryUsage of job (MB)
	3848  -  ResidentSetSize of job (KB)
...
006 (16751062.029.000) 08/22 12:15:57 Image size of job updated: 221848
	217  -  MemoryUsage of job (MB)
	221848  -  ResidentSetSize of job (KB)
...
006 (16751062.029.000) 08/22 12:20:57 Image size of job updated: 221892
	217  -  MemoryUsage of job (MB)
	221892  -  ResidentSetSize of job (KB)
...
040 (16751062.029.000) 08/22 12:26:43 Started transferring output files
...
040 (16751062.029.000) 08/22 12:26:43 Finished transferring output files
...
005 (16751062.029.000) 08/22 12:26:43 Job terminated.
	(1) Normal termination (return value 0)
		Usr 0 00:15:18, Sys 0 00:00:07  -  Run Remote Usage
		Usr 0 00:00:00, Sys 0 00:00:00  -  Run Local Usage
		Usr 0 00:15:18, Sys 0 00:00:07  -  Total Remote Usage
		Usr 0 00:00:00, Sys 0 00:00:00  -  Total Local Usage
	10050  -  Run Bytes Sent By Job
	850  -  Run Bytes Received By Job
	10050  -  Total Bytes Sent By Job
	850  -  Total Bytes Received By Job
	Partitionable Resources :    Usage  Request Allocated 
	   Cpus                 :     0.99        1         1 
	   Disk (KB)            :    56           1      3704 
	   GPUs                 :                           0 
	   Memory (MB)          :   217        3000      3000 
	   TimeExecute (s)      :   956                       
	   TimeSlotBusy (s)     :   958                       
...
