000 (16751062.027.000) 08/22 12:09:55 Job submitted from host: <188.184.90.241:9618?addrs=188.184.90.241-9618+[2001-1458-201-e4--100-2eb]-9618&alias=bigbird15.cern.ch&noUDP&sock=schedd_3150_376a>
...
040 (16751062.027.000) 08/22 12:10:45 Started transferring input files
	Transferring to host: <188.185.210.195:9618?addrs=188.185.210.195-9618+[2001-1458-303-15--100-3f]-9618&alias=b9p22p8302.cern.ch&noUDP&sock=slot1_7_7408_5b26_50859>
...
040 (16751062.027.000) 08/22 12:10:45 Finished transferring input files
...
001 (16751062.027.000) 08/22 12:10:46 Job executing on host: <188.185.210.195:9618?addrs=188.185.210.195-9618+[2001-1458-303-15--100-3f]-9618&alias=b9p22p8302.cern.ch&noUDP&sock=startd_6519_11fb>
	SlotName: slot1_7@b9p22p8302.cern.ch
	CondorScratchDir = "/pool/condor/dir_3686514"
	Cpus = 1
	Disk = 3674
	GPUs = 0
	Memory = 3000
...
006 (16751062.027.000) 08/22 12:10:54 Image size of job updated: 37344
	37  -  MemoryUsage of job (MB)
	37344  -  ResidentSetSize of job (KB)
...
006 (16751062.027.000) 08/22 12:15:54 Image size of job updated: 221564
	217  -  MemoryUsage of job (MB)
	221564  -  ResidentSetSize of job (KB)
...
006 (16751062.027.000) 08/22 12:20:55 Image size of job updated: 221588
	217  -  MemoryUsage of job (MB)
	221588  -  ResidentSetSize of job (KB)
...
040 (16751062.027.000) 08/22 12:25:35 Started transferring output files
...
040 (16751062.027.000) 08/22 12:25:35 Finished transferring output files
...
005 (16751062.027.000) 08/22 12:25:36 Job terminated.
	(1) Normal termination (return value 0)
		Usr 0 00:13:41, Sys 0 00:00:09  -  Run Remote Usage
		Usr 0 00:00:00, Sys 0 00:00:00  -  Run Local Usage
		Usr 0 00:13:41, Sys 0 00:00:09  -  Total Remote Usage
		Usr 0 00:00:00, Sys 0 00:00:00  -  Total Local Usage
	9918  -  Run Bytes Sent By Job
	850  -  Run Bytes Received By Job
	9918  -  Total Bytes Sent By Job
	850  -  Total Bytes Received By Job
	Partitionable Resources :    Usage  Request Allocated 
	   Cpus                 :     0.97        1         1 
	   Disk (KB)            :    40           1      3674 
	   GPUs                 :                           0 
	   Memory (MB)          :   217        3000      3000 
	   TimeExecute (s)      :   889                       
	   TimeSlotBusy (s)     :   891                       
...
