000 (16751062.028.000) 08/22 12:09:55 Job submitted from host: <188.184.90.241:9618?addrs=188.184.90.241-9618+[2001-1458-201-e4--100-2eb]-9618&alias=bigbird15.cern.ch&noUDP&sock=schedd_3150_376a>
...
040 (16751062.028.000) 08/22 12:10:46 Started transferring input files
	Transferring to host: <188.185.207.64:9618?addrs=188.185.207.64-9618+[2001-1458-303-d--100-3d]-9618&alias=b9p07p8484.cern.ch&noUDP&sock=slot1_1_10062_56d2_36691>
...
040 (16751062.028.000) 08/22 12:10:46 Finished transferring input files
...
001 (16751062.028.000) 08/22 12:10:47 Job executing on host: <188.185.207.64:9618?addrs=188.185.207.64-9618+[2001-1458-303-d--100-3d]-9618&alias=b9p07p8484.cern.ch&noUDP&sock=startd_8702_6d3a>
	SlotName: slot1_1@b9p07p8484.cern.ch
	CondorScratchDir = "/pool/condor/dir_1480780"
	Cpus = 1
	Disk = 3511
	GPUs = 0
	Memory = 3000
...
006 (16751062.028.000) 08/22 12:10:55 Image size of job updated: 2416
	1  -  MemoryUsage of job (MB)
	704  -  ResidentSetSize of job (KB)
...
006 (16751062.028.000) 08/22 12:15:55 Image size of job updated: 221624
	217  -  MemoryUsage of job (MB)
	221624  -  ResidentSetSize of job (KB)
...
006 (16751062.028.000) 08/22 12:20:56 Image size of job updated: 221648
	217  -  MemoryUsage of job (MB)
	221648  -  ResidentSetSize of job (KB)
...
006 (16751062.028.000) 08/22 12:24:08 Image size of job updated: 222108
	217  -  MemoryUsage of job (MB)
	221648  -  ResidentSetSize of job (KB)
...
040 (16751062.028.000) 08/22 12:24:08 Started transferring output files
...
040 (16751062.028.000) 08/22 12:24:08 Finished transferring output files
...
005 (16751062.028.000) 08/22 12:24:09 Job terminated.
	(1) Normal termination (return value 0)
		Usr 0 00:11:40, Sys 0 00:00:08  -  Run Remote Usage
		Usr 0 00:00:00, Sys 0 00:00:00  -  Run Local Usage
		Usr 0 00:11:40, Sys 0 00:00:08  -  Total Remote Usage
		Usr 0 00:00:00, Sys 0 00:00:00  -  Total Local Usage
	9918  -  Run Bytes Sent By Job
	850  -  Run Bytes Received By Job
	9918  -  Total Bytes Sent By Job
	850  -  Total Bytes Received By Job
	Partitionable Resources :    Usage  Request Allocated 
	   Cpus                 :     0.98        1         1 
	   Disk (KB)            :    43           1      3511 
	   GPUs                 :                           0 
	   Memory (MB)          :   217        3000      3000 
	   TimeExecute (s)      :   801                       
	   TimeSlotBusy (s)     :   803                       
...
