000 (16751062.033.000) 08/22 12:09:55 Job submitted from host: <188.184.90.241:9618?addrs=188.184.90.241-9618+[2001-1458-201-e4--100-2eb]-9618&alias=bigbird15.cern.ch&noUDP&sock=schedd_3150_376a>
...
040 (16751062.033.000) 08/22 12:10:47 Started transferring input files
	Transferring to host: <188.185.212.8:9618?addrs=188.185.212.8-9618+[2001-1458-303-18--100-4]-9618&alias=b9p25p0259.cern.ch&noUDP&sock=slot1_19_5805_e5c5_41868>
...
040 (16751062.033.000) 08/22 12:10:47 Finished transferring input files
...
001 (16751062.033.000) 08/22 12:10:48 Job executing on host: <188.185.212.8:9618?addrs=188.185.212.8-9618+[2001-1458-303-18--100-4]-9618&alias=b9p25p0259.cern.ch&noUDP&sock=startd_4812_35d1>
	SlotName: slot1_19@b9p25p0259.cern.ch
	CondorScratchDir = "/pool/condor/dir_288117"
	Cpus = 1
	Disk = 3758
	GPUs = 0
	Memory = 3000
...
006 (16751062.033.000) 08/22 12:10:56 Image size of job updated: 2332
	3  -  MemoryUsage of job (MB)
	2332  -  ResidentSetSize of job (KB)
...
006 (16751062.033.000) 08/22 12:15:57 Image size of job updated: 220172
	216  -  MemoryUsage of job (MB)
	220172  -  ResidentSetSize of job (KB)
...
040 (16751062.033.000) 08/22 12:25:19 Started transferring output files
...
040 (16751062.033.000) 08/22 12:25:19 Finished transferring output files
...
005 (16751062.033.000) 08/22 12:25:19 Job terminated.
	(1) Normal termination (return value 0)
		Usr 0 00:13:43, Sys 0 00:00:09  -  Run Remote Usage
		Usr 0 00:00:00, Sys 0 00:00:00  -  Run Local Usage
		Usr 0 00:13:43, Sys 0 00:00:09  -  Total Remote Usage
		Usr 0 00:00:00, Sys 0 00:00:00  -  Total Local Usage
	10017  -  Run Bytes Sent By Job
	850  -  Run Bytes Received By Job
	10017  -  Total Bytes Sent By Job
	850  -  Total Bytes Received By Job
	Partitionable Resources :    Usage  Request Allocated 
	   Cpus                 :     0.99        1         1 
	   Disk (KB)            :    56           1      3758 
	   GPUs                 :                           0 
	   Memory (MB)          :   216        3000      3000 
	   TimeExecute (s)      :   871                       
	   TimeSlotBusy (s)     :   873                       
...
