000 (16751062.032.000) 08/22 12:09:55 Job submitted from host: <188.184.90.241:9618?addrs=188.184.90.241-9618+[2001-1458-201-e4--100-2eb]-9618&alias=bigbird15.cern.ch&noUDP&sock=schedd_3150_376a>
...
040 (16751062.032.000) 08/22 12:10:47 Started transferring input files
	Transferring to host: <188.185.205.201:9618?addrs=188.185.205.201-9618+[2001-1458-303-a--100-46]-9618&alias=b9p04p9523.cern.ch&noUDP&sock=slot1_15_9962_e14e_37237>
...
040 (16751062.032.000) 08/22 12:10:47 Finished transferring input files
...
001 (16751062.032.000) 08/22 12:10:48 Job executing on host: <188.185.205.201:9618?addrs=188.185.205.201-9618+[2001-1458-303-a--100-46]-9618&alias=b9p04p9523.cern.ch&noUDP&sock=startd_8822_bc97>
	SlotName: slot1_15@b9p04p9523.cern.ch
	CondorScratchDir = "/pool/condor/dir_318739"
	Cpus = 1
	Disk = 3675
	GPUs = 0
	Memory = 3000
...
006 (16751062.032.000) 08/22 12:10:57 Image size of job updated: 3860
	4  -  MemoryUsage of job (MB)
	3860  -  ResidentSetSize of job (KB)
...
006 (16751062.032.000) 08/22 12:15:58 Image size of job updated: 222044
	217  -  MemoryUsage of job (MB)
	222044  -  ResidentSetSize of job (KB)
...
040 (16751062.032.000) 08/22 12:21:04 Started transferring output files
...
040 (16751062.032.000) 08/22 12:21:04 Finished transferring output files
...
005 (16751062.032.000) 08/22 12:21:04 Job terminated.
	(1) Normal termination (return value 0)
		Usr 0 00:09:38, Sys 0 00:00:08  -  Run Remote Usage
		Usr 0 00:00:00, Sys 0 00:00:00  -  Run Local Usage
		Usr 0 00:09:38, Sys 0 00:00:08  -  Total Remote Usage
		Usr 0 00:00:00, Sys 0 00:00:00  -  Total Local Usage
	10017  -  Run Bytes Sent By Job
	850  -  Run Bytes Received By Job
	10017  -  Total Bytes Sent By Job
	850  -  Total Bytes Received By Job
	Partitionable Resources :    Usage  Request Allocated 
	   Cpus                 :     0.80        1         1 
	   Disk (KB)            :    58           1      3675 
	   GPUs                 :                           0 
	   Memory (MB)          :   217        3000      3000 
	   TimeExecute (s)      :   616                       
	   TimeSlotBusy (s)     :   618                       
...
