000 (16751062.024.000) 08/22 12:09:55 Job submitted from host: <188.184.90.241:9618?addrs=188.184.90.241-9618+[2001-1458-201-e4--100-2eb]-9618&alias=bigbird15.cern.ch&noUDP&sock=schedd_3150_376a>
...
040 (16751062.024.000) 08/22 12:10:45 Started transferring input files
	Transferring to host: <188.185.210.201:9618?addrs=188.185.210.201-9618+[2001-1458-303-15--100-45]-9618&alias=b9p22p5174.cern.ch&noUDP&sock=slot1_14_7680_0131_49885>
...
040 (16751062.024.000) 08/22 12:10:45 Finished transferring input files
...
001 (16751062.024.000) 08/22 12:10:46 Job executing on host: <188.185.210.201:9618?addrs=188.185.210.201-9618+[2001-1458-303-15--100-45]-9618&alias=b9p22p5174.cern.ch&noUDP&sock=startd_6630_34ff>
	SlotName: slot1_14@b9p22p5174.cern.ch
	CondorScratchDir = "/pool/condor/dir_2941060"
	Cpus = 1
	Disk = 3796
	GPUs = 0
	Memory = 3000
...
006 (16751062.024.000) 08/22 12:10:54 Image size of job updated: 2056
	2  -  MemoryUsage of job (MB)
	1060  -  ResidentSetSize of job (KB)
...
006 (16751062.024.000) 08/22 12:15:54 Image size of job updated: 221772
	217  -  MemoryUsage of job (MB)
	221772  -  ResidentSetSize of job (KB)
...
006 (16751062.024.000) 08/22 12:20:55 Image size of job updated: 221796
	217  -  MemoryUsage of job (MB)
	221796  -  ResidentSetSize of job (KB)
...
006 (16751062.024.000) 08/22 12:25:53 Image size of job updated: 231060
	217  -  MemoryUsage of job (MB)
	221796  -  ResidentSetSize of job (KB)
...
040 (16751062.024.000) 08/22 12:25:53 Started transferring output files
...
040 (16751062.024.000) 08/22 12:25:53 Finished transferring output files
...
005 (16751062.024.000) 08/22 12:25:54 Job terminated.
	(1) Normal termination (return value 0)
		Usr 0 00:13:46, Sys 0 00:00:08  -  Run Remote Usage
		Usr 0 00:00:00, Sys 0 00:00:00  -  Run Local Usage
		Usr 0 00:13:46, Sys 0 00:00:08  -  Total Remote Usage
		Usr 0 00:00:00, Sys 0 00:00:00  -  Total Local Usage
	9885  -  Run Bytes Sent By Job
	850  -  Run Bytes Received By Job
	9885  -  Total Bytes Sent By Job
	850  -  Total Bytes Received By Job
	Partitionable Resources :    Usage  Request Allocated 
	   Cpus                 :     0.87        1         1 
	   Disk (KB)            :    40           1      3796 
	   GPUs                 :                           0 
	   Memory (MB)          :   217        3000      3000 
	   TimeExecute (s)      :   907                       
	   TimeSlotBusy (s)     :   910                       
...
