000 (16751062.023.000) 08/22 12:09:55 Job submitted from host: <188.184.90.241:9618?addrs=188.184.90.241-9618+[2001-1458-201-e4--100-2eb]-9618&alias=bigbird15.cern.ch&noUDP&sock=schedd_3150_376a>
...
040 (16751062.023.000) 08/22 12:10:45 Started transferring input files
	Transferring to host: <188.185.214.70:9618?addrs=188.185.214.70-9618+[2001-1458-303-1c--100-42]-9618&alias=b9p29p9286.cern.ch&noUDP&sock=slot1_31_8940_c9e5_47305>
...
040 (16751062.023.000) 08/22 12:10:45 Finished transferring input files
...
001 (16751062.023.000) 08/22 12:10:46 Job executing on host: <188.185.214.70:9618?addrs=188.185.214.70-9618+[2001-1458-303-1c--100-42]-9618&alias=b9p29p9286.cern.ch&noUDP&sock=startd_7856_241b>
	SlotName: slot1_31@b9p29p9286.cern.ch
	CondorScratchDir = "/pool/condor/dir_1878590"
	Cpus = 1
	Disk = 3709
	GPUs = 0
	Memory = 3000
...
006 (16751062.023.000) 08/22 12:10:54 Image size of job updated: 2516
	1  -  MemoryUsage of job (MB)
	980  -  ResidentSetSize of job (KB)
...
006 (16751062.023.000) 08/22 12:15:54 Image size of job updated: 221928
	217  -  MemoryUsage of job (MB)
	221928  -  ResidentSetSize of job (KB)
...
006 (16751062.023.000) 08/22 12:16:29 Image size of job updated: 226880
	217  -  MemoryUsage of job (MB)
	221928  -  ResidentSetSize of job (KB)
...
040 (16751062.023.000) 08/22 12:16:29 Started transferring output files
...
040 (16751062.023.000) 08/22 12:16:29 Finished transferring output files
...
005 (16751062.023.000) 08/22 12:16:29 Job terminated.
	(1) Normal termination (return value 0)
		Usr 0 00:04:48, Sys 0 00:00:08  -  Run Remote Usage
		Usr 0 00:00:00, Sys 0 00:00:00  -  Run Local Usage
		Usr 0 00:04:48, Sys 0 00:00:08  -  Total Remote Usage
		Usr 0 00:00:00, Sys 0 00:00:00  -  Total Local Usage
	8994  -  Run Bytes Sent By Job
	849  -  Run Bytes Received By Job
	8994  -  Total Bytes Sent By Job
	849  -  Total Bytes Received By Job
	Partitionable Resources :    Usage  Request Allocated 
	   Cpus                 :     0.97        1         1 
	   Disk (KB)            :    39           1      3709 
	   GPUs                 :                           0 
	   Memory (MB)          :   217        3000      3000 
	   TimeExecute (s)      :   343                       
	   TimeSlotBusy (s)     :   346                       
...
