000 (16751062.043.000) 08/22 12:09:55 Job submitted from host: <188.184.90.241:9618?addrs=188.184.90.241-9618+[2001-1458-201-e4--100-2eb]-9618&alias=bigbird15.cern.ch&noUDP&sock=schedd_3150_376a>
...
040 (16751062.043.000) 08/22 12:10:51 Started transferring input files
	Transferring to host: <188.185.204.183:9618?addrs=188.185.204.183-9618+[2001-1458-303-8--100-ab]-9618&alias=b9p02p1447.cern.ch&noUDP&sock=slot1_19_3993_2dfb_36298>
...
040 (16751062.043.000) 08/22 12:10:51 Finished transferring input files
...
001 (16751062.043.000) 08/22 12:10:52 Job executing on host: <188.185.204.183:9618?addrs=188.185.204.183-9618+[2001-1458-303-8--100-ab]-9618&alias=b9p02p1447.cern.ch&noUDP&sock=startd_3414_4c6b>
	SlotName: slot1_19@b9p02p1447.cern.ch
	CondorScratchDir = "/pool/condor/dir_3913128"
	Cpus = 1
	Disk = 3733
	GPUs = 0
	Memory = 3000
...
006 (16751062.043.000) 08/22 12:11:01 Image size of job updated: 3832
	2  -  MemoryUsage of job (MB)
	2008  -  ResidentSetSize of job (KB)
...
006 (16751062.043.000) 08/22 12:16:02 Image size of job updated: 222068
	217  -  MemoryUsage of job (MB)
	222068  -  ResidentSetSize of job (KB)
...
006 (16751062.043.000) 08/22 12:19:13 Image size of job updated: 222076
	217  -  MemoryUsage of job (MB)
	222068  -  ResidentSetSize of job (KB)
...
040 (16751062.043.000) 08/22 12:19:13 Started transferring output files
...
040 (16751062.043.000) 08/22 12:19:13 Finished transferring output files
...
005 (16751062.043.000) 08/22 12:19:13 Job terminated.
	(1) Normal termination (return value 0)
		Usr 0 00:07:52, Sys 0 00:00:06  -  Run Remote Usage
		Usr 0 00:00:00, Sys 0 00:00:00  -  Run Local Usage
		Usr 0 00:07:52, Sys 0 00:00:06  -  Total Remote Usage
		Usr 0 00:00:00, Sys 0 00:00:00  -  Total Local Usage
	10050  -  Run Bytes Sent By Job
	850  -  Run Bytes Received By Job
	10050  -  Total Bytes Sent By Job
	850  -  Total Bytes Received By Job
	Partitionable Resources :    Usage  Request Allocated 
	   Cpus                 :     0.99        1         1 
	   Disk (KB)            :    59           1      3733 
	   GPUs                 :                           0 
	   Memory (MB)          :   217        3000      3000 
	   TimeExecute (s)      :   501                       
	   TimeSlotBusy (s)     :   503                       
...
