000 (16751062.034.000) 08/22 12:09:55 Job submitted from host: <188.184.90.241:9618?addrs=188.184.90.241-9618+[2001-1458-201-e4--100-2eb]-9618&alias=bigbird15.cern.ch&noUDP&sock=schedd_3150_376a>
...
040 (16751062.034.000) 08/22 12:10:48 Started transferring input files
	Transferring to host: <188.185.211.35:9618?addrs=188.185.211.35-9618+[2001-1458-303-16--100-1f]-9618&alias=b9p23p1046.cern.ch&noUDP&sock=slot1_19_5747_0803_39064>
...
040 (16751062.034.000) 08/22 12:10:48 Finished transferring input files
...
001 (16751062.034.000) 08/22 12:10:49 Job executing on host: <188.185.211.35:9618?addrs=188.185.211.35-9618+[2001-1458-303-16--100-1f]-9618&alias=b9p23p1046.cern.ch&noUDP&sock=startd_4760_8ae4>
	SlotName: slot1_19@b9p23p1046.cern.ch
	CondorScratchDir = "/pool/condor/dir_2298965"
	Cpus = 1
	Disk = 3639
	GPUs = 0
	Memory = 3000
...
006 (16751062.034.000) 08/22 12:10:58 Image size of job updated: 3864
	4  -  MemoryUsage of job (MB)
	3864  -  ResidentSetSize of job (KB)
...
006 (16751062.034.000) 08/22 12:12:59 Image size of job updated: 214972
	4  -  MemoryUsage of job (MB)
	3864  -  ResidentSetSize of job (KB)
...
040 (16751062.034.000) 08/22 12:12:59 Started transferring output files
...
040 (16751062.034.000) 08/22 12:12:59 Finished transferring output files
...
005 (16751062.034.000) 08/22 12:12:59 Job terminated.
	(1) Normal termination (return value 0)
		Usr 0 00:01:48, Sys 0 00:00:08  -  Run Remote Usage
		Usr 0 00:00:00, Sys 0 00:00:00  -  Run Local Usage
		Usr 0 00:01:48, Sys 0 00:00:08  -  Total Remote Usage
		Usr 0 00:00:00, Sys 0 00:00:00  -  Total Local Usage
	8663  -  Run Bytes Sent By Job
	849  -  Run Bytes Received By Job
	8663  -  Total Bytes Sent By Job
	849  -  Total Bytes Received By Job
	Partitionable Resources :    Usage  Request Allocated 
	   Cpus                 :        0        1         1 
	   Disk (KB)            :       56        1      3639 
	   GPUs                 :                           0 
	   Memory (MB)          :        4     3000      3000 
	   TimeExecute (s)      :      130                    
	   TimeSlotBusy (s)     :      132                    
...
