000 (16751062.038.000) 08/22 12:09:55 Job submitted from host: <188.184.90.241:9618?addrs=188.184.90.241-9618+[2001-1458-201-e4--100-2eb]-9618&alias=bigbird15.cern.ch&noUDP&sock=schedd_3150_376a>
...
040 (16751062.038.000) 08/22 12:10:50 Started transferring input files
	Transferring to host: <188.185.212.90:9618?addrs=188.185.212.90-9618+[2001-1458-303-18--100-56]-9618&alias=b9p25p6987.cern.ch&noUDP&sock=slot1_32_4370_cf6b_40089>
...
040 (16751062.038.000) 08/22 12:10:50 Finished transferring input files
...
001 (16751062.038.000) 08/22 12:10:51 Job executing on host: <188.185.212.90:9618?addrs=188.185.212.90-9618+[2001-1458-303-18--100-56]-9618&alias=b9p25p6987.cern.ch&noUDP&sock=startd_3715_c26d>
	SlotName: slot1_32@b9p25p6987.cern.ch
	CondorScratchDir = "/pool/condor/dir_342757"
	Cpus = 1
	Disk = 3814
	GPUs = 0
	Memory = 3000
...
006 (16751062.038.000) 08/22 12:11:00 Image size of job updated: 3856
	4  -  MemoryUsage of job (MB)
	3856  -  ResidentSetSize of job (KB)
...
006 (16751062.038.000) 08/22 12:16:01 Image size of job updated: 221652
	217  -  MemoryUsage of job (MB)
	221652  -  ResidentSetSize of job (KB)
...
006 (16751062.038.000) 08/22 12:21:19 Image size of job updated: 222512
	217  -  MemoryUsage of job (MB)
	221652  -  ResidentSetSize of job (KB)
...
040 (16751062.038.000) 08/22 12:21:19 Started transferring output files
...
040 (16751062.038.000) 08/22 12:21:19 Finished transferring output files
...
005 (16751062.038.000) 08/22 12:21:20 Job terminated.
	(1) Normal termination (return value 0)
		Usr 0 00:09:51, Sys 0 00:00:09  -  Run Remote Usage
		Usr 0 00:00:00, Sys 0 00:00:00  -  Run Local Usage
		Usr 0 00:09:51, Sys 0 00:00:09  -  Total Remote Usage
		Usr 0 00:00:00, Sys 0 00:00:00  -  Total Local Usage
	9720  -  Run Bytes Sent By Job
	850  -  Run Bytes Received By Job
	9720  -  Total Bytes Sent By Job
	850  -  Total Bytes Received By Job
	Partitionable Resources :    Usage  Request Allocated 
	   Cpus                 :     0.98        1         1 
	   Disk (KB)            :    56           1      3814 
	   GPUs                 :                           0 
	   Memory (MB)          :   217        3000      3000 
	   TimeExecute (s)      :   628                       
	   TimeSlotBusy (s)     :   630                       
...
