000 (16751062.036.000) 08/22 12:09:55 Job submitted from host: <188.184.90.241:9618?addrs=188.184.90.241-9618+[2001-1458-201-e4--100-2eb]-9618&alias=bigbird15.cern.ch&noUDP&sock=schedd_3150_376a>
...
040 (16751062.036.000) 08/22 12:10:48 Started transferring input files
	Transferring to host: <188.185.215.10:9618?addrs=188.185.215.10-9618+[2001-1458-303-1e--100-6]-9618&alias=b9p31p1927.cern.ch&noUDP&sock=slot1_21_4770_a57b_30791>
...
040 (16751062.036.000) 08/22 12:10:48 Finished transferring input files
...
001 (16751062.036.000) 08/22 12:10:49 Job executing on host: <188.185.215.10:9618?addrs=188.185.215.10-9618+[2001-1458-303-1e--100-6]-9618&alias=b9p31p1927.cern.ch&noUDP&sock=startd_4117_7f7f>
	SlotName: slot1_21@b9p31p1927.cern.ch
	CondorScratchDir = "/pool/condor/dir_2938842"
	Cpus = 1
	Disk = 3792
	GPUs = 0
	Memory = 3000
...
006 (16751062.036.000) 08/22 12:10:58 Image size of job updated: 3860
	4  -  MemoryUsage of job (MB)
	3860  -  ResidentSetSize of job (KB)
...
006 (16751062.036.000) 08/22 12:15:59 Image size of job updated: 221856
	217  -  MemoryUsage of job (MB)
	221856  -  ResidentSetSize of job (KB)
...
006 (16751062.036.000) 08/22 12:20:59 Image size of job updated: 221864
	217  -  MemoryUsage of job (MB)
	221864  -  ResidentSetSize of job (KB)
...
006 (16751062.036.000) 08/22 12:21:47 Image size of job updated: 222964
	217  -  MemoryUsage of job (MB)
	221864  -  ResidentSetSize of job (KB)
...
040 (16751062.036.000) 08/22 12:21:47 Started transferring output files
...
040 (16751062.036.000) 08/22 12:21:47 Finished transferring output files
...
005 (16751062.036.000) 08/22 12:21:48 Job terminated.
	(1) Normal termination (return value 0)
		Usr 0 00:10:22, Sys 0 00:00:07  -  Run Remote Usage
		Usr 0 00:00:00, Sys 0 00:00:00  -  Run Local Usage
		Usr 0 00:10:22, Sys 0 00:00:07  -  Total Remote Usage
		Usr 0 00:00:00, Sys 0 00:00:00  -  Total Local Usage
	10017  -  Run Bytes Sent By Job
	850  -  Run Bytes Received By Job
	10017  -  Total Bytes Sent By Job
	850  -  Total Bytes Received By Job
	Partitionable Resources :    Usage  Request Allocated 
	   Cpus                 :     0.99        1         1 
	   Disk (KB)            :    56           1      3792 
	   GPUs                 :                           0 
	   Memory (MB)          :   217        3000      3000 
	   TimeExecute (s)      :   658                       
	   TimeSlotBusy (s)     :   660                       
...
