000 (16751062.039.000) 08/22 12:09:55 Job submitted from host: <188.184.90.241:9618?addrs=188.184.90.241-9618+[2001-1458-201-e4--100-2eb]-9618&alias=bigbird15.cern.ch&noUDP&sock=schedd_3150_376a>
...
040 (16751062.039.000) 08/22 12:10:49 Started transferring input files
	Transferring to host: <188.185.212.217:9618?addrs=188.185.212.217-9618+[2001-1458-303-19--100-55]-9618&alias=b9p26p2089.cern.ch&noUDP&sock=slot1_30_7854_9a78_37941>
...
040 (16751062.039.000) 08/22 12:10:49 Finished transferring input files
...
001 (16751062.039.000) 08/22 12:10:50 Job executing on host: <188.185.212.217:9618?addrs=188.185.212.217-9618+[2001-1458-303-19--100-55]-9618&alias=b9p26p2089.cern.ch&noUDP&sock=startd_6919_6fdd>
	SlotName: slot1_30@b9p26p2089.cern.ch
	CondorScratchDir = "/pool/condor/dir_1785620"
	Cpus = 1
	Disk = 3780
	GPUs = 0
	Memory = 3000
...
006 (16751062.039.000) 08/22 12:10:59 Image size of job updated: 3844
	4  -  MemoryUsage of job (MB)
	3844  -  ResidentSetSize of job (KB)
...
006 (16751062.039.000) 08/22 12:16:00 Image size of job updated: 221916
	217  -  MemoryUsage of job (MB)
	221916  -  ResidentSetSize of job (KB)
...
006 (16751062.039.000) 08/22 12:23:24 Image size of job updated: 222592
	217  -  MemoryUsage of job (MB)
	221916  -  ResidentSetSize of job (KB)
...
040 (16751062.039.000) 08/22 12:23:24 Started transferring output files
...
040 (16751062.039.000) 08/22 12:23:24 Finished transferring output files
...
005 (16751062.039.000) 08/22 12:23:24 Job terminated.
	(1) Normal termination (return value 0)
		Usr 0 00:11:58, Sys 0 00:00:09  -  Run Remote Usage
		Usr 0 00:00:00, Sys 0 00:00:00  -  Run Local Usage
		Usr 0 00:11:58, Sys 0 00:00:09  -  Total Remote Usage
		Usr 0 00:00:00, Sys 0 00:00:00  -  Total Local Usage
	10050  -  Run Bytes Sent By Job
	850  -  Run Bytes Received By Job
	10050  -  Total Bytes Sent By Job
	850  -  Total Bytes Received By Job
	Partitionable Resources :    Usage  Request Allocated 
	   Cpus                 :     0.99        1         1 
	   Disk (KB)            :    56           1      3780 
	   GPUs                 :                           0 
	   Memory (MB)          :   217        3000      3000 
	   TimeExecute (s)      :   754                       
	   TimeSlotBusy (s)     :   756                       
...
