000 (16751062.040.000) 08/22 12:09:55 Job submitted from host: <188.184.90.241:9618?addrs=188.184.90.241-9618+[2001-1458-201-e4--100-2eb]-9618&alias=bigbird15.cern.ch&noUDP&sock=schedd_3150_376a>
...
040 (16751062.040.000) 08/22 12:10:50 Started transferring input files
	Transferring to host: <188.185.210.17:9618?addrs=188.185.210.17-9618+[2001-1458-303-1--100-d]-9618&alias=b9p21p5545.cern.ch&noUDP&sock=slot1_12_3356_5b02_39675>
...
040 (16751062.040.000) 08/22 12:10:50 Finished transferring input files
...
001 (16751062.040.000) 08/22 12:10:51 Job executing on host: <188.185.210.17:9618?addrs=188.185.210.17-9618+[2001-1458-303-1--100-d]-9618&alias=b9p21p5545.cern.ch&noUDP&sock=startd_2938_cd56>
	SlotName: slot1_12@b9p21p5545.cern.ch
	CondorScratchDir = "/pool/condor/dir_1745287"
	Cpus = 1
	Disk = 3797
	GPUs = 0
	Memory = 3000
...
006 (16751062.040.000) 08/22 12:11:00 Image size of job updated: 3860
	4  -  MemoryUsage of job (MB)
	3860  -  ResidentSetSize of job (KB)
...
006 (16751062.040.000) 08/22 12:16:01 Image size of job updated: 221968
	217  -  MemoryUsage of job (MB)
	221968  -  ResidentSetSize of job (KB)
...
006 (16751062.040.000) 08/22 12:22:58 Image size of job updated: 238704
	217  -  MemoryUsage of job (MB)
	221968  -  ResidentSetSize of job (KB)
...
040 (16751062.040.000) 08/22 12:22:58 Started transferring output files
...
040 (16751062.040.000) 08/22 12:22:58 Finished transferring output files
...
005 (16751062.040.000) 08/22 12:22:58 Job terminated.
	(1) Normal termination (return value 0)
		Usr 0 00:11:29, Sys 0 00:00:08  -  Run Remote Usage
		Usr 0 00:00:00, Sys 0 00:00:00  -  Run Local Usage
		Usr 0 00:11:29, Sys 0 00:00:08  -  Total Remote Usage
		Usr 0 00:00:00, Sys 0 00:00:00  -  Total Local Usage
	10050  -  Run Bytes Sent By Job
	850  -  Run Bytes Received By Job
	10050  -  Total Bytes Sent By Job
	850  -  Total Bytes Received By Job
	Partitionable Resources :    Usage  Request Allocated 
	   Cpus                 :     0.84        1         1 
	   Disk (KB)            :    56           1      3797 
	   GPUs                 :                           0 
	   Memory (MB)          :   217        3000      3000 
	   TimeExecute (s)      :   727                       
	   TimeSlotBusy (s)     :   729                       
...
