000 (16751062.044.000) 08/22 12:09:55 Job submitted from host: <188.184.90.241:9618?addrs=188.184.90.241-9618+[2001-1458-201-e4--100-2eb]-9618&alias=bigbird15.cern.ch&noUDP&sock=schedd_3150_376a>
...
040 (16751062.044.000) 08/22 12:10:51 Started transferring input files
	Transferring to host: <128.142.192.206:9618?addrs=128.142.192.206-9618+[2001-1458-301-56--100-4a]-9618&alias=b9g18p4177.cern.ch&noUDP&sock=slot1_7_5354_2093_36841>
...
040 (16751062.044.000) 08/22 12:10:51 Finished transferring input files
...
001 (16751062.044.000) 08/22 12:10:52 Job executing on host: <128.142.192.206:9618?addrs=128.142.192.206-9618+[2001-1458-301-56--100-4a]-9618&alias=b9g18p4177.cern.ch&noUDP&sock=startd_4480_7c60>
	SlotName: slot1_7@b9g18p4177.cern.ch
	CondorScratchDir = "/pool/condor/dir_713667"
	Cpus = 1
	Disk = 3696
	GPUs = 0
	Memory = 3000
...
006 (16751062.044.000) 08/22 12:11:01 Image size of job updated: 3864
	4  -  MemoryUsage of job (MB)
	3864  -  ResidentSetSize of job (KB)
...
006 (16751062.044.000) 08/22 12:16:02 Image size of job updated: 222084
	217  -  MemoryUsage of job (MB)
	222084  -  ResidentSetSize of job (KB)
...
040 (16751062.044.000) 08/22 12:25:48 Started transferring output files
...
040 (16751062.044.000) 08/22 12:25:48 Finished transferring output files
...
005 (16751062.044.000) 08/22 12:25:48 Job terminated.
	(1) Normal termination (return value 0)
		Usr 0 00:14:26, Sys 0 00:00:05  -  Run Remote Usage
		Usr 0 00:00:00, Sys 0 00:00:00  -  Run Local Usage
		Usr 0 00:14:26, Sys 0 00:00:05  -  Total Remote Usage
		Usr 0 00:00:00, Sys 0 00:00:00  -  Total Local Usage
	10050  -  Run Bytes Sent By Job
	850  -  Run Bytes Received By Job
	10050  -  Total Bytes Sent By Job
	850  -  Total Bytes Received By Job
	Partitionable Resources :    Usage  Request Allocated 
	   Cpus                 :     0.99        1         1 
	   Disk (KB)            :    56           1      3696 
	   GPUs                 :                           0 
	   Memory (MB)          :   217        3000      3000 
	   TimeExecute (s)      :   896                       
	   TimeSlotBusy (s)     :   898                       
...
