000 (16751062.037.000) 08/22 12:09:55 Job submitted from host: <188.184.90.241:9618?addrs=188.184.90.241-9618+[2001-1458-201-e4--100-2eb]-9618&alias=bigbird15.cern.ch&noUDP&sock=schedd_3150_376a>
...
040 (16751062.037.000) 08/22 12:10:49 Started transferring input files
	Transferring to host: <188.185.215.190:9618?addrs=188.185.215.190-9618+[2001-1458-303-26--100-3a]-9618&alias=b9p18p9631.cern.ch&noUDP&sock=slot1_27_9238_c1b1_39038>
...
040 (16751062.037.000) 08/22 12:10:49 Finished transferring input files
...
001 (16751062.037.000) 08/22 12:10:50 Job executing on host: <188.185.215.190:9618?addrs=188.185.215.190-9618+[2001-1458-303-26--100-3a]-9618&alias=b9p18p9631.cern.ch&noUDP&sock=startd_7968_f6b6>
	SlotName: slot1_27@b9p18p9631.cern.ch
	CondorScratchDir = "/pool/condor/dir_3665479"
	Cpus = 1
	Disk = 3795
	GPUs = 0
	Memory = 3000
...
006 (16751062.037.000) 08/22 12:10:59 Image size of job updated: 3868
	4  -  MemoryUsage of job (MB)
	3868  -  ResidentSetSize of job (KB)
...
006 (16751062.037.000) 08/22 12:16:00 Image size of job updated: 222052
	217  -  MemoryUsage of job (MB)
	222052  -  ResidentSetSize of job (KB)
...
040 (16751062.037.000) 08/22 12:22:51 Started transferring output files
...
040 (16751062.037.000) 08/22 12:22:51 Finished transferring output files
...
005 (16751062.037.000) 08/22 12:22:51 Job terminated.
	(1) Normal termination (return value 0)
		Usr 0 00:11:24, Sys 0 00:00:08  -  Run Remote Usage
		Usr 0 00:00:00, Sys 0 00:00:00  -  Run Local Usage
		Usr 0 00:11:24, Sys 0 00:00:08  -  Total Remote Usage
		Usr 0 00:00:00, Sys 0 00:00:00  -  Total Local Usage
	10050  -  Run Bytes Sent By Job
	850  -  Run Bytes Received By Job
	10050  -  Total Bytes Sent By Job
	850  -  Total Bytes Received By Job
	Partitionable Resources :    Usage  Request Allocated 
	   Cpus                 :     0.99        1         1 
	   Disk (KB)            :    56           1      3795 
	   GPUs                 :                           0 
	   Memory (MB)          :   217        3000      3000 
	   TimeExecute (s)      :   721                       
	   TimeSlotBusy (s)     :   723                       
...
