000 (16751062.042.000) 08/22 12:09:55 Job submitted from host: <188.184.90.241:9618?addrs=188.184.90.241-9618+[2001-1458-201-e4--100-2eb]-9618&alias=bigbird15.cern.ch&noUDP&sock=schedd_3150_376a>
...
040 (16751062.042.000) 08/22 12:10:51 Started transferring input files
	Transferring to host: <188.185.212.171:9618?addrs=188.185.212.171-9618+[2001-1458-303-19--100-27]-9618&alias=b9p26p4641.cern.ch&noUDP&sock=slot1_5_6730_a4cb_38407>
...
040 (16751062.042.000) 08/22 12:10:51 Finished transferring input files
...
001 (16751062.042.000) 08/22 12:10:52 Job executing on host: <188.185.212.171:9618?addrs=188.185.212.171-9618+[2001-1458-303-19--100-27]-9618&alias=b9p26p4641.cern.ch&noUDP&sock=startd_5856_4eb1>
	SlotName: slot1_5@b9p26p4641.cern.ch
	CondorScratchDir = "/pool/condor/dir_3770420"
	Cpus = 1
	Disk = 3849
	GPUs = 0
	Memory = 3000
...
006 (16751062.042.000) 08/22 12:11:01 Image size of job updated: 3844
	4  -  MemoryUsage of job (MB)
	3844  -  ResidentSetSize of job (KB)
...
006 (16751062.042.000) 08/22 12:16:02 Image size of job updated: 221876
	217  -  MemoryUsage of job (MB)
	221876  -  ResidentSetSize of job (KB)
...
006 (16751062.042.000) 08/22 12:21:03 Image size of job updated: 221892
	217  -  MemoryUsage of job (MB)
	221892  -  ResidentSetSize of job (KB)
...
040 (16751062.042.000) 08/22 12:24:03 Started transferring output files
...
040 (16751062.042.000) 08/22 12:24:03 Finished transferring output files
...
005 (16751062.042.000) 08/22 12:24:03 Job terminated.
	(1) Normal termination (return value 0)
		Usr 0 00:11:58, Sys 0 00:00:08  -  Run Remote Usage
		Usr 0 00:00:00, Sys 0 00:00:00  -  Run Local Usage
		Usr 0 00:11:58, Sys 0 00:00:08  -  Total Remote Usage
		Usr 0 00:00:00, Sys 0 00:00:00  -  Total Local Usage
	10050  -  Run Bytes Sent By Job
	850  -  Run Bytes Received By Job
	10050  -  Total Bytes Sent By Job
	850  -  Total Bytes Received By Job
	Partitionable Resources :    Usage  Request Allocated 
	   Cpus                 :     0.99        1         1 
	   Disk (KB)            :    56           1      3849 
	   GPUs                 :                           0 
	   Memory (MB)          :   217        3000      3000 
	   TimeExecute (s)      :   791                       
	   TimeSlotBusy (s)     :   793                       
...
