000 (16751062.050.000) 08/22 12:09:55 Job submitted from host: <188.184.90.241:9618?addrs=188.184.90.241-9618+[2001-1458-201-e4--100-2eb]-9618&alias=bigbird15.cern.ch&noUDP&sock=schedd_3150_376a>
...
040 (16751062.050.000) 08/22 12:10:53 Started transferring input files
	Transferring to host: <188.185.212.18:9618?addrs=188.185.212.18-9618+[2001-1458-303-18--100-e]-9618&alias=b9p25p9728.cern.ch&noUDP&sock=slot1_4_5894_9b29_42476>
...
040 (16751062.050.000) 08/22 12:10:53 Finished transferring input files
...
001 (16751062.050.000) 08/22 12:10:54 Job executing on host: <188.185.212.18:9618?addrs=188.185.212.18-9618+[2001-1458-303-18--100-e]-9618&alias=b9p25p9728.cern.ch&noUDP&sock=startd_4884_98a3>
	SlotName: slot1_4@b9p25p9728.cern.ch
	CondorScratchDir = "/pool/condor/dir_963734"
	Cpus = 1
	Disk = 3697
	GPUs = 0
	Memory = 3000
...
006 (16751062.050.000) 08/22 12:11:02 Image size of job updated: 3844
	4  -  MemoryUsage of job (MB)
	3844  -  ResidentSetSize of job (KB)
...
006 (16751062.050.000) 08/22 12:16:02 Image size of job updated: 221844
	217  -  MemoryUsage of job (MB)
	221844  -  ResidentSetSize of job (KB)
...
040 (16751062.050.000) 08/22 12:24:18 Started transferring output files
...
040 (16751062.050.000) 08/22 12:24:18 Finished transferring output files
...
005 (16751062.050.000) 08/22 12:24:18 Job terminated.
	(1) Normal termination (return value 0)
		Usr 0 00:12:42, Sys 0 00:00:09  -  Run Remote Usage
		Usr 0 00:00:00, Sys 0 00:00:00  -  Run Local Usage
		Usr 0 00:12:42, Sys 0 00:00:09  -  Total Remote Usage
		Usr 0 00:00:00, Sys 0 00:00:00  -  Total Local Usage
	10050  -  Run Bytes Sent By Job
	850  -  Run Bytes Received By Job
	10050  -  Total Bytes Sent By Job
	850  -  Total Bytes Received By Job
	Partitionable Resources :    Usage  Request Allocated 
	   Cpus                 :     0.99        1         1 
	   Disk (KB)            :    56           1      3697 
	   GPUs                 :                           0 
	   Memory (MB)          :   217        3000      3000 
	   TimeExecute (s)      :   804                       
	   TimeSlotBusy (s)     :   806                       
...
