000 (16751062.048.000) 08/22 12:09:55 Job submitted from host: <188.184.90.241:9618?addrs=188.184.90.241-9618+[2001-1458-201-e4--100-2eb]-9618&alias=bigbird15.cern.ch&noUDP&sock=schedd_3150_376a>
...
040 (16751062.048.000) 08/22 12:10:53 Started transferring input files
	Transferring to host: <188.185.210.36:9618?addrs=188.185.210.36-9618+[2001-1458-303-1--100-20]-9618&alias=b9p21p5630.cern.ch&noUDP&sock=slot1_14_4272_c2a7_40154>
...
040 (16751062.048.000) 08/22 12:10:53 Finished transferring input files
...
001 (16751062.048.000) 08/22 12:10:54 Job executing on host: <188.185.210.36:9618?addrs=188.185.210.36-9618+[2001-1458-303-1--100-20]-9618&alias=b9p21p5630.cern.ch&noUDP&sock=startd_3686_de2d>
	SlotName: slot1_14@b9p21p5630.cern.ch
	CondorScratchDir = "/pool/condor/dir_3393525"
	Cpus = 1
	Disk = 3793
	GPUs = 0
	Memory = 3000
...
006 (16751062.048.000) 08/22 12:11:02 Image size of job updated: 3856
	4  -  MemoryUsage of job (MB)
	3856  -  ResidentSetSize of job (KB)
...
006 (16751062.048.000) 08/22 12:16:02 Image size of job updated: 221224
	217  -  MemoryUsage of job (MB)
	221224  -  ResidentSetSize of job (KB)
...
040 (16751062.048.000) 08/22 12:20:12 Started transferring output files
...
040 (16751062.048.000) 08/22 12:20:12 Finished transferring output files
...
005 (16751062.048.000) 08/22 12:20:12 Job terminated.
	(1) Normal termination (return value 0)
		Usr 0 00:08:44, Sys 0 00:00:08  -  Run Remote Usage
		Usr 0 00:00:00, Sys 0 00:00:00  -  Run Local Usage
		Usr 0 00:08:44, Sys 0 00:00:08  -  Total Remote Usage
		Usr 0 00:00:00, Sys 0 00:00:00  -  Total Local Usage
	9687  -  Run Bytes Sent By Job
	850  -  Run Bytes Received By Job
	9687  -  Total Bytes Sent By Job
	850  -  Total Bytes Received By Job
	Partitionable Resources :    Usage  Request Allocated 
	   Cpus                 :        0        1         1 
	   Disk (KB)            :       56        1      3793 
	   GPUs                 :                           0 
	   Memory (MB)          :      217     3000      3000 
	   TimeExecute (s)      :      558                    
	   TimeSlotBusy (s)     :      560                    
...
