000 (16751062.054.000) 08/22 12:09:55 Job submitted from host: <188.184.90.241:9618?addrs=188.184.90.241-9618+[2001-1458-201-e4--100-2eb]-9618&alias=bigbird15.cern.ch&noUDP&sock=schedd_3150_376a>
...
040 (16751062.054.000) 08/22 12:10:55 Started transferring input files
	Transferring to host: <188.185.211.75:9618?addrs=188.185.211.75-9618+[2001-1458-303-16--100-47]-9618&alias=b9p23p9353.cern.ch&noUDP&sock=slot1_27_10171_23b7_38291>
...
040 (16751062.054.000) 08/22 12:10:55 Finished transferring input files
...
001 (16751062.054.000) 08/22 12:10:56 Job executing on host: <188.185.211.75:9618?addrs=188.185.211.75-9618+[2001-1458-303-16--100-47]-9618&alias=b9p23p9353.cern.ch&noUDP&sock=startd_9477_0320>
	SlotName: slot1_27@b9p23p9353.cern.ch
	CondorScratchDir = "/pool/condor/dir_960495"
	Cpus = 1
	Disk = 3725
	GPUs = 0
	Memory = 3000
...
006 (16751062.054.000) 08/22 12:11:05 Image size of job updated: 3852
	4  -  MemoryUsage of job (MB)
	3852  -  ResidentSetSize of job (KB)
...
006 (16751062.054.000) 08/22 12:16:06 Image size of job updated: 222084
	217  -  MemoryUsage of job (MB)
	222084  -  ResidentSetSize of job (KB)
...
006 (16751062.054.000) 08/22 12:23:29 Image size of job updated: 222760
	217  -  MemoryUsage of job (MB)
	222084  -  ResidentSetSize of job (KB)
...
040 (16751062.054.000) 08/22 12:23:29 Started transferring output files
...
040 (16751062.054.000) 08/22 12:23:29 Finished transferring output files
...
005 (16751062.054.000) 08/22 12:23:29 Job terminated.
	(1) Normal termination (return value 0)
		Usr 0 00:11:47, Sys 0 00:00:09  -  Run Remote Usage
		Usr 0 00:00:00, Sys 0 00:00:00  -  Run Local Usage
		Usr 0 00:11:47, Sys 0 00:00:09  -  Total Remote Usage
		Usr 0 00:00:00, Sys 0 00:00:00  -  Total Local Usage
	10050  -  Run Bytes Sent By Job
	850  -  Run Bytes Received By Job
	10050  -  Total Bytes Sent By Job
	850  -  Total Bytes Received By Job
	Partitionable Resources :    Usage  Request Allocated 
	   Cpus                 :     0.99        1         1 
	   Disk (KB)            :    56           1      3725 
	   GPUs                 :                           0 
	   Memory (MB)          :   217        3000      3000 
	   TimeExecute (s)      :   753                       
	   TimeSlotBusy (s)     :   755                       
...
