000 (16751062.046.000) 08/22 12:09:55 Job submitted from host: <188.184.90.241:9618?addrs=188.184.90.241-9618+[2001-1458-201-e4--100-2eb]-9618&alias=bigbird15.cern.ch&noUDP&sock=schedd_3150_376a>
...
040 (16751062.046.000) 08/22 12:10:52 Started transferring input files
	Transferring to host: <188.185.211.47:9618?addrs=188.185.211.47-9618+[2001-1458-303-16--100-2b]-9618&alias=b9p23p3488.cern.ch&noUDP&sock=slot1_19_5950_102b_39584>
...
040 (16751062.046.000) 08/22 12:10:52 Finished transferring input files
...
001 (16751062.046.000) 08/22 12:10:53 Job executing on host: <188.185.211.47:9618?addrs=188.185.211.47-9618+[2001-1458-303-16--100-2b]-9618&alias=b9p23p3488.cern.ch&noUDP&sock=startd_5007_f6c9>
	SlotName: slot1_19@b9p23p3488.cern.ch
	CondorScratchDir = "/pool/condor/dir_3608004"
	Cpus = 1
	Disk = 3823
	GPUs = 0
	Memory = 3000
...
006 (16751062.046.000) 08/22 12:11:02 Image size of job updated: 3856
	4  -  MemoryUsage of job (MB)
	3856  -  ResidentSetSize of job (KB)
...
006 (16751062.046.000) 08/22 12:16:03 Image size of job updated: 222164
	217  -  MemoryUsage of job (MB)
	222164  -  ResidentSetSize of job (KB)
...
006 (16751062.046.000) 08/22 12:22:46 Image size of job updated: 223028
	217  -  MemoryUsage of job (MB)
	222164  -  ResidentSetSize of job (KB)
...
040 (16751062.046.000) 08/22 12:22:46 Started transferring output files
...
040 (16751062.046.000) 08/22 12:22:46 Finished transferring output files
...
005 (16751062.046.000) 08/22 12:22:46 Job terminated.
	(1) Normal termination (return value 0)
		Usr 0 00:11:13, Sys 0 00:00:08  -  Run Remote Usage
		Usr 0 00:00:00, Sys 0 00:00:00  -  Run Local Usage
		Usr 0 00:11:13, Sys 0 00:00:08  -  Total Remote Usage
		Usr 0 00:00:00, Sys 0 00:00:00  -  Total Local Usage
	10050  -  Run Bytes Sent By Job
	850  -  Run Bytes Received By Job
	10050  -  Total Bytes Sent By Job
	850  -  Total Bytes Received By Job
	Partitionable Resources :    Usage  Request Allocated 
	   Cpus                 :     0.99        1         1 
	   Disk (KB)            :    56           1      3823 
	   GPUs                 :                           0 
	   Memory (MB)          :   217        3000      3000 
	   TimeExecute (s)      :   713                       
	   TimeSlotBusy (s)     :   715                       
...
