000 (16751062.047.000) 08/22 12:09:55 Job submitted from host: <188.184.90.241:9618?addrs=188.184.90.241-9618+[2001-1458-201-e4--100-2eb]-9618&alias=bigbird15.cern.ch&noUDP&sock=schedd_3150_376a>
...
040 (16751062.047.000) 08/22 12:10:52 Started transferring input files
	Transferring to host: <128.142.192.164:9618?addrs=128.142.192.164-9618+[2001-1458-301-56--100-20]-9618&alias=b9g18p7862.cern.ch&noUDP&sock=slot1_39_826715_416b_28409>
...
040 (16751062.047.000) 08/22 12:10:52 Finished transferring input files
...
001 (16751062.047.000) 08/22 12:10:53 Job executing on host: <128.142.192.164:9618?addrs=128.142.192.164-9618+[2001-1458-301-56--100-20]-9618&alias=b9g18p7862.cern.ch&noUDP&sock=startd_6859_482f>
	SlotName: slot1_39@b9g18p7862.cern.ch
	CondorScratchDir = "/pool/condor/dir_58670"
	Cpus = 1
	Disk = 3608
	GPUs = 0
	Memory = 3000
...
006 (16751062.047.000) 08/22 12:11:02 Image size of job updated: 3872
	4  -  MemoryUsage of job (MB)
	3872  -  ResidentSetSize of job (KB)
...
006 (16751062.047.000) 08/22 12:16:03 Image size of job updated: 222004
	217  -  MemoryUsage of job (MB)
	222004  -  ResidentSetSize of job (KB)
...
006 (16751062.047.000) 08/22 12:21:04 Image size of job updated: 222028
	217  -  MemoryUsage of job (MB)
	222028  -  ResidentSetSize of job (KB)
...
006 (16751062.047.000) 08/22 12:28:00 Image size of job updated: 239064
	217  -  MemoryUsage of job (MB)
	222028  -  ResidentSetSize of job (KB)
...
040 (16751062.047.000) 08/22 12:28:00 Started transferring output files
...
040 (16751062.047.000) 08/22 12:28:00 Finished transferring output files
...
005 (16751062.047.000) 08/22 12:28:00 Job terminated.
	(1) Normal termination (return value 0)
		Usr 0 00:15:54, Sys 0 00:00:07  -  Run Remote Usage
		Usr 0 00:00:00, Sys 0 00:00:00  -  Run Local Usage
		Usr 0 00:15:54, Sys 0 00:00:07  -  Total Remote Usage
		Usr 0 00:00:00, Sys 0 00:00:00  -  Total Local Usage
	10050  -  Run Bytes Sent By Job
	850  -  Run Bytes Received By Job
	10050  -  Total Bytes Sent By Job
	850  -  Total Bytes Received By Job
	Partitionable Resources :    Usage  Request Allocated 
	   Cpus                 :     0.99        1         1 
	   Disk (KB)            :    55           1      3608 
	   GPUs                 :                           0 
	   Memory (MB)          :   217        3000      3000 
	   TimeExecute (s)      :  1027                       
	   TimeSlotBusy (s)     :  1029                       
...
