000 (16751062.045.000) 08/22 12:09:55 Job submitted from host: <188.184.90.241:9618?addrs=188.184.90.241-9618+[2001-1458-201-e4--100-2eb]-9618&alias=bigbird15.cern.ch&noUDP&sock=schedd_3150_376a>
...
040 (16751062.045.000) 08/22 12:10:52 Started transferring input files
	Transferring to host: <188.185.197.161:9618?addrs=188.185.197.161-9618+[2001-1458-303-24--100-9d]-9618&alias=b9p14p7923.cern.ch&noUDP&sock=slot1_13_3225_0ddc_29748>
...
040 (16751062.045.000) 08/22 12:10:52 Finished transferring input files
...
001 (16751062.045.000) 08/22 12:10:53 Job executing on host: <188.185.197.161:9618?addrs=188.185.197.161-9618+[2001-1458-303-24--100-9d]-9618&alias=b9p14p7923.cern.ch&noUDP&sock=startd_2554_68f8>
	SlotName: slot1_13@b9p14p7923.cern.ch
	CondorScratchDir = "/pool/condor/dir_1515113"
	Cpus = 1
	Disk = 3726
	GPUs = 0
	Memory = 3000
...
006 (16751062.045.000) 08/22 12:11:02 Image size of job updated: 3856
	4  -  MemoryUsage of job (MB)
	3856  -  ResidentSetSize of job (KB)
...
006 (16751062.045.000) 08/22 12:16:03 Image size of job updated: 220884
	216  -  MemoryUsage of job (MB)
	220884  -  ResidentSetSize of job (KB)
...
040 (16751062.045.000) 08/22 12:16:12 Started transferring output files
...
040 (16751062.045.000) 08/22 12:16:12 Finished transferring output files
...
005 (16751062.045.000) 08/22 12:16:12 Job terminated.
	(1) Normal termination (return value 0)
		Usr 0 00:04:50, Sys 0 00:00:08  -  Run Remote Usage
		Usr 0 00:00:00, Sys 0 00:00:00  -  Run Local Usage
		Usr 0 00:04:50, Sys 0 00:00:08  -  Total Remote Usage
		Usr 0 00:00:00, Sys 0 00:00:00  -  Total Local Usage
	8994  -  Run Bytes Sent By Job
	849  -  Run Bytes Received By Job
	8994  -  Total Bytes Sent By Job
	849  -  Total Bytes Received By Job
	Partitionable Resources :    Usage  Request Allocated 
	   Cpus                 :        0        1         1 
	   Disk (KB)            :       56        1      3726 
	   GPUs                 :                           0 
	   Memory (MB)          :      216     3000      3000 
	   TimeExecute (s)      :      319                    
	   TimeSlotBusy (s)     :      321                    
...
