000 (16751062.055.000) 08/22 12:09:55 Job submitted from host: <188.184.90.241:9618?addrs=188.184.90.241-9618+[2001-1458-201-e4--100-2eb]-9618&alias=bigbird15.cern.ch&noUDP&sock=schedd_3150_376a>
...
040 (16751062.055.000) 08/22 12:10:55 Started transferring input files
	Transferring to host: <188.185.210.174:9618?addrs=188.185.210.174-9618+[2001-1458-303-15--100-2a]-9618&alias=b9p22p8673.cern.ch&noUDP&sock=slot1_20_5995_c50d_38918>
...
040 (16751062.055.000) 08/22 12:10:55 Finished transferring input files
...
001 (16751062.055.000) 08/22 12:10:56 Job executing on host: <188.185.210.174:9618?addrs=188.185.210.174-9618+[2001-1458-303-15--100-2a]-9618&alias=b9p22p8673.cern.ch&noUDP&sock=startd_5234_aac9>
	SlotName: slot1_20@b9p22p8673.cern.ch
	CondorScratchDir = "/pool/condor/dir_1144344"
	Cpus = 1
	Disk = 3765
	GPUs = 0
	Memory = 3000
...
006 (16751062.055.000) 08/22 12:11:05 Image size of job updated: 3848
	4  -  MemoryUsage of job (MB)
	3848  -  ResidentSetSize of job (KB)
...
006 (16751062.055.000) 08/22 12:16:06 Image size of job updated: 221996
	217  -  MemoryUsage of job (MB)
	221996  -  ResidentSetSize of job (KB)
...
006 (16751062.055.000) 08/22 12:21:06 Image size of job updated: 222004
	217  -  MemoryUsage of job (MB)
	222004  -  ResidentSetSize of job (KB)
...
040 (16751062.055.000) 08/22 12:22:17 Started transferring output files
...
040 (16751062.055.000) 08/22 12:22:17 Finished transferring output files
...
005 (16751062.055.000) 08/22 12:22:17 Job terminated.
	(1) Normal termination (return value 0)
		Usr 0 00:10:47, Sys 0 00:00:07  -  Run Remote Usage
		Usr 0 00:00:00, Sys 0 00:00:00  -  Run Local Usage
		Usr 0 00:10:47, Sys 0 00:00:07  -  Total Remote Usage
		Usr 0 00:00:00, Sys 0 00:00:00  -  Total Local Usage
	10050  -  Run Bytes Sent By Job
	850  -  Run Bytes Received By Job
	10050  -  Total Bytes Sent By Job
	850  -  Total Bytes Received By Job
	Partitionable Resources :    Usage  Request Allocated 
	   Cpus                 :     0.02        1         1 
	   Disk (KB)            :    56           1      3765 
	   GPUs                 :                           0 
	   Memory (MB)          :   217        3000      3000 
	   TimeExecute (s)      :   681                       
	   TimeSlotBusy (s)     :   683                       
...
