000 (16751062.049.000) 08/22 12:09:55 Job submitted from host: <188.184.90.241:9618?addrs=188.184.90.241-9618+[2001-1458-201-e4--100-2eb]-9618&alias=bigbird15.cern.ch&noUDP&sock=schedd_3150_376a>
...
040 (16751062.049.000) 08/22 12:10:53 Started transferring input files
	Transferring to host: <188.185.211.43:9618?addrs=188.185.211.43-9618+[2001-1458-303-16--100-27]-9618&alias=b9p23p3884.cern.ch&noUDP&sock=slot1_12_4792_25bc_31116>
...
040 (16751062.049.000) 08/22 12:10:53 Finished transferring input files
...
001 (16751062.049.000) 08/22 12:10:54 Job executing on host: <188.185.211.43:9618?addrs=188.185.211.43-9618+[2001-1458-303-16--100-27]-9618&alias=b9p23p3884.cern.ch&noUDP&sock=startd_4127_5b71>
	SlotName: slot1_12@b9p23p3884.cern.ch
	CondorScratchDir = "/pool/condor/dir_3393235"
	Cpus = 1
	Disk = 3863
	GPUs = 0
	Memory = 3000
...
006 (16751062.049.000) 08/22 12:11:02 Image size of job updated: 10632
	4  -  MemoryUsage of job (MB)
	3860  -  ResidentSetSize of job (KB)
...
006 (16751062.049.000) 08/22 12:14:41 Image size of job updated: 220472
	4  -  MemoryUsage of job (MB)
	3860  -  ResidentSetSize of job (KB)
...
040 (16751062.049.000) 08/22 12:14:41 Started transferring output files
...
040 (16751062.049.000) 08/22 12:14:41 Finished transferring output files
...
005 (16751062.049.000) 08/22 12:14:41 Job terminated.
	(1) Normal termination (return value 0)
		Usr 0 00:03:26, Sys 0 00:00:06  -  Run Remote Usage
		Usr 0 00:00:00, Sys 0 00:00:00  -  Run Local Usage
		Usr 0 00:03:26, Sys 0 00:00:06  -  Total Remote Usage
		Usr 0 00:00:00, Sys 0 00:00:00  -  Total Local Usage
	8994  -  Run Bytes Sent By Job
	850  -  Run Bytes Received By Job
	8994  -  Total Bytes Sent By Job
	850  -  Total Bytes Received By Job
	Partitionable Resources :    Usage  Request Allocated 
	   Cpus                 :        0        1         1 
	   Disk (KB)            :       56        1      3863 
	   GPUs                 :                           0 
	   Memory (MB)          :        4     3000      3000 
	   TimeExecute (s)      :      227                    
	   TimeSlotBusy (s)     :      229                    
...
