000 (16751062.052.000) 08/22 12:09:55 Job submitted from host: <188.184.90.241:9618?addrs=188.184.90.241-9618+[2001-1458-201-e4--100-2eb]-9618&alias=bigbird15.cern.ch&noUDP&sock=schedd_3150_376a>
...
040 (16751062.052.000) 08/22 12:10:54 Started transferring input files
	Transferring to host: <188.185.212.10:9618?addrs=188.185.212.10-9618+[2001-1458-303-18--100-6]-9618&alias=b9p25p7804.cern.ch&noUDP&sock=slot1_28_4410_fe6c_38237>
...
040 (16751062.052.000) 08/22 12:10:54 Finished transferring input files
...
001 (16751062.052.000) 08/22 12:10:55 Job executing on host: <188.185.212.10:9618?addrs=188.185.212.10-9618+[2001-1458-303-18--100-6]-9618&alias=b9p25p7804.cern.ch&noUDP&sock=startd_4063_7562>
	SlotName: slot1_28@b9p25p7804.cern.ch
	CondorScratchDir = "/pool/condor/dir_4188542"
	Cpus = 1
	Disk = 3776
	GPUs = 0
	Memory = 3000
...
006 (16751062.052.000) 08/22 12:11:04 Image size of job updated: 39440
	4  -  MemoryUsage of job (MB)
	3844  -  ResidentSetSize of job (KB)
...
006 (16751062.052.000) 08/22 12:16:05 Image size of job updated: 222080
	217  -  MemoryUsage of job (MB)
	222080  -  ResidentSetSize of job (KB)
...
040 (16751062.052.000) 08/22 12:25:46 Started transferring output files
...
040 (16751062.052.000) 08/22 12:25:46 Finished transferring output files
...
005 (16751062.052.000) 08/22 12:25:46 Job terminated.
	(1) Normal termination (return value 0)
		Usr 0 00:14:04, Sys 0 00:00:09  -  Run Remote Usage
		Usr 0 00:00:00, Sys 0 00:00:00  -  Run Local Usage
		Usr 0 00:14:04, Sys 0 00:00:09  -  Total Remote Usage
		Usr 0 00:00:00, Sys 0 00:00:00  -  Total Local Usage
	10050  -  Run Bytes Sent By Job
	850  -  Run Bytes Received By Job
	10050  -  Total Bytes Sent By Job
	850  -  Total Bytes Received By Job
	Partitionable Resources :    Usage  Request Allocated 
	   Cpus                 :     0.88        1         1 
	   Disk (KB)            :    56           1      3776 
	   GPUs                 :                           0 
	   Memory (MB)          :   217        3000      3000 
	   TimeExecute (s)      :   891                       
	   TimeSlotBusy (s)     :   893                       
...
