000 (16751062.051.000) 08/22 12:09:55 Job submitted from host: <188.184.90.241:9618?addrs=188.184.90.241-9618+[2001-1458-201-e4--100-2eb]-9618&alias=bigbird15.cern.ch&noUDP&sock=schedd_3150_376a>
...
040 (16751062.051.000) 08/22 12:10:54 Started transferring input files
	Transferring to host: <188.185.214.140:9618?addrs=188.185.214.140-9618+[2001-1458-303-1d--100-8]-9618&alias=b9p30p5740.cern.ch&noUDP&sock=slot1_7_4616_23b5_40377>
...
040 (16751062.051.000) 08/22 12:10:54 Finished transferring input files
...
001 (16751062.051.000) 08/22 12:10:55 Job executing on host: <188.185.214.140:9618?addrs=188.185.214.140-9618+[2001-1458-303-1d--100-8]-9618&alias=b9p30p5740.cern.ch&noUDP&sock=startd_3929_8bb1>
	SlotName: slot1_7@b9p30p5740.cern.ch
	CondorScratchDir = "/pool/condor/dir_3014719"
	Cpus = 1
	Disk = 3750
	GPUs = 0
	Memory = 3000
...
006 (16751062.051.000) 08/22 12:11:04 Image size of job updated: 3856
	4  -  MemoryUsage of job (MB)
	3856  -  ResidentSetSize of job (KB)
...
006 (16751062.051.000) 08/22 12:16:05 Image size of job updated: 221992
	217  -  MemoryUsage of job (MB)
	221992  -  ResidentSetSize of job (KB)
...
006 (16751062.051.000) 08/22 12:23:36 Image size of job updated: 222000
	217  -  MemoryUsage of job (MB)
	221992  -  ResidentSetSize of job (KB)
...
040 (16751062.051.000) 08/22 12:23:36 Started transferring output files
...
040 (16751062.051.000) 08/22 12:23:36 Finished transferring output files
...
005 (16751062.051.000) 08/22 12:23:37 Job terminated.
	(1) Normal termination (return value 0)
		Usr 0 00:11:54, Sys 0 00:00:08  -  Run Remote Usage
		Usr 0 00:00:00, Sys 0 00:00:00  -  Run Local Usage
		Usr 0 00:11:54, Sys 0 00:00:08  -  Total Remote Usage
		Usr 0 00:00:00, Sys 0 00:00:00  -  Total Local Usage
	10050  -  Run Bytes Sent By Job
	850  -  Run Bytes Received By Job
	10050  -  Total Bytes Sent By Job
	850  -  Total Bytes Received By Job
	Partitionable Resources :    Usage  Request Allocated 
	   Cpus                 :     0.99        1         1 
	   Disk (KB)            :    56           1      3750 
	   GPUs                 :                           0 
	   Memory (MB)          :   217        3000      3000 
	   TimeExecute (s)      :   761                       
	   TimeSlotBusy (s)     :   763                       
...
