000 (16751062.063.000) 08/22 12:09:55 Job submitted from host: <188.184.90.241:9618?addrs=188.184.90.241-9618+[2001-1458-201-e4--100-2eb]-9618&alias=bigbird15.cern.ch&noUDP&sock=schedd_3150_376a>
...
040 (16751062.063.000) 08/22 12:10:58 Started transferring input files
	Transferring to host: <188.185.210.30:9618?addrs=188.185.210.30-9618+[2001-1458-303-1--100-1a]-9618&alias=b9p21p1067.cern.ch&noUDP&sock=slot1_19_5018_6285_40316>
...
040 (16751062.063.000) 08/22 12:10:58 Finished transferring input files
...
001 (16751062.063.000) 08/22 12:10:59 Job executing on host: <188.185.210.30:9618?addrs=188.185.210.30-9618+[2001-1458-303-1--100-1a]-9618&alias=b9p21p1067.cern.ch&noUDP&sock=startd_4148_c2ef>
	SlotName: slot1_19@b9p21p1067.cern.ch
	CondorScratchDir = "/pool/condor/dir_2173438"
	Cpus = 1
	Disk = 3775
	GPUs = 0
	Memory = 3000
...
006 (16751062.063.000) 08/22 12:11:08 Image size of job updated: 3860
	4  -  MemoryUsage of job (MB)
	3860  -  ResidentSetSize of job (KB)
...
006 (16751062.063.000) 08/22 12:14:24 Image size of job updated: 221580
	4  -  MemoryUsage of job (MB)
	3860  -  ResidentSetSize of job (KB)
...
040 (16751062.063.000) 08/22 12:14:24 Started transferring output files
...
040 (16751062.063.000) 08/22 12:14:24 Finished transferring output files
...
005 (16751062.063.000) 08/22 12:14:24 Job terminated.
	(1) Normal termination (return value 0)
		Usr 0 00:03:00, Sys 0 00:00:08  -  Run Remote Usage
		Usr 0 00:00:00, Sys 0 00:00:00  -  Run Local Usage
		Usr 0 00:03:00, Sys 0 00:00:08  -  Total Remote Usage
		Usr 0 00:00:00, Sys 0 00:00:00  -  Total Local Usage
	8862  -  Run Bytes Sent By Job
	850  -  Run Bytes Received By Job
	8862  -  Total Bytes Sent By Job
	850  -  Total Bytes Received By Job
	Partitionable Resources :    Usage  Request Allocated 
	   Cpus                 :        0        1         1 
	   Disk (KB)            :       56        1      3775 
	   GPUs                 :                           0 
	   Memory (MB)          :        4     3000      3000 
	   TimeExecute (s)      :      205                    
	   TimeSlotBusy (s)     :      207                    
...
