000 (16751062.061.000) 08/22 12:09:55 Job submitted from host: <188.184.90.241:9618?addrs=188.184.90.241-9618+[2001-1458-201-e4--100-2eb]-9618&alias=bigbird15.cern.ch&noUDP&sock=schedd_3150_376a>
...
040 (16751062.061.000) 08/22 12:10:57 Started transferring input files
	Transferring to host: <188.185.205.226:9618?addrs=188.185.205.226-9618+[2001-1458-303-a--100-5f]-9618&alias=b9p04p3185.cern.ch&noUDP&sock=slot1_20_7996_a7be_36404>
...
040 (16751062.061.000) 08/22 12:10:57 Finished transferring input files
...
001 (16751062.061.000) 08/22 12:10:58 Job executing on host: <188.185.205.226:9618?addrs=188.185.205.226-9618+[2001-1458-303-a--100-5f]-9618&alias=b9p04p3185.cern.ch&noUDP&sock=startd_6640_10f1>
	SlotName: slot1_20@b9p04p3185.cern.ch
	CondorScratchDir = "/pool/condor/dir_3679090"
	Cpus = 1
	Disk = 3673
	GPUs = 0
	Memory = 3000
...
006 (16751062.061.000) 08/22 12:11:07 Image size of job updated: 924
	1  -  MemoryUsage of job (MB)
	924  -  ResidentSetSize of job (KB)
...
006 (16751062.061.000) 08/22 12:12:03 Image size of job updated: 188924
	1  -  MemoryUsage of job (MB)
	924  -  ResidentSetSize of job (KB)
...
040 (16751062.061.000) 08/22 12:12:03 Started transferring output files
...
040 (16751062.061.000) 08/22 12:12:03 Finished transferring output files
...
005 (16751062.061.000) 08/22 12:12:03 Job terminated.
	(1) Normal termination (return value 0)
		Usr 0 00:00:39, Sys 0 00:00:09  -  Run Remote Usage
		Usr 0 00:00:00, Sys 0 00:00:00  -  Run Local Usage
		Usr 0 00:00:39, Sys 0 00:00:09  -  Total Remote Usage
		Usr 0 00:00:00, Sys 0 00:00:00  -  Total Local Usage
	8534  -  Run Bytes Sent By Job
	850  -  Run Bytes Received By Job
	8534  -  Total Bytes Sent By Job
	850  -  Total Bytes Received By Job
	Partitionable Resources :    Usage  Request Allocated 
	   Cpus                 :     0.04        1         1 
	   Disk (KB)            :    58           1      3673 
	   GPUs                 :                           0 
	   Memory (MB)          :     1        3000      3000 
	   TimeExecute (s)      :    65                       
	   TimeSlotBusy (s)     :    67                       
...
