000 (16741372.026.000) 08/21 14:45:05 Job submitted from host: <188.184.90.241:9618?addrs=188.184.90.241-9618+[2001-1458-201-e4--100-2eb]-9618&alias=bigbird15.cern.ch&noUDP&sock=schedd_3150_376a>
...
040 (16741372.026.000) 08/21 14:51:42 Started transferring input files
	Transferring to host: <188.185.210.188:9618?addrs=188.185.210.188-9618+[2001-1458-303-15--100-38]-9618&alias=b9p22p8460.cern.ch&noUDP&sock=slot1_8_4145_4702_48196>
...
040 (16741372.026.000) 08/21 14:51:42 Finished transferring input files
...
001 (16741372.026.000) 08/21 14:51:43 Job executing on host: <188.185.210.188:9618?addrs=188.185.210.188-9618+[2001-1458-303-15--100-38]-9618&alias=b9p22p8460.cern.ch&noUDP&sock=startd_3394_9486>
	SlotName: slot1_8@b9p22p8460.cern.ch
	CondorScratchDir = "/pool/condor/dir_1266102"
	Cpus = 1
	Disk = 3805
	GPUs = 0
	Memory = 3000
...
006 (16741372.026.000) 08/21 14:51:52 Image size of job updated: 2628
	3  -  MemoryUsage of job (MB)
	2628  -  ResidentSetSize of job (KB)
...
006 (16741372.026.000) 08/21 14:52:36 Image size of job updated: 219500
	3  -  MemoryUsage of job (MB)
	2784  -  ResidentSetSize of job (KB)
...
040 (16741372.026.000) 08/21 14:52:36 Started transferring output files
...
040 (16741372.026.000) 08/21 14:52:36 Finished transferring output files
...
004 (16741372.026.000) 08/21 14:52:36 Job was evicted. Code 1009 Subcode 0
	(0) CPU times
		Usr 0 00:00:21, Sys 0 00:00:09  -  Run Remote Usage
		Usr 0 00:00:00, Sys 0 00:00:00  -  Run Local Usage
	8600  -  Run Bytes Sent By Job
	849  -  Run Bytes Received By Job
	Reason: Claim deactivated
	Partitionable Resources :    Usage  Request Allocated 
	   Cpus                 :        0        1         1 
	   Disk (KB)            :       47        1      3805 
	   GPUs                 :                           0 
	   Memory (MB)          :        3     3000      3000 
	   TimeExecute (s)      :       53                    
	   TimeSlotBusy (s)     :       55                    
...
009 (16741372.026.000) 08/21 14:52:36 Job was aborted.
	via condor_rm (by user masegret)
...
000 (16742629.026.000) 08/21 14:55:57 Job submitted from host: <188.184.90.241:9618?addrs=188.184.90.241-9618+[2001-1458-201-e4--100-2eb]-9618&alias=bigbird15.cern.ch&noUDP&sock=schedd_3150_376a>
...
040 (16742629.026.000) 08/21 14:57:39 Started transferring input files
	Transferring to host: <128.142.192.195:9618?addrs=128.142.192.195-9618+[2001-1458-301-56--100-3f]-9618&alias=b9g18p1888.cern.ch&noUDP&sock=slot1_6_440135_ac83_32757>
...
040 (16742629.026.000) 08/21 14:57:39 Finished transferring input files
...
001 (16742629.026.000) 08/21 14:57:40 Job executing on host: <128.142.192.195:9618?addrs=128.142.192.195-9618+[2001-1458-301-56--100-3f]-9618&alias=b9g18p1888.cern.ch&noUDP&sock=startd_4426_7243>
	SlotName: slot1_6@b9g18p1888.cern.ch
	CondorScratchDir = "/pool/condor/dir_2705363"
	Cpus = 1
	Disk = 3771
	GPUs = 0
	Memory = 3000
...
006 (16742629.026.000) 08/21 14:57:49 Image size of job updated: 3916
	4  -  MemoryUsage of job (MB)
	3916  -  ResidentSetSize of job (KB)
...
006 (16742629.026.000) 08/21 15:01:56 Image size of job updated: 231540
	4  -  MemoryUsage of job (MB)
	3916  -  ResidentSetSize of job (KB)
...
040 (16742629.026.000) 08/21 15:01:57 Started transferring output files
...
040 (16742629.026.000) 08/21 15:01:57 Finished transferring output files
...
005 (16742629.026.000) 08/21 15:01:57 Job terminated.
	(1) Normal termination (return value 0)
		Usr 0 00:03:44, Sys 0 00:00:05  -  Run Remote Usage
		Usr 0 00:00:00, Sys 0 00:00:00  -  Run Local Usage
		Usr 0 00:03:44, Sys 0 00:00:05  -  Total Remote Usage
		Usr 0 00:00:00, Sys 0 00:00:00  -  Total Local Usage
	9977  -  Run Bytes Sent By Job
	849  -  Run Bytes Received By Job
	9977  -  Total Bytes Sent By Job
	849  -  Total Bytes Received By Job
	Partitionable Resources :    Usage  Request Allocated 
	   Cpus                 :        0        1         1 
	   Disk (KB)            :       65        1      3771 
	   GPUs                 :                           0 
	   Memory (MB)          :        4     3000      3000 
	   TimeExecute (s)      :      256                    
	   TimeSlotBusy (s)     :      259                    
...
000 (16743219.026.000) 08/21 16:52:00 Job submitted from host: <188.184.90.241:9618?addrs=188.184.90.241-9618+[2001-1458-201-e4--100-2eb]-9618&alias=bigbird15.cern.ch&noUDP&sock=schedd_3150_376a>
...
040 (16743219.026.000) 08/21 16:56:49 Started transferring input files
	Transferring to host: <188.185.214.10:9618?addrs=188.185.214.10-9618+[2001-1458-303-1c--100-6]-9618&alias=b9p29p0003.cern.ch&noUDP&sock=slot1_21_6404_f27d_48064>
...
040 (16743219.026.000) 08/21 16:56:49 Finished transferring input files
...
001 (16743219.026.000) 08/21 16:56:50 Job executing on host: <188.185.214.10:9618?addrs=188.185.214.10-9618+[2001-1458-303-1c--100-6]-9618&alias=b9p29p0003.cern.ch&noUDP&sock=startd_5703_5cb3>
	SlotName: slot1_21@b9p29p0003.cern.ch
	CondorScratchDir = "/pool/condor/dir_3281977"
	Cpus = 1
	Disk = 3934
	GPUs = 0
	Memory = 3000
...
006 (16743219.026.000) 08/21 16:56:59 Image size of job updated: 2332
	2  -  MemoryUsage of job (MB)
	1496  -  ResidentSetSize of job (KB)
...
006 (16743219.026.000) 08/21 17:00:20 Image size of job updated: 221804
	2  -  MemoryUsage of job (MB)
	1496  -  ResidentSetSize of job (KB)
...
040 (16743219.026.000) 08/21 17:00:22 Started transferring output files
...
040 (16743219.026.000) 08/21 17:00:22 Finished transferring output files
...
005 (16743219.026.000) 08/21 17:00:24 Job terminated.
	(1) Normal termination (return value 0)
		Usr 0 00:03:12, Sys 0 00:00:07  -  Run Remote Usage
		Usr 0 00:00:00, Sys 0 00:00:00  -  Run Local Usage
		Usr 0 00:03:12, Sys 0 00:00:07  -  Total Remote Usage
		Usr 0 00:00:00, Sys 0 00:00:00  -  Total Local Usage
	9977  -  Run Bytes Sent By Job
	849  -  Run Bytes Received By Job
	9977  -  Total Bytes Sent By Job
	849  -  Total Bytes Received By Job
	Partitionable Resources :    Usage  Request Allocated 
	   Cpus                 :        0        1         1 
	   Disk (KB)            :       48        1      3934 
	   GPUs                 :                           0 
	   Memory (MB)          :        2     3000      3000 
	   TimeExecute (s)      :      210                    
	   TimeSlotBusy (s)     :      213                    
...
