000 (16751062.064.000) 08/22 12:09:55 Job submitted from host: <188.184.90.241:9618?addrs=188.184.90.241-9618+[2001-1458-201-e4--100-2eb]-9618&alias=bigbird15.cern.ch&noUDP&sock=schedd_3150_376a>
...
040 (16751062.064.000) 08/22 12:10:58 Started transferring input files
	Transferring to host: <188.185.214.193:9618?addrs=188.185.214.193-9618+[2001-1458-303-1d--100-3d]-9618&alias=b9p30p4114.cern.ch&noUDP&sock=slot1_19_5560_45db_36027>
...
040 (16751062.064.000) 08/22 12:10:58 Finished transferring input files
...
001 (16751062.064.000) 08/22 12:10:59 Job executing on host: <188.185.214.193:9618?addrs=188.185.214.193-9618+[2001-1458-303-1d--100-3d]-9618&alias=b9p30p4114.cern.ch&noUDP&sock=startd_4637_2cbe>
	SlotName: slot1_19@b9p30p4114.cern.ch
	CondorScratchDir = "/pool/condor/dir_673479"
	Cpus = 1
	Disk = 3829
	GPUs = 0
	Memory = 3000
...
006 (16751062.064.000) 08/22 12:11:08 Image size of job updated: 2264
	2  -  MemoryUsage of job (MB)
	1840  -  ResidentSetSize of job (KB)
...
006 (16751062.064.000) 08/22 12:14:20 Image size of job updated: 237344
	2  -  MemoryUsage of job (MB)
	1840  -  ResidentSetSize of job (KB)
...
040 (16751062.064.000) 08/22 12:14:20 Started transferring output files
...
040 (16751062.064.000) 08/22 12:14:20 Finished transferring output files
...
005 (16751062.064.000) 08/22 12:14:20 Job terminated.
	(1) Normal termination (return value 0)
		Usr 0 00:03:02, Sys 0 00:00:06  -  Run Remote Usage
		Usr 0 00:00:00, Sys 0 00:00:00  -  Run Local Usage
		Usr 0 00:03:02, Sys 0 00:00:06  -  Total Remote Usage
		Usr 0 00:00:00, Sys 0 00:00:00  -  Total Local Usage
	8961  -  Run Bytes Sent By Job
	850  -  Run Bytes Received By Job
	8961  -  Total Bytes Sent By Job
	850  -  Total Bytes Received By Job
	Partitionable Resources :    Usage  Request Allocated 
	   Cpus                 :        0        1         1 
	   Disk (KB)            :       56        1      3829 
	   GPUs                 :                           0 
	   Memory (MB)          :        2     3000      3000 
	   TimeExecute (s)      :      201                    
	   TimeSlotBusy (s)     :      203                    
...
