000 (16751062.058.000) 08/22 12:09:55 Job submitted from host: <188.184.90.241:9618?addrs=188.184.90.241-9618+[2001-1458-201-e4--100-2eb]-9618&alias=bigbird15.cern.ch&noUDP&sock=schedd_3150_376a>
...
040 (16751062.058.000) 08/22 12:10:56 Started transferring input files
	Transferring to host: <188.185.207.194:9618?addrs=188.185.207.194-9618+[2001-1458-303-e--100-3f]-9618&alias=b9p08p0289.cern.ch&noUDP&sock=slot1_23_3987_f3bb_36506>
...
040 (16751062.058.000) 08/22 12:10:56 Finished transferring input files
...
001 (16751062.058.000) 08/22 12:10:57 Job executing on host: <188.185.207.194:9618?addrs=188.185.207.194-9618+[2001-1458-303-e--100-3f]-9618&alias=b9p08p0289.cern.ch&noUDP&sock=startd_3399_027f>
	SlotName: slot1_23@b9p08p0289.cern.ch
	CondorScratchDir = "/pool/condor/dir_835805"
	Cpus = 1
	Disk = 3744
	GPUs = 0
	Memory = 3000
...
006 (16751062.058.000) 08/22 12:11:06 Image size of job updated: 2492
	3  -  MemoryUsage of job (MB)
	2492  -  ResidentSetSize of job (KB)
...
006 (16751062.058.000) 08/22 12:16:07 Image size of job updated: 222072
	217  -  MemoryUsage of job (MB)
	222072  -  ResidentSetSize of job (KB)
...
040 (16751062.058.000) 08/22 12:19:21 Started transferring output files
...
040 (16751062.058.000) 08/22 12:19:21 Finished transferring output files
...
005 (16751062.058.000) 08/22 12:19:21 Job terminated.
	(1) Normal termination (return value 0)
		Usr 0 00:07:52, Sys 0 00:00:07  -  Run Remote Usage
		Usr 0 00:00:00, Sys 0 00:00:00  -  Run Local Usage
		Usr 0 00:07:52, Sys 0 00:00:07  -  Total Remote Usage
		Usr 0 00:00:00, Sys 0 00:00:00  -  Total Local Usage
	10050  -  Run Bytes Sent By Job
	850  -  Run Bytes Received By Job
	10050  -  Total Bytes Sent By Job
	850  -  Total Bytes Received By Job
	Partitionable Resources :    Usage  Request Allocated 
	   Cpus                 :     0.99        1         1 
	   Disk (KB)            :    59           1      3744 
	   GPUs                 :                           0 
	   Memory (MB)          :   217        3000      3000 
	   TimeExecute (s)      :   504                       
	   TimeSlotBusy (s)     :   506                       
...
