000 (16751062.059.000) 08/22 12:09:55 Job submitted from host: <188.184.90.241:9618?addrs=188.184.90.241-9618+[2001-1458-201-e4--100-2eb]-9618&alias=bigbird15.cern.ch&noUDP&sock=schedd_3150_376a>
...
040 (16751062.059.000) 08/22 12:10:56 Started transferring input files
	Transferring to host: <188.185.206.181:9618?addrs=188.185.206.181-9618+[2001-1458-303-c--100-32]-9618&alias=b9p06p4369.cern.ch&noUDP&sock=slot1_24_10805_d990_35190>
...
040 (16751062.059.000) 08/22 12:10:56 Finished transferring input files
...
001 (16751062.059.000) 08/22 12:10:57 Job executing on host: <188.185.206.181:9618?addrs=188.185.206.181-9618+[2001-1458-303-c--100-32]-9618&alias=b9p06p4369.cern.ch&noUDP&sock=startd_9102_cb1c>
	SlotName: slot1_24@b9p06p4369.cern.ch
	CondorScratchDir = "/pool/condor/dir_1623955"
	Cpus = 1
	Disk = 3691
	GPUs = 0
	Memory = 3000
...
006 (16751062.059.000) 08/22 12:11:06 Image size of job updated: 2380
	2  -  MemoryUsage of job (MB)
	1864  -  ResidentSetSize of job (KB)
...
006 (16751062.059.000) 08/22 12:16:06 Image size of job updated: 221292
	217  -  MemoryUsage of job (MB)
	221292  -  ResidentSetSize of job (KB)
...
040 (16751062.059.000) 08/22 12:17:11 Started transferring output files
...
040 (16751062.059.000) 08/22 12:17:11 Finished transferring output files
...
005 (16751062.059.000) 08/22 12:17:12 Job terminated.
	(1) Normal termination (return value 0)
		Usr 0 00:05:41, Sys 0 00:00:07  -  Run Remote Usage
		Usr 0 00:00:00, Sys 0 00:00:00  -  Run Local Usage
		Usr 0 00:05:41, Sys 0 00:00:07  -  Total Remote Usage
		Usr 0 00:00:00, Sys 0 00:00:00  -  Total Local Usage
	9654  -  Run Bytes Sent By Job
	850  -  Run Bytes Received By Job
	9654  -  Total Bytes Sent By Job
	850  -  Total Bytes Received By Job
	Partitionable Resources :    Usage  Request Allocated 
	   Cpus                 :        0        1         1 
	   Disk (KB)            :       59        1      3691 
	   GPUs                 :                           0 
	   Memory (MB)          :      217     3000      3000 
	   TimeExecute (s)      :      374                    
	   TimeSlotBusy (s)     :      376                    
...
