000 (16751062.062.000) 08/22 12:09:55 Job submitted from host: <188.184.90.241:9618?addrs=188.184.90.241-9618+[2001-1458-201-e4--100-2eb]-9618&alias=bigbird15.cern.ch&noUDP&sock=schedd_3150_376a>
...
040 (16751062.062.000) 08/22 12:10:57 Started transferring input files
	Transferring to host: <188.185.213.38:9618?addrs=188.185.213.38-9618+[2001-1458-303-1a--100-22]-9618&alias=b9p27p1887.cern.ch&noUDP&sock=slot1_16_8224_4d48_39466>
...
040 (16751062.062.000) 08/22 12:10:57 Finished transferring input files
...
001 (16751062.062.000) 08/22 12:10:58 Job executing on host: <188.185.213.38:9618?addrs=188.185.213.38-9618+[2001-1458-303-1a--100-22]-9618&alias=b9p27p1887.cern.ch&noUDP&sock=startd_7624_0222>
	SlotName: slot1_16@b9p27p1887.cern.ch
	CondorScratchDir = "/pool/condor/dir_2390259"
	Cpus = 1
	Disk = 3703
	GPUs = 0
	Memory = 3000
...
006 (16751062.062.000) 08/22 12:11:07 Image size of job updated: 3860
	4  -  MemoryUsage of job (MB)
	3860  -  ResidentSetSize of job (KB)
...
006 (16751062.062.000) 08/22 12:15:58 Image size of job updated: 221620
	4  -  MemoryUsage of job (MB)
	3860  -  ResidentSetSize of job (KB)
...
040 (16751062.062.000) 08/22 12:15:58 Started transferring output files
...
040 (16751062.062.000) 08/22 12:15:58 Finished transferring output files
...
005 (16751062.062.000) 08/22 12:15:58 Job terminated.
	(1) Normal termination (return value 0)
		Usr 0 00:04:34, Sys 0 00:00:07  -  Run Remote Usage
		Usr 0 00:00:00, Sys 0 00:00:00  -  Run Local Usage
		Usr 0 00:04:34, Sys 0 00:00:07  -  Total Remote Usage
		Usr 0 00:00:00, Sys 0 00:00:00  -  Total Local Usage
	9060  -  Run Bytes Sent By Job
	850  -  Run Bytes Received By Job
	9060  -  Total Bytes Sent By Job
	850  -  Total Bytes Received By Job
	Partitionable Resources :    Usage  Request Allocated 
	   Cpus                 :        0        1         1 
	   Disk (KB)            :       56        1      3703 
	   GPUs                 :                           0 
	   Memory (MB)          :        4     3000      3000 
	   TimeExecute (s)      :      300                    
	   TimeSlotBusy (s)     :      302                    
...
