000 (16751062.057.000) 08/22 12:09:55 Job submitted from host: <188.184.90.241:9618?addrs=188.184.90.241-9618+[2001-1458-201-e4--100-2eb]-9618&alias=bigbird15.cern.ch&noUDP&sock=schedd_3150_376a>
...
040 (16751062.057.000) 08/22 12:10:56 Started transferring input files
	Transferring to host: <188.185.210.234:9618?addrs=188.185.210.234-9618+[2001-1458-303-15--100-66]-9618&alias=b9p22p0001.cern.ch&noUDP&sock=slot1_23_6029_b9ce_37886>
...
040 (16751062.057.000) 08/22 12:10:56 Finished transferring input files
...
001 (16751062.057.000) 08/22 12:10:57 Job executing on host: <188.185.210.234:9618?addrs=188.185.210.234-9618+[2001-1458-303-15--100-66]-9618&alias=b9p22p0001.cern.ch&noUDP&sock=startd_5180_a0ab>
	SlotName: slot1_23@b9p22p0001.cern.ch
	CondorScratchDir = "/pool/condor/dir_114320"
	Cpus = 1
	Disk = 3825
	GPUs = 0
	Memory = 3000
...
006 (16751062.057.000) 08/22 12:11:06 Image size of job updated: 3852
	4  -  MemoryUsage of job (MB)
	3852  -  ResidentSetSize of job (KB)
...
006 (16751062.057.000) 08/22 12:16:07 Image size of job updated: 220072
	215  -  MemoryUsage of job (MB)
	220072  -  ResidentSetSize of job (KB)
...
040 (16751062.057.000) 08/22 12:23:52 Started transferring output files
...
040 (16751062.057.000) 08/22 12:23:52 Finished transferring output files
...
005 (16751062.057.000) 08/22 12:23:52 Job terminated.
	(1) Normal termination (return value 0)
		Usr 0 00:11:52, Sys 0 00:00:09  -  Run Remote Usage
		Usr 0 00:00:00, Sys 0 00:00:00  -  Run Local Usage
		Usr 0 00:11:52, Sys 0 00:00:09  -  Total Remote Usage
		Usr 0 00:00:00, Sys 0 00:00:00  -  Total Local Usage
	10050  -  Run Bytes Sent By Job
	850  -  Run Bytes Received By Job
	10050  -  Total Bytes Sent By Job
	850  -  Total Bytes Received By Job
	Partitionable Resources :    Usage  Request Allocated 
	   Cpus                 :     0.99        1         1 
	   Disk (KB)            :    56           1      3825 
	   GPUs                 :                           0 
	   Memory (MB)          :   215        3000      3000 
	   TimeExecute (s)      :   775                       
	   TimeSlotBusy (s)     :   777                       
...
