000 (16741372.027.000) 08/21 14:45:05 Job submitted from host: <188.184.90.241:9618?addrs=188.184.90.241-9618+[2001-1458-201-e4--100-2eb]-9618&alias=bigbird15.cern.ch&noUDP&sock=schedd_3150_376a>
...
040 (16741372.027.000) 08/21 14:51:44 Started transferring input files
	Transferring to host: <188.185.212.234:9618?addrs=188.185.212.234-9618+[2001-1458-303-19--100-66]-9618&alias=b9p26p5047.cern.ch&noUDP&sock=slot1_3_3798_c8d4_9569>
...
040 (16741372.027.000) 08/21 14:51:44 Finished transferring input files
...
001 (16741372.027.000) 08/21 14:51:45 Job executing on host: <188.185.212.234:9618?addrs=188.185.212.234-9618+[2001-1458-303-19--100-66]-9618&alias=b9p26p5047.cern.ch&noUDP&sock=startd_3752_236e>
	SlotName: slot1_3@b9p26p5047.cern.ch
	CondorScratchDir = "/pool/condor/dir_1944787"
	Cpus = 1
	Disk = 3849
	GPUs = 0
	Memory = 3000
...
006 (16741372.027.000) 08/21 14:51:54 Image size of job updated: 2480
	3  -  MemoryUsage of job (MB)
	2480  -  ResidentSetSize of job (KB)
...
006 (16741372.027.000) 08/21 14:52:36 Image size of job updated: 219284
	3  -  MemoryUsage of job (MB)
	2616  -  ResidentSetSize of job (KB)
...
040 (16741372.027.000) 08/21 14:52:36 Started transferring output files
...
040 (16741372.027.000) 08/21 14:52:36 Finished transferring output files
...
004 (16741372.027.000) 08/21 14:52:36 Job was evicted. Code 1009 Subcode 0
	(0) CPU times
		Usr 0 00:00:06, Sys 0 00:00:08  -  Run Remote Usage
		Usr 0 00:00:00, Sys 0 00:00:00  -  Run Local Usage
	8568  -  Run Bytes Sent By Job
	849  -  Run Bytes Received By Job
	Reason: Claim deactivated
	Partitionable Resources :    Usage  Request Allocated 
	   Cpus                 :        0        1         1 
	   Disk (KB)            :       47        1      3849 
	   GPUs                 :                           0 
	   Memory (MB)          :        3     3000      3000 
	   TimeExecute (s)      :       51                    
	   TimeSlotBusy (s)     :       53                    
...
009 (16741372.027.000) 08/21 14:52:36 Job was aborted.
	via condor_rm (by user masegret)
...
000 (16742629.027.000) 08/21 14:55:57 Job submitted from host: <188.184.90.241:9618?addrs=188.184.90.241-9618+[2001-1458-201-e4--100-2eb]-9618&alias=bigbird15.cern.ch&noUDP&sock=schedd_3150_376a>
...
040 (16742629.027.000) 08/21 14:57:40 Started transferring input files
	Transferring to host: <128.142.192.194:9618?addrs=128.142.192.194-9618+[2001-1458-301-56--100-3e]-9618&alias=b9g18p2454.cern.ch&noUDP&sock=slot1_3_6331_831b_44604>
...
040 (16742629.027.000) 08/21 14:57:40 Finished transferring input files
...
001 (16742629.027.000) 08/21 14:57:41 Job executing on host: <128.142.192.194:9618?addrs=128.142.192.194-9618+[2001-1458-301-56--100-3e]-9618&alias=b9g18p2454.cern.ch&noUDP&sock=startd_4903_a0f0>
	SlotName: slot1_3@b9g18p2454.cern.ch
	CondorScratchDir = "/pool/condor/dir_324768"
	Cpus = 1
	Disk = 3907
	GPUs = 0
	Memory = 3000
...
006 (16742629.027.000) 08/21 14:57:50 Image size of job updated: 5508
	4  -  MemoryUsage of job (MB)
	3924  -  ResidentSetSize of job (KB)
...
006 (16742629.027.000) 08/21 15:01:17 Image size of job updated: 237428
	4  -  MemoryUsage of job (MB)
	3924  -  ResidentSetSize of job (KB)
...
040 (16742629.027.000) 08/21 15:01:17 Started transferring output files
...
040 (16742629.027.000) 08/21 15:01:17 Finished transferring output files
...
005 (16742629.027.000) 08/21 15:01:17 Job terminated.
	(1) Normal termination (return value 0)
		Usr 0 00:03:00, Sys 0 00:00:05  -  Run Remote Usage
		Usr 0 00:00:00, Sys 0 00:00:00  -  Run Local Usage
		Usr 0 00:03:00, Sys 0 00:00:05  -  Total Remote Usage
		Usr 0 00:00:00, Sys 0 00:00:00  -  Total Local Usage
	9944  -  Run Bytes Sent By Job
	849  -  Run Bytes Received By Job
	9944  -  Total Bytes Sent By Job
	849  -  Total Bytes Received By Job
	Partitionable Resources :    Usage  Request Allocated 
	   Cpus                 :     0.05        1         1 
	   Disk (KB)            :    65           1      3907 
	   GPUs                 :                           0 
	   Memory (MB)          :     4        3000      3000 
	   TimeExecute (s)      :   216                       
	   TimeSlotBusy (s)     :   218                       
...
