000 (16741372.028.000) 08/21 14:45:05 Job submitted from host: <188.184.90.241:9618?addrs=188.184.90.241-9618+[2001-1458-201-e4--100-2eb]-9618&alias=bigbird15.cern.ch&noUDP&sock=schedd_3150_376a>
...
040 (16741372.028.000) 08/21 14:51:46 Started transferring input files
	Transferring to host: <188.185.213.137:9618?addrs=188.185.213.137-9618+[2001-1458-303-1b--100-5]-9618&alias=b9p28p4002.cern.ch&noUDP&sock=slot1_1_4244_0826_49265>
...
040 (16741372.028.000) 08/21 14:51:46 Finished transferring input files
...
001 (16741372.028.000) 08/21 14:51:47 Job executing on host: <188.185.213.137:9618?addrs=188.185.213.137-9618+[2001-1458-303-1b--100-5]-9618&alias=b9p28p4002.cern.ch&noUDP&sock=startd_3530_dd67>
	SlotName: slot1_1@b9p28p4002.cern.ch
	CondorScratchDir = "/pool/condor/dir_2486466"
	Cpus = 1
	Disk = 3878
	GPUs = 0
	Memory = 3000
...
006 (16741372.028.000) 08/21 14:51:56 Image size of job updated: 3892
	4  -  MemoryUsage of job (MB)
	3892  -  ResidentSetSize of job (KB)
...
006 (16741372.028.000) 08/21 14:52:36 Image size of job updated: 217392
	4  -  MemoryUsage of job (MB)
	3892  -  ResidentSetSize of job (KB)
...
040 (16741372.028.000) 08/21 14:52:36 Started transferring output files
...
040 (16741372.028.000) 08/21 14:52:36 Finished transferring output files
...
004 (16741372.028.000) 08/21 14:52:36 Job was evicted. Code 1009 Subcode 0
	(0) CPU times
		Usr 0 00:00:13, Sys 0 00:00:07  -  Run Remote Usage
		Usr 0 00:00:00, Sys 0 00:00:00  -  Run Local Usage
	8600  -  Run Bytes Sent By Job
	849  -  Run Bytes Received By Job
	Reason: Claim deactivated
	Partitionable Resources :    Usage  Request Allocated 
	   Cpus                 :        0        1         1 
	   Disk (KB)            :       65        1      3878 
	   GPUs                 :                           0 
	   Memory (MB)          :        4     3000      3000 
	   TimeExecute (s)      :       49                    
	   TimeSlotBusy (s)     :       51                    
...
009 (16741372.028.000) 08/21 14:52:36 Job was aborted.
	via condor_rm (by user masegret)
...
000 (16742629.028.000) 08/21 14:55:57 Job submitted from host: <188.184.90.241:9618?addrs=188.184.90.241-9618+[2001-1458-201-e4--100-2eb]-9618&alias=bigbird15.cern.ch&noUDP&sock=schedd_3150_376a>
...
040 (16742629.028.000) 08/21 14:57:39 Started transferring input files
	Transferring to host: <188.185.213.209:9618?addrs=188.185.213.209-9618+[2001-1458-303-1b--100-4d]-9618&alias=b9p28p2360.cern.ch&noUDP&sock=slot1_6_3750_f6d2_47419>
...
040 (16742629.028.000) 08/21 14:57:39 Finished transferring input files
...
001 (16742629.028.000) 08/21 14:57:40 Job executing on host: <188.185.213.209:9618?addrs=188.185.213.209-9618+[2001-1458-303-1b--100-4d]-9618&alias=b9p28p2360.cern.ch&noUDP&sock=startd_3711_040c>
	SlotName: slot1_6@b9p28p2360.cern.ch
	CondorScratchDir = "/pool/condor/dir_3248097"
	Cpus = 1
	Disk = 3884
	GPUs = 0
	Memory = 3000
...
006 (16742629.028.000) 08/21 14:57:49 Image size of job updated: 17400
	17  -  MemoryUsage of job (MB)
	17400  -  ResidentSetSize of job (KB)
...
