000 (16741372.029.000) 08/21 14:45:05 Job submitted from host: <188.184.90.241:9618?addrs=188.184.90.241-9618+[2001-1458-201-e4--100-2eb]-9618&alias=bigbird15.cern.ch&noUDP&sock=schedd_3150_376a>
...
040 (16741372.029.000) 08/21 14:51:49 Started transferring input files
	Transferring to host: <188.185.213.180:9618?addrs=188.185.213.180-9618+[2001-1458-303-1b--100-30]-9618&alias=b9p28p7628.cern.ch&noUDP&sock=slot1_3_953156_60e1_50031>
...
040 (16741372.029.000) 08/21 14:51:49 Finished transferring input files
...
001 (16741372.029.000) 08/21 14:51:50 Job executing on host: <188.185.213.180:9618?addrs=188.185.213.180-9618+[2001-1458-303-1b--100-30]-9618&alias=b9p28p7628.cern.ch&noUDP&sock=startd_6077_e51f>
	SlotName: slot1_3@b9p28p7628.cern.ch
	CondorScratchDir = "/pool/condor/dir_618237"
	Cpus = 1
	Disk = 3894
	GPUs = 0
	Memory = 3000
...
006 (16741372.029.000) 08/21 14:51:58 Image size of job updated: 11056
	11  -  MemoryUsage of job (MB)
	11056  -  ResidentSetSize of job (KB)
...
006 (16741372.029.000) 08/21 14:52:36 Image size of job updated: 219324
	11  -  MemoryUsage of job (MB)
	11056  -  ResidentSetSize of job (KB)
...
040 (16741372.029.000) 08/21 14:52:36 Started transferring output files
...
040 (16741372.029.000) 08/21 14:52:36 Finished transferring output files
...
004 (16741372.029.000) 08/21 14:52:36 Job was evicted. Code 1009 Subcode 0
	(0) CPU times
		Usr 0 00:00:13, Sys 0 00:00:07  -  Run Remote Usage
		Usr 0 00:00:00, Sys 0 00:00:00  -  Run Local Usage
	8600  -  Run Bytes Sent By Job
	849  -  Run Bytes Received By Job
	Reason: Claim deactivated
	Partitionable Resources :    Usage  Request Allocated 
	   Cpus                 :        0        1         1 
	   Disk (KB)            :       47        1      3894 
	   GPUs                 :                           0 
	   Memory (MB)          :       11     3000      3000 
	   TimeExecute (s)      :       46                    
	   TimeSlotBusy (s)     :       48                    
...
009 (16741372.029.000) 08/21 14:52:36 Job was aborted.
	via condor_rm (by user masegret)
...
000 (16742629.029.000) 08/21 14:55:57 Job submitted from host: <188.184.90.241:9618?addrs=188.184.90.241-9618+[2001-1458-201-e4--100-2eb]-9618&alias=bigbird15.cern.ch&noUDP&sock=schedd_3150_376a>
...
040 (16742629.029.000) 08/21 14:57:39 Started transferring input files
	Transferring to host: <188.185.214.74:9618?addrs=188.185.214.74-9618+[2001-1458-303-1c--100-46]-9618&alias=b9p29p6551.cern.ch&noUDP&sock=slot1_7_5798_f725_47377>
...
040 (16742629.029.000) 08/21 14:57:39 Finished transferring input files
...
001 (16742629.029.000) 08/21 14:57:40 Job executing on host: <188.185.214.74:9618?addrs=188.185.214.74-9618+[2001-1458-303-1c--100-46]-9618&alias=b9p29p6551.cern.ch&noUDP&sock=startd_4836_ac17>
	SlotName: slot1_7@b9p29p6551.cern.ch
	CondorScratchDir = "/pool/condor/dir_948672"
	Cpus = 1
	Disk = 3940
	GPUs = 0
	Memory = 3000
...
006 (16742629.029.000) 08/21 14:57:49 Image size of job updated: 2704
	2  -  MemoryUsage of job (MB)
	1376  -  ResidentSetSize of job (KB)
...
006 (16742629.029.000) 08/21 15:01:36 Image size of job updated: 232996
	2  -  MemoryUsage of job (MB)
	1376  -  ResidentSetSize of job (KB)
...
040 (16742629.029.000) 08/21 15:01:36 Started transferring output files
...
040 (16742629.029.000) 08/21 15:01:36 Finished transferring output files
...
005 (16742629.029.000) 08/21 15:01:36 Job terminated.
	(1) Normal termination (return value 0)
		Usr 0 00:03:35, Sys 0 00:00:07  -  Run Remote Usage
		Usr 0 00:00:00, Sys 0 00:00:00  -  Run Local Usage
		Usr 0 00:03:35, Sys 0 00:00:07  -  Total Remote Usage
		Usr 0 00:00:00, Sys 0 00:00:00  -  Total Local Usage
	9977  -  Run Bytes Sent By Job
	849  -  Run Bytes Received By Job
	9977  -  Total Bytes Sent By Job
	849  -  Total Bytes Received By Job
	Partitionable Resources :    Usage  Request Allocated 
	   Cpus                 :        0        1         1 
	   Disk (KB)            :       49        1      3940 
	   GPUs                 :                           0 
	   Memory (MB)          :        2     3000      3000 
	   TimeExecute (s)      :      236                    
	   TimeSlotBusy (s)     :      237                    
...
000 (16743219.029.000) 08/21 16:52:00 Job submitted from host: <188.184.90.241:9618?addrs=188.184.90.241-9618+[2001-1458-201-e4--100-2eb]-9618&alias=bigbird15.cern.ch&noUDP&sock=schedd_3150_376a>
...
040 (16743219.029.000) 08/21 16:56:51 Started transferring input files
	Transferring to host: <128.142.161.79:9618?addrs=128.142.161.79-9618+[2001-1458-301-b8--100-d]-9618&alias=b9g03p3647.cern.ch&noUDP&sock=slot1_11_5234_938e_44562>
...
040 (16743219.029.000) 08/21 16:56:51 Finished transferring input files
...
001 (16743219.029.000) 08/21 16:56:52 Job executing on host: <128.142.161.79:9618?addrs=128.142.161.79-9618+[2001-1458-301-b8--100-d]-9618&alias=b9g03p3647.cern.ch&noUDP&sock=startd_4324_7b9a>
	SlotName: slot1_11@b9g03p3647.cern.ch
	CondorScratchDir = "/pool/condor/dir_3854405"
	Cpus = 1
	Disk = 3905
	GPUs = 0
	Memory = 3000
...
006 (16743219.029.000) 08/21 16:57:01 Image size of job updated: 141492
	139  -  MemoryUsage of job (MB)
	141492  -  ResidentSetSize of job (KB)
...
006 (16743219.029.000) 08/21 16:59:59 Image size of job updated: 233524
	139  -  MemoryUsage of job (MB)
	142220  -  ResidentSetSize of job (KB)
...
040 (16743219.029.000) 08/21 17:00:00 Started transferring output files
...
040 (16743219.029.000) 08/21 17:00:00 Finished transferring output files
...
005 (16743219.029.000) 08/21 17:00:00 Job terminated.
	(1) Normal termination (return value 0)
		Usr 0 00:02:52, Sys 0 00:00:05  -  Run Remote Usage
		Usr 0 00:00:00, Sys 0 00:00:00  -  Run Local Usage
		Usr 0 00:02:52, Sys 0 00:00:05  -  Total Remote Usage
		Usr 0 00:00:00, Sys 0 00:00:00  -  Total Local Usage
	9977  -  Run Bytes Sent By Job
	849  -  Run Bytes Received By Job
	9977  -  Total Bytes Sent By Job
	849  -  Total Bytes Received By Job
	Partitionable Resources :    Usage  Request Allocated 
	   Cpus                 :        0        1         1 
	   Disk (KB)            :       48        1      3905 
	   GPUs                 :                           0 
	   Memory (MB)          :      139     3000      3000 
	   TimeExecute (s)      :      187                    
	   TimeSlotBusy (s)     :      189                    
...
