000 (16711818.000.000) 08/10 12:09:49 Job submitted from host: <188.184.90.241:9618?addrs=188.184.90.241-9618+[2001-1458-201-e4--100-2eb]-9618&alias=bigbird15.cern.ch&noUDP&sock=schedd_3150_376a>
...
040 (16711818.000.000) 08/10 12:10:35 Started transferring input files
	Transferring to host: <188.185.210.161:9618?addrs=188.185.210.161-9618+[2001-1458-303-15--100-1d]-9618&alias=b9p22p1905.cern.ch&noUDP&sock=slot1_3_4328_37a9_25089>
...
040 (16711818.000.000) 08/10 12:10:35 Finished transferring input files
...
001 (16711818.000.000) 08/10 12:10:36 Job executing on host: <188.185.210.161:9618?addrs=188.185.210.161-9618+[2001-1458-303-15--100-1d]-9618&alias=b9p22p1905.cern.ch&noUDP&sock=startd_3759_f097>
	SlotName: slot1_3@b9p22p1905.cern.ch
	CondorScratchDir = "/pool/condor/dir_4037047"
	Cpus = 1
	Disk = 3840
	GPUs = 0
	Memory = 3000
...
006 (16711818.000.000) 08/10 12:10:44 Image size of job updated: 3904
	4  -  MemoryUsage of job (MB)
	3904  -  ResidentSetSize of job (KB)
...
006 (16711818.000.000) 08/10 12:15:13 Image size of job updated: 313344
	4  -  MemoryUsage of job (MB)
	3904  -  ResidentSetSize of job (KB)
...
040 (16711818.000.000) 08/10 12:15:13 Started transferring output files
...
040 (16711818.000.000) 08/10 12:15:13 Finished transferring output files
...
005 (16711818.000.000) 08/10 12:15:13 Job terminated.
	(1) Normal termination (return value 0)
		Usr 0 00:03:10, Sys 0 00:00:13  -  Run Remote Usage
		Usr 0 00:00:00, Sys 0 00:00:00  -  Run Local Usage
		Usr 0 00:03:10, Sys 0 00:00:13  -  Total Remote Usage
		Usr 0 00:00:00, Sys 0 00:00:00  -  Total Local Usage
	11477  -  Run Bytes Sent By Job
	11409  -  Run Bytes Received By Job
	11477  -  Total Bytes Sent By Job
	11409  -  Total Bytes Received By Job
	Partitionable Resources :    Usage  Request Allocated 
	   Cpus                 :     0.12        1         1 
	   Disk (KB)            :    74           1      3840 
	   GPUs                 :                           0 
	   Memory (MB)          :     4        3000      3000 
	   TimeExecute (s)      :   277                       
	   TimeSlotBusy (s)     :   279                       
...
