000 (16711818.009.000) 08/10 12:09:49 Job submitted from host: <188.184.90.241:9618?addrs=188.184.90.241-9618+[2001-1458-201-e4--100-2eb]-9618&alias=bigbird15.cern.ch&noUDP&sock=schedd_3150_376a>
...
040 (16711818.009.000) 08/10 12:10:38 Started transferring input files
	Transferring to host: <188.185.211.229:9618?addrs=188.185.211.229-9618+[2001-1458-303-17--100-61]-9618&alias=b9p24p1603.cern.ch&noUDP&sock=slot1_49_4598_74f4_25629>
...
040 (16711818.009.000) 08/10 12:10:38 Finished transferring input files
...
001 (16711818.009.000) 08/10 12:10:39 Job executing on host: <188.185.211.229:9618?addrs=188.185.211.229-9618+[2001-1458-303-17--100-61]-9618&alias=b9p24p1603.cern.ch&noUDP&sock=startd_3901_570a>
	SlotName: slot1_49@b9p24p1603.cern.ch
	CondorScratchDir = "/pool/condor/dir_620295"
	Cpus = 1
	Disk = 3784
	GPUs = 0
	Memory = 3000
...
006 (16711818.009.000) 08/10 12:10:48 Image size of job updated: 3884
	4  -  MemoryUsage of job (MB)
	3884  -  ResidentSetSize of job (KB)
...
006 (16711818.009.000) 08/10 12:15:49 Image size of job updated: 300304
	294  -  MemoryUsage of job (MB)
	300304  -  ResidentSetSize of job (KB)
...
006 (16711818.009.000) 08/10 12:16:13 Image size of job updated: 300308
	294  -  MemoryUsage of job (MB)
	300304  -  ResidentSetSize of job (KB)
...
040 (16711818.009.000) 08/10 12:16:13 Started transferring output files
...
040 (16711818.009.000) 08/10 12:16:13 Finished transferring output files
...
005 (16711818.009.000) 08/10 12:16:14 Job terminated.
	(1) Normal termination (return value 0)
		Usr 0 00:03:32, Sys 0 00:00:15  -  Run Remote Usage
		Usr 0 00:00:00, Sys 0 00:00:00  -  Run Local Usage
		Usr 0 00:03:32, Sys 0 00:00:15  -  Total Remote Usage
		Usr 0 00:00:00, Sys 0 00:00:00  -  Total Local Usage
	11533  -  Run Bytes Sent By Job
	11410  -  Run Bytes Received By Job
	11533  -  Total Bytes Sent By Job
	11410  -  Total Bytes Received By Job
	Partitionable Resources :    Usage  Request Allocated 
	   Cpus                 :     0.75        1         1 
	   Disk (KB)            :    74           1      3784 
	   GPUs                 :                           0 
	   Memory (MB)          :   294        3000      3000 
	   TimeExecute (s)      :   334                       
	   TimeSlotBusy (s)     :   336                       
...
