000 (16711818.008.000) 08/10 12:09:49 Job submitted from host: <188.184.90.241:9618?addrs=188.184.90.241-9618+[2001-1458-201-e4--100-2eb]-9618&alias=bigbird15.cern.ch&noUDP&sock=schedd_3150_376a>
...
040 (16711818.008.000) 08/10 12:10:38 Started transferring input files
	Transferring to host: <188.185.211.194:9618?addrs=188.185.211.194-9618+[2001-1458-303-17--100-3e]-9618&alias=b9p24p2206.cern.ch&noUDP&sock=slot1_44_5537_113a_24994>
...
040 (16711818.008.000) 08/10 12:10:38 Finished transferring input files
...
001 (16711818.008.000) 08/10 12:10:39 Job executing on host: <188.185.211.194:9618?addrs=188.185.211.194-9618+[2001-1458-303-17--100-3e]-9618&alias=b9p24p2206.cern.ch&noUDP&sock=startd_4602_2aee>
	SlotName: slot1_44@b9p24p2206.cern.ch
	CondorScratchDir = "/pool/condor/dir_2183162"
	Cpus = 1
	Disk = 3799
	GPUs = 0
	Memory = 3000
...
006 (16711818.008.000) 08/10 12:10:48 Image size of job updated: 3892
	4  -  MemoryUsage of job (MB)
	3892  -  ResidentSetSize of job (KB)
...
006 (16711818.008.000) 08/10 12:15:41 Image size of job updated: 305536
	4  -  MemoryUsage of job (MB)
	3892  -  ResidentSetSize of job (KB)
...
040 (16711818.008.000) 08/10 12:15:41 Started transferring output files
...
040 (16711818.008.000) 08/10 12:15:41 Finished transferring output files
...
005 (16711818.008.000) 08/10 12:15:41 Job terminated.
	(1) Normal termination (return value 0)
		Usr 0 00:03:23, Sys 0 00:00:14  -  Run Remote Usage
		Usr 0 00:00:00, Sys 0 00:00:00  -  Run Local Usage
		Usr 0 00:03:23, Sys 0 00:00:14  -  Total Remote Usage
		Usr 0 00:00:00, Sys 0 00:00:00  -  Total Local Usage
	11534  -  Run Bytes Sent By Job
	11410  -  Run Bytes Received By Job
	11534  -  Total Bytes Sent By Job
	11410  -  Total Bytes Received By Job
	Partitionable Resources :    Usage  Request Allocated 
	   Cpus                 :        0        1         1 
	   Disk (KB)            :       74        1      3799 
	   GPUs                 :                           0 
	   Memory (MB)          :        4     3000      3000 
	   TimeExecute (s)      :      302                    
	   TimeSlotBusy (s)     :      304                    
...
