000 (16711818.004.000) 08/10 12:09:49 Job submitted from host: <188.184.90.241:9618?addrs=188.184.90.241-9618+[2001-1458-201-e4--100-2eb]-9618&alias=bigbird15.cern.ch&noUDP&sock=schedd_3150_376a>
...
040 (16711818.004.000) 08/10 12:10:37 Started transferring input files
	Transferring to host: <188.185.213.90:9618?addrs=188.185.213.90-9618+[2001-1458-303-1a--100-56]-9618&alias=b9p27p8202.cern.ch&noUDP&sock=slot1_12_5944_d5eb_25859>
...
040 (16711818.004.000) 08/10 12:10:37 Finished transferring input files
...
001 (16711818.004.000) 08/10 12:10:38 Job executing on host: <188.185.213.90:9618?addrs=188.185.213.90-9618+[2001-1458-303-1a--100-56]-9618&alias=b9p27p8202.cern.ch&noUDP&sock=startd_5042_f89a>
	SlotName: slot1_12@b9p27p8202.cern.ch
	CondorScratchDir = "/pool/condor/dir_3777603"
	Cpus = 1
	Disk = 3827
	GPUs = 0
	Memory = 3000
...
006 (16711818.004.000) 08/10 12:10:47 Image size of job updated: 3896
	4  -  MemoryUsage of job (MB)
	3896  -  ResidentSetSize of job (KB)
...
006 (16711818.004.000) 08/10 12:15:48 Image size of job updated: 296868
	290  -  MemoryUsage of job (MB)
	296868  -  ResidentSetSize of job (KB)
...
040 (16711818.004.000) 08/10 12:16:50 Started transferring output files
...
040 (16711818.004.000) 08/10 12:16:50 Finished transferring output files
...
005 (16711818.004.000) 08/10 12:16:50 Job terminated.
	(1) Normal termination (return value 0)
		Usr 0 00:03:23, Sys 0 00:00:16  -  Run Remote Usage
		Usr 0 00:00:00, Sys 0 00:00:00  -  Run Local Usage
		Usr 0 00:03:23, Sys 0 00:00:16  -  Total Remote Usage
		Usr 0 00:00:00, Sys 0 00:00:00  -  Total Local Usage
	11534  -  Run Bytes Sent By Job
	11410  -  Run Bytes Received By Job
	11534  -  Total Bytes Sent By Job
	11410  -  Total Bytes Received By Job
	Partitionable Resources :    Usage  Request Allocated 
	   Cpus                 :     0.59        1         1 
	   Disk (KB)            :    74           1      3827 
	   GPUs                 :                           0 
	   Memory (MB)          :   290        3000      3000 
	   TimeExecute (s)      :   372                       
	   TimeSlotBusy (s)     :   374                       
...
