000 (16711818.003.000) 08/10 12:09:49 Job submitted from host: <188.184.90.241:9618?addrs=188.184.90.241-9618+[2001-1458-201-e4--100-2eb]-9618&alias=bigbird15.cern.ch&noUDP&sock=schedd_3150_376a>
...
040 (16711818.003.000) 08/10 12:10:36 Started transferring input files
	Transferring to host: <188.185.215.102:9618?addrs=188.185.215.102-9618+[2001-1458-303-1e--100-62]-9618&alias=b9p31p8607.cern.ch&noUDP&sock=slot1_35_10298_9f5c_18965>
...
040 (16711818.003.000) 08/10 12:10:36 Finished transferring input files
...
001 (16711818.003.000) 08/10 12:10:37 Job executing on host: <188.185.215.102:9618?addrs=188.185.215.102-9618+[2001-1458-303-1e--100-62]-9618&alias=b9p31p8607.cern.ch&noUDP&sock=startd_9790_b445>
	SlotName: slot1_35@b9p31p8607.cern.ch
	CondorScratchDir = "/pool/condor/dir_4098590"
	Cpus = 1
	Disk = 3770
	GPUs = 0
	Memory = 3000
...
006 (16711818.003.000) 08/10 12:10:45 Image size of job updated: 3896
	4  -  MemoryUsage of job (MB)
	3896  -  ResidentSetSize of job (KB)
...
006 (16711818.003.000) 08/10 12:15:33 Image size of job updated: 299156
	4  -  MemoryUsage of job (MB)
	3896  -  ResidentSetSize of job (KB)
...
040 (16711818.003.000) 08/10 12:15:33 Started transferring output files
...
040 (16711818.003.000) 08/10 12:15:33 Finished transferring output files
...
005 (16711818.003.000) 08/10 12:15:33 Job terminated.
	(1) Normal termination (return value 0)
		Usr 0 00:03:25, Sys 0 00:00:14  -  Run Remote Usage
		Usr 0 00:00:00, Sys 0 00:00:00  -  Run Local Usage
		Usr 0 00:03:25, Sys 0 00:00:14  -  Total Remote Usage
		Usr 0 00:00:00, Sys 0 00:00:00  -  Total Local Usage
	11534  -  Run Bytes Sent By Job
	11410  -  Run Bytes Received By Job
	11534  -  Total Bytes Sent By Job
	11410  -  Total Bytes Received By Job
	Partitionable Resources :    Usage  Request Allocated 
	   Cpus                 :        0        1         1 
	   Disk (KB)            :       74        1      3770 
	   GPUs                 :                           0 
	   Memory (MB)          :        4     3000      3000 
	   TimeExecute (s)      :      296                    
	   TimeSlotBusy (s)     :      298                    
...
