000 (16711818.022.000) 08/10 12:09:49 Job submitted from host: <188.184.90.241:9618?addrs=188.184.90.241-9618+[2001-1458-201-e4--100-2eb]-9618&alias=bigbird15.cern.ch&noUDP&sock=schedd_3150_376a>
...
040 (16711818.022.000) 08/10 12:10:42 Started transferring input files
	Transferring to host: <188.185.215.169:9618?addrs=188.185.215.169-9618+[2001-1458-303-26--100-25]-9618&alias=b9p18p6898.cern.ch&noUDP&sock=slot1_31_3426_ad44_26584>
...
040 (16711818.022.000) 08/10 12:10:42 Finished transferring input files
...
001 (16711818.022.000) 08/10 12:10:43 Job executing on host: <188.185.215.169:9618?addrs=188.185.215.169-9618+[2001-1458-303-26--100-25]-9618&alias=b9p18p6898.cern.ch&noUDP&sock=startd_2866_6a85>
	SlotName: slot1_31@b9p18p6898.cern.ch
	CondorScratchDir = "/pool/condor/dir_382288"
	Cpus = 1
	Disk = 2216
	GPUs = 0
	Memory = 3000
...
006 (16711818.022.000) 08/10 12:10:52 Image size of job updated: 2416
	2  -  MemoryUsage of job (MB)
	1156  -  ResidentSetSize of job (KB)
...
006 (16711818.022.000) 08/10 12:15:53 Image size of job updated: 282392
	276  -  MemoryUsage of job (MB)
	282392  -  ResidentSetSize of job (KB)
...
006 (16711818.022.000) 08/10 12:20:53 Image size of job updated: 282424
	276  -  MemoryUsage of job (MB)
	282424  -  ResidentSetSize of job (KB)
...
006 (16711818.022.000) 08/10 12:25:53 Image size of job updated: 282432
	276  -  MemoryUsage of job (MB)
	282432  -  ResidentSetSize of job (KB)
...
006 (16711818.022.000) 08/10 12:27:06 Image size of job updated: 291760
	276  -  MemoryUsage of job (MB)
	282432  -  ResidentSetSize of job (KB)
...
040 (16711818.022.000) 08/10 12:27:06 Started transferring output files
...
040 (16711818.022.000) 08/10 12:27:06 Finished transferring output files
...
005 (16711818.022.000) 08/10 12:27:07 Job terminated.
	(1) Normal termination (return value 0)
		Usr 0 00:09:34, Sys 0 00:00:25  -  Run Remote Usage
		Usr 0 00:00:00, Sys 0 00:00:00  -  Run Local Usage
		Usr 0 00:09:34, Sys 0 00:00:25  -  Total Remote Usage
		Usr 0 00:00:00, Sys 0 00:00:00  -  Total Local Usage
	13072  -  Run Bytes Sent By Job
	11410  -  Run Bytes Received By Job
	13072  -  Total Bytes Sent By Job
	11410  -  Total Bytes Received By Job
	Partitionable Resources :    Usage  Request Allocated 
	   Cpus                 :     0.63        1         1 
	   Disk (KB)            :    62           1      2216 
	   GPUs                 :                           0 
	   Memory (MB)          :   276        3000      3000 
	   TimeExecute (s)      :   983                       
	   TimeSlotBusy (s)     :   985                       
...
