000 (16711818.021.000) 08/10 12:09:49 Job submitted from host: <188.184.90.241:9618?addrs=188.184.90.241-9618+[2001-1458-201-e4--100-2eb]-9618&alias=bigbird15.cern.ch&noUDP&sock=schedd_3150_376a>
...
040 (16711818.021.000) 08/10 12:10:42 Started transferring input files
	Transferring to host: <188.185.211.170:9618?addrs=188.185.211.170-9618+[2001-1458-303-17--100-26]-9618&alias=b9p24p7911.cern.ch&noUDP&sock=slot1_27_8581_d736_27557>
...
040 (16711818.021.000) 08/10 12:10:42 Finished transferring input files
...
001 (16711818.021.000) 08/10 12:10:43 Job executing on host: <188.185.211.170:9618?addrs=188.185.211.170-9618+[2001-1458-303-17--100-26]-9618&alias=b9p24p7911.cern.ch&noUDP&sock=startd_7676_ad0f>
	SlotName: slot1_27@b9p24p7911.cern.ch
	CondorScratchDir = "/pool/condor/dir_3029572"
	Cpus = 1
	Disk = 3774
	GPUs = 0
	Memory = 3000
...
006 (16711818.021.000) 08/10 12:10:52 Image size of job updated: 7756
	8  -  MemoryUsage of job (MB)
	7756  -  ResidentSetSize of job (KB)
...
006 (16711818.021.000) 08/10 12:15:53 Image size of job updated: 280956
	275  -  MemoryUsage of job (MB)
	280956  -  ResidentSetSize of job (KB)
...
006 (16711818.021.000) 08/10 12:20:54 Image size of job updated: 280984
	275  -  MemoryUsage of job (MB)
	280984  -  ResidentSetSize of job (KB)
...
006 (16711818.021.000) 08/10 12:24:36 Image size of job updated: 289244
	275  -  MemoryUsage of job (MB)
	280984  -  ResidentSetSize of job (KB)
...
040 (16711818.021.000) 08/10 12:24:36 Started transferring output files
...
040 (16711818.021.000) 08/10 12:24:36 Finished transferring output files
...
005 (16711818.021.000) 08/10 12:24:36 Job terminated.
	(1) Normal termination (return value 0)
		Usr 0 00:09:26, Sys 0 00:00:24  -  Run Remote Usage
		Usr 0 00:00:00, Sys 0 00:00:00  -  Run Local Usage
		Usr 0 00:09:26, Sys 0 00:00:24  -  Total Remote Usage
		Usr 0 00:00:00, Sys 0 00:00:00  -  Total Local Usage
	13073  -  Run Bytes Sent By Job
	11410  -  Run Bytes Received By Job
	13073  -  Total Bytes Sent By Job
	11410  -  Total Bytes Received By Job
	Partitionable Resources :    Usage  Request Allocated 
	   Cpus                 :     0.73        1         1 
	   Disk (KB)            :    62           1      3774 
	   GPUs                 :                           0 
	   Memory (MB)          :   275        3000      3000 
	   TimeExecute (s)      :   833                       
	   TimeSlotBusy (s)     :   835                       
...
