000 (16711818.013.000) 08/10 12:09:49 Job submitted from host: <188.184.90.241:9618?addrs=188.184.90.241-9618+[2001-1458-201-e4--100-2eb]-9618&alias=bigbird15.cern.ch&noUDP&sock=schedd_3150_376a>
...
040 (16711818.013.000) 08/10 12:10:39 Started transferring input files
	Transferring to host: <188.185.212.214:9618?addrs=188.185.212.214-9618+[2001-1458-303-19--100-52]-9618&alias=b9p26p0366.cern.ch&noUDP&sock=slot1_15_6395_9b1d_26343>
...
040 (16711818.013.000) 08/10 12:10:39 Finished transferring input files
...
001 (16711818.013.000) 08/10 12:10:40 Job executing on host: <188.185.212.214:9618?addrs=188.185.212.214-9618+[2001-1458-303-19--100-52]-9618&alias=b9p26p0366.cern.ch&noUDP&sock=startd_5602_15a3>
	SlotName: slot1_15@b9p26p0366.cern.ch
	CondorScratchDir = "/pool/condor/dir_1386106"
	Cpus = 1
	Disk = 3766
	GPUs = 0
	Memory = 3000
...
006 (16711818.013.000) 08/10 12:10:49 Image size of job updated: 2624
	3  -  MemoryUsage of job (MB)
	2624  -  ResidentSetSize of job (KB)
...
006 (16711818.013.000) 08/10 12:15:41 Image size of job updated: 306660
	3  -  MemoryUsage of job (MB)
	2624  -  ResidentSetSize of job (KB)
...
040 (16711818.013.000) 08/10 12:15:41 Started transferring output files
...
040 (16711818.013.000) 08/10 12:15:41 Finished transferring output files
...
005 (16711818.013.000) 08/10 12:15:42 Job terminated.
	(1) Normal termination (return value 0)
		Usr 0 00:03:21, Sys 0 00:00:16  -  Run Remote Usage
		Usr 0 00:00:00, Sys 0 00:00:00  -  Run Local Usage
		Usr 0 00:03:21, Sys 0 00:00:16  -  Total Remote Usage
		Usr 0 00:00:00, Sys 0 00:00:00  -  Total Local Usage
	11534  -  Run Bytes Sent By Job
	11410  -  Run Bytes Received By Job
	11534  -  Total Bytes Sent By Job
	11410  -  Total Bytes Received By Job
	Partitionable Resources :    Usage  Request Allocated 
	   Cpus                 :        0        1         1 
	   Disk (KB)            :       74        1      3766 
	   GPUs                 :                           0 
	   Memory (MB)          :        3     3000      3000 
	   TimeExecute (s)      :      301                    
	   TimeSlotBusy (s)     :      303                    
...
