000 (16711818.014.000) 08/10 12:09:49 Job submitted from host: <188.184.90.241:9618?addrs=188.184.90.241-9618+[2001-1458-201-e4--100-2eb]-9618&alias=bigbird15.cern.ch&noUDP&sock=schedd_3150_376a>
...
040 (16711818.014.000) 08/10 12:10:40 Started transferring input files
	Transferring to host: <188.185.213.218:9618?addrs=188.185.213.218-9618+[2001-1458-303-1b--100-56]-9618&alias=b9p28p9110.cern.ch&noUDP&sock=slot1_19_4257_3106_26369>
...
040 (16711818.014.000) 08/10 12:10:40 Finished transferring input files
...
001 (16711818.014.000) 08/10 12:10:41 Job executing on host: <188.185.213.218:9618?addrs=188.185.213.218-9618+[2001-1458-303-1b--100-56]-9618&alias=b9p28p9110.cern.ch&noUDP&sock=startd_3652_8bf5>
	SlotName: slot1_19@b9p28p9110.cern.ch
	CondorScratchDir = "/pool/condor/dir_4153510"
	Cpus = 1
	Disk = 3751
	GPUs = 0
	Memory = 3000
...
006 (16711818.014.000) 08/10 12:10:50 Image size of job updated: 2452
	2  -  MemoryUsage of job (MB)
	1356  -  ResidentSetSize of job (KB)
...
006 (16711818.014.000) 08/10 12:15:51 Image size of job updated: 300076
	294  -  MemoryUsage of job (MB)
	300076  -  ResidentSetSize of job (KB)
...
040 (16711818.014.000) 08/10 12:16:27 Started transferring output files
...
040 (16711818.014.000) 08/10 12:16:27 Finished transferring output files
...
005 (16711818.014.000) 08/10 12:16:27 Job terminated.
	(1) Normal termination (return value 0)
		Usr 0 00:03:36, Sys 0 00:00:17  -  Run Remote Usage
		Usr 0 00:00:00, Sys 0 00:00:00  -  Run Local Usage
		Usr 0 00:03:36, Sys 0 00:00:17  -  Total Remote Usage
		Usr 0 00:00:00, Sys 0 00:00:00  -  Total Local Usage
	11477  -  Run Bytes Sent By Job
	11410  -  Run Bytes Received By Job
	11477  -  Total Bytes Sent By Job
	11410  -  Total Bytes Received By Job
	Partitionable Resources :    Usage  Request Allocated 
	   Cpus                 :        0        1         1 
	   Disk (KB)            :       60        1      3751 
	   GPUs                 :                           0 
	   Memory (MB)          :      294     3000      3000 
	   TimeExecute (s)      :      345                    
	   TimeSlotBusy (s)     :      348                    
...
