000 (16711818.019.000) 08/10 12:09:49 Job submitted from host: <188.184.90.241:9618?addrs=188.184.90.241-9618+[2001-1458-201-e4--100-2eb]-9618&alias=bigbird15.cern.ch&noUDP&sock=schedd_3150_376a>
...
040 (16711818.019.000) 08/10 12:10:41 Started transferring input files
	Transferring to host: <188.185.210.142:9618?addrs=188.185.210.142-9618+[2001-1458-303-15--100-a]-9618&alias=b9p22p8216.cern.ch&noUDP&sock=slot1_22_7156_cc9c_32914>
...
040 (16711818.019.000) 08/10 12:10:41 Finished transferring input files
...
001 (16711818.019.000) 08/10 12:10:42 Job executing on host: <188.185.210.142:9618?addrs=188.185.210.142-9618+[2001-1458-303-15--100-a]-9618&alias=b9p22p8216.cern.ch&noUDP&sock=startd_6256_ac93>
	SlotName: slot1_22@b9p22p8216.cern.ch
	CondorScratchDir = "/pool/condor/dir_3080060"
	Cpus = 1
	Disk = 3771
	GPUs = 0
	Memory = 3000
...
006 (16711818.019.000) 08/10 12:10:50 Image size of job updated: 3888
	4  -  MemoryUsage of job (MB)
	3888  -  ResidentSetSize of job (KB)
...
006 (16711818.019.000) 08/10 12:15:50 Image size of job updated: 144648
	142  -  MemoryUsage of job (MB)
	144648  -  ResidentSetSize of job (KB)
...
006 (16711818.019.000) 08/10 12:19:09 Image size of job updated: 144744
	142  -  MemoryUsage of job (MB)
	144648  -  ResidentSetSize of job (KB)
...
040 (16711818.019.000) 08/10 12:19:09 Started transferring output files
...
040 (16711818.019.000) 08/10 12:19:09 Finished transferring output files
...
005 (16711818.019.000) 08/10 12:19:09 Job terminated.
	(1) Normal termination (return value 0)
		Usr 0 00:00:04, Sys 0 00:00:09  -  Run Remote Usage
		Usr 0 00:00:00, Sys 0 00:00:00  -  Run Local Usage
		Usr 0 00:00:04, Sys 0 00:00:09  -  Total Remote Usage
		Usr 0 00:00:00, Sys 0 00:00:00  -  Total Local Usage
	10386  -  Run Bytes Sent By Job
	11410  -  Run Bytes Received By Job
	10386  -  Total Bytes Sent By Job
	11410  -  Total Bytes Received By Job
	Partitionable Resources :    Usage  Request Allocated 
	   Cpus                 :        0        1         1 
	   Disk (KB)            :       73        1      3771 
	   GPUs                 :                           0 
	   Memory (MB)          :      142     3000      3000 
	   TimeExecute (s)      :      507                    
	   TimeSlotBusy (s)     :      509                    
...
