000 (16711818.030.000) 08/10 12:09:49 Job submitted from host: <188.184.90.241:9618?addrs=188.184.90.241-9618+[2001-1458-201-e4--100-2eb]-9618&alias=bigbird15.cern.ch&noUDP&sock=schedd_3150_376a>
...
040 (16711818.030.000) 08/10 12:10:45 Started transferring input files
	Transferring to host: <188.185.212.68:9618?addrs=188.185.212.68-9618+[2001-1458-303-18--100-40]-9618&alias=b9p25p6239.cern.ch&noUDP&sock=slot1_19_6236_9377_25732>
...
040 (16711818.030.000) 08/10 12:10:45 Finished transferring input files
...
001 (16711818.030.000) 08/10 12:10:46 Job executing on host: <188.185.212.68:9618?addrs=188.185.212.68-9618+[2001-1458-303-18--100-40]-9618&alias=b9p25p6239.cern.ch&noUDP&sock=startd_5612_f195>
	SlotName: slot1_19@b9p25p6239.cern.ch
	CondorScratchDir = "/pool/condor/dir_4162755"
	Cpus = 1
	Disk = 3866
	GPUs = 0
	Memory = 3000
...
006 (16711818.030.000) 08/10 12:10:54 Image size of job updated: 3896
	4  -  MemoryUsage of job (MB)
	3896  -  ResidentSetSize of job (KB)
...
006 (16711818.030.000) 08/10 12:15:54 Image size of job updated: 282140
	276  -  MemoryUsage of job (MB)
	282140  -  ResidentSetSize of job (KB)
...
006 (16711818.030.000) 08/10 12:20:55 Image size of job updated: 282144
	276  -  MemoryUsage of job (MB)
	282144  -  ResidentSetSize of job (KB)
...
040 (16711818.030.000) 08/10 12:25:52 Started transferring output files
...
040 (16711818.030.000) 08/10 12:25:52 Finished transferring output files
...
005 (16711818.030.000) 08/10 12:25:52 Job terminated.
	(1) Normal termination (return value 0)
		Usr 0 00:10:45, Sys 0 00:00:25  -  Run Remote Usage
		Usr 0 00:00:00, Sys 0 00:00:00  -  Run Local Usage
		Usr 0 00:10:45, Sys 0 00:00:25  -  Total Remote Usage
		Usr 0 00:00:00, Sys 0 00:00:00  -  Total Local Usage
	13358  -  Run Bytes Sent By Job
	11410  -  Run Bytes Received By Job
	13358  -  Total Bytes Sent By Job
	11410  -  Total Bytes Received By Job
	Partitionable Resources :    Usage  Request Allocated 
	   Cpus                 :     0.76        1         1 
	   Disk (KB)            :    74           1      3866 
	   GPUs                 :                           0 
	   Memory (MB)          :   276        3000      3000 
	   TimeExecute (s)      :   906                       
	   TimeSlotBusy (s)     :   908                       
...
