000 (16711818.026.000) 08/10 12:09:49 Job submitted from host: <188.184.90.241:9618?addrs=188.184.90.241-9618+[2001-1458-201-e4--100-2eb]-9618&alias=bigbird15.cern.ch&noUDP&sock=schedd_3150_376a>
...
040 (16711818.026.000) 08/10 12:10:44 Started transferring input files
	Transferring to host: <188.185.194.53:9618?addrs=188.185.194.53-9618+[2001-1458-303-21--100-31]-9618&alias=b9p20p9308.cern.ch&noUDP&sock=slot1_25_6546_ffc3_24620>
...
040 (16711818.026.000) 08/10 12:10:44 Finished transferring input files
...
001 (16711818.026.000) 08/10 12:10:45 Job executing on host: <188.185.194.53:9618?addrs=188.185.194.53-9618+[2001-1458-303-21--100-31]-9618&alias=b9p20p9308.cern.ch&noUDP&sock=startd_5895_0ee2>
	SlotName: slot1_25@b9p20p9308.cern.ch
	CondorScratchDir = "/pool/condor/dir_1006700"
	Cpus = 1
	Disk = 3817
	GPUs = 0
	Memory = 3000
...
006 (16711818.026.000) 08/10 12:10:54 Image size of job updated: 3892
	4  -  MemoryUsage of job (MB)
	3892  -  ResidentSetSize of job (KB)
...
006 (16711818.026.000) 08/10 12:15:55 Image size of job updated: 279364
	273  -  MemoryUsage of job (MB)
	279364  -  ResidentSetSize of job (KB)
...
006 (16711818.026.000) 08/10 12:25:55 Image size of job updated: 279368
	273  -  MemoryUsage of job (MB)
	279368  -  ResidentSetSize of job (KB)
...
040 (16711818.026.000) 08/10 12:27:00 Started transferring output files
...
040 (16711818.026.000) 08/10 12:27:00 Finished transferring output files
...
005 (16711818.026.000) 08/10 12:27:01 Job terminated.
	(1) Normal termination (return value 0)
		Usr 0 00:11:57, Sys 0 00:00:22  -  Run Remote Usage
		Usr 0 00:00:00, Sys 0 00:00:00  -  Run Local Usage
		Usr 0 00:11:57, Sys 0 00:00:22  -  Total Remote Usage
		Usr 0 00:00:00, Sys 0 00:00:00  -  Total Local Usage
	13130  -  Run Bytes Sent By Job
	11410  -  Run Bytes Received By Job
	13130  -  Total Bytes Sent By Job
	11410  -  Total Bytes Received By Job
	Partitionable Resources :    Usage  Request Allocated 
	   Cpus                 :     0.68        1         1 
	   Disk (KB)            :    74           1      3817 
	   GPUs                 :                           0 
	   Memory (MB)          :   273        3000      3000 
	   TimeExecute (s)      :   975                       
	   TimeSlotBusy (s)     :   977                       
...
