000 (16711818.025.000) 08/10 12:09:49 Job submitted from host: <188.184.90.241:9618?addrs=188.184.90.241-9618+[2001-1458-201-e4--100-2eb]-9618&alias=bigbird15.cern.ch&noUDP&sock=schedd_3150_376a>
...
040 (16711818.025.000) 08/10 12:10:43 Started transferring input files
	Transferring to host: <188.185.211.62:9618?addrs=188.185.211.62-9618+[2001-1458-303-16--100-3a]-9618&alias=b9p23p1404.cern.ch&noUDP&sock=slot1_17_4548_3a32_26577>
...
040 (16711818.025.000) 08/10 12:10:43 Finished transferring input files
...
001 (16711818.025.000) 08/10 12:10:44 Job executing on host: <188.185.211.62:9618?addrs=188.185.211.62-9618+[2001-1458-303-16--100-3a]-9618&alias=b9p23p1404.cern.ch&noUDP&sock=startd_3897_98a9>
	SlotName: slot1_17@b9p23p1404.cern.ch
	CondorScratchDir = "/pool/condor/dir_1388295"
	Cpus = 1
	Disk = 3712
	GPUs = 0
	Memory = 3000
...
006 (16711818.025.000) 08/10 12:10:53 Image size of job updated: 3892
	4  -  MemoryUsage of job (MB)
	3892  -  ResidentSetSize of job (KB)
...
006 (16711818.025.000) 08/10 12:15:54 Image size of job updated: 281652
	276  -  MemoryUsage of job (MB)
	281652  -  ResidentSetSize of job (KB)
...
006 (16711818.025.000) 08/10 12:20:54 Image size of job updated: 281696
	276  -  MemoryUsage of job (MB)
	281696  -  ResidentSetSize of job (KB)
...
006 (16711818.025.000) 08/10 12:25:55 Image size of job updated: 281700
	276  -  MemoryUsage of job (MB)
	281700  -  ResidentSetSize of job (KB)
...
006 (16711818.025.000) 08/10 12:26:01 Image size of job updated: 285368
	276  -  MemoryUsage of job (MB)
	281700  -  ResidentSetSize of job (KB)
...
040 (16711818.025.000) 08/10 12:26:01 Started transferring output files
...
040 (16711818.025.000) 08/10 12:26:01 Finished transferring output files
...
005 (16711818.025.000) 08/10 12:26:02 Job terminated.
	(1) Normal termination (return value 0)
		Usr 0 00:09:23, Sys 0 00:00:26  -  Run Remote Usage
		Usr 0 00:00:00, Sys 0 00:00:00  -  Run Local Usage
		Usr 0 00:09:23, Sys 0 00:00:26  -  Total Remote Usage
		Usr 0 00:00:00, Sys 0 00:00:00  -  Total Local Usage
	13130  -  Run Bytes Sent By Job
	11410  -  Run Bytes Received By Job
	13130  -  Total Bytes Sent By Job
	11410  -  Total Bytes Received By Job
	Partitionable Resources :    Usage  Request Allocated 
	   Cpus                 :     0.63        1         1 
	   Disk (KB)            :    74           1      3712 
	   GPUs                 :                           0 
	   Memory (MB)          :   276        3000      3000 
	   TimeExecute (s)      :   917                       
	   TimeSlotBusy (s)     :   919                       
...
