000 (16711818.027.000) 08/10 12:09:49 Job submitted from host: <188.184.90.241:9618?addrs=188.184.90.241-9618+[2001-1458-201-e4--100-2eb]-9618&alias=bigbird15.cern.ch&noUDP&sock=schedd_3150_376a>
...
040 (16711818.027.000) 08/10 12:10:44 Started transferring input files
	Transferring to host: <188.185.206.193:9618?addrs=188.185.206.193-9618+[2001-1458-303-c--100-3e]-9618&alias=b9p06p4695.cern.ch&noUDP&sock=slot1_1_6052_ee6f_22306>
...
040 (16711818.027.000) 08/10 12:10:44 Finished transferring input files
...
001 (16711818.027.000) 08/10 12:10:45 Job executing on host: <188.185.206.193:9618?addrs=188.185.206.193-9618+[2001-1458-303-c--100-3e]-9618&alias=b9p06p4695.cern.ch&noUDP&sock=startd_5136_7281>
	SlotName: slot1_1@b9p06p4695.cern.ch
	CondorScratchDir = "/pool/condor/dir_3417006"
	Cpus = 1
	Disk = 3678
	GPUs = 0
	Memory = 3000
...
006 (16711818.027.000) 08/10 12:10:54 Image size of job updated: 11044
	2  -  MemoryUsage of job (MB)
	1120  -  ResidentSetSize of job (KB)
...
006 (16711818.027.000) 08/10 12:15:55 Image size of job updated: 144660
	142  -  MemoryUsage of job (MB)
	144660  -  ResidentSetSize of job (KB)
...
006 (16711818.027.000) 08/10 12:19:09 Image size of job updated: 144680
	142  -  MemoryUsage of job (MB)
	144660  -  ResidentSetSize of job (KB)
...
040 (16711818.027.000) 08/10 12:19:09 Started transferring output files
...
040 (16711818.027.000) 08/10 12:19:09 Finished transferring output files
...
005 (16711818.027.000) 08/10 12:19:09 Job terminated.
	(1) Normal termination (return value 0)
		Usr 0 00:00:04, Sys 0 00:00:08  -  Run Remote Usage
		Usr 0 00:00:00, Sys 0 00:00:00  -  Run Local Usage
		Usr 0 00:00:04, Sys 0 00:00:08  -  Total Remote Usage
		Usr 0 00:00:00, Sys 0 00:00:00  -  Total Local Usage
	10386  -  Run Bytes Sent By Job
	11410  -  Run Bytes Received By Job
	10386  -  Total Bytes Sent By Job
	11410  -  Total Bytes Received By Job
	Partitionable Resources :    Usage  Request Allocated 
	   Cpus                 :        0        1         1 
	   Disk (KB)            :       77        1      3678 
	   GPUs                 :                           0 
	   Memory (MB)          :      142     3000      3000 
	   TimeExecute (s)      :      504                    
	   TimeSlotBusy (s)     :      506                    
...
