000 (16711818.028.000) 08/10 12:09:49 Job submitted from host: <188.184.90.241:9618?addrs=188.184.90.241-9618+[2001-1458-201-e4--100-2eb]-9618&alias=bigbird15.cern.ch&noUDP&sock=schedd_3150_376a>
...
040 (16711818.028.000) 08/10 12:10:44 Started transferring input files
	Transferring to host: <188.185.210.71:9618?addrs=188.185.210.71-9618+[2001-1458-303-1--100-43]-9618&alias=b9p21p1295.cern.ch&noUDP&sock=slot1_21_8813_4e3f_25895>
...
040 (16711818.028.000) 08/10 12:10:44 Finished transferring input files
...
001 (16711818.028.000) 08/10 12:10:45 Job executing on host: <188.185.210.71:9618?addrs=188.185.210.71-9618+[2001-1458-303-1--100-43]-9618&alias=b9p21p1295.cern.ch&noUDP&sock=startd_7572_5735>
	SlotName: slot1_21@b9p21p1295.cern.ch
	CondorScratchDir = "/pool/condor/dir_2014955"
	Cpus = 1
	Disk = 3880
	GPUs = 0
	Memory = 3000
...
006 (16711818.028.000) 08/10 12:10:54 Image size of job updated: 2388
	2  -  MemoryUsage of job (MB)
	1464  -  ResidentSetSize of job (KB)
...
006 (16711818.028.000) 08/10 12:15:55 Image size of job updated: 281792
	276  -  MemoryUsage of job (MB)
	281792  -  ResidentSetSize of job (KB)
...
006 (16711818.028.000) 08/10 12:20:55 Image size of job updated: 281828
	276  -  MemoryUsage of job (MB)
	281828  -  ResidentSetSize of job (KB)
...
006 (16711818.028.000) 08/10 12:26:14 Image size of job updated: 281832
	276  -  MemoryUsage of job (MB)
	281828  -  ResidentSetSize of job (KB)
...
040 (16711818.028.000) 08/10 12:26:14 Started transferring output files
...
040 (16711818.028.000) 08/10 12:26:14 Finished transferring output files
...
005 (16711818.028.000) 08/10 12:26:14 Job terminated.
	(1) Normal termination (return value 0)
		Usr 0 00:09:28, Sys 0 00:00:27  -  Run Remote Usage
		Usr 0 00:00:00, Sys 0 00:00:00  -  Run Local Usage
		Usr 0 00:09:28, Sys 0 00:00:27  -  Total Remote Usage
		Usr 0 00:00:00, Sys 0 00:00:00  -  Total Local Usage
	13130  -  Run Bytes Sent By Job
	11410  -  Run Bytes Received By Job
	13130  -  Total Bytes Sent By Job
	11410  -  Total Bytes Received By Job
	Partitionable Resources :    Usage  Request Allocated 
	   Cpus                 :     0.68        1         1 
	   Disk (KB)            :    74           1      3880 
	   GPUs                 :                           0 
	   Memory (MB)          :   276        3000      3000 
	   TimeExecute (s)      :   929                       
	   TimeSlotBusy (s)     :   931                       
...
