000 (16711818.033.000) 08/10 12:09:49 Job submitted from host: <188.184.90.241:9618?addrs=188.184.90.241-9618+[2001-1458-201-e4--100-2eb]-9618&alias=bigbird15.cern.ch&noUDP&sock=schedd_3150_376a>
...
040 (16711818.033.000) 08/10 12:10:54 Started transferring input files
	Transferring to host: <188.185.211.102:9618?addrs=188.185.211.102-9618+[2001-1458-303-16--100-62]-9618&alias=b9p23p8574.cern.ch&noUDP&sock=slot1_36_4648_afb6_24062>
...
040 (16711818.033.000) 08/10 12:10:54 Finished transferring input files
...
001 (16711818.033.000) 08/10 12:10:55 Job executing on host: <188.185.211.102:9618?addrs=188.185.211.102-9618+[2001-1458-303-16--100-62]-9618&alias=b9p23p8574.cern.ch&noUDP&sock=startd_4027_c3f9>
	SlotName: slot1_36@b9p23p8574.cern.ch
	CondorScratchDir = "/pool/condor/dir_2066194"
	Cpus = 1
	Disk = 3723
	GPUs = 0
	Memory = 3000
...
006 (16711818.033.000) 08/10 12:11:04 Image size of job updated: 11052
	11  -  MemoryUsage of job (MB)
	11052  -  ResidentSetSize of job (KB)
...
006 (16711818.033.000) 08/10 12:16:05 Image size of job updated: 282220
	276  -  MemoryUsage of job (MB)
	282220  -  ResidentSetSize of job (KB)
...
006 (16711818.033.000) 08/10 12:21:05 Image size of job updated: 282240
	276  -  MemoryUsage of job (MB)
	282240  -  ResidentSetSize of job (KB)
...
006 (16711818.033.000) 08/10 12:30:42 Image size of job updated: 282272
	276  -  MemoryUsage of job (MB)
	282240  -  ResidentSetSize of job (KB)
...
040 (16711818.033.000) 08/10 12:30:43 Started transferring output files
...
040 (16711818.033.000) 08/10 12:30:43 Finished transferring output files
...
005 (16711818.033.000) 08/10 12:30:43 Job terminated.
	(1) Normal termination (return value 0)
		Usr 0 00:12:56, Sys 0 00:00:34  -  Run Remote Usage
		Usr 0 00:00:00, Sys 0 00:00:00  -  Run Local Usage
		Usr 0 00:12:56, Sys 0 00:00:34  -  Total Remote Usage
		Usr 0 00:00:00, Sys 0 00:00:00  -  Total Local Usage
	13301  -  Run Bytes Sent By Job
	11410  -  Run Bytes Received By Job
	13301  -  Total Bytes Sent By Job
	11410  -  Total Bytes Received By Job
	Partitionable Resources :    Usage  Request Allocated 
	   Cpus                 :     0.66        1         1 
	   Disk (KB)            :    62           1      3723 
	   GPUs                 :                           0 
	   Memory (MB)          :   276        3000      3000 
	   TimeExecute (s)      :  1187                       
	   TimeSlotBusy (s)     :  1190                       
...
