000 (16711818.042.000) 08/10 12:09:49 Job submitted from host: <188.184.90.241:9618?addrs=188.184.90.241-9618+[2001-1458-201-e4--100-2eb]-9618&alias=bigbird15.cern.ch&noUDP&sock=schedd_3150_376a>
...
040 (16711818.042.000) 08/10 12:10:48 Started transferring input files
	Transferring to host: <188.185.210.147:9618?addrs=188.185.210.147-9618+[2001-1458-303-15--100-f]-9618&alias=b9p22p5119.cern.ch&noUDP&sock=slot1_30_3777_fcf3_25111>
...
040 (16711818.042.000) 08/10 12:10:48 Finished transferring input files
...
001 (16711818.042.000) 08/10 12:10:49 Job executing on host: <188.185.210.147:9618?addrs=188.185.210.147-9618+[2001-1458-303-15--100-f]-9618&alias=b9p22p5119.cern.ch&noUDP&sock=startd_3738_891a>
	SlotName: slot1_30@b9p22p5119.cern.ch
	CondorScratchDir = "/pool/condor/dir_1461913"
	Cpus = 1
	Disk = 3749
	GPUs = 0
	Memory = 3000
...
006 (16711818.042.000) 08/10 12:10:57 Image size of job updated: 3904
	4  -  MemoryUsage of job (MB)
	3904  -  ResidentSetSize of job (KB)
...
006 (16711818.042.000) 08/10 12:15:57 Image size of job updated: 280248
	274  -  MemoryUsage of job (MB)
	280248  -  ResidentSetSize of job (KB)
...
006 (16711818.042.000) 08/10 12:20:58 Image size of job updated: 280264
	274  -  MemoryUsage of job (MB)
	280264  -  ResidentSetSize of job (KB)
...
006 (16711818.042.000) 08/10 12:25:58 Image size of job updated: 280288
	274  -  MemoryUsage of job (MB)
	280288  -  ResidentSetSize of job (KB)
...
040 (16711818.042.000) 08/10 12:26:34 Started transferring output files
...
040 (16711818.042.000) 08/10 12:26:34 Finished transferring output files
...
005 (16711818.042.000) 08/10 12:26:34 Job terminated.
	(1) Normal termination (return value 0)
		Usr 0 00:09:36, Sys 0 00:00:26  -  Run Remote Usage
		Usr 0 00:00:00, Sys 0 00:00:00  -  Run Local Usage
		Usr 0 00:09:36, Sys 0 00:00:26  -  Total Remote Usage
		Usr 0 00:00:00, Sys 0 00:00:00  -  Total Local Usage
	13358  -  Run Bytes Sent By Job
	11410  -  Run Bytes Received By Job
	13358  -  Total Bytes Sent By Job
	11410  -  Total Bytes Received By Job
	Partitionable Resources :    Usage  Request Allocated 
	   Cpus                 :     0.64        1         1 
	   Disk (KB)            :    74           1      3749 
	   GPUs                 :                           0 
	   Memory (MB)          :   274        3000      3000 
	   TimeExecute (s)      :   945                       
	   TimeSlotBusy (s)     :   947                       
...
