000 (16711818.038.000) 08/10 12:09:49 Job submitted from host: <188.184.90.241:9618?addrs=188.184.90.241-9618+[2001-1458-201-e4--100-2eb]-9618&alias=bigbird15.cern.ch&noUDP&sock=schedd_3150_376a>
...
040 (16711818.038.000) 08/10 12:10:47 Started transferring input files
	Transferring to host: <188.185.214.52:9618?addrs=188.185.214.52-9618+[2001-1458-303-1c--100-30]-9618&alias=b9p29p8321.cern.ch&noUDP&sock=slot1_12_7018_90d6_33543>
...
040 (16711818.038.000) 08/10 12:10:47 Finished transferring input files
...
001 (16711818.038.000) 08/10 12:10:48 Job executing on host: <188.185.214.52:9618?addrs=188.185.214.52-9618+[2001-1458-303-1c--100-30]-9618&alias=b9p29p8321.cern.ch&noUDP&sock=startd_6136_5d36>
	SlotName: slot1_12@b9p29p8321.cern.ch
	CondorScratchDir = "/pool/condor/dir_2506567"
	Cpus = 1
	Disk = 3732
	GPUs = 0
	Memory = 3000
...
006 (16711818.038.000) 08/10 12:10:57 Image size of job updated: 3916
	4  -  MemoryUsage of job (MB)
	3916  -  ResidentSetSize of job (KB)
...
006 (16711818.038.000) 08/10 12:15:58 Image size of job updated: 282856
	277  -  MemoryUsage of job (MB)
	282856  -  ResidentSetSize of job (KB)
...
006 (16711818.038.000) 08/10 12:20:58 Image size of job updated: 282872
	277  -  MemoryUsage of job (MB)
	282872  -  ResidentSetSize of job (KB)
...
006 (16711818.038.000) 08/10 12:23:51 Image size of job updated: 282876
	277  -  MemoryUsage of job (MB)
	282872  -  ResidentSetSize of job (KB)
...
040 (16711818.038.000) 08/10 12:23:51 Started transferring output files
...
040 (16711818.038.000) 08/10 12:23:51 Finished transferring output files
...
005 (16711818.038.000) 08/10 12:23:51 Job terminated.
	(1) Normal termination (return value 0)
		Usr 0 00:07:28, Sys 0 00:00:21  -  Run Remote Usage
		Usr 0 00:00:00, Sys 0 00:00:00  -  Run Local Usage
		Usr 0 00:07:28, Sys 0 00:00:21  -  Total Remote Usage
		Usr 0 00:00:00, Sys 0 00:00:00  -  Total Local Usage
	12788  -  Run Bytes Sent By Job
	11410  -  Run Bytes Received By Job
	12788  -  Total Bytes Sent By Job
	11410  -  Total Bytes Received By Job
	Partitionable Resources :    Usage  Request Allocated 
	   Cpus                 :     0.78        1         1 
	   Disk (KB)            :    73           1      3732 
	   GPUs                 :                           0 
	   Memory (MB)          :   277        3000      3000 
	   TimeExecute (s)      :   783                       
	   TimeSlotBusy (s)     :   785                       
...
