000 (16711818.044.000) 08/10 12:09:49 Job submitted from host: <188.184.90.241:9618?addrs=188.184.90.241-9618+[2001-1458-201-e4--100-2eb]-9618&alias=bigbird15.cern.ch&noUDP&sock=schedd_3150_376a>
...
040 (16711818.044.000) 08/10 12:10:49 Started transferring input files
	Transferring to host: <188.185.211.155:9618?addrs=188.185.211.155-9618+[2001-1458-303-17--100-17]-9618&alias=b9p24p6645.cern.ch&noUDP&sock=slot1_12_3242_083d_27475>
...
040 (16711818.044.000) 08/10 12:10:49 Finished transferring input files
...
001 (16711818.044.000) 08/10 12:10:50 Job executing on host: <188.185.211.155:9618?addrs=188.185.211.155-9618+[2001-1458-303-17--100-17]-9618&alias=b9p24p6645.cern.ch&noUDP&sock=startd_2683_e4b0>
	SlotName: slot1_12@b9p24p6645.cern.ch
	CondorScratchDir = "/pool/condor/dir_3199388"
	Cpus = 1
	Disk = 3837
	GPUs = 0
	Memory = 3000
...
006 (16711818.044.000) 08/10 12:10:58 Image size of job updated: 11060
	4  -  MemoryUsage of job (MB)
	3904  -  ResidentSetSize of job (KB)
...
006 (16711818.044.000) 08/10 12:15:58 Image size of job updated: 280908
	275  -  MemoryUsage of job (MB)
	280908  -  ResidentSetSize of job (KB)
...
006 (16711818.044.000) 08/10 12:25:59 Image size of job updated: 280912
	275  -  MemoryUsage of job (MB)
	280912  -  ResidentSetSize of job (KB)
...
040 (16711818.044.000) 08/10 12:26:05 Started transferring output files
...
040 (16711818.044.000) 08/10 12:26:05 Finished transferring output files
...
005 (16711818.044.000) 08/10 12:26:05 Job terminated.
	(1) Normal termination (return value 0)
		Usr 0 00:08:34, Sys 0 00:00:24  -  Run Remote Usage
		Usr 0 00:00:00, Sys 0 00:00:00  -  Run Local Usage
		Usr 0 00:08:34, Sys 0 00:00:24  -  Total Remote Usage
		Usr 0 00:00:00, Sys 0 00:00:00  -  Total Local Usage
	13358  -  Run Bytes Sent By Job
	11410  -  Run Bytes Received By Job
	13358  -  Total Bytes Sent By Job
	11410  -  Total Bytes Received By Job
	Partitionable Resources :    Usage  Request Allocated 
	   Cpus                 :     0.60        1         1 
	   Disk (KB)            :    74           1      3837 
	   GPUs                 :                           0 
	   Memory (MB)          :   275        3000      3000 
	   TimeExecute (s)      :   915                       
	   TimeSlotBusy (s)     :   917                       
...
