000 (16711818.040.000) 08/10 12:09:49 Job submitted from host: <188.184.90.241:9618?addrs=188.184.90.241-9618+[2001-1458-201-e4--100-2eb]-9618&alias=bigbird15.cern.ch&noUDP&sock=schedd_3150_376a>
...
040 (16711818.040.000) 08/10 12:10:47 Started transferring input files
	Transferring to host: <188.185.195.86:9618?addrs=188.185.195.86-9618+[2001-1458-303-22--100-52]-9618&alias=b9p17p4088.cern.ch&noUDP&sock=slot1_17_4675_b5d7_24326>
...
040 (16711818.040.000) 08/10 12:10:47 Finished transferring input files
...
001 (16711818.040.000) 08/10 12:10:48 Job executing on host: <188.185.195.86:9618?addrs=188.185.195.86-9618+[2001-1458-303-22--100-52]-9618&alias=b9p17p4088.cern.ch&noUDP&sock=startd_3679_1104>
	SlotName: slot1_17@b9p17p4088.cern.ch
	CondorScratchDir = "/pool/condor/dir_2191056"
	Cpus = 1
	Disk = 3890
	GPUs = 0
	Memory = 3000
...
006 (16711818.040.000) 08/10 12:10:57 Image size of job updated: 3912
	4  -  MemoryUsage of job (MB)
	3912  -  ResidentSetSize of job (KB)
...
006 (16711818.040.000) 08/10 12:15:58 Image size of job updated: 278308
	272  -  MemoryUsage of job (MB)
	278308  -  ResidentSetSize of job (KB)
...
006 (16711818.040.000) 08/10 12:25:58 Image size of job updated: 278324
	272  -  MemoryUsage of job (MB)
	278324  -  ResidentSetSize of job (KB)
...
040 (16711818.040.000) 08/10 12:26:42 Started transferring output files
...
040 (16711818.040.000) 08/10 12:26:42 Finished transferring output files
...
005 (16711818.040.000) 08/10 12:26:43 Job terminated.
	(1) Normal termination (return value 0)
		Usr 0 00:11:53, Sys 0 00:00:18  -  Run Remote Usage
		Usr 0 00:00:00, Sys 0 00:00:00  -  Run Local Usage
		Usr 0 00:11:53, Sys 0 00:00:18  -  Total Remote Usage
		Usr 0 00:00:00, Sys 0 00:00:00  -  Total Local Usage
	13358  -  Run Bytes Sent By Job
	11410  -  Run Bytes Received By Job
	13358  -  Total Bytes Sent By Job
	11410  -  Total Bytes Received By Job
	Partitionable Resources :    Usage  Request Allocated 
	   Cpus                 :     0.79        1         1 
	   Disk (KB)            :    74           1      3890 
	   GPUs                 :                           0 
	   Memory (MB)          :   272        3000      3000 
	   TimeExecute (s)      :   954                       
	   TimeSlotBusy (s)     :   956                       
...
