000 (16711818.039.000) 08/10 12:09:49 Job submitted from host: <188.184.90.241:9618?addrs=188.184.90.241-9618+[2001-1458-201-e4--100-2eb]-9618&alias=bigbird15.cern.ch&noUDP&sock=schedd_3150_376a>
...
040 (16711818.039.000) 08/10 12:10:47 Started transferring input files
	Transferring to host: <188.185.213.159:9618?addrs=188.185.213.159-9618+[2001-1458-303-1b--100-1b]-9618&alias=b9p28p6942.cern.ch&noUDP&sock=slot1_16_3924_9019_25260>
...
040 (16711818.039.000) 08/10 12:10:47 Finished transferring input files
...
001 (16711818.039.000) 08/10 12:10:48 Job executing on host: <188.185.213.159:9618?addrs=188.185.213.159-9618+[2001-1458-303-1b--100-1b]-9618&alias=b9p28p6942.cern.ch&noUDP&sock=startd_3252_2e13>
	SlotName: slot1_16@b9p28p6942.cern.ch
	CondorScratchDir = "/pool/condor/dir_3876648"
	Cpus = 1
	Disk = 3755
	GPUs = 0
	Memory = 3000
...
006 (16711818.039.000) 08/10 12:10:57 Image size of job updated: 3912
	4  -  MemoryUsage of job (MB)
	3912  -  ResidentSetSize of job (KB)
...
006 (16711818.039.000) 08/10 12:15:58 Image size of job updated: 281868
	276  -  MemoryUsage of job (MB)
	281868  -  ResidentSetSize of job (KB)
...
006 (16711818.039.000) 08/10 12:20:58 Image size of job updated: 281888
	276  -  MemoryUsage of job (MB)
	281888  -  ResidentSetSize of job (KB)
...
006 (16711818.039.000) 08/10 12:27:25 Image size of job updated: 292696
	276  -  MemoryUsage of job (MB)
	281888  -  ResidentSetSize of job (KB)
...
040 (16711818.039.000) 08/10 12:27:25 Started transferring output files
...
040 (16711818.039.000) 08/10 12:27:25 Finished transferring output files
...
005 (16711818.039.000) 08/10 12:27:25 Job terminated.
	(1) Normal termination (return value 0)
		Usr 0 00:09:31, Sys 0 00:00:25  -  Run Remote Usage
		Usr 0 00:00:00, Sys 0 00:00:00  -  Run Local Usage
		Usr 0 00:09:31, Sys 0 00:00:25  -  Total Remote Usage
		Usr 0 00:00:00, Sys 0 00:00:00  -  Total Local Usage
	13358  -  Run Bytes Sent By Job
	11410  -  Run Bytes Received By Job
	13358  -  Total Bytes Sent By Job
	11410  -  Total Bytes Received By Job
	Partitionable Resources :    Usage  Request Allocated 
	   Cpus                 :     0.66        1         1 
	   Disk (KB)            :    74           1      3755 
	   GPUs                 :                           0 
	   Memory (MB)          :   276        3000      3000 
	   TimeExecute (s)      :   997                       
	   TimeSlotBusy (s)     :   999                       
...
