000 (16711818.037.000) 08/10 12:09:49 Job submitted from host: <188.184.90.241:9618?addrs=188.184.90.241-9618+[2001-1458-201-e4--100-2eb]-9618&alias=bigbird15.cern.ch&noUDP&sock=schedd_3150_376a>
...
040 (16711818.037.000) 08/10 12:10:46 Started transferring input files
	Transferring to host: <188.185.215.10:9618?addrs=188.185.215.10-9618+[2001-1458-303-1e--100-6]-9618&alias=b9p31p1927.cern.ch&noUDP&sock=slot1_31_4770_a57b_17832>
...
040 (16711818.037.000) 08/10 12:10:46 Finished transferring input files
...
001 (16711818.037.000) 08/10 12:10:47 Job executing on host: <188.185.215.10:9618?addrs=188.185.215.10-9618+[2001-1458-303-1e--100-6]-9618&alias=b9p31p1927.cern.ch&noUDP&sock=startd_4117_7f7f>
	SlotName: slot1_31@b9p31p1927.cern.ch
	CondorScratchDir = "/pool/condor/dir_1343292"
	Cpus = 1
	Disk = 3729
	GPUs = 0
	Memory = 3000
...
006 (16711818.037.000) 08/10 12:10:55 Image size of job updated: 3920
	4  -  MemoryUsage of job (MB)
	3920  -  ResidentSetSize of job (KB)
...
006 (16711818.037.000) 08/10 12:15:55 Image size of job updated: 281496
	275  -  MemoryUsage of job (MB)
	281496  -  ResidentSetSize of job (KB)
...
006 (16711818.037.000) 08/10 12:25:56 Image size of job updated: 281504
	275  -  MemoryUsage of job (MB)
	281504  -  ResidentSetSize of job (KB)
...
006 (16711818.037.000) 08/10 12:26:34 Image size of job updated: 288592
	275  -  MemoryUsage of job (MB)
	281504  -  ResidentSetSize of job (KB)
...
040 (16711818.037.000) 08/10 12:26:34 Started transferring output files
...
040 (16711818.037.000) 08/10 12:26:34 Finished transferring output files
...
005 (16711818.037.000) 08/10 12:26:34 Job terminated.
	(1) Normal termination (return value 0)
		Usr 0 00:09:36, Sys 0 00:00:28  -  Run Remote Usage
		Usr 0 00:00:00, Sys 0 00:00:00  -  Run Local Usage
		Usr 0 00:09:36, Sys 0 00:00:28  -  Total Remote Usage
		Usr 0 00:00:00, Sys 0 00:00:00  -  Total Local Usage
	13358  -  Run Bytes Sent By Job
	11410  -  Run Bytes Received By Job
	13358  -  Total Bytes Sent By Job
	11410  -  Total Bytes Received By Job
	Partitionable Resources :    Usage  Request Allocated 
	   Cpus                 :     0.67        1         1 
	   Disk (KB)            :    74           1      3729 
	   GPUs                 :                           0 
	   Memory (MB)          :   275        3000      3000 
	   TimeExecute (s)      :   947                       
	   TimeSlotBusy (s)     :   949                       
...
