000 (16711818.034.000) 08/10 12:09:49 Job submitted from host: <188.184.90.241:9618?addrs=188.184.90.241-9618+[2001-1458-201-e4--100-2eb]-9618&alias=bigbird15.cern.ch&noUDP&sock=schedd_3150_376a>
...
040 (16711818.034.000) 08/10 12:10:45 Started transferring input files
	Transferring to host: <188.185.192.8:9618?addrs=188.185.192.8-9618+[2001-1458-303-1f--100-4]-9618&alias=b9p13p5956.cern.ch&noUDP&sock=slot1_5_5618_239e_25026>
...
040 (16711818.034.000) 08/10 12:10:45 Finished transferring input files
...
001 (16711818.034.000) 08/10 12:10:46 Job executing on host: <188.185.192.8:9618?addrs=188.185.192.8-9618+[2001-1458-303-1f--100-4]-9618&alias=b9p13p5956.cern.ch&noUDP&sock=startd_4307_d27e>
	SlotName: slot1_5@b9p13p5956.cern.ch
	CondorScratchDir = "/pool/condor/dir_221707"
	Cpus = 1
	Disk = 3894
	GPUs = 0
	Memory = 3000
...
006 (16711818.034.000) 08/10 12:10:54 Image size of job updated: 3896
	4  -  MemoryUsage of job (MB)
	3896  -  ResidentSetSize of job (KB)
...
006 (16711818.034.000) 08/10 12:13:36 Image size of job updated: 297220
	4  -  MemoryUsage of job (MB)
	3896  -  ResidentSetSize of job (KB)
...
040 (16711818.034.000) 08/10 12:13:36 Started transferring output files
...
040 (16711818.034.000) 08/10 12:13:36 Finished transferring output files
...
005 (16711818.034.000) 08/10 12:13:36 Job terminated.
	(1) Normal termination (return value 0)
		Usr 0 00:01:45, Sys 0 00:00:11  -  Run Remote Usage
		Usr 0 00:00:00, Sys 0 00:00:00  -  Run Local Usage
		Usr 0 00:01:45, Sys 0 00:00:11  -  Total Remote Usage
		Usr 0 00:00:00, Sys 0 00:00:00  -  Total Local Usage
	10958  -  Run Bytes Sent By Job
	11409  -  Run Bytes Received By Job
	10958  -  Total Bytes Sent By Job
	11409  -  Total Bytes Received By Job
	Partitionable Resources :    Usage  Request Allocated 
	   Cpus                 :        0        1         1 
	   Disk (KB)            :       74        1      3894 
	   GPUs                 :                           0 
	   Memory (MB)          :        4     3000      3000 
	   TimeExecute (s)      :      170                    
	   TimeSlotBusy (s)     :      172                    
...
