000 (16711818.045.000) 08/10 12:09:49 Job submitted from host: <188.184.90.241:9618?addrs=188.184.90.241-9618+[2001-1458-201-e4--100-2eb]-9618&alias=bigbird15.cern.ch&noUDP&sock=schedd_3150_376a>
...
040 (16711818.045.000) 08/10 12:10:49 Started transferring input files
	Transferring to host: <188.185.212.17:9618?addrs=188.185.212.17-9618+[2001-1458-303-18--100-d]-9618&alias=b9p25p5550.cern.ch&noUDP&sock=slot1_27_5396_b855_27673>
...
040 (16711818.045.000) 08/10 12:10:49 Finished transferring input files
...
001 (16711818.045.000) 08/10 12:10:50 Job executing on host: <188.185.212.17:9618?addrs=188.185.212.17-9618+[2001-1458-303-18--100-d]-9618&alias=b9p25p5550.cern.ch&noUDP&sock=startd_4371_b88d>
	SlotName: slot1_27@b9p25p5550.cern.ch
	CondorScratchDir = "/pool/condor/dir_1441568"
	Cpus = 1
	Disk = 3770
	GPUs = 0
	Memory = 3000
...
006 (16711818.045.000) 08/10 12:10:58 Image size of job updated: 3888
	4  -  MemoryUsage of job (MB)
	3888  -  ResidentSetSize of job (KB)
...
006 (16711818.045.000) 08/10 12:15:40 Image size of job updated: 292304
	4  -  MemoryUsage of job (MB)
	3888  -  ResidentSetSize of job (KB)
...
040 (16711818.045.000) 08/10 12:15:41 Started transferring output files
...
040 (16711818.045.000) 08/10 12:15:41 Finished transferring output files
...
005 (16711818.045.000) 08/10 12:15:41 Job terminated.
	(1) Normal termination (return value 0)
		Usr 0 00:03:18, Sys 0 00:00:15  -  Run Remote Usage
		Usr 0 00:00:00, Sys 0 00:00:00  -  Run Local Usage
		Usr 0 00:03:18, Sys 0 00:00:15  -  Total Remote Usage
		Usr 0 00:00:00, Sys 0 00:00:00  -  Total Local Usage
	11534  -  Run Bytes Sent By Job
	11409  -  Run Bytes Received By Job
	11534  -  Total Bytes Sent By Job
	11409  -  Total Bytes Received By Job
	Partitionable Resources :    Usage  Request Allocated 
	   Cpus                 :     0.75        1         1 
	   Disk (KB)            :    74           1      3770 
	   GPUs                 :                           0 
	   Memory (MB)          :     4        3000      3000 
	   TimeExecute (s)      :   290                       
	   TimeSlotBusy (s)     :   293                       
...
