000 (16711818.052.000) 08/10 12:09:49 Job submitted from host: <188.184.90.241:9618?addrs=188.184.90.241-9618+[2001-1458-201-e4--100-2eb]-9618&alias=bigbird15.cern.ch&noUDP&sock=schedd_3150_376a>
...
040 (16711818.052.000) 08/10 12:10:51 Started transferring input files
	Transferring to host: <188.185.192.128:9618?addrs=188.185.192.128-9618+[2001-1458-303-1f--100-7c]-9618&alias=b9p13p4991.cern.ch&noUDP&sock=slot1_47_3465_27e6_25672>
...
040 (16711818.052.000) 08/10 12:10:51 Finished transferring input files
...
001 (16711818.052.000) 08/10 12:10:52 Job executing on host: <188.185.192.128:9618?addrs=188.185.192.128-9618+[2001-1458-303-1f--100-7c]-9618&alias=b9p13p4991.cern.ch&noUDP&sock=startd_2687_a311>
	SlotName: slot1_47@b9p13p4991.cern.ch
	CondorScratchDir = "/pool/condor/dir_591151"
	Cpus = 1
	Disk = 3767
	GPUs = 0
	Memory = 3000
...
006 (16711818.052.000) 08/10 12:11:01 Image size of job updated: 3920
	4  -  MemoryUsage of job (MB)
	3920  -  ResidentSetSize of job (KB)
...
006 (16711818.052.000) 08/10 12:16:02 Image size of job updated: 281912
	276  -  MemoryUsage of job (MB)
	281912  -  ResidentSetSize of job (KB)
...
006 (16711818.052.000) 08/10 12:21:02 Image size of job updated: 281916
	276  -  MemoryUsage of job (MB)
	281916  -  ResidentSetSize of job (KB)
...
006 (16711818.052.000) 08/10 12:26:02 Image size of job updated: 281920
	276  -  MemoryUsage of job (MB)
	281920  -  ResidentSetSize of job (KB)
...
040 (16711818.052.000) 08/10 12:27:06 Started transferring output files
...
040 (16711818.052.000) 08/10 12:27:06 Finished transferring output files
...
005 (16711818.052.000) 08/10 12:27:07 Job terminated.
	(1) Normal termination (return value 0)
		Usr 0 00:12:07, Sys 0 00:00:22  -  Run Remote Usage
		Usr 0 00:00:00, Sys 0 00:00:00  -  Run Local Usage
		Usr 0 00:12:07, Sys 0 00:00:22  -  Total Remote Usage
		Usr 0 00:00:00, Sys 0 00:00:00  -  Total Local Usage
	13357  -  Run Bytes Sent By Job
	11410  -  Run Bytes Received By Job
	13357  -  Total Bytes Sent By Job
	11410  -  Total Bytes Received By Job
	Partitionable Resources :    Usage  Request Allocated 
	   Cpus                 :     0.76        1         1 
	   Disk (KB)            :    74           1      3767 
	   GPUs                 :                           0 
	   Memory (MB)          :   276        3000      3000 
	   TimeExecute (s)      :   974                       
	   TimeSlotBusy (s)     :   976                       
...
