000 (16711818.054.000) 08/10 12:09:49 Job submitted from host: <188.184.90.241:9618?addrs=188.184.90.241-9618+[2001-1458-201-e4--100-2eb]-9618&alias=bigbird15.cern.ch&noUDP&sock=schedd_3150_376a>
...
040 (16711818.054.000) 08/10 12:10:52 Started transferring input files
	Transferring to host: <188.185.208.216:9618?addrs=188.185.208.216-9618+[2001-1458-303-10--100-55]-9618&alias=b9p10p2529.cern.ch&noUDP&sock=slot1_18_4655_9e56_24572>
...
040 (16711818.054.000) 08/10 12:10:52 Finished transferring input files
...
001 (16711818.054.000) 08/10 12:10:53 Job executing on host: <188.185.208.216:9618?addrs=188.185.208.216-9618+[2001-1458-303-10--100-55]-9618&alias=b9p10p2529.cern.ch&noUDP&sock=startd_3923_6e1f>
	SlotName: slot1_18@b9p10p2529.cern.ch
	CondorScratchDir = "/pool/condor/dir_2905811"
	Cpus = 1
	Disk = 3756
	GPUs = 0
	Memory = 3000
...
006 (16711818.054.000) 08/10 12:11:02 Image size of job updated: 3884
	2  -  MemoryUsage of job (MB)
	1180  -  ResidentSetSize of job (KB)
...
006 (16711818.054.000) 08/10 12:16:03 Image size of job updated: 281288
	275  -  MemoryUsage of job (MB)
	281288  -  ResidentSetSize of job (KB)
...
006 (16711818.054.000) 08/10 12:20:29 Image size of job updated: 288872
	275  -  MemoryUsage of job (MB)
	281288  -  ResidentSetSize of job (KB)
...
040 (16711818.054.000) 08/10 12:20:29 Started transferring output files
...
040 (16711818.054.000) 08/10 12:20:29 Finished transferring output files
...
005 (16711818.054.000) 08/10 12:20:29 Job terminated.
	(1) Normal termination (return value 0)
		Usr 0 00:06:06, Sys 0 00:00:19  -  Run Remote Usage
		Usr 0 00:00:00, Sys 0 00:00:00  -  Run Local Usage
		Usr 0 00:06:06, Sys 0 00:00:19  -  Total Remote Usage
		Usr 0 00:00:00, Sys 0 00:00:00  -  Total Local Usage
	13358  -  Run Bytes Sent By Job
	11410  -  Run Bytes Received By Job
	13358  -  Total Bytes Sent By Job
	11410  -  Total Bytes Received By Job
	Partitionable Resources :    Usage  Request Allocated 
	   Cpus                 :     0.67        1         1 
	   Disk (KB)            :    65           1      3756 
	   GPUs                 :                           0 
	   Memory (MB)          :   275        3000      3000 
	   TimeExecute (s)      :   576                       
	   TimeSlotBusy (s)     :   578                       
...
