000 (16711818.055.000) 08/10 12:09:49 Job submitted from host: <188.184.90.241:9618?addrs=188.184.90.241-9618+[2001-1458-201-e4--100-2eb]-9618&alias=bigbird15.cern.ch&noUDP&sock=schedd_3150_376a>
...
040 (16711818.055.000) 08/10 12:10:52 Started transferring input files
	Transferring to host: <188.185.193.26:9618?addrs=188.185.193.26-9618+[2001-1458-303-20--100-16]-9618&alias=b9p19p1906.cern.ch&noUDP&sock=slot1_24_3343_3221_21306>
...
040 (16711818.055.000) 08/10 12:10:52 Finished transferring input files
...
001 (16711818.055.000) 08/10 12:10:53 Job executing on host: <188.185.193.26:9618?addrs=188.185.193.26-9618+[2001-1458-303-20--100-16]-9618&alias=b9p19p1906.cern.ch&noUDP&sock=startd_2566_a41b>
	SlotName: slot1_24@b9p19p1906.cern.ch
	CondorScratchDir = "/pool/condor/dir_3257378"
	Cpus = 1
	Disk = 3935
	GPUs = 0
	Memory = 3000
...
006 (16711818.055.000) 08/10 12:11:02 Image size of job updated: 11060
	4  -  MemoryUsage of job (MB)
	3912  -  ResidentSetSize of job (KB)
...
006 (16711818.055.000) 08/10 12:16:03 Image size of job updated: 281516
	275  -  MemoryUsage of job (MB)
	281516  -  ResidentSetSize of job (KB)
...
006 (16711818.055.000) 08/10 12:21:03 Image size of job updated: 281524
	275  -  MemoryUsage of job (MB)
	281524  -  ResidentSetSize of job (KB)
...
040 (16711818.055.000) 08/10 12:28:15 Started transferring output files
...
040 (16711818.055.000) 08/10 12:28:15 Finished transferring output files
...
005 (16711818.055.000) 08/10 12:28:15 Job terminated.
	(1) Normal termination (return value 0)
		Usr 0 00:12:26, Sys 0 00:00:25  -  Run Remote Usage
		Usr 0 00:00:00, Sys 0 00:00:00  -  Run Local Usage
		Usr 0 00:12:26, Sys 0 00:00:25  -  Total Remote Usage
		Usr 0 00:00:00, Sys 0 00:00:00  -  Total Local Usage
	13358  -  Run Bytes Sent By Job
	11410  -  Run Bytes Received By Job
	13358  -  Total Bytes Sent By Job
	11410  -  Total Bytes Received By Job
	Partitionable Resources :    Usage  Request Allocated 
	   Cpus                 :     0.72        1         1 
	   Disk (KB)            :    73           1      3935 
	   GPUs                 :                           0 
	   Memory (MB)          :   275        3000      3000 
	   TimeExecute (s)      :  1042                       
	   TimeSlotBusy (s)     :  1044                       
...
