000 (16711818.053.000) 08/10 12:09:49 Job submitted from host: <188.184.90.241:9618?addrs=188.184.90.241-9618+[2001-1458-201-e4--100-2eb]-9618&alias=bigbird15.cern.ch&noUDP&sock=schedd_3150_376a>
...
040 (16711818.053.000) 08/10 12:10:52 Started transferring input files
	Transferring to host: <188.185.197.167:9618?addrs=188.185.197.167-9618+[2001-1458-303-24--100-a3]-9618&alias=b9p14p8721.cern.ch&noUDP&sock=slot1_2_6391_c99d_16841>
...
040 (16711818.053.000) 08/10 12:10:52 Finished transferring input files
...
001 (16711818.053.000) 08/10 12:10:53 Job executing on host: <188.185.197.167:9618?addrs=188.185.197.167-9618+[2001-1458-303-24--100-a3]-9618&alias=b9p14p8721.cern.ch&noUDP&sock=startd_5366_3549>
	SlotName: slot1_2@b9p14p8721.cern.ch
	CondorScratchDir = "/pool/condor/dir_2053571"
	Cpus = 1
	Disk = 3953
	GPUs = 0
	Memory = 3000
...
006 (16711818.053.000) 08/10 12:11:02 Image size of job updated: 1576
	2  -  MemoryUsage of job (MB)
	1432  -  ResidentSetSize of job (KB)
...
006 (16711818.053.000) 08/10 12:16:03 Image size of job updated: 282036
	276  -  MemoryUsage of job (MB)
	282036  -  ResidentSetSize of job (KB)
...
006 (16711818.053.000) 08/10 12:21:03 Image size of job updated: 282060
	276  -  MemoryUsage of job (MB)
	282060  -  ResidentSetSize of job (KB)
...
006 (16711818.053.000) 08/10 12:26:04 Image size of job updated: 282068
	276  -  MemoryUsage of job (MB)
	282068  -  ResidentSetSize of job (KB)
...
040 (16711818.053.000) 08/10 12:27:42 Started transferring output files
...
040 (16711818.053.000) 08/10 12:27:42 Finished transferring output files
...
005 (16711818.053.000) 08/10 12:27:42 Job terminated.
	(1) Normal termination (return value 0)
		Usr 0 00:12:21, Sys 0 00:00:23  -  Run Remote Usage
		Usr 0 00:00:00, Sys 0 00:00:00  -  Run Local Usage
		Usr 0 00:12:21, Sys 0 00:00:23  -  Total Remote Usage
		Usr 0 00:00:00, Sys 0 00:00:00  -  Total Local Usage
	13358  -  Run Bytes Sent By Job
	11410  -  Run Bytes Received By Job
	13358  -  Total Bytes Sent By Job
	11410  -  Total Bytes Received By Job
	Partitionable Resources :    Usage  Request Allocated 
	   Cpus                 :     0.68        1         1 
	   Disk (KB)            :    74           1      3953 
	   GPUs                 :                           0 
	   Memory (MB)          :   276        3000      3000 
	   TimeExecute (s)      :  1009                       
	   TimeSlotBusy (s)     :  1011                       
...
