000 (16711817.000.000) 08/10 12:04:59 Job submitted from host: <188.184.90.241:9618?addrs=188.184.90.241-9618+[2001-1458-201-e4--100-2eb]-9618&alias=bigbird15.cern.ch&noUDP&sock=schedd_3150_376a>
...
040 (16711817.000.000) 08/10 12:05:29 Started transferring input files
	Transferring to host: <188.185.193.13:9618?addrs=188.185.193.13-9618+[2001-1458-303-20--100-9]-9618&alias=b9p19p6576.cern.ch&noUDP&sock=slot1_41_4216_4da5_23345>
...
040 (16711817.000.000) 08/10 12:05:29 Finished transferring input files
...
001 (16711817.000.000) 08/10 12:05:30 Job executing on host: <188.185.193.13:9618?addrs=188.185.193.13-9618+[2001-1458-303-20--100-9]-9618&alias=b9p19p6576.cern.ch&noUDP&sock=startd_3147_28a1>
	SlotName: slot1_41@b9p19p6576.cern.ch
	CondorScratchDir = "/pool/condor/dir_150822"
	Cpus = 1
	Disk = 3815
	GPUs = 0
	Memory = 3000
...
006 (16711817.000.000) 08/10 12:05:39 Image size of job updated: 3908
	4  -  MemoryUsage of job (MB)
	3908  -  ResidentSetSize of job (KB)
...
006 (16711817.000.000) 08/10 12:06:45 Image size of job updated: 340012
	4  -  MemoryUsage of job (MB)
	3908  -  ResidentSetSize of job (KB)
...
040 (16711817.000.000) 08/10 12:06:45 Started transferring output files
...
040 (16711817.000.000) 08/10 12:06:45 Finished transferring output files
...
005 (16711817.000.000) 08/10 12:06:45 Job terminated.
	(1) Normal termination (return value 0)
		Usr 0 00:00:40, Sys 0 00:00:09  -  Run Remote Usage
		Usr 0 00:00:00, Sys 0 00:00:00  -  Run Local Usage
		Usr 0 00:00:40, Sys 0 00:00:09  -  Total Remote Usage
		Usr 0 00:00:00, Sys 0 00:00:00  -  Total Local Usage
	10740  -  Run Bytes Sent By Job
	11410  -  Run Bytes Received By Job
	10740  -  Total Bytes Sent By Job
	11410  -  Total Bytes Received By Job
	Partitionable Resources :    Usage  Request Allocated 
	   Cpus                 :                 1         1 
	   Disk (KB)            :       65        1      3815 
	   GPUs                 :                           0 
	   Memory (MB)          :        4     3000      3000 
	   TimeExecute (s)      :       75                    
	   TimeSlotBusy (s)     :       77                    
...
000 (16711818.065.000) 08/10 12:09:49 Job submitted from host: <188.184.90.241:9618?addrs=188.184.90.241-9618+[2001-1458-201-e4--100-2eb]-9618&alias=bigbird15.cern.ch&noUDP&sock=schedd_3150_376a>
...
040 (16711818.065.000) 08/10 12:10:57 Started transferring input files
	Transferring to host: <188.185.196.133:9618?addrs=188.185.196.133-9618+[2001-1458-303-23--100-81]-9618&alias=b9p16p2227.cern.ch&noUDP&sock=slot1_4_3233_b0dd_25525>
...
040 (16711818.065.000) 08/10 12:10:57 Finished transferring input files
...
001 (16711818.065.000) 08/10 12:10:58 Job executing on host: <188.185.196.133:9618?addrs=188.185.196.133-9618+[2001-1458-303-23--100-81]-9618&alias=b9p16p2227.cern.ch&noUDP&sock=startd_2644_247e>
	SlotName: slot1_4@b9p16p2227.cern.ch
	CondorScratchDir = "/pool/condor/dir_3769893"
	Cpus = 1
	Disk = 3783
	GPUs = 0
	Memory = 3000
...
006 (16711818.065.000) 08/10 12:11:07 Image size of job updated: 3908
	4  -  MemoryUsage of job (MB)
	3908  -  ResidentSetSize of job (KB)
...
006 (16711818.065.000) 08/10 12:12:08 Image size of job updated: 342940
	4  -  MemoryUsage of job (MB)
	3908  -  ResidentSetSize of job (KB)
...
040 (16711818.065.000) 08/10 12:12:08 Started transferring output files
...
040 (16711818.065.000) 08/10 12:12:08 Finished transferring output files
...
005 (16711818.065.000) 08/10 12:12:08 Job terminated.
	(1) Normal termination (return value 0)
		Usr 0 00:00:45, Sys 0 00:00:09  -  Run Remote Usage
		Usr 0 00:00:00, Sys 0 00:00:00  -  Run Local Usage
		Usr 0 00:00:45, Sys 0 00:00:09  -  Total Remote Usage
		Usr 0 00:00:00, Sys 0 00:00:00  -  Total Local Usage
	10741  -  Run Bytes Sent By Job
	11410  -  Run Bytes Received By Job
	10741  -  Total Bytes Sent By Job
	11410  -  Total Bytes Received By Job
	Partitionable Resources :    Usage  Request Allocated 
	   Cpus                 :        0        1         1 
	   Disk (KB)            :       74        1      3783 
	   GPUs                 :                           0 
	   Memory (MB)          :        4     3000      3000 
	   TimeExecute (s)      :       70                    
	   TimeSlotBusy (s)     :       72                    
...
