000 (16711818.059.000) 08/10 12:09:49 Job submitted from host: <188.184.90.241:9618?addrs=188.184.90.241-9618+[2001-1458-201-e4--100-2eb]-9618&alias=bigbird15.cern.ch&noUDP&sock=schedd_3150_376a>
...
040 (16711818.059.000) 08/10 12:10:53 Started transferring input files
	Transferring to host: <188.185.192.59:9618?addrs=188.185.192.59-9618+[2001-1458-303-1f--100-37]-9618&alias=b9p13p2862.cern.ch&noUDP&sock=slot1_27_7459_4a48_25137>
...
040 (16711818.059.000) 08/10 12:10:53 Finished transferring input files
...
001 (16711818.059.000) 08/10 12:10:54 Job executing on host: <188.185.192.59:9618?addrs=188.185.192.59-9618+[2001-1458-303-1f--100-37]-9618&alias=b9p13p2862.cern.ch&noUDP&sock=startd_5853_3fe8>
	SlotName: slot1_27@b9p13p2862.cern.ch
	CondorScratchDir = "/pool/condor/dir_2205823"
	Cpus = 1
	Disk = 3857
	GPUs = 0
	Memory = 3000
...
006 (16711818.059.000) 08/10 12:11:03 Image size of job updated: 2704
	3  -  MemoryUsage of job (MB)
	2704  -  ResidentSetSize of job (KB)
...
006 (16711818.059.000) 08/10 12:16:04 Image size of job updated: 144672
	142  -  MemoryUsage of job (MB)
	144672  -  ResidentSetSize of job (KB)
...
006 (16711818.059.000) 08/10 12:19:17 Image size of job updated: 144692
	142  -  MemoryUsage of job (MB)
	144672  -  ResidentSetSize of job (KB)
...
040 (16711818.059.000) 08/10 12:19:17 Started transferring output files
...
040 (16711818.059.000) 08/10 12:19:17 Finished transferring output files
...
005 (16711818.059.000) 08/10 12:19:17 Job terminated.
	(1) Normal termination (return value 0)
		Usr 0 00:00:05, Sys 0 00:00:08  -  Run Remote Usage
		Usr 0 00:00:00, Sys 0 00:00:00  -  Run Local Usage
		Usr 0 00:00:05, Sys 0 00:00:08  -  Total Remote Usage
		Usr 0 00:00:00, Sys 0 00:00:00  -  Total Local Usage
	10386  -  Run Bytes Sent By Job
	11410  -  Run Bytes Received By Job
	10386  -  Total Bytes Sent By Job
	11410  -  Total Bytes Received By Job
	Partitionable Resources :    Usage  Request Allocated 
	   Cpus                 :        0        1         1 
	   Disk (KB)            :       74        1      3857 
	   GPUs                 :                           0 
	   Memory (MB)          :      142     3000      3000 
	   TimeExecute (s)      :      503                    
	   TimeSlotBusy (s)     :      505                    
...
