000 (16711818.061.000) 08/10 12:09:49 Job submitted from host: <188.184.90.241:9618?addrs=188.184.90.241-9618+[2001-1458-201-e4--100-2eb]-9618&alias=bigbird15.cern.ch&noUDP&sock=schedd_3150_376a>
...
040 (16711818.061.000) 08/10 12:10:56 Started transferring input files
	Transferring to host: <188.185.193.89:9618?addrs=188.185.193.89-9618+[2001-1458-303-20--100-55]-9618&alias=b9p19p9121.cern.ch&noUDP&sock=slot1_20_7913_2c9b_21387>
...
040 (16711818.061.000) 08/10 12:10:56 Finished transferring input files
...
001 (16711818.061.000) 08/10 12:10:57 Job executing on host: <188.185.193.89:9618?addrs=188.185.193.89-9618+[2001-1458-303-20--100-55]-9618&alias=b9p19p9121.cern.ch&noUDP&sock=startd_6776_59d2>
	SlotName: slot1_20@b9p19p9121.cern.ch
	CondorScratchDir = "/pool/condor/dir_2050506"
	Cpus = 1
	Disk = 3839
	GPUs = 0
	Memory = 3000
...
006 (16711818.061.000) 08/10 12:11:06 Image size of job updated: 3908
	4  -  MemoryUsage of job (MB)
	3908  -  ResidentSetSize of job (KB)
...
006 (16711818.061.000) 08/10 12:12:09 Image size of job updated: 278124
	4  -  MemoryUsage of job (MB)
	3908  -  ResidentSetSize of job (KB)
...
040 (16711818.061.000) 08/10 12:12:09 Started transferring output files
...
040 (16711818.061.000) 08/10 12:12:09 Finished transferring output files
...
005 (16711818.061.000) 08/10 12:12:09 Job terminated.
	(1) Normal termination (return value 0)
		Usr 0 00:00:43, Sys 0 00:00:09  -  Run Remote Usage
		Usr 0 00:00:00, Sys 0 00:00:00  -  Run Local Usage
		Usr 0 00:00:43, Sys 0 00:00:09  -  Total Remote Usage
		Usr 0 00:00:00, Sys 0 00:00:00  -  Total Local Usage
	10741  -  Run Bytes Sent By Job
	11410  -  Run Bytes Received By Job
	10741  -  Total Bytes Sent By Job
	11410  -  Total Bytes Received By Job
	Partitionable Resources :    Usage  Request Allocated 
	   Cpus                 :        0        1         1 
	   Disk (KB)            :       74        1      3839 
	   GPUs                 :                           0 
	   Memory (MB)          :        4     3000      3000 
	   TimeExecute (s)      :       72                    
	   TimeSlotBusy (s)     :       74                    
...
