000 (16711818.060.000) 08/10 12:09:49 Job submitted from host: <188.184.90.241:9618?addrs=188.184.90.241-9618+[2001-1458-201-e4--100-2eb]-9618&alias=bigbird15.cern.ch&noUDP&sock=schedd_3150_376a>
...
040 (16711818.060.000) 08/10 12:10:54 Started transferring input files
	Transferring to host: <188.185.211.31:9618?addrs=188.185.211.31-9618+[2001-1458-303-16--100-1b]-9618&alias=b9p23p5913.cern.ch&noUDP&sock=slot1_20_3665_12ee_25378>
...
040 (16711818.060.000) 08/10 12:10:54 Finished transferring input files
...
001 (16711818.060.000) 08/10 12:10:55 Job executing on host: <188.185.211.31:9618?addrs=188.185.211.31-9618+[2001-1458-303-16--100-1b]-9618&alias=b9p23p5913.cern.ch&noUDP&sock=startd_3197_745e>
	SlotName: slot1_20@b9p23p5913.cern.ch
	CondorScratchDir = "/pool/condor/dir_1230841"
	Cpus = 1
	Disk = 3695
	GPUs = 0
	Memory = 3000
...
006 (16711818.060.000) 08/10 12:11:03 Image size of job updated: 2352
	3  -  MemoryUsage of job (MB)
	2352  -  ResidentSetSize of job (KB)
...
006 (16711818.060.000) 08/10 12:13:23 Image size of job updated: 274200
	3  -  MemoryUsage of job (MB)
	2352  -  ResidentSetSize of job (KB)
...
040 (16711818.060.000) 08/10 12:13:23 Started transferring output files
...
040 (16711818.060.000) 08/10 12:13:23 Finished transferring output files
...
005 (16711818.060.000) 08/10 12:13:23 Job terminated.
	(1) Normal termination (return value 0)
		Usr 0 00:01:29, Sys 0 00:00:12  -  Run Remote Usage
		Usr 0 00:00:00, Sys 0 00:00:00  -  Run Local Usage
		Usr 0 00:01:29, Sys 0 00:00:12  -  Total Remote Usage
		Usr 0 00:00:00, Sys 0 00:00:00  -  Total Local Usage
	10960  -  Run Bytes Sent By Job
	11410  -  Run Bytes Received By Job
	10960  -  Total Bytes Sent By Job
	11410  -  Total Bytes Received By Job
	Partitionable Resources :    Usage  Request Allocated 
	   Cpus                 :     0.69        1         1 
	   Disk (KB)            :    74           1      3695 
	   GPUs                 :                           0 
	   Memory (MB)          :     3        3000      3000 
	   TimeExecute (s)      :   148                       
	   TimeSlotBusy (s)     :   150                       
...
