000 (16711818.068.000) 08/10 12:09:49 Job submitted from host: <188.184.90.241:9618?addrs=188.184.90.241-9618+[2001-1458-201-e4--100-2eb]-9618&alias=bigbird15.cern.ch&noUDP&sock=schedd_3150_376a>
...
040 (16711818.068.000) 08/10 12:10:55 Started transferring input files
	Transferring to host: <128.142.51.210:9618?addrs=128.142.51.210-9618+[2001-1458-301-3--100-f]-9618&alias=b9g02p5012.cern.ch&noUDP&sock=slot1_22_6869_94f0_23807>
...
040 (16711818.068.000) 08/10 12:10:55 Finished transferring input files
...
001 (16711818.068.000) 08/10 12:10:56 Job executing on host: <128.142.51.210:9618?addrs=128.142.51.210-9618+[2001-1458-301-3--100-f]-9618&alias=b9g02p5012.cern.ch&noUDP&sock=startd_5122_d82d>
	SlotName: slot1_22@b9g02p5012.cern.ch
	CondorScratchDir = "/pool/condor/dir_2097142"
	Cpus = 1
	Disk = 3775
	GPUs = 0
	Memory = 3000
...
006 (16711818.068.000) 08/10 12:11:04 Image size of job updated: 2816
	2  -  MemoryUsage of job (MB)
	1164  -  ResidentSetSize of job (KB)
...
006 (16711818.068.000) 08/10 12:12:28 Image size of job updated: 340152
	2  -  MemoryUsage of job (MB)
	1344  -  ResidentSetSize of job (KB)
...
040 (16711818.068.000) 08/10 12:12:28 Started transferring output files
...
040 (16711818.068.000) 08/10 12:12:28 Finished transferring output files
...
005 (16711818.068.000) 08/10 12:12:28 Job terminated.
	(1) Normal termination (return value 0)
		Usr 0 00:00:46, Sys 0 00:00:08  -  Run Remote Usage
		Usr 0 00:00:00, Sys 0 00:00:00  -  Run Local Usage
		Usr 0 00:00:46, Sys 0 00:00:08  -  Total Remote Usage
		Usr 0 00:00:00, Sys 0 00:00:00  -  Total Local Usage
	10741  -  Run Bytes Sent By Job
	11410  -  Run Bytes Received By Job
	10741  -  Total Bytes Sent By Job
	11410  -  Total Bytes Received By Job
	Partitionable Resources :    Usage  Request Allocated 
	   Cpus                 :        0        1         1 
	   Disk (KB)            :       60        1      3775 
	   GPUs                 :                           0 
	   Memory (MB)          :        2     3000      3000 
	   TimeExecute (s)      :       92                    
	   TimeSlotBusy (s)     :       94                    
...
