000 (16711818.070.000) 08/10 12:09:49 Job submitted from host: <188.184.90.241:9618?addrs=188.184.90.241-9618+[2001-1458-201-e4--100-2eb]-9618&alias=bigbird15.cern.ch&noUDP&sock=schedd_3150_376a>
...
040 (16711818.070.000) 08/10 12:10:55 Started transferring input files
	Transferring to host: <188.185.193.183:9618?addrs=188.185.193.183-9618+[2001-1458-303-20--100-b3]-9618&alias=b9p19p3024.cern.ch&noUDP&sock=slot1_7_3944_a799_23976>
...
040 (16711818.070.000) 08/10 12:10:55 Finished transferring input files
...
001 (16711818.070.000) 08/10 12:10:56 Job executing on host: <188.185.193.183:9618?addrs=188.185.193.183-9618+[2001-1458-303-20--100-b3]-9618&alias=b9p19p3024.cern.ch&noUDP&sock=startd_3897_98a9>
	SlotName: slot1_7@b9p19p3024.cern.ch
	CondorScratchDir = "/pool/condor/dir_3435893"
	Cpus = 1
	Disk = 3824
	GPUs = 0
	Memory = 3000
...
006 (16711818.070.000) 08/10 12:11:04 Image size of job updated: 11056
	2  -  MemoryUsage of job (MB)
	1476  -  ResidentSetSize of job (KB)
...
006 (16711818.070.000) 08/10 12:12:14 Image size of job updated: 337208
	2  -  MemoryUsage of job (MB)
	1476  -  ResidentSetSize of job (KB)
...
040 (16711818.070.000) 08/10 12:12:14 Started transferring output files
...
040 (16711818.070.000) 08/10 12:12:14 Finished transferring output files
...
005 (16711818.070.000) 08/10 12:12:14 Job terminated.
	(1) Normal termination (return value 0)
		Usr 0 00:00:55, Sys 0 00:00:08  -  Run Remote Usage
		Usr 0 00:00:00, Sys 0 00:00:00  -  Run Local Usage
		Usr 0 00:00:55, Sys 0 00:00:08  -  Total Remote Usage
		Usr 0 00:00:00, Sys 0 00:00:00  -  Total Local Usage
	10741  -  Run Bytes Sent By Job
	11410  -  Run Bytes Received By Job
	10741  -  Total Bytes Sent By Job
	11410  -  Total Bytes Received By Job
	Partitionable Resources :    Usage  Request Allocated 
	   Cpus                 :        0        1         1 
	   Disk (KB)            :       74        1      3824 
	   GPUs                 :                           0 
	   Memory (MB)          :        2     3000      3000 
	   TimeExecute (s)      :       78                    
	   TimeSlotBusy (s)     :       80                    
...
