000 (16711818.067.000) 08/10 12:09:49 Job submitted from host: <188.184.90.241:9618?addrs=188.184.90.241-9618+[2001-1458-201-e4--100-2eb]-9618&alias=bigbird15.cern.ch&noUDP&sock=schedd_3150_376a>
...
040 (16711818.067.000) 08/10 12:10:58 Started transferring input files
	Transferring to host: <188.185.194.59:9618?addrs=188.185.194.59-9618+[2001-1458-303-21--100-37]-9618&alias=b9p20p0644.cern.ch&noUDP&sock=slot1_19_8371_e06d_26300>
...
040 (16711818.067.000) 08/10 12:10:58 Finished transferring input files
...
001 (16711818.067.000) 08/10 12:10:59 Job executing on host: <188.185.194.59:9618?addrs=188.185.194.59-9618+[2001-1458-303-21--100-37]-9618&alias=b9p20p0644.cern.ch&noUDP&sock=startd_7325_eb51>
	SlotName: slot1_19@b9p20p0644.cern.ch
	CondorScratchDir = "/pool/condor/dir_2501317"
	Cpus = 1
	Disk = 3800
	GPUs = 0
	Memory = 3000
...
006 (16711818.067.000) 08/10 12:11:07 Image size of job updated: 2376
	3  -  MemoryUsage of job (MB)
	2376  -  ResidentSetSize of job (KB)
...
006 (16711818.067.000) 08/10 12:16:07 Image size of job updated: 299540
	293  -  MemoryUsage of job (MB)
	299540  -  ResidentSetSize of job (KB)
...
006 (16711818.067.000) 08/10 12:18:05 Image size of job updated: 306260
	293  -  MemoryUsage of job (MB)
	299540  -  ResidentSetSize of job (KB)
...
040 (16711818.067.000) 08/10 12:18:05 Started transferring output files
...
040 (16711818.067.000) 08/10 12:18:05 Finished transferring output files
...
005 (16711818.067.000) 08/10 12:18:05 Job terminated.
	(1) Normal termination (return value 0)
		Usr 0 00:04:30, Sys 0 00:00:11  -  Run Remote Usage
		Usr 0 00:00:00, Sys 0 00:00:00  -  Run Local Usage
		Usr 0 00:04:30, Sys 0 00:00:11  -  Total Remote Usage
		Usr 0 00:00:00, Sys 0 00:00:00  -  Total Local Usage
	11534  -  Run Bytes Sent By Job
	11409  -  Run Bytes Received By Job
	11534  -  Total Bytes Sent By Job
	11409  -  Total Bytes Received By Job
	Partitionable Resources :    Usage  Request Allocated 
	   Cpus                 :     0.76        1         1 
	   Disk (KB)            :    61           1      3800 
	   GPUs                 :                           0 
	   Memory (MB)          :   293        3000      3000 
	   TimeExecute (s)      :   426                       
	   TimeSlotBusy (s)     :   428                       
...
