000 (16711818.071.000) 08/10 12:09:49 Job submitted from host: <188.184.90.241:9618?addrs=188.184.90.241-9618+[2001-1458-201-e4--100-2eb]-9618&alias=bigbird15.cern.ch&noUDP&sock=schedd_3150_376a>
...
040 (16711818.071.000) 08/10 12:10:56 Started transferring input files
	Transferring to host: <188.185.197.99:9618?addrs=188.185.197.99-9618+[2001-1458-303-24--100-5f]-9618&alias=b9p14p3176.cern.ch&noUDP&sock=slot1_5_6283_b119_16956>
...
040 (16711818.071.000) 08/10 12:10:56 Finished transferring input files
...
001 (16711818.071.000) 08/10 12:10:57 Job executing on host: <188.185.197.99:9618?addrs=188.185.197.99-9618+[2001-1458-303-24--100-5f]-9618&alias=b9p14p3176.cern.ch&noUDP&sock=startd_5154_cb35>
	SlotName: slot1_5@b9p14p3176.cern.ch
	CondorScratchDir = "/pool/condor/dir_1699119"
	Cpus = 1
	Disk = 3837
	GPUs = 0
	Memory = 3000
...
006 (16711818.071.000) 08/10 12:11:06 Image size of job updated: 11056
	11  -  MemoryUsage of job (MB)
	11056  -  ResidentSetSize of job (KB)
...
006 (16711818.071.000) 08/10 12:16:07 Image size of job updated: 144680
	142  -  MemoryUsage of job (MB)
	144680  -  ResidentSetSize of job (KB)
...
006 (16711818.071.000) 08/10 12:19:40 Image size of job updated: 144700
	142  -  MemoryUsage of job (MB)
	144680  -  ResidentSetSize of job (KB)
...
040 (16711818.071.000) 08/10 12:19:40 Started transferring output files
...
040 (16711818.071.000) 08/10 12:19:40 Finished transferring output files
...
005 (16711818.071.000) 08/10 12:19:40 Job terminated.
	(1) Normal termination (return value 0)
		Usr 0 00:00:05, Sys 0 00:00:08  -  Run Remote Usage
		Usr 0 00:00:00, Sys 0 00:00:00  -  Run Local Usage
		Usr 0 00:00:05, Sys 0 00:00:08  -  Total Remote Usage
		Usr 0 00:00:00, Sys 0 00:00:00  -  Total Local Usage
	10386  -  Run Bytes Sent By Job
	11409  -  Run Bytes Received By Job
	10386  -  Total Bytes Sent By Job
	11409  -  Total Bytes Received By Job
	Partitionable Resources :    Usage  Request Allocated 
	   Cpus                 :        0        1         1 
	   Disk (KB)            :       59        1      3837 
	   GPUs                 :                           0 
	   Memory (MB)          :      142     3000      3000 
	   TimeExecute (s)      :      523                    
	   TimeSlotBusy (s)     :      525                    
...
