000 (16711818.072.000) 08/10 12:09:49 Job submitted from host: <188.184.90.241:9618?addrs=188.184.90.241-9618+[2001-1458-201-e4--100-2eb]-9618&alias=bigbird15.cern.ch&noUDP&sock=schedd_3150_376a>
...
040 (16711818.072.000) 08/10 12:10:58 Started transferring input files
	Transferring to host: <188.185.196.68:9618?addrs=188.185.196.68-9618+[2001-1458-303-23--100-40]-9618&alias=b9p16p2478.cern.ch&noUDP&sock=slot1_11_3955_67ba_23642>
...
040 (16711818.072.000) 08/10 12:10:58 Finished transferring input files
...
001 (16711818.072.000) 08/10 12:10:59 Job executing on host: <188.185.196.68:9618?addrs=188.185.196.68-9618+[2001-1458-303-23--100-40]-9618&alias=b9p16p2478.cern.ch&noUDP&sock=startd_3908_2434>
	SlotName: slot1_11@b9p16p2478.cern.ch
	CondorScratchDir = "/pool/condor/dir_1012665"
	Cpus = 1
	Disk = 3790
	GPUs = 0
	Memory = 3000
...
006 (16711818.072.000) 08/10 12:11:07 Image size of job updated: 3916
	4  -  MemoryUsage of job (MB)
	3916  -  ResidentSetSize of job (KB)
...
006 (16711818.072.000) 08/10 12:16:07 Image size of job updated: 297600
	291  -  MemoryUsage of job (MB)
	297600  -  ResidentSetSize of job (KB)
...
006 (16711818.072.000) 08/10 12:16:25 Image size of job updated: 300612
	291  -  MemoryUsage of job (MB)
	297600  -  ResidentSetSize of job (KB)
...
040 (16711818.072.000) 08/10 12:16:25 Started transferring output files
...
040 (16711818.072.000) 08/10 12:16:25 Finished transferring output files
...
005 (16711818.072.000) 08/10 12:16:25 Job terminated.
	(1) Normal termination (return value 0)
		Usr 0 00:04:10, Sys 0 00:00:13  -  Run Remote Usage
		Usr 0 00:00:00, Sys 0 00:00:00  -  Run Local Usage
		Usr 0 00:04:10, Sys 0 00:00:13  -  Total Remote Usage
		Usr 0 00:00:00, Sys 0 00:00:00  -  Total Local Usage
	11534  -  Run Bytes Sent By Job
	11409  -  Run Bytes Received By Job
	11534  -  Total Bytes Sent By Job
	11409  -  Total Bytes Received By Job
	Partitionable Resources :    Usage  Request Allocated 
	   Cpus                 :     0.77        1         1 
	   Disk (KB)            :    74           1      3790 
	   GPUs                 :                           0 
	   Memory (MB)          :   291        3000      3000 
	   TimeExecute (s)      :   326                       
	   TimeSlotBusy (s)     :   328                       
...
