000 (16712898.001.000) 08/10 20:08:40 Job submitted from host: <188.184.90.241:9618?addrs=188.184.90.241-9618+[2001-1458-201-e4--100-2eb]-9618&alias=bigbird15.cern.ch&noUDP&sock=schedd_3150_376a>
...
040 (16712898.001.000) 08/10 20:25:26 Started transferring input files
	Transferring to host: <188.185.209.211:9618?addrs=188.185.209.211-9618+[2001-1458-303-12--100-50]-9618&alias=b9p12p3597.cern.ch&noUDP&sock=slot1_17_4646_46f6_23423>
...
040 (16712898.001.000) 08/10 20:25:26 Finished transferring input files
...
001 (16712898.001.000) 08/10 20:25:27 Job executing on host: <188.185.209.211:9618?addrs=188.185.209.211-9618+[2001-1458-303-12--100-50]-9618&alias=b9p12p3597.cern.ch&noUDP&sock=startd_4388_61a9>
	SlotName: slot1_17@b9p12p3597.cern.ch
	CondorScratchDir = "/pool/condor/dir_2861606"
	Cpus = 1
	Disk = 3770
	GPUs = 0
	Memory = 3000
...
006 (16712898.001.000) 08/10 20:25:36 Image size of job updated: 17564
	18  -  MemoryUsage of job (MB)
	17564  -  ResidentSetSize of job (KB)
...
006 (16712898.001.000) 08/10 20:28:10 Image size of job updated: 278900
	18  -  MemoryUsage of job (MB)
	17564  -  ResidentSetSize of job (KB)
...
040 (16712898.001.000) 08/10 20:28:10 Started transferring output files
...
040 (16712898.001.000) 08/10 20:28:10 Finished transferring output files
...
005 (16712898.001.000) 08/10 20:28:10 Job terminated.
	(1) Normal termination (return value 0)
		Usr 0 00:01:50, Sys 0 00:00:10  -  Run Remote Usage
		Usr 0 00:00:00, Sys 0 00:00:00  -  Run Local Usage
		Usr 0 00:01:50, Sys 0 00:00:10  -  Total Remote Usage
		Usr 0 00:00:00, Sys 0 00:00:00  -  Total Local Usage
	11424  -  Run Bytes Sent By Job
	11417  -  Run Bytes Received By Job
	11424  -  Total Bytes Sent By Job
	11417  -  Total Bytes Received By Job
	Partitionable Resources :    Usage  Request Allocated 
	   Cpus                 :                 1         1 
	   Disk (KB)            :       53        1      3770 
	   GPUs                 :                           0 
	   Memory (MB)          :       18     3000      3000 
	   TimeExecute (s)      :      163                    
	   TimeSlotBusy (s)     :      165                    
...
