000 (16712898.009.000) 08/10 20:08:40 Job submitted from host: <188.184.90.241:9618?addrs=188.184.90.241-9618+[2001-1458-201-e4--100-2eb]-9618&alias=bigbird15.cern.ch&noUDP&sock=schedd_3150_376a>
...
040 (16712898.009.000) 08/10 20:25:28 Started transferring input files
	Transferring to host: <188.185.205.188:9618?addrs=188.185.205.188-9618+[2001-1458-303-a--100-39]-9618&alias=b9p04p6505.cern.ch&noUDP&sock=slot1_12_11627_05f2_24776>
...
040 (16712898.009.000) 08/10 20:25:28 Finished transferring input files
...
001 (16712898.009.000) 08/10 20:25:29 Job executing on host: <188.185.205.188:9618?addrs=188.185.205.188-9618+[2001-1458-303-a--100-39]-9618&alias=b9p04p6505.cern.ch&noUDP&sock=startd_10960_3a13>
	SlotName: slot1_12@b9p04p6505.cern.ch
	CondorScratchDir = "/pool/condor/dir_3442224"
	Cpus = 1
	Disk = 3794
	GPUs = 0
	Memory = 3000
...
006 (16712898.009.000) 08/10 20:25:37 Image size of job updated: 7296
	8  -  MemoryUsage of job (MB)
	7296  -  ResidentSetSize of job (KB)
...
006 (16712898.009.000) 08/10 20:30:37 Image size of job updated: 279028
	273  -  MemoryUsage of job (MB)
	279028  -  ResidentSetSize of job (KB)
...
006 (16712898.009.000) 08/10 20:31:17 Image size of job updated: 279040
	273  -  MemoryUsage of job (MB)
	279028  -  ResidentSetSize of job (KB)
...
040 (16712898.009.000) 08/10 20:31:17 Started transferring output files
...
040 (16712898.009.000) 08/10 20:31:17 Finished transferring output files
...
005 (16712898.009.000) 08/10 20:31:17 Job terminated.
	(1) Normal termination (return value 0)
		Usr 0 00:01:42, Sys 0 00:00:09  -  Run Remote Usage
		Usr 0 00:00:00, Sys 0 00:00:00  -  Run Local Usage
		Usr 0 00:01:42, Sys 0 00:00:09  -  Total Remote Usage
		Usr 0 00:00:00, Sys 0 00:00:00  -  Total Local Usage
	11424  -  Run Bytes Sent By Job
	11418  -  Run Bytes Received By Job
	11424  -  Total Bytes Sent By Job
	11418  -  Total Bytes Received By Job
	Partitionable Resources :    Usage  Request Allocated 
	   Cpus                 :        0        1         1 
	   Disk (KB)            :       63        1      3794 
	   GPUs                 :                           0 
	   Memory (MB)          :      273     3000      3000 
	   TimeExecute (s)      :      348                    
	   TimeSlotBusy (s)     :      350                    
...
