000 (16712898.008.000) 08/10 20:08:40 Job submitted from host: <188.184.90.241:9618?addrs=188.184.90.241-9618+[2001-1458-201-e4--100-2eb]-9618&alias=bigbird15.cern.ch&noUDP&sock=schedd_3150_376a>
...
040 (16712898.008.000) 08/10 20:25:28 Started transferring input files
	Transferring to host: <188.185.212.89:9618?addrs=188.185.212.89-9618+[2001-1458-303-18--100-55]-9618&alias=b9p25p0747.cern.ch&noUDP&sock=slot1_21_8551_b3f5_26933>
...
040 (16712898.008.000) 08/10 20:25:28 Finished transferring input files
...
001 (16712898.008.000) 08/10 20:25:29 Job executing on host: <188.185.212.89:9618?addrs=188.185.212.89-9618+[2001-1458-303-18--100-55]-9618&alias=b9p25p0747.cern.ch&noUDP&sock=startd_7534_469c>
	SlotName: slot1_21@b9p25p0747.cern.ch
	CondorScratchDir = "/pool/condor/dir_2027141"
	Cpus = 1
	Disk = 3756
	GPUs = 0
	Memory = 3000
...
006 (16712898.008.000) 08/10 20:25:37 Image size of job updated: 11052
	3  -  MemoryUsage of job (MB)
	2700  -  ResidentSetSize of job (KB)
...
006 (16712898.008.000) 08/10 20:30:09 Image size of job updated: 273552
	3  -  MemoryUsage of job (MB)
	2700  -  ResidentSetSize of job (KB)
...
040 (16712898.008.000) 08/10 20:30:09 Started transferring output files
...
040 (16712898.008.000) 08/10 20:30:09 Finished transferring output files
...
005 (16712898.008.000) 08/10 20:30:09 Job terminated.
	(1) Normal termination (return value 0)
		Usr 0 00:02:44, Sys 0 00:00:13  -  Run Remote Usage
		Usr 0 00:00:00, Sys 0 00:00:00  -  Run Local Usage
		Usr 0 00:02:44, Sys 0 00:00:13  -  Total Remote Usage
		Usr 0 00:00:00, Sys 0 00:00:00  -  Total Local Usage
	11424  -  Run Bytes Sent By Job
	11418  -  Run Bytes Received By Job
	11424  -  Total Bytes Sent By Job
	11418  -  Total Bytes Received By Job
	Partitionable Resources :    Usage  Request Allocated 
	   Cpus                 :        0        1         1 
	   Disk (KB)            :       74        1      3756 
	   GPUs                 :                           0 
	   Memory (MB)          :        3     3000      3000 
	   TimeExecute (s)      :      280                    
	   TimeSlotBusy (s)     :      282                    
...
