000 (16712898.012.000) 08/10 20:08:40 Job submitted from host: <188.184.90.241:9618?addrs=188.184.90.241-9618+[2001-1458-201-e4--100-2eb]-9618&alias=bigbird15.cern.ch&noUDP&sock=schedd_3150_376a>
...
040 (16712898.012.000) 08/10 20:25:30 Started transferring input files
	Transferring to host: <128.142.192.213:9618?addrs=128.142.192.213-9618+[2001-1458-301-56--100-51]-9618&alias=b9g18p6704.cern.ch&noUDP&sock=slot1_1_5288_9fd0_26310>
...
040 (16712898.012.000) 08/10 20:25:30 Finished transferring input files
...
001 (16712898.012.000) 08/10 20:25:31 Job executing on host: <128.142.192.213:9618?addrs=128.142.192.213-9618+[2001-1458-301-56--100-51]-9618&alias=b9g18p6704.cern.ch&noUDP&sock=startd_4158_9ee1>
	SlotName: slot1_1@b9g18p6704.cern.ch
	CondorScratchDir = "/pool/condor/dir_2345566"
	Cpus = 1
	Disk = 3731
	GPUs = 0
	Memory = 3000
...
006 (16712898.012.000) 08/10 20:25:39 Image size of job updated: 3892
	4  -  MemoryUsage of job (MB)
	3892  -  ResidentSetSize of job (KB)
...
006 (16712898.012.000) 08/10 20:30:39 Image size of job updated: 277696
	272  -  MemoryUsage of job (MB)
	277696  -  ResidentSetSize of job (KB)
...
006 (16712898.012.000) 08/10 20:31:09 Image size of job updated: 277700
	272  -  MemoryUsage of job (MB)
	277696  -  ResidentSetSize of job (KB)
...
040 (16712898.012.000) 08/10 20:31:09 Started transferring output files
...
040 (16712898.012.000) 08/10 20:31:09 Finished transferring output files
...
005 (16712898.012.000) 08/10 20:31:09 Job terminated.
	(1) Normal termination (return value 0)
		Usr 0 00:04:22, Sys 0 00:00:11  -  Run Remote Usage
		Usr 0 00:00:00, Sys 0 00:00:00  -  Run Local Usage
		Usr 0 00:04:22, Sys 0 00:00:11  -  Total Remote Usage
		Usr 0 00:00:00, Sys 0 00:00:00  -  Total Local Usage
	11424  -  Run Bytes Sent By Job
	11417  -  Run Bytes Received By Job
	11424  -  Total Bytes Sent By Job
	11417  -  Total Bytes Received By Job
	Partitionable Resources :    Usage  Request Allocated 
	   Cpus                 :     0.05        1         1 
	   Disk (KB)            :    73           1      3731 
	   GPUs                 :                           0 
	   Memory (MB)          :   272        3000      3000 
	   TimeExecute (s)      :   338                       
	   TimeSlotBusy (s)     :   340                       
...
