000 (16712898.018.000) 08/10 20:08:40 Job submitted from host: <188.184.90.241:9618?addrs=188.184.90.241-9618+[2001-1458-201-e4--100-2eb]-9618&alias=bigbird15.cern.ch&noUDP&sock=schedd_3150_376a>
...
040 (16712898.018.000) 08/10 20:25:29 Started transferring input files
	Transferring to host: <188.185.210.187:9618?addrs=188.185.210.187-9618+[2001-1458-303-15--100-37]-9618&alias=b9p22p7224.cern.ch&noUDP&sock=slot1_52_3956_1c1a_25201>
...
040 (16712898.018.000) 08/10 20:25:29 Finished transferring input files
...
001 (16712898.018.000) 08/10 20:25:30 Job executing on host: <188.185.210.187:9618?addrs=188.185.210.187-9618+[2001-1458-303-15--100-37]-9618&alias=b9p22p7224.cern.ch&noUDP&sock=startd_3704_36e2>
	SlotName: slot1_52@b9p22p7224.cern.ch
	CondorScratchDir = "/pool/condor/dir_2182672"
	Cpus = 1
	Disk = 3840
	GPUs = 0
	Memory = 3000
...
006 (16712898.018.000) 08/10 20:25:39 Image size of job updated: 3912
	4  -  MemoryUsage of job (MB)
	3912  -  ResidentSetSize of job (KB)
...
006 (16712898.018.000) 08/10 20:27:34 Image size of job updated: 277868
	4  -  MemoryUsage of job (MB)
	3912  -  ResidentSetSize of job (KB)
...
040 (16712898.018.000) 08/10 20:27:34 Started transferring output files
...
040 (16712898.018.000) 08/10 20:27:34 Finished transferring output files
...
005 (16712898.018.000) 08/10 20:27:35 Job terminated.
	(1) Normal termination (return value 0)
		Usr 0 00:01:15, Sys 0 00:00:11  -  Run Remote Usage
		Usr 0 00:00:00, Sys 0 00:00:00  -  Run Local Usage
		Usr 0 00:01:15, Sys 0 00:00:11  -  Total Remote Usage
		Usr 0 00:00:00, Sys 0 00:00:00  -  Total Local Usage
	10908  -  Run Bytes Sent By Job
	11418  -  Run Bytes Received By Job
	10908  -  Total Bytes Sent By Job
	11418  -  Total Bytes Received By Job
	Partitionable Resources :    Usage  Request Allocated 
	   Cpus                 :        0        1         1 
	   Disk (KB)            :       74        1      3840 
	   GPUs                 :                           0 
	   Memory (MB)          :        4     3000      3000 
	   TimeExecute (s)      :      124                    
	   TimeSlotBusy (s)     :      126                    
...
