000 (16712898.023.000) 08/10 20:08:40 Job submitted from host: <188.184.90.241:9618?addrs=188.184.90.241-9618+[2001-1458-201-e4--100-2eb]-9618&alias=bigbird15.cern.ch&noUDP&sock=schedd_3150_376a>
...
040 (16712898.023.000) 08/10 20:25:34 Started transferring input files
	Transferring to host: <188.185.213.94:9618?addrs=188.185.213.94-9618+[2001-1458-303-1a--100-5a]-9618&alias=b9p27p3664.cern.ch&noUDP&sock=slot1_12_8048_4b40_24526>
...
040 (16712898.023.000) 08/10 20:25:34 Finished transferring input files
...
001 (16712898.023.000) 08/10 20:25:35 Job executing on host: <188.185.213.94:9618?addrs=188.185.213.94-9618+[2001-1458-303-1a--100-5a]-9618&alias=b9p27p3664.cern.ch&noUDP&sock=startd_7413_47a6>
	SlotName: slot1_12@b9p27p3664.cern.ch
	CondorScratchDir = "/pool/condor/dir_2172500"
	Cpus = 1
	Disk = 3752
	GPUs = 0
	Memory = 3000
...
006 (16712898.023.000) 08/10 20:25:43 Image size of job updated: 11056
	2  -  MemoryUsage of job (MB)
	1624  -  ResidentSetSize of job (KB)
...
006 (16712898.023.000) 08/10 20:30:01 Image size of job updated: 283080
	2  -  MemoryUsage of job (MB)
	1624  -  ResidentSetSize of job (KB)
...
040 (16712898.023.000) 08/10 20:30:01 Started transferring output files
...
040 (16712898.023.000) 08/10 20:30:01 Finished transferring output files
...
005 (16712898.023.000) 08/10 20:30:01 Job terminated.
	(1) Normal termination (return value 0)
		Usr 0 00:02:59, Sys 0 00:00:13  -  Run Remote Usage
		Usr 0 00:00:00, Sys 0 00:00:00  -  Run Local Usage
		Usr 0 00:02:59, Sys 0 00:00:13  -  Total Remote Usage
		Usr 0 00:00:00, Sys 0 00:00:00  -  Total Local Usage
	11424  -  Run Bytes Sent By Job
	11417  -  Run Bytes Received By Job
	11424  -  Total Bytes Sent By Job
	11417  -  Total Bytes Received By Job
	Partitionable Resources :    Usage  Request Allocated 
	   Cpus                 :        0        1         1 
	   Disk (KB)            :       74        1      3752 
	   GPUs                 :                           0 
	   Memory (MB)          :        2     3000      3000 
	   TimeExecute (s)      :      266                    
	   TimeSlotBusy (s)     :      268                    
...
