000 (16712898.024.000) 08/10 20:08:40 Job submitted from host: <188.184.90.241:9618?addrs=188.184.90.241-9618+[2001-1458-201-e4--100-2eb]-9618&alias=bigbird15.cern.ch&noUDP&sock=schedd_3150_376a>
...
040 (16712898.024.000) 08/10 20:25:35 Started transferring input files
	Transferring to host: <188.185.214.220:9618?addrs=188.185.214.220-9618+[2001-1458-303-1d--100-58]-9618&alias=b9p30p4618.cern.ch&noUDP&sock=slot1_24_3981_b97b_27918>
...
040 (16712898.024.000) 08/10 20:25:35 Finished transferring input files
...
001 (16712898.024.000) 08/10 20:25:36 Job executing on host: <188.185.214.220:9618?addrs=188.185.214.220-9618+[2001-1458-303-1d--100-58]-9618&alias=b9p30p4618.cern.ch&noUDP&sock=startd_3715_c26d>
	SlotName: slot1_24@b9p30p4618.cern.ch
	CondorScratchDir = "/pool/condor/dir_208821"
	Cpus = 1
	Disk = 3611
	GPUs = 0
	Memory = 3000
...
006 (16712898.024.000) 08/10 20:25:45 Image size of job updated: 2388
	2  -  MemoryUsage of job (MB)
	1128  -  ResidentSetSize of job (KB)
...
006 (16712898.024.000) 08/10 20:26:34 Image size of job updated: 332652
	2  -  MemoryUsage of job (MB)
	1128  -  ResidentSetSize of job (KB)
...
040 (16712898.024.000) 08/10 20:26:34 Started transferring output files
...
040 (16712898.024.000) 08/10 20:26:34 Finished transferring output files
...
005 (16712898.024.000) 08/10 20:26:34 Job terminated.
	(1) Normal termination (return value 0)
		Usr 0 00:00:33, Sys 0 00:00:10  -  Run Remote Usage
		Usr 0 00:00:00, Sys 0 00:00:00  -  Run Local Usage
		Usr 0 00:00:33, Sys 0 00:00:10  -  Total Remote Usage
		Usr 0 00:00:00, Sys 0 00:00:00  -  Total Local Usage
	10744  -  Run Bytes Sent By Job
	11418  -  Run Bytes Received By Job
	10744  -  Total Bytes Sent By Job
	11418  -  Total Bytes Received By Job
	Partitionable Resources :    Usage  Request Allocated 
	   Cpus                 :        0        1         1 
	   Disk (KB)            :       74        1      3611 
	   GPUs                 :                           0 
	   Memory (MB)          :        2     3000      3000 
	   TimeExecute (s)      :       58                    
	   TimeSlotBusy (s)     :       60                    
...
