000 (16712898.026.000) 08/10 20:08:40 Job submitted from host: <188.184.90.241:9618?addrs=188.184.90.241-9618+[2001-1458-201-e4--100-2eb]-9618&alias=bigbird15.cern.ch&noUDP&sock=schedd_3150_376a>
...
040 (16712898.026.000) 08/10 20:25:32 Started transferring input files
	Transferring to host: <188.185.214.158:9618?addrs=188.185.214.158-9618+[2001-1458-303-1d--100-1a]-9618&alias=b9p30p2789.cern.ch&noUDP&sock=slot1_3_5786_82a4_26838>
...
040 (16712898.026.000) 08/10 20:25:32 Finished transferring input files
...
001 (16712898.026.000) 08/10 20:25:33 Job executing on host: <188.185.214.158:9618?addrs=188.185.214.158-9618+[2001-1458-303-1d--100-1a]-9618&alias=b9p30p2789.cern.ch&noUDP&sock=startd_4915_dc12>
	SlotName: slot1_3@b9p30p2789.cern.ch
	CondorScratchDir = "/pool/condor/dir_1571473"
	Cpus = 1
	Disk = 3820
	GPUs = 0
	Memory = 3000
...
006 (16712898.026.000) 08/10 20:25:42 Image size of job updated: 2276
	3  -  MemoryUsage of job (MB)
	2276  -  ResidentSetSize of job (KB)
...
006 (16712898.026.000) 08/10 20:30:44 Image size of job updated: 273884
	268  -  MemoryUsage of job (MB)
	273884  -  ResidentSetSize of job (KB)
...
040 (16712898.026.000) 08/10 20:30:53 Started transferring output files
...
040 (16712898.026.000) 08/10 20:30:53 Finished transferring output files
...
005 (16712898.026.000) 08/10 20:30:53 Job terminated.
	(1) Normal termination (return value 0)
		Usr 0 00:03:16, Sys 0 00:00:13  -  Run Remote Usage
		Usr 0 00:00:00, Sys 0 00:00:00  -  Run Local Usage
		Usr 0 00:03:16, Sys 0 00:00:13  -  Total Remote Usage
		Usr 0 00:00:00, Sys 0 00:00:00  -  Total Local Usage
	11424  -  Run Bytes Sent By Job
	11417  -  Run Bytes Received By Job
	11424  -  Total Bytes Sent By Job
	11417  -  Total Bytes Received By Job
	Partitionable Resources :    Usage  Request Allocated 
	   Cpus                 :        0        1         1 
	   Disk (KB)            :       60        1      3820 
	   GPUs                 :                           0 
	   Memory (MB)          :      268     3000      3000 
	   TimeExecute (s)      :      320                    
	   TimeSlotBusy (s)     :      322                    
...
