000 (16712898.027.000) 08/10 20:08:40 Job submitted from host: <188.184.90.241:9618?addrs=188.184.90.241-9618+[2001-1458-201-e4--100-2eb]-9618&alias=bigbird15.cern.ch&noUDP&sock=schedd_3150_376a>
...
040 (16712898.027.000) 08/10 20:25:35 Started transferring input files
	Transferring to host: <188.185.212.225:9618?addrs=188.185.212.225-9618+[2001-1458-303-19--100-5d]-9618&alias=b9p26p1103.cern.ch&noUDP&sock=slot1_19_5722_6aa2_28198>
...
040 (16712898.027.000) 08/10 20:25:35 Finished transferring input files
...
001 (16712898.027.000) 08/10 20:25:36 Job executing on host: <188.185.212.225:9618?addrs=188.185.212.225-9618+[2001-1458-303-19--100-5d]-9618&alias=b9p26p1103.cern.ch&noUDP&sock=startd_4736_149f>
	SlotName: slot1_19@b9p26p1103.cern.ch
	CondorScratchDir = "/pool/condor/dir_2939688"
	Cpus = 1
	Disk = 3748
	GPUs = 0
	Memory = 3000
...
006 (16712898.027.000) 08/10 20:25:45 Image size of job updated: 3900
	4  -  MemoryUsage of job (MB)
	3900  -  ResidentSetSize of job (KB)
...
006 (16712898.027.000) 08/10 20:30:09 Image size of job updated: 275500
	4  -  MemoryUsage of job (MB)
	3900  -  ResidentSetSize of job (KB)
...
040 (16712898.027.000) 08/10 20:30:09 Started transferring output files
...
040 (16712898.027.000) 08/10 20:30:09 Finished transferring output files
...
005 (16712898.027.000) 08/10 20:30:09 Job terminated.
	(1) Normal termination (return value 0)
		Usr 0 00:03:06, Sys 0 00:00:14  -  Run Remote Usage
		Usr 0 00:00:00, Sys 0 00:00:00  -  Run Local Usage
		Usr 0 00:03:06, Sys 0 00:00:14  -  Total Remote Usage
		Usr 0 00:00:00, Sys 0 00:00:00  -  Total Local Usage
	11424  -  Run Bytes Sent By Job
	11417  -  Run Bytes Received By Job
	11424  -  Total Bytes Sent By Job
	11417  -  Total Bytes Received By Job
	Partitionable Resources :    Usage  Request Allocated 
	   Cpus                 :        0        1         1 
	   Disk (KB)            :       74        1      3748 
	   GPUs                 :                           0 
	   Memory (MB)          :        4     3000      3000 
	   TimeExecute (s)      :      273                    
	   TimeSlotBusy (s)     :      275                    
...
