000 (16712898.029.000) 08/10 20:08:40 Job submitted from host: <188.184.90.241:9618?addrs=188.184.90.241-9618+[2001-1458-201-e4--100-2eb]-9618&alias=bigbird15.cern.ch&noUDP&sock=schedd_3150_376a>
...
040 (16712898.029.000) 08/10 20:25:33 Started transferring input files
	Transferring to host: <188.185.210.157:9618?addrs=188.185.210.157-9618+[2001-1458-303-15--100-19]-9618&alias=b9p22p6542.cern.ch&noUDP&sock=slot1_6_6081_5d50_31507>
...
040 (16712898.029.000) 08/10 20:25:33 Finished transferring input files
...
001 (16712898.029.000) 08/10 20:25:34 Job executing on host: <188.185.210.157:9618?addrs=188.185.210.157-9618+[2001-1458-303-15--100-19]-9618&alias=b9p22p6542.cern.ch&noUDP&sock=startd_5151_bc6c>
	SlotName: slot1_6@b9p22p6542.cern.ch
	CondorScratchDir = "/pool/condor/dir_303571"
	Cpus = 1
	Disk = 3566
	GPUs = 0
	Memory = 3000
...
006 (16712898.029.000) 08/10 20:25:42 Image size of job updated: 3888
	4  -  MemoryUsage of job (MB)
	3888  -  ResidentSetSize of job (KB)
...
006 (16712898.029.000) 08/10 20:30:42 Image size of job updated: 278436
	272  -  MemoryUsage of job (MB)
	278436  -  ResidentSetSize of job (KB)
...
006 (16712898.029.000) 08/10 20:31:27 Image size of job updated: 278448
	272  -  MemoryUsage of job (MB)
	278436  -  ResidentSetSize of job (KB)
...
040 (16712898.029.000) 08/10 20:31:27 Started transferring output files
...
040 (16712898.029.000) 08/10 20:31:27 Finished transferring output files
...
005 (16712898.029.000) 08/10 20:31:27 Job terminated.
	(1) Normal termination (return value 0)
		Usr 0 00:02:57, Sys 0 00:00:15  -  Run Remote Usage
		Usr 0 00:00:00, Sys 0 00:00:00  -  Run Local Usage
		Usr 0 00:02:57, Sys 0 00:00:15  -  Total Remote Usage
		Usr 0 00:00:00, Sys 0 00:00:00  -  Total Local Usage
	11423  -  Run Bytes Sent By Job
	11417  -  Run Bytes Received By Job
	11423  -  Total Bytes Sent By Job
	11417  -  Total Bytes Received By Job
	Partitionable Resources :    Usage  Request Allocated 
	   Cpus                 :     0.53        1         1 
	   Disk (KB)            :    73           1      3566 
	   GPUs                 :                           0 
	   Memory (MB)          :   272        3000      3000 
	   TimeExecute (s)      :   353                       
	   TimeSlotBusy (s)     :   355                       
...
