000 (16827627.000.000) 09/22 16:20:03 Job submitted from host: <188.184.90.241:9618?addrs=188.184.90.241-9618+[2001-1458-201-e4--100-2eb]-9618&alias=bigbird15.cern.ch&noUDP&sock=schedd_3150_376a>
...
009 (16827627.000.000) 09/22 16:22:00 Job was aborted.
	via condor_rm (by user masegret)
...
000 (16827628.000.000) 09/22 16:22:11 Job submitted from host: <188.184.90.241:9618?addrs=188.184.90.241-9618+[2001-1458-201-e4--100-2eb]-9618&alias=bigbird15.cern.ch&noUDP&sock=schedd_3150_376a>
...
040 (16827628.000.000) 09/22 16:23:10 Started transferring input files
	Transferring to host: <188.185.196.31:9618?addrs=188.185.196.31-9618+[2001-1458-303-23--100-1b]-9618&alias=b9p16p0041.cern.ch&noUDP&sock=slot1_21_5555_bffb_63103>
...
040 (16827628.000.000) 09/22 16:23:10 Finished transferring input files
...
001 (16827628.000.000) 09/22 16:23:11 Job executing on host: <188.185.196.31:9618?addrs=188.185.196.31-9618+[2001-1458-303-23--100-1b]-9618&alias=b9p16p0041.cern.ch&noUDP&sock=startd_4366_4a94>
	SlotName: slot1_21@b9p16p0041.cern.ch
	CondorScratchDir = "/pool/condor/dir_2526034"
	Cpus = 1
	Disk = 3848
	GPUs = 0
	Memory = 3000
...
006 (16827628.000.000) 09/22 16:23:20 Image size of job updated: 10620
	2  -  MemoryUsage of job (MB)
	1600  -  ResidentSetSize of job (KB)
...
006 (16827628.000.000) 09/22 16:28:05 Image size of job updated: 307956
	2  -  MemoryUsage of job (MB)
	1600  -  ResidentSetSize of job (KB)
...
040 (16827628.000.000) 09/22 16:28:05 Started transferring output files
...
040 (16827628.000.000) 09/22 16:28:05 Finished transferring output files
...
005 (16827628.000.000) 09/22 16:28:05 Job terminated.
	(1) Normal termination (return value 0)
		Usr 0 00:03:27, Sys 0 00:00:10  -  Run Remote Usage
		Usr 0 00:00:00, Sys 0 00:00:00  -  Run Local Usage
		Usr 0 00:03:27, Sys 0 00:00:10  -  Total Remote Usage
		Usr 0 00:00:00, Sys 0 00:00:00  -  Total Local Usage
	8658  -  Run Bytes Sent By Job
	860  -  Run Bytes Received By Job
	8658  -  Total Bytes Sent By Job
	860  -  Total Bytes Received By Job
	Partitionable Resources :    Usage  Request Allocated 
	   Cpus                 :        0        1         1 
	   Disk (KB)            :       39        1      3848 
	   GPUs                 :                           0 
	   Memory (MB)          :        2     3000      3000 
	   TimeExecute (s)      :      294                    
	   TimeSlotBusy (s)     :      295                    
...
