000 (16827627.002.000) 09/22 16:20:03 Job submitted from host: <188.184.90.241:9618?addrs=188.184.90.241-9618+[2001-1458-201-e4--100-2eb]-9618&alias=bigbird15.cern.ch&noUDP&sock=schedd_3150_376a>
...
009 (16827627.002.000) 09/22 16:22:00 Job was aborted.
	via condor_rm (by user masegret)
...
000 (16827628.002.000) 09/22 16:22:11 Job submitted from host: <188.184.90.241:9618?addrs=188.184.90.241-9618+[2001-1458-201-e4--100-2eb]-9618&alias=bigbird15.cern.ch&noUDP&sock=schedd_3150_376a>
...
040 (16827628.002.000) 09/22 16:23:13 Started transferring input files
	Transferring to host: <188.185.210.208:9618?addrs=188.185.210.208-9618+[2001-1458-303-15--100-4c]-9618&alias=b9p22p0624.cern.ch&noUDP&sock=slot1_16_5776_76e4_68198>
...
040 (16827628.002.000) 09/22 16:23:13 Finished transferring input files
...
001 (16827628.002.000) 09/22 16:23:14 Job executing on host: <188.185.210.208:9618?addrs=188.185.210.208-9618+[2001-1458-303-15--100-4c]-9618&alias=b9p22p0624.cern.ch&noUDP&sock=startd_4738_73cf>
	SlotName: slot1_16@b9p22p0624.cern.ch
	CondorScratchDir = "/pool/condor/dir_3849345"
	Cpus = 1
	Disk = 3641
	GPUs = 0
	Memory = 3000
...
006 (16827628.002.000) 09/22 16:23:22 Image size of job updated: 14640
	7  -  MemoryUsage of job (MB)
	6348  -  ResidentSetSize of job (KB)
...
006 (16827628.002.000) 09/22 16:27:00 Image size of job updated: 309576
	7  -  MemoryUsage of job (MB)
	6388  -  ResidentSetSize of job (KB)
...
040 (16827628.002.000) 09/22 16:27:00 Started transferring output files
...
040 (16827628.002.000) 09/22 16:27:00 Finished transferring output files
...
005 (16827628.002.000) 09/22 16:27:00 Job terminated.
	(1) Normal termination (return value 0)
		Usr 0 00:03:00, Sys 0 00:00:12  -  Run Remote Usage
		Usr 0 00:00:00, Sys 0 00:00:00  -  Run Local Usage
		Usr 0 00:03:00, Sys 0 00:00:12  -  Total Remote Usage
		Usr 0 00:00:00, Sys 0 00:00:00  -  Total Local Usage
	8691  -  Run Bytes Sent By Job
	861  -  Run Bytes Received By Job
	8691  -  Total Bytes Sent By Job
	861  -  Total Bytes Received By Job
	Partitionable Resources :    Usage  Request Allocated 
	   Cpus                 :        0        1         1 
	   Disk (KB)            :       39        1      3641 
	   GPUs                 :                           0 
	   Memory (MB)          :        7     3000      3000 
	   TimeExecute (s)      :      226                    
	   TimeSlotBusy (s)     :      230                    
...
