000 (16827627.005.000) 09/22 16:20:04 Job submitted from host: <188.184.90.241:9618?addrs=188.184.90.241-9618+[2001-1458-201-e4--100-2eb]-9618&alias=bigbird15.cern.ch&noUDP&sock=schedd_3150_376a>
...
009 (16827627.005.000) 09/22 16:22:00 Job was aborted.
	via condor_rm (by user masegret)
...
000 (16827628.005.000) 09/22 16:22:11 Job submitted from host: <188.184.90.241:9618?addrs=188.184.90.241-9618+[2001-1458-201-e4--100-2eb]-9618&alias=bigbird15.cern.ch&noUDP&sock=schedd_3150_376a>
...
040 (16827628.005.000) 09/22 16:23:12 Started transferring input files
	Transferring to host: <188.185.207.67:9618?addrs=188.185.207.67-9618+[2001-1458-303-d--100-40]-9618&alias=b9p07p9028.cern.ch&noUDP&sock=slot1_21_11607_ee71_73212>
...
040 (16827628.005.000) 09/22 16:23:12 Finished transferring input files
...
001 (16827628.005.000) 09/22 16:23:13 Job executing on host: <188.185.207.67:9618?addrs=188.185.207.67-9618+[2001-1458-303-d--100-40]-9618&alias=b9p07p9028.cern.ch&noUDP&sock=startd_11197_ca05>
	SlotName: slot1_21@b9p07p9028.cern.ch
	CondorScratchDir = "/pool/condor/dir_2947355"
	Cpus = 1
	Disk = 3707
	GPUs = 0
	Memory = 3000
...
006 (16827628.005.000) 09/22 16:23:21 Image size of job updated: 3860
	2  -  MemoryUsage of job (MB)
	1616  -  ResidentSetSize of job (KB)
...
006 (16827628.005.000) 09/22 16:26:17 Image size of job updated: 316360
	2  -  MemoryUsage of job (MB)
	1616  -  ResidentSetSize of job (KB)
...
040 (16827628.005.000) 09/22 16:26:17 Started transferring output files
...
040 (16827628.005.000) 09/22 16:26:17 Finished transferring output files
...
005 (16827628.005.000) 09/22 16:26:18 Job terminated.
	(1) Normal termination (return value 0)
		Usr 0 00:02:14, Sys 0 00:00:09  -  Run Remote Usage
		Usr 0 00:00:00, Sys 0 00:00:00  -  Run Local Usage
		Usr 0 00:02:14, Sys 0 00:00:09  -  Total Remote Usage
		Usr 0 00:00:00, Sys 0 00:00:00  -  Total Local Usage
	8724  -  Run Bytes Sent By Job
	861  -  Run Bytes Received By Job
	8724  -  Total Bytes Sent By Job
	861  -  Total Bytes Received By Job
	Partitionable Resources :    Usage  Request Allocated 
	   Cpus                 :        0        1         1 
	   Disk (KB)            :       39        1      3707 
	   GPUs                 :                           0 
	   Memory (MB)          :        2     3000      3000 
	   TimeExecute (s)      :      184                    
	   TimeSlotBusy (s)     :      187                    
...
000 (16828035.005.000) 09/22 17:37:18 Job submitted from host: <188.184.90.241:9618?addrs=188.184.90.241-9618+[2001-1458-201-e4--100-2eb]-9618&alias=bigbird15.cern.ch&noUDP&sock=schedd_3150_376a>
...
040 (16828035.005.000) 09/22 17:51:54 Started transferring input files
	Transferring to host: <188.185.210.208:9618?addrs=188.185.210.208-9618+[2001-1458-303-15--100-4c]-9618&alias=b9p22p0624.cern.ch&noUDP&sock=slot1_32_5776_76e4_68291>
...
040 (16828035.005.000) 09/22 17:51:54 Finished transferring input files
...
001 (16828035.005.000) 09/22 17:51:55 Job executing on host: <188.185.210.208:9618?addrs=188.185.210.208-9618+[2001-1458-303-15--100-4c]-9618&alias=b9p22p0624.cern.ch&noUDP&sock=startd_4738_73cf>
	SlotName: slot1_32@b9p22p0624.cern.ch
	CondorScratchDir = "/pool/condor/dir_3953744"
	Cpus = 1
	Disk = 3638
	GPUs = 0
	Memory = 3000
...
006 (16828035.005.000) 09/22 17:52:04 Image size of job updated: 2444
	2  -  MemoryUsage of job (MB)
	1576  -  ResidentSetSize of job (KB)
...
006 (16828035.005.000) 09/22 17:55:53 Image size of job updated: 315788
	2  -  MemoryUsage of job (MB)
	1576  -  ResidentSetSize of job (KB)
...
040 (16828035.005.000) 09/22 17:55:53 Started transferring output files
...
040 (16828035.005.000) 09/22 17:55:53 Finished transferring output files
...
005 (16828035.005.000) 09/22 17:55:53 Job terminated.
	(1) Normal termination (return value 0)
		Usr 0 00:03:06, Sys 0 00:00:13  -  Run Remote Usage
		Usr 0 00:00:00, Sys 0 00:00:00  -  Run Local Usage
		Usr 0 00:03:06, Sys 0 00:00:13  -  Total Remote Usage
		Usr 0 00:00:00, Sys 0 00:00:00  -  Total Local Usage
	8724  -  Run Bytes Sent By Job
	861  -  Run Bytes Received By Job
	8724  -  Total Bytes Sent By Job
	861  -  Total Bytes Received By Job
	Partitionable Resources :    Usage  Request Allocated 
	   Cpus                 :                 1         1 
	   Disk (KB)            :       46        1      3638 
	   GPUs                 :                           0 
	   Memory (MB)          :        2     3000      3000 
	   TimeExecute (s)      :      238                    
	   TimeSlotBusy (s)     :      239                    
...
