000 (16827627.001.000) 09/22 16:20:03 Job submitted from host: <188.184.90.241:9618?addrs=188.184.90.241-9618+[2001-1458-201-e4--100-2eb]-9618&alias=bigbird15.cern.ch&noUDP&sock=schedd_3150_376a>
...
009 (16827627.001.000) 09/22 16:22:00 Job was aborted.
	via condor_rm (by user masegret)
...
000 (16827628.001.000) 09/22 16:22:11 Job submitted from host: <188.184.90.241:9618?addrs=188.184.90.241-9618+[2001-1458-201-e4--100-2eb]-9618&alias=bigbird15.cern.ch&noUDP&sock=schedd_3150_376a>
...
040 (16827628.001.000) 09/22 16:23:11 Started transferring input files
	Transferring to host: <188.185.213.195:9618?addrs=188.185.213.195-9618+[2001-1458-303-1b--100-3f]-9618&alias=b9p28p7318.cern.ch&noUDP&sock=slot1_45_3905_2cf8_71410>
...
040 (16827628.001.000) 09/22 16:23:11 Finished transferring input files
...
001 (16827628.001.000) 09/22 16:23:13 Job executing on host: <188.185.213.195:9618?addrs=188.185.213.195-9618+[2001-1458-303-1b--100-3f]-9618&alias=b9p28p7318.cern.ch&noUDP&sock=startd_3188_4803>
	SlotName: slot1_45@b9p28p7318.cern.ch
	CondorScratchDir = "/pool/condor/dir_2251456"
	Cpus = 1
	Disk = 3707
	GPUs = 0
	Memory = 3000
...
006 (16827628.001.000) 09/22 16:23:21 Image size of job updated: 1400
	2  -  MemoryUsage of job (MB)
	1400  -  ResidentSetSize of job (KB)
...
006 (16827628.001.000) 09/22 16:27:23 Image size of job updated: 303032
	2  -  MemoryUsage of job (MB)
	1400  -  ResidentSetSize of job (KB)
...
040 (16827628.001.000) 09/22 16:27:23 Started transferring output files
...
040 (16827628.001.000) 09/22 16:27:23 Finished transferring output files
...
005 (16827628.001.000) 09/22 16:27:23 Job terminated.
	(1) Normal termination (return value 0)
		Usr 0 00:02:58, Sys 0 00:00:11  -  Run Remote Usage
		Usr 0 00:00:00, Sys 0 00:00:00  -  Run Local Usage
		Usr 0 00:02:58, Sys 0 00:00:11  -  Total Remote Usage
		Usr 0 00:00:00, Sys 0 00:00:00  -  Total Local Usage
	8625  -  Run Bytes Sent By Job
	860  -  Run Bytes Received By Job
	8625  -  Total Bytes Sent By Job
	860  -  Total Bytes Received By Job
	Partitionable Resources :    Usage  Request Allocated 
	   Cpus                 :     0.89        1         1 
	   Disk (KB)            :    39           1      3707 
	   GPUs                 :                           0 
	   Memory (MB)          :     2        3000      3000 
	   TimeExecute (s)      :   251                       
	   TimeSlotBusy (s)     :   253                       
...
000 (16828035.001.000) 09/22 17:37:18 Job submitted from host: <188.184.90.241:9618?addrs=188.184.90.241-9618+[2001-1458-201-e4--100-2eb]-9618&alias=bigbird15.cern.ch&noUDP&sock=schedd_3150_376a>
...
040 (16828035.001.000) 09/22 17:51:50 Started transferring input files
	Transferring to host: <188.185.210.208:9618?addrs=188.185.210.208-9618+[2001-1458-303-15--100-4c]-9618&alias=b9p22p0624.cern.ch&noUDP&sock=slot1_16_5776_76e4_68290>
...
040 (16828035.001.000) 09/22 17:51:50 Finished transferring input files
...
001 (16828035.001.000) 09/22 17:51:51 Job executing on host: <188.185.210.208:9618?addrs=188.185.210.208-9618+[2001-1458-303-15--100-4c]-9618&alias=b9p22p0624.cern.ch&noUDP&sock=startd_4738_73cf>
	SlotName: slot1_16@b9p22p0624.cern.ch
	CondorScratchDir = "/pool/condor/dir_3952693"
	Cpus = 1
	Disk = 3638
	GPUs = 0
	Memory = 3000
...
006 (16828035.001.000) 09/22 17:51:59 Image size of job updated: 2456
	2  -  MemoryUsage of job (MB)
	2032  -  ResidentSetSize of job (KB)
...
006 (16828035.001.000) 09/22 17:55:29 Image size of job updated: 304544
	2  -  MemoryUsage of job (MB)
	2032  -  ResidentSetSize of job (KB)
...
040 (16828035.001.000) 09/22 17:55:29 Started transferring output files
...
040 (16828035.001.000) 09/22 17:55:29 Finished transferring output files
...
005 (16828035.001.000) 09/22 17:55:29 Job terminated.
	(1) Normal termination (return value 0)
		Usr 0 00:02:56, Sys 0 00:00:12  -  Run Remote Usage
		Usr 0 00:00:00, Sys 0 00:00:00  -  Run Local Usage
		Usr 0 00:02:56, Sys 0 00:00:12  -  Total Remote Usage
		Usr 0 00:00:00, Sys 0 00:00:00  -  Total Local Usage
	8625  -  Run Bytes Sent By Job
	860  -  Run Bytes Received By Job
	8625  -  Total Bytes Sent By Job
	860  -  Total Bytes Received By Job
	Partitionable Resources :    Usage  Request Allocated 
	   Cpus                 :                 1         1 
	   Disk (KB)            :       47        1      3638 
	   GPUs                 :                           0 
	   Memory (MB)          :        2     3000      3000 
	   TimeExecute (s)      :      218                    
	   TimeSlotBusy (s)     :      219                    
...
