000 (16827627.008.000) 09/22 16:20:04 Job submitted from host: <188.184.90.241:9618?addrs=188.184.90.241-9618+[2001-1458-201-e4--100-2eb]-9618&alias=bigbird15.cern.ch&noUDP&sock=schedd_3150_376a>
...
009 (16827627.008.000) 09/22 16:22:00 Job was aborted.
	via condor_rm (by user masegret)
...
000 (16827628.008.000) 09/22 16:22:11 Job submitted from host: <188.184.90.241:9618?addrs=188.184.90.241-9618+[2001-1458-201-e4--100-2eb]-9618&alias=bigbird15.cern.ch&noUDP&sock=schedd_3150_376a>
...
040 (16827628.008.000) 09/22 16:23:12 Started transferring input files
	Transferring to host: <188.185.204.173:9618?addrs=188.185.204.173-9618+[2001-1458-303-8--100-a1]-9618&alias=b9p02p8393.cern.ch&noUDP&sock=slot1_14_3979_50bb_74825>
...
040 (16827628.008.000) 09/22 16:23:12 Finished transferring input files
...
001 (16827628.008.000) 09/22 16:23:13 Job executing on host: <188.185.204.173:9618?addrs=188.185.204.173-9618+[2001-1458-303-8--100-a1]-9618&alias=b9p02p8393.cern.ch&noUDP&sock=startd_3381_a9cb>
	SlotName: slot1_14@b9p02p8393.cern.ch
	CondorScratchDir = "/pool/condor/dir_2937583"
	Cpus = 1
	Disk = 3664
	GPUs = 0
	Memory = 3000
...
006 (16827628.008.000) 09/22 16:23:21 Image size of job updated: 29220
	29  -  MemoryUsage of job (MB)
	29220  -  ResidentSetSize of job (KB)
...
006 (16827628.008.000) 09/22 16:27:20 Image size of job updated: 306456
	33  -  MemoryUsage of job (MB)
	33760  -  ResidentSetSize of job (KB)
...
040 (16827628.008.000) 09/22 16:27:20 Started transferring output files
...
040 (16827628.008.000) 09/22 16:27:20 Finished transferring output files
...
005 (16827628.008.000) 09/22 16:27:20 Job terminated.
	(1) Normal termination (return value 0)
		Usr 0 00:02:09, Sys 0 00:00:10  -  Run Remote Usage
		Usr 0 00:00:00, Sys 0 00:00:00  -  Run Local Usage
		Usr 0 00:02:09, Sys 0 00:00:10  -  Total Remote Usage
		Usr 0 00:00:00, Sys 0 00:00:00  -  Total Local Usage
	8691  -  Run Bytes Sent By Job
	861  -  Run Bytes Received By Job
	8691  -  Total Bytes Sent By Job
	861  -  Total Bytes Received By Job
	Partitionable Resources :    Usage  Request Allocated 
	   Cpus                 :                 1         1 
	   Disk (KB)            :       80        1      3664 
	   GPUs                 :                           0 
	   Memory (MB)          :       33     3000      3000 
	   TimeExecute (s)      :      247                    
	   TimeSlotBusy (s)     :      249                    
...
