000 (16827627.004.000) 09/22 16:20:04 Job submitted from host: <188.184.90.241:9618?addrs=188.184.90.241-9618+[2001-1458-201-e4--100-2eb]-9618&alias=bigbird15.cern.ch&noUDP&sock=schedd_3150_376a>
...
009 (16827627.004.000) 09/22 16:22:00 Job was aborted.
	via condor_rm (by user masegret)
...
000 (16827628.004.000) 09/22 16:22:11 Job submitted from host: <188.184.90.241:9618?addrs=188.184.90.241-9618+[2001-1458-201-e4--100-2eb]-9618&alias=bigbird15.cern.ch&noUDP&sock=schedd_3150_376a>
...
040 (16827628.004.000) 09/22 16:23:12 Started transferring input files
	Transferring to host: <188.185.210.148:9618?addrs=188.185.210.148-9618+[2001-1458-303-15--100-10]-9618&alias=b9p22p2244.cern.ch&noUDP&sock=slot1_4_3835854_e689_11370>
...
040 (16827628.004.000) 09/22 16:23:12 Finished transferring input files
...
001 (16827628.004.000) 09/22 16:23:13 Job executing on host: <188.185.210.148:9618?addrs=188.185.210.148-9618+[2001-1458-303-15--100-10]-9618&alias=b9p22p2244.cern.ch&noUDP&sock=startd_6424_e87c>
	SlotName: slot1_4@b9p22p2244.cern.ch
	CondorScratchDir = "/pool/condor/dir_2137190"
	Cpus = 1
	Disk = 3869
	GPUs = 0
	Memory = 3000
...
006 (16827628.004.000) 09/22 16:23:21 Image size of job updated: 2648
	3  -  MemoryUsage of job (MB)
	2504  -  ResidentSetSize of job (KB)
...
006 (16827628.004.000) 09/22 16:26:11 Image size of job updated: 298972
	3  -  MemoryUsage of job (MB)
	2504  -  ResidentSetSize of job (KB)
...
040 (16827628.004.000) 09/22 16:26:11 Started transferring output files
...
040 (16827628.004.000) 09/22 16:26:11 Finished transferring output files
...
005 (16827628.004.000) 09/22 16:26:11 Job terminated.
	(1) Normal termination (return value 0)
		Usr 0 00:02:28, Sys 0 00:00:10  -  Run Remote Usage
		Usr 0 00:00:00, Sys 0 00:00:00  -  Run Local Usage
		Usr 0 00:02:28, Sys 0 00:00:10  -  Total Remote Usage
		Usr 0 00:00:00, Sys 0 00:00:00  -  Total Local Usage
	8691  -  Run Bytes Sent By Job
	861  -  Run Bytes Received By Job
	8691  -  Total Bytes Sent By Job
	861  -  Total Bytes Received By Job
	Partitionable Resources :    Usage  Request Allocated 
	   Cpus                 :        0        1         1 
	   Disk (KB)            :       56        1      3869 
	   GPUs                 :                           0 
	   Memory (MB)          :        3     3000      3000 
	   TimeExecute (s)      :      178                    
	   TimeSlotBusy (s)     :      181                    
...
000 (16828035.004.000) 09/22 17:37:18 Job submitted from host: <188.184.90.241:9618?addrs=188.184.90.241-9618+[2001-1458-201-e4--100-2eb]-9618&alias=bigbird15.cern.ch&noUDP&sock=schedd_3150_376a>
...
040 (16828035.004.000) 09/22 17:51:55 Started transferring input files
	Transferring to host: <188.185.213.195:9618?addrs=188.185.213.195-9618+[2001-1458-303-1b--100-3f]-9618&alias=b9p28p7318.cern.ch&noUDP&sock=slot1_9_3905_2cf8_71467>
...
040 (16828035.004.000) 09/22 17:51:55 Finished transferring input files
...
001 (16828035.004.000) 09/22 17:51:56 Job executing on host: <188.185.213.195:9618?addrs=188.185.213.195-9618+[2001-1458-303-1b--100-3f]-9618&alias=b9p28p7318.cern.ch&noUDP&sock=startd_3188_4803>
	SlotName: slot1_9@b9p28p7318.cern.ch
	CondorScratchDir = "/pool/condor/dir_2283971"
	Cpus = 1
	Disk = 3703
	GPUs = 0
	Memory = 3000
...
006 (16828035.004.000) 09/22 17:52:05 Image size of job updated: 2504
	3  -  MemoryUsage of job (MB)
	2312  -  ResidentSetSize of job (KB)
...
006 (16828035.004.000) 09/22 17:55:50 Image size of job updated: 298988
	3  -  MemoryUsage of job (MB)
	2312  -  ResidentSetSize of job (KB)
...
040 (16828035.004.000) 09/22 17:55:50 Started transferring output files
...
040 (16828035.004.000) 09/22 17:55:50 Finished transferring output files
...
005 (16828035.004.000) 09/22 17:55:51 Job terminated.
	(1) Normal termination (return value 0)
		Usr 0 00:03:05, Sys 0 00:00:11  -  Run Remote Usage
		Usr 0 00:00:00, Sys 0 00:00:00  -  Run Local Usage
		Usr 0 00:03:05, Sys 0 00:00:11  -  Total Remote Usage
		Usr 0 00:00:00, Sys 0 00:00:00  -  Total Local Usage
	8691  -  Run Bytes Sent By Job
	861  -  Run Bytes Received By Job
	8691  -  Total Bytes Sent By Job
	861  -  Total Bytes Received By Job
	Partitionable Resources :    Usage  Request Allocated 
	   Cpus                 :                 1         1 
	   Disk (KB)            :       31        1      3703 
	   GPUs                 :                           0 
	   Memory (MB)          :        3     3000      3000 
	   TimeExecute (s)      :      234                    
	   TimeSlotBusy (s)     :      236                    
...
