000 (16827627.009.000) 09/22 16:20:04 Job submitted from host: <188.184.90.241:9618?addrs=188.184.90.241-9618+[2001-1458-201-e4--100-2eb]-9618&alias=bigbird15.cern.ch&noUDP&sock=schedd_3150_376a>
...
009 (16827627.009.000) 09/22 16:22:00 Job was aborted.
	via condor_rm (by user masegret)
...
000 (16827628.009.000) 09/22 16:22:11 Job submitted from host: <188.184.90.241:9618?addrs=188.184.90.241-9618+[2001-1458-201-e4--100-2eb]-9618&alias=bigbird15.cern.ch&noUDP&sock=schedd_3150_376a>
...
040 (16827628.009.000) 09/22 16:23:15 Started transferring input files
	Transferring to host: <128.142.209.48:9618?addrs=128.142.209.48-9618+[2001-1458-301-21--100-10]-9618&alias=b9g41p8642.cern.ch&noUDP&sock=slot1_11_5674_98a0_77536>
...
040 (16827628.009.000) 09/22 16:23:15 Finished transferring input files
...
001 (16827628.009.000) 09/22 16:23:16 Job executing on host: <128.142.209.48:9618?addrs=128.142.209.48-9618+[2001-1458-301-21--100-10]-9618&alias=b9g41p8642.cern.ch&noUDP&sock=startd_4523_faf2>
	SlotName: slot1_11@b9g41p8642.cern.ch
	CondorScratchDir = "/pool/condor/dir_2010936"
	Cpus = 1
	Disk = 6987
	GPUs = 0
	Memory = 3000
...
006 (16827628.009.000) 09/22 16:23:25 Image size of job updated: 10620
	2  -  MemoryUsage of job (MB)
	1528  -  ResidentSetSize of job (KB)
...
006 (16827628.009.000) 09/22 16:26:19 Image size of job updated: 300124
	2  -  MemoryUsage of job (MB)
	1528  -  ResidentSetSize of job (KB)
...
040 (16827628.009.000) 09/22 16:26:19 Started transferring output files
...
040 (16827628.009.000) 09/22 16:26:19 Finished transferring output files
...
005 (16827628.009.000) 09/22 16:26:19 Job terminated.
	(1) Normal termination (return value 0)
		Usr 0 00:02:29, Sys 0 00:00:09  -  Run Remote Usage
		Usr 0 00:00:00, Sys 0 00:00:00  -  Run Local Usage
		Usr 0 00:02:29, Sys 0 00:00:09  -  Total Remote Usage
		Usr 0 00:00:00, Sys 0 00:00:00  -  Total Local Usage
	8691  -  Run Bytes Sent By Job
	861  -  Run Bytes Received By Job
	8691  -  Total Bytes Sent By Job
	861  -  Total Bytes Received By Job
	Partitionable Resources :    Usage  Request Allocated 
	   Cpus                 :        0        1         1 
	   Disk (KB)            :       39        1      6987 
	   GPUs                 :                           0 
	   Memory (MB)          :        2     3000      3000 
	   TimeExecute (s)      :      183                    
	   TimeSlotBusy (s)     :      186                    
...
