000 (16827627.010.000) 09/22 16:20:03 Job submitted from host: <188.184.90.241:9618?addrs=188.184.90.241-9618+[2001-1458-201-e4--100-2eb]-9618&alias=bigbird15.cern.ch&noUDP&sock=schedd_3150_376a>
...
009 (16827627.010.000) 09/22 16:22:00 Job was aborted.
	via condor_rm (by user masegret)
...
000 (16827628.010.000) 09/22 16:22:11 Job submitted from host: <188.184.90.241:9618?addrs=188.184.90.241-9618+[2001-1458-201-e4--100-2eb]-9618&alias=bigbird15.cern.ch&noUDP&sock=schedd_3150_376a>
...
040 (16827628.010.000) 09/22 16:23:12 Started transferring input files
	Transferring to host: <188.185.208.150:9618?addrs=188.185.208.150-9618+[2001-1458-303-10--100-13]-9618&alias=b9p10p3260.cern.ch&noUDP&sock=slot1_4_4362_2c6a_69189>
...
040 (16827628.010.000) 09/22 16:23:12 Finished transferring input files
...
001 (16827628.010.000) 09/22 16:23:13 Job executing on host: <188.185.208.150:9618?addrs=188.185.208.150-9618+[2001-1458-303-10--100-13]-9618&alias=b9p10p3260.cern.ch&noUDP&sock=startd_3890_cb7f>
	SlotName: slot1_4@b9p10p3260.cern.ch
	CondorScratchDir = "/pool/condor/dir_1107733"
	Cpus = 1
	Disk = 3537
	GPUs = 0
	Memory = 3000
...
006 (16827628.010.000) 09/22 16:23:22 Image size of job updated: 24168
	24  -  MemoryUsage of job (MB)
	24168  -  ResidentSetSize of job (KB)
...
006 (16827628.010.000) 09/22 16:25:44 Image size of job updated: 302004
	24  -  MemoryUsage of job (MB)
	24188  -  ResidentSetSize of job (KB)
...
040 (16827628.010.000) 09/22 16:25:44 Started transferring output files
...
040 (16827628.010.000) 09/22 16:25:44 Finished transferring output files
...
005 (16827628.010.000) 09/22 16:25:45 Job terminated.
	(1) Normal termination (return value 0)
		Usr 0 00:01:50, Sys 0 00:00:09  -  Run Remote Usage
		Usr 0 00:00:00, Sys 0 00:00:00  -  Run Local Usage
		Usr 0 00:01:50, Sys 0 00:00:09  -  Total Remote Usage
		Usr 0 00:00:00, Sys 0 00:00:00  -  Total Local Usage
	8691  -  Run Bytes Sent By Job
	861  -  Run Bytes Received By Job
	8691  -  Total Bytes Sent By Job
	861  -  Total Bytes Received By Job
	Partitionable Resources :    Usage  Request Allocated 
	   Cpus                 :                 1         1 
	   Disk (KB)            :       32        1      3537 
	   GPUs                 :                           0 
	   Memory (MB)          :       24     3000      3000 
	   TimeExecute (s)      :      151                    
	   TimeSlotBusy (s)     :      153                    
...
