000 (16827627.007.000) 09/22 16:20:04 Job submitted from host: <188.184.90.241:9618?addrs=188.184.90.241-9618+[2001-1458-201-e4--100-2eb]-9618&alias=bigbird15.cern.ch&noUDP&sock=schedd_3150_376a>
...
009 (16827627.007.000) 09/22 16:22:00 Job was aborted.
	via condor_rm (by user masegret)
...
000 (16827628.007.000) 09/22 16:22:11 Job submitted from host: <188.184.90.241:9618?addrs=188.184.90.241-9618+[2001-1458-201-e4--100-2eb]-9618&alias=bigbird15.cern.ch&noUDP&sock=schedd_3150_376a>
...
040 (16827628.007.000) 09/22 16:23:12 Started transferring input files
	Transferring to host: <188.185.204.186:9618?addrs=188.185.204.186-9618+[2001-1458-303-8--100-ae]-9618&alias=b9p02p1705.cern.ch&noUDP&sock=slot1_17_6354_b7bb_73386>
...
040 (16827628.007.000) 09/22 16:23:12 Finished transferring input files
...
001 (16827628.007.000) 09/22 16:23:13 Job executing on host: <188.185.204.186:9618?addrs=188.185.204.186-9618+[2001-1458-303-8--100-ae]-9618&alias=b9p02p1705.cern.ch&noUDP&sock=startd_5387_9cc6>
	SlotName: slot1_17@b9p02p1705.cern.ch
	CondorScratchDir = "/pool/condor/dir_693121"
	Cpus = 1
	Disk = 3624
	GPUs = 0
	Memory = 3000
...
006 (16827628.007.000) 09/22 16:23:21 Image size of job updated: 2336
	2  -  MemoryUsage of job (MB)
	1600  -  ResidentSetSize of job (KB)
...
006 (16827628.007.000) 09/22 16:27:04 Image size of job updated: 308384
	2  -  MemoryUsage of job (MB)
	1600  -  ResidentSetSize of job (KB)
...
040 (16827628.007.000) 09/22 16:27:04 Started transferring output files
...
040 (16827628.007.000) 09/22 16:27:04 Finished transferring output files
...
005 (16827628.007.000) 09/22 16:27:05 Job terminated.
	(1) Normal termination (return value 0)
		Usr 0 00:02:12, Sys 0 00:00:11  -  Run Remote Usage
		Usr 0 00:00:00, Sys 0 00:00:00  -  Run Local Usage
		Usr 0 00:02:12, Sys 0 00:00:11  -  Total Remote Usage
		Usr 0 00:00:00, Sys 0 00:00:00  -  Total Local Usage
	8625  -  Run Bytes Sent By Job
	861  -  Run Bytes Received By Job
	8625  -  Total Bytes Sent By Job
	861  -  Total Bytes Received By Job
	Partitionable Resources :    Usage  Request Allocated 
	   Cpus                 :                 1         1 
	   Disk (KB)            :       48        1      3624 
	   GPUs                 :                           0 
	   Memory (MB)          :        2     3000      3000 
	   TimeExecute (s)      :      231                    
	   TimeSlotBusy (s)     :      233                    
...
