000 (16827627.003.000) 09/22 16:20:04 Job submitted from host: <188.184.90.241:9618?addrs=188.184.90.241-9618+[2001-1458-201-e4--100-2eb]-9618&alias=bigbird15.cern.ch&noUDP&sock=schedd_3150_376a>
...
009 (16827627.003.000) 09/22 16:22:00 Job was aborted.
	via condor_rm (by user masegret)
...
000 (16827628.003.000) 09/22 16:22:11 Job submitted from host: <188.184.90.241:9618?addrs=188.184.90.241-9618+[2001-1458-201-e4--100-2eb]-9618&alias=bigbird15.cern.ch&noUDP&sock=schedd_3150_376a>
...
040 (16827628.003.000) 09/22 16:23:12 Started transferring input files
	Transferring to host: <188.185.210.157:9618?addrs=188.185.210.157-9618+[2001-1458-303-15--100-19]-9618&alias=b9p22p6542.cern.ch&noUDP&sock=slot1_6_9289_b0d3_18056>
...
040 (16827628.003.000) 09/22 16:23:12 Finished transferring input files
...
001 (16827628.003.000) 09/22 16:23:13 Job executing on host: <188.185.210.157:9618?addrs=188.185.210.157-9618+[2001-1458-303-15--100-19]-9618&alias=b9p22p6542.cern.ch&noUDP&sock=startd_8022_00d3>
	SlotName: slot1_6@b9p22p6542.cern.ch
	CondorScratchDir = "/pool/condor/dir_3047600"
	Cpus = 1
	Disk = 3780
	GPUs = 0
	Memory = 3000
...
006 (16827628.003.000) 09/22 16:23:21 Image size of job updated: 2188
	3  -  MemoryUsage of job (MB)
	2188  -  ResidentSetSize of job (KB)
...
006 (16827628.003.000) 09/22 16:28:21 Image size of job updated: 301492
	3  -  MemoryUsage of job (MB)
	2212  -  ResidentSetSize of job (KB)
...
040 (16827628.003.000) 09/22 16:28:21 Started transferring output files
...
040 (16827628.003.000) 09/22 16:28:21 Finished transferring output files
...
005 (16827628.003.000) 09/22 16:28:21 Job terminated.
	(1) Normal termination (return value 0)
		Usr 0 00:03:09, Sys 0 00:00:14  -  Run Remote Usage
		Usr 0 00:00:00, Sys 0 00:00:00  -  Run Local Usage
		Usr 0 00:03:09, Sys 0 00:00:14  -  Total Remote Usage
		Usr 0 00:00:00, Sys 0 00:00:00  -  Total Local Usage
	8691  -  Run Bytes Sent By Job
	861  -  Run Bytes Received By Job
	8691  -  Total Bytes Sent By Job
	861  -  Total Bytes Received By Job
	Partitionable Resources :    Usage  Request Allocated 
	   Cpus                 :     0.18        1         1 
	   Disk (KB)            :    39           1      3780 
	   GPUs                 :                           0 
	   Memory (MB)          :     3        3000      3000 
	   TimeExecute (s)      :   308                       
	   TimeSlotBusy (s)     :   311                       
...
