000 (16827627.006.000) 09/22 16:20:04 Job submitted from host: <188.184.90.241:9618?addrs=188.184.90.241-9618+[2001-1458-201-e4--100-2eb]-9618&alias=bigbird15.cern.ch&noUDP&sock=schedd_3150_376a>
...
009 (16827627.006.000) 09/22 16:22:00 Job was aborted.
	via condor_rm (by user masegret)
...
000 (16827628.006.000) 09/22 16:22:11 Job submitted from host: <188.184.90.241:9618?addrs=188.184.90.241-9618+[2001-1458-201-e4--100-2eb]-9618&alias=bigbird15.cern.ch&noUDP&sock=schedd_3150_376a>
...
040 (16827628.006.000) 09/22 16:23:12 Started transferring input files
	Transferring to host: <188.185.207.21:9618?addrs=188.185.207.21-9618+[2001-1458-303-d--100-12]-9618&alias=b9p07p7593.cern.ch&noUDP&sock=slot1_17_4665_aa17_69327>
...
040 (16827628.006.000) 09/22 16:23:12 Finished transferring input files
...
001 (16827628.006.000) 09/22 16:23:13 Job executing on host: <188.185.207.21:9618?addrs=188.185.207.21-9618+[2001-1458-303-d--100-12]-9618&alias=b9p07p7593.cern.ch&noUDP&sock=startd_4382_4418>
	SlotName: slot1_17@b9p07p7593.cern.ch
	CondorScratchDir = "/pool/condor/dir_3220964"
	Cpus = 1
	Disk = 3763
	GPUs = 0
	Memory = 3000
...
006 (16827628.006.000) 09/22 16:23:22 Image size of job updated: 10616
	2  -  MemoryUsage of job (MB)
	1440  -  ResidentSetSize of job (KB)
...
006 (16827628.006.000) 09/22 16:26:04 Image size of job updated: 301096
	2  -  MemoryUsage of job (MB)
	1448  -  ResidentSetSize of job (KB)
...
040 (16827628.006.000) 09/22 16:26:04 Started transferring output files
...
040 (16827628.006.000) 09/22 16:26:04 Finished transferring output files
...
005 (16827628.006.000) 09/22 16:26:04 Job terminated.
	(1) Normal termination (return value 0)
		Usr 0 00:02:18, Sys 0 00:00:09  -  Run Remote Usage
		Usr 0 00:00:00, Sys 0 00:00:00  -  Run Local Usage
		Usr 0 00:02:18, Sys 0 00:00:09  -  Total Remote Usage
		Usr 0 00:00:00, Sys 0 00:00:00  -  Total Local Usage
	8625  -  Run Bytes Sent By Job
	861  -  Run Bytes Received By Job
	8625  -  Total Bytes Sent By Job
	861  -  Total Bytes Received By Job
	Partitionable Resources :    Usage  Request Allocated 
	   Cpus                 :                 1         1 
	   Disk (KB)            :       33        1      3763 
	   GPUs                 :                           0 
	   Memory (MB)          :        2     3000      3000 
	   TimeExecute (s)      :      171                    
	   TimeSlotBusy (s)     :      174                    
...
