000 (16827627.011.000) 09/22 16:20:03 Job submitted from host: <188.184.90.241:9618?addrs=188.184.90.241-9618+[2001-1458-201-e4--100-2eb]-9618&alias=bigbird15.cern.ch&noUDP&sock=schedd_3150_376a>
...
009 (16827627.011.000) 09/22 16:22:00 Job was aborted.
	via condor_rm (by user masegret)
...
000 (16827628.011.000) 09/22 16:22:11 Job submitted from host: <188.184.90.241:9618?addrs=188.184.90.241-9618+[2001-1458-201-e4--100-2eb]-9618&alias=bigbird15.cern.ch&noUDP&sock=schedd_3150_376a>
...
040 (16827628.011.000) 09/22 16:23:12 Started transferring input files
	Transferring to host: <128.142.192.142:9618?addrs=128.142.192.142-9618+[2001-1458-301-56--100-a]-9618&alias=b9g18p1267.cern.ch&noUDP&sock=slot1_1_1558786_8055_75332>
...
040 (16827628.011.000) 09/22 16:23:12 Finished transferring input files
...
001 (16827628.011.000) 09/22 16:23:13 Job executing on host: <128.142.192.142:9618?addrs=128.142.192.142-9618+[2001-1458-301-56--100-a]-9618&alias=b9g18p1267.cern.ch&noUDP&sock=startd_3958_6ff0>
	SlotName: slot1_1@b9g18p1267.cern.ch
	CondorScratchDir = "/pool/condor/dir_3892408"
	Cpus = 1
	Disk = 3847
	GPUs = 0
	Memory = 3000
...
006 (16827628.011.000) 09/22 16:23:22 Image size of job updated: 11004
	11  -  MemoryUsage of job (MB)
	11004  -  ResidentSetSize of job (KB)
...
006 (16827628.011.000) 09/22 16:27:43 Image size of job updated: 296828
	11  -  MemoryUsage of job (MB)
	11004  -  ResidentSetSize of job (KB)
...
040 (16827628.011.000) 09/22 16:27:43 Started transferring output files
...
040 (16827628.011.000) 09/22 16:27:43 Finished transferring output files
...
005 (16827628.011.000) 09/22 16:27:43 Job terminated.
	(1) Normal termination (return value 0)
		Usr 0 00:03:53, Sys 0 00:00:09  -  Run Remote Usage
		Usr 0 00:00:00, Sys 0 00:00:00  -  Run Local Usage
		Usr 0 00:03:53, Sys 0 00:00:09  -  Total Remote Usage
		Usr 0 00:00:00, Sys 0 00:00:00  -  Total Local Usage
	8691  -  Run Bytes Sent By Job
	861  -  Run Bytes Received By Job
	8691  -  Total Bytes Sent By Job
	861  -  Total Bytes Received By Job
	Partitionable Resources :    Usage  Request Allocated 
	   Cpus                 :        0        1         1 
	   Disk (KB)            :       39        1      3847 
	   GPUs                 :                           0 
	   Memory (MB)          :       11     3000      3000 
	   TimeExecute (s)      :      270                    
	   TimeSlotBusy (s)     :      272                    
...
000 (16828035.011.000) 09/22 17:37:18 Job submitted from host: <188.184.90.241:9618?addrs=188.184.90.241-9618+[2001-1458-201-e4--100-2eb]-9618&alias=bigbird15.cern.ch&noUDP&sock=schedd_3150_376a>
...
040 (16828035.011.000) 09/22 17:55:02 Started transferring input files
	Transferring to host: <188.185.214.35:9618?addrs=188.185.214.35-9618+[2001-1458-303-1c--100-1f]-9618&alias=b9p29p9581.cern.ch&noUDP&sock=slot1_23_4761_4e1b_68167>
...
040 (16828035.011.000) 09/22 17:55:02 Finished transferring input files
...
001 (16828035.011.000) 09/22 17:55:03 Job executing on host: <188.185.214.35:9618?addrs=188.185.214.35-9618+[2001-1458-303-1c--100-1f]-9618&alias=b9p29p9581.cern.ch&noUDP&sock=startd_4113_c11e>
	SlotName: slot1_23@b9p29p9581.cern.ch
	CondorScratchDir = "/pool/condor/dir_1929106"
	Cpus = 1
	Disk = 3597
	GPUs = 0
	Memory = 3000
...
006 (16828035.011.000) 09/22 17:55:11 Image size of job updated: 1204
	2  -  MemoryUsage of job (MB)
	1204  -  ResidentSetSize of job (KB)
...
006 (16828035.011.000) 09/22 17:58:38 Image size of job updated: 297532
	2  -  MemoryUsage of job (MB)
	1340  -  ResidentSetSize of job (KB)
...
040 (16828035.011.000) 09/22 17:58:38 Started transferring output files
...
040 (16828035.011.000) 09/22 17:58:38 Finished transferring output files
...
005 (16828035.011.000) 09/22 17:58:39 Job terminated.
	(1) Normal termination (return value 0)
		Usr 0 00:02:49, Sys 0 00:00:13  -  Run Remote Usage
		Usr 0 00:00:00, Sys 0 00:00:00  -  Run Local Usage
		Usr 0 00:02:49, Sys 0 00:00:13  -  Total Remote Usage
		Usr 0 00:00:00, Sys 0 00:00:00  -  Total Local Usage
	8691  -  Run Bytes Sent By Job
	861  -  Run Bytes Received By Job
	8691  -  Total Bytes Sent By Job
	861  -  Total Bytes Received By Job
	Partitionable Resources :    Usage  Request Allocated 
	   Cpus                 :        0        1         1 
	   Disk (KB)            :       39        1      3597 
	   GPUs                 :                           0 
	   Memory (MB)          :        2     3000      3000 
	   TimeExecute (s)      :      215                    
	   TimeSlotBusy (s)     :      217                    
...
