000 (16827627.012.000) 09/22 16:20:03 Job submitted from host: <188.184.90.241:9618?addrs=188.184.90.241-9618+[2001-1458-201-e4--100-2eb]-9618&alias=bigbird15.cern.ch&noUDP&sock=schedd_3150_376a>
...
009 (16827627.012.000) 09/22 16:22:00 Job was aborted.
	via condor_rm (by user masegret)
...
000 (16827628.012.000) 09/22 16:22:11 Job submitted from host: <188.184.90.241:9618?addrs=188.184.90.241-9618+[2001-1458-201-e4--100-2eb]-9618&alias=bigbird15.cern.ch&noUDP&sock=schedd_3150_376a>
...
040 (16827628.012.000) 09/22 16:23:13 Started transferring input files
	Transferring to host: <188.185.203.151:9618?addrs=188.185.203.151-9618+[2001-1458-303-6--100-14]-9618&alias=b9p34p1024.cern.ch&noUDP&sock=slot1_35_10128_d795_61800>
...
040 (16827628.012.000) 09/22 16:23:13 Finished transferring input files
...
001 (16827628.012.000) 09/22 16:23:14 Job executing on host: <188.185.203.151:9618?addrs=188.185.203.151-9618+[2001-1458-303-6--100-14]-9618&alias=b9p34p1024.cern.ch&noUDP&sock=startd_10065_54d0>
	SlotName: slot1_35@b9p34p1024.cern.ch
	CondorScratchDir = "/pool/condor/dir_4020689"
	Cpus = 1
	Disk = 12557
	GPUs = 0
	Memory = 3000
...
006 (16827628.012.000) 09/22 16:23:23 Image size of job updated: 205368
	201  -  MemoryUsage of job (MB)
	205368  -  ResidentSetSize of job (KB)
...
006 (16827628.012.000) 09/22 16:24:58 Image size of job updated: 299688
	202  -  MemoryUsage of job (MB)
	206664  -  ResidentSetSize of job (KB)
...
040 (16827628.012.000) 09/22 16:24:58 Started transferring output files
...
040 (16827628.012.000) 09/22 16:24:58 Finished transferring output files
...
005 (16827628.012.000) 09/22 16:24:59 Job terminated.
	(1) Normal termination (return value 0)
		Usr 0 00:01:20, Sys 0 00:00:05  -  Run Remote Usage
		Usr 0 00:00:00, Sys 0 00:00:00  -  Run Local Usage
		Usr 0 00:01:20, Sys 0 00:00:05  -  Total Remote Usage
		Usr 0 00:00:00, Sys 0 00:00:00  -  Total Local Usage
	8691  -  Run Bytes Sent By Job
	860  -  Run Bytes Received By Job
	8691  -  Total Bytes Sent By Job
	860  -  Total Bytes Received By Job
	Partitionable Resources :    Usage  Request Allocated 
	   Cpus                 :        0        1         1 
	   Disk (KB)            :       43        1     12557 
	   GPUs                 :                           0 
	   Memory (MB)          :      202     3000      3000 
	   TimeExecute (s)      :      104                    
	   TimeSlotBusy (s)     :      106                    
...
