000 (16827627.016.000) 09/22 16:20:03 Job submitted from host: <188.184.90.241:9618?addrs=188.184.90.241-9618+[2001-1458-201-e4--100-2eb]-9618&alias=bigbird15.cern.ch&noUDP&sock=schedd_3150_376a>
...
009 (16827627.016.000) 09/22 16:22:01 Job was aborted.
	via condor_rm (by user masegret)
...
000 (16827628.016.000) 09/22 16:22:11 Job submitted from host: <188.184.90.241:9618?addrs=188.184.90.241-9618+[2001-1458-201-e4--100-2eb]-9618&alias=bigbird15.cern.ch&noUDP&sock=schedd_3150_376a>
...
040 (16827628.016.000) 09/22 16:23:13 Started transferring input files
	Transferring to host: <128.142.209.41:9618?addrs=128.142.209.41-9618+[2001-1458-301-21--100-9]-9618&alias=b9g41p8533.cern.ch&noUDP&sock=slot1_3_5252_424f_83509>
...
040 (16827628.016.000) 09/22 16:23:13 Finished transferring input files
...
001 (16827628.016.000) 09/22 16:23:14 Job executing on host: <128.142.209.41:9618?addrs=128.142.209.41-9618+[2001-1458-301-21--100-9]-9618&alias=b9g41p8533.cern.ch&noUDP&sock=startd_4330_992b>
	SlotName: slot1_3@b9g41p8533.cern.ch
	CondorScratchDir = "/pool/condor/dir_4173886"
	Cpus = 1
	Disk = 6825
	GPUs = 0
	Memory = 3000
...
006 (16827628.016.000) 09/22 16:23:23 Image size of job updated: 3856
	2  -  MemoryUsage of job (MB)
	1236  -  ResidentSetSize of job (KB)
...
006 (16827628.016.000) 09/22 16:25:33 Image size of job updated: 317052
	2  -  MemoryUsage of job (MB)
	1236  -  ResidentSetSize of job (KB)
...
040 (16827628.016.000) 09/22 16:25:33 Started transferring output files
...
040 (16827628.016.000) 09/22 16:25:33 Finished transferring output files
...
005 (16827628.016.000) 09/22 16:25:33 Job terminated.
	(1) Normal termination (return value 0)
		Usr 0 00:01:48, Sys 0 00:00:06  -  Run Remote Usage
		Usr 0 00:00:00, Sys 0 00:00:00  -  Run Local Usage
		Usr 0 00:01:48, Sys 0 00:00:06  -  Total Remote Usage
		Usr 0 00:00:00, Sys 0 00:00:00  -  Total Local Usage
	8691  -  Run Bytes Sent By Job
	861  -  Run Bytes Received By Job
	8691  -  Total Bytes Sent By Job
	861  -  Total Bytes Received By Job
	Partitionable Resources :    Usage  Request Allocated 
	   Cpus                 :        0        1         1 
	   Disk (KB)            :       39        1      6825 
	   GPUs                 :                           0 
	   Memory (MB)          :        2     3000      3000 
	   TimeExecute (s)      :      139                    
	   TimeSlotBusy (s)     :      141                    
...
