000 (16827627.013.000) 09/22 16:20:03 Job submitted from host: <188.184.90.241:9618?addrs=188.184.90.241-9618+[2001-1458-201-e4--100-2eb]-9618&alias=bigbird15.cern.ch&noUDP&sock=schedd_3150_376a>
...
009 (16827627.013.000) 09/22 16:22:00 Job was aborted.
	via condor_rm (by user masegret)
...
000 (16827628.013.000) 09/22 16:22:11 Job submitted from host: <188.184.90.241:9618?addrs=188.184.90.241-9618+[2001-1458-201-e4--100-2eb]-9618&alias=bigbird15.cern.ch&noUDP&sock=schedd_3150_376a>
...
040 (16827628.013.000) 09/22 16:23:13 Started transferring input files
	Transferring to host: <188.185.206.158:9618?addrs=188.185.206.158-9618+[2001-1458-303-c--100-1b]-9618&alias=b9p06p1568.cern.ch&noUDP&sock=slot1_16_4423_274d_74898>
...
040 (16827628.013.000) 09/22 16:23:13 Finished transferring input files
...
001 (16827628.013.000) 09/22 16:23:14 Job executing on host: <188.185.206.158:9618?addrs=188.185.206.158-9618+[2001-1458-303-c--100-1b]-9618&alias=b9p06p1568.cern.ch&noUDP&sock=startd_3880_ef8d>
	SlotName: slot1_16@b9p06p1568.cern.ch
	CondorScratchDir = "/pool/condor/dir_3489487"
	Cpus = 1
	Disk = 3645
	GPUs = 0
	Memory = 3000
...
006 (16827628.013.000) 09/22 16:23:23 Image size of job updated: 19116
	19  -  MemoryUsage of job (MB)
	19116  -  ResidentSetSize of job (KB)
...
006 (16827628.013.000) 09/22 16:25:51 Image size of job updated: 303384
	19  -  MemoryUsage of job (MB)
	19164  -  ResidentSetSize of job (KB)
...
040 (16827628.013.000) 09/22 16:25:51 Started transferring output files
...
040 (16827628.013.000) 09/22 16:25:51 Finished transferring output files
...
005 (16827628.013.000) 09/22 16:25:51 Job terminated.
	(1) Normal termination (return value 0)
		Usr 0 00:01:51, Sys 0 00:00:07  -  Run Remote Usage
		Usr 0 00:00:00, Sys 0 00:00:00  -  Run Local Usage
		Usr 0 00:01:51, Sys 0 00:00:07  -  Total Remote Usage
		Usr 0 00:00:00, Sys 0 00:00:00  -  Total Local Usage
	8691  -  Run Bytes Sent By Job
	861  -  Run Bytes Received By Job
	8691  -  Total Bytes Sent By Job
	861  -  Total Bytes Received By Job
	Partitionable Resources :    Usage  Request Allocated 
	   Cpus                 :        0        1         1 
	   Disk (KB)            :       39        1      3645 
	   GPUs                 :                           0 
	   Memory (MB)          :       19     3000      3000 
	   TimeExecute (s)      :      157                    
	   TimeSlotBusy (s)     :      159                    
...
