000 (16827627.015.000) 09/22 16:20:03 Job submitted from host: <188.184.90.241:9618?addrs=188.184.90.241-9618+[2001-1458-201-e4--100-2eb]-9618&alias=bigbird15.cern.ch&noUDP&sock=schedd_3150_376a>
...
009 (16827627.015.000) 09/22 16:22:01 Job was aborted.
	via condor_rm (by user masegret)
...
000 (16827628.015.000) 09/22 16:22:11 Job submitted from host: <188.184.90.241:9618?addrs=188.184.90.241-9618+[2001-1458-201-e4--100-2eb]-9618&alias=bigbird15.cern.ch&noUDP&sock=schedd_3150_376a>
...
040 (16827628.015.000) 09/22 16:23:13 Started transferring input files
	Transferring to host: <188.185.211.184:9618?addrs=188.185.211.184-9618+[2001-1458-303-17--100-34]-9618&alias=b9p24p6475.cern.ch&noUDP&sock=slot1_2_6090_b4b1_76072>
...
040 (16827628.015.000) 09/22 16:23:13 Finished transferring input files
...
001 (16827628.015.000) 09/22 16:23:15 Job executing on host: <188.185.211.184:9618?addrs=188.185.211.184-9618+[2001-1458-303-17--100-34]-9618&alias=b9p24p6475.cern.ch&noUDP&sock=startd_5506_3c8b>
	SlotName: slot1_2@b9p24p6475.cern.ch
	CondorScratchDir = "/pool/condor/dir_2252179"
	Cpus = 1
	Disk = 3870
	GPUs = 0
	Memory = 3000
...
006 (16827628.015.000) 09/22 16:23:23 Image size of job updated: 1868
	2  -  MemoryUsage of job (MB)
	1868  -  ResidentSetSize of job (KB)
...
006 (16827628.015.000) 09/22 16:25:51 Image size of job updated: 305536
	2  -  MemoryUsage of job (MB)
	1868  -  ResidentSetSize of job (KB)
...
040 (16827628.015.000) 09/22 16:25:51 Started transferring output files
...
040 (16827628.015.000) 09/22 16:25:51 Finished transferring output files
...
005 (16827628.015.000) 09/22 16:25:51 Job terminated.
	(1) Normal termination (return value 0)
		Usr 0 00:02:09, Sys 0 00:00:09  -  Run Remote Usage
		Usr 0 00:00:00, Sys 0 00:00:00  -  Run Local Usage
		Usr 0 00:02:09, Sys 0 00:00:09  -  Total Remote Usage
		Usr 0 00:00:00, Sys 0 00:00:00  -  Total Local Usage
	8625  -  Run Bytes Sent By Job
	861  -  Run Bytes Received By Job
	8625  -  Total Bytes Sent By Job
	861  -  Total Bytes Received By Job
	Partitionable Resources :    Usage  Request Allocated 
	   Cpus                 :        0        1         1 
	   Disk (KB)            :       57        1      3870 
	   GPUs                 :                           0 
	   Memory (MB)          :        2     3000      3000 
	   TimeExecute (s)      :      157                    
	   TimeSlotBusy (s)     :      159                    
...
