000 (16827627.022.000) 09/22 16:20:03 Job submitted from host: <188.184.90.241:9618?addrs=188.184.90.241-9618+[2001-1458-201-e4--100-2eb]-9618&alias=bigbird15.cern.ch&noUDP&sock=schedd_3150_376a>
...
009 (16827627.022.000) 09/22 16:22:01 Job was aborted.
	via condor_rm (by user masegret)
...
000 (16827628.022.000) 09/22 16:22:11 Job submitted from host: <188.184.90.241:9618?addrs=188.184.90.241-9618+[2001-1458-201-e4--100-2eb]-9618&alias=bigbird15.cern.ch&noUDP&sock=schedd_3150_376a>
...
040 (16827628.022.000) 09/22 16:23:14 Started transferring input files
	Transferring to host: <128.142.161.147:9618?addrs=128.142.161.147-9618+[2001-1458-301-b9--100-10]-9618&alias=b9g03p3379.cern.ch&noUDP&sock=slot1_1_4353_d50a_67700>
...
040 (16827628.022.000) 09/22 16:23:14 Finished transferring input files
...
001 (16827628.022.000) 09/22 16:23:15 Job executing on host: <128.142.161.147:9618?addrs=128.142.161.147-9618+[2001-1458-301-b9--100-10]-9618&alias=b9g03p3379.cern.ch&noUDP&sock=startd_3132_deb6>
	SlotName: slot1_1@b9g03p3379.cern.ch
	CondorScratchDir = "/pool/condor/dir_840865"
	Cpus = 1
	Disk = 3734
	GPUs = 0
	Memory = 3000
...
006 (16827628.022.000) 09/22 16:23:24 Image size of job updated: 2368
	2  -  MemoryUsage of job (MB)
	1904  -  ResidentSetSize of job (KB)
...
006 (16827628.022.000) 09/22 16:28:25 Image size of job updated: 274788
	269  -  MemoryUsage of job (MB)
	274788  -  ResidentSetSize of job (KB)
...
006 (16827628.022.000) 09/22 16:33:25 Image size of job updated: 274844
	269  -  MemoryUsage of job (MB)
	274844  -  ResidentSetSize of job (KB)
...
006 (16827628.022.000) 09/22 16:34:12 Image size of job updated: 282960
	269  -  MemoryUsage of job (MB)
	274844  -  ResidentSetSize of job (KB)
...
040 (16827628.022.000) 09/22 16:34:12 Started transferring output files
...
040 (16827628.022.000) 09/22 16:34:13 Finished transferring output files
...
005 (16827628.022.000) 09/22 16:34:13 Job terminated.
	(1) Normal termination (return value 0)
		Usr 0 00:09:41, Sys 0 00:00:12  -  Run Remote Usage
		Usr 0 00:00:00, Sys 0 00:00:00  -  Run Local Usage
		Usr 0 00:09:41, Sys 0 00:00:12  -  Total Remote Usage
		Usr 0 00:00:00, Sys 0 00:00:00  -  Total Local Usage
	10506  -  Run Bytes Sent By Job
	861  -  Run Bytes Received By Job
	10506  -  Total Bytes Sent By Job
	861  -  Total Bytes Received By Job
	Partitionable Resources :    Usage  Request Allocated 
	   Cpus                 :     0.93        1         1 
	   Disk (KB)            :    41           1      3734 
	   GPUs                 :                           0 
	   Memory (MB)          :   269        3000      3000 
	   TimeExecute (s)      :   657                       
	   TimeSlotBusy (s)     :   661                       
...
