000 (16827627.020.000) 09/22 16:20:03 Job submitted from host: <188.184.90.241:9618?addrs=188.184.90.241-9618+[2001-1458-201-e4--100-2eb]-9618&alias=bigbird15.cern.ch&noUDP&sock=schedd_3150_376a>
...
009 (16827627.020.000) 09/22 16:22:01 Job was aborted.
	via condor_rm (by user masegret)
...
000 (16827628.020.000) 09/22 16:22:11 Job submitted from host: <188.184.90.241:9618?addrs=188.184.90.241-9618+[2001-1458-201-e4--100-2eb]-9618&alias=bigbird15.cern.ch&noUDP&sock=schedd_3150_376a>
...
040 (16827628.020.000) 09/22 16:23:14 Started transferring input files
	Transferring to host: <188.185.211.61:9618?addrs=188.185.211.61-9618+[2001-1458-303-16--100-39]-9618&alias=b9p23p8988.cern.ch&noUDP&sock=slot1_7_10602_d168_76068>
...
040 (16827628.020.000) 09/22 16:23:14 Finished transferring input files
...
001 (16827628.020.000) 09/22 16:23:15 Job executing on host: <188.185.211.61:9618?addrs=188.185.211.61-9618+[2001-1458-303-16--100-39]-9618&alias=b9p23p8988.cern.ch&noUDP&sock=startd_9945_0573>
	SlotName: slot1_7@b9p23p8988.cern.ch
	CondorScratchDir = "/pool/condor/dir_3007118"
	Cpus = 1
	Disk = 3763
	GPUs = 0
	Memory = 3000
...
006 (16827628.020.000) 09/22 16:23:23 Image size of job updated: 3856
	4  -  MemoryUsage of job (MB)
	3856  -  ResidentSetSize of job (KB)
...
006 (16827628.020.000) 09/22 16:28:23 Image size of job updated: 281216
	275  -  MemoryUsage of job (MB)
	281216  -  ResidentSetSize of job (KB)
...
006 (16827628.020.000) 09/22 16:32:02 Image size of job updated: 289188
	275  -  MemoryUsage of job (MB)
	281216  -  ResidentSetSize of job (KB)
...
040 (16827628.020.000) 09/22 16:32:02 Started transferring output files
...
040 (16827628.020.000) 09/22 16:32:02 Finished transferring output files
...
005 (16827628.020.000) 09/22 16:32:02 Job terminated.
	(1) Normal termination (return value 0)
		Usr 0 00:07:21, Sys 0 00:00:16  -  Run Remote Usage
		Usr 0 00:00:00, Sys 0 00:00:00  -  Run Local Usage
		Usr 0 00:07:21, Sys 0 00:00:16  -  Total Remote Usage
		Usr 0 00:00:00, Sys 0 00:00:00  -  Total Local Usage
	10506  -  Run Bytes Sent By Job
	861  -  Run Bytes Received By Job
	10506  -  Total Bytes Sent By Job
	861  -  Total Bytes Received By Job
	Partitionable Resources :    Usage  Request Allocated 
	   Cpus                 :     0.86        1         1 
	   Disk (KB)            :    56           1      3763 
	   GPUs                 :                           0 
	   Memory (MB)          :   275        3000      3000 
	   TimeExecute (s)      :   527                       
	   TimeSlotBusy (s)     :   530                       
...
