000 (16827627.014.000) 09/22 16:20:03 Job submitted from host: <188.184.90.241:9618?addrs=188.184.90.241-9618+[2001-1458-201-e4--100-2eb]-9618&alias=bigbird15.cern.ch&noUDP&sock=schedd_3150_376a>
...
009 (16827627.014.000) 09/22 16:22:00 Job was aborted.
	via condor_rm (by user masegret)
...
000 (16827628.014.000) 09/22 16:22:11 Job submitted from host: <188.184.90.241:9618?addrs=188.184.90.241-9618+[2001-1458-201-e4--100-2eb]-9618&alias=bigbird15.cern.ch&noUDP&sock=schedd_3150_376a>
...
040 (16827628.014.000) 09/22 16:23:13 Started transferring input files
	Transferring to host: <188.185.208.96:9618?addrs=188.185.208.96-9618+[2001-1458-303-f--100-5d]-9618&alias=b9p09p9864.cern.ch&noUDP&sock=slot1_3_9188_86ef_67537>
...
040 (16827628.014.000) 09/22 16:23:13 Finished transferring input files
...
001 (16827628.014.000) 09/22 16:23:14 Job executing on host: <188.185.208.96:9618?addrs=188.185.208.96-9618+[2001-1458-303-f--100-5d]-9618&alias=b9p09p9864.cern.ch&noUDP&sock=startd_7709_4faf>
	SlotName: slot1_3@b9p09p9864.cern.ch
	CondorScratchDir = "/pool/condor/dir_4069419"
	Cpus = 1
	Disk = 3638
	GPUs = 0
	Memory = 3000
...
006 (16827628.014.000) 09/22 16:23:23 Image size of job updated: 1984
	2  -  MemoryUsage of job (MB)
	1984  -  ResidentSetSize of job (KB)
...
006 (16827628.014.000) 09/22 16:26:41 Image size of job updated: 303220
	2  -  MemoryUsage of job (MB)
	1984  -  ResidentSetSize of job (KB)
...
040 (16827628.014.000) 09/22 16:26:41 Started transferring output files
...
040 (16827628.014.000) 09/22 16:26:41 Finished transferring output files
...
005 (16827628.014.000) 09/22 16:26:41 Job terminated.
	(1) Normal termination (return value 0)
		Usr 0 00:02:25, Sys 0 00:00:12  -  Run Remote Usage
		Usr 0 00:00:00, Sys 0 00:00:00  -  Run Local Usage
		Usr 0 00:02:25, Sys 0 00:00:12  -  Total Remote Usage
		Usr 0 00:00:00, Sys 0 00:00:00  -  Total Local Usage
	8625  -  Run Bytes Sent By Job
	861  -  Run Bytes Received By Job
	8625  -  Total Bytes Sent By Job
	861  -  Total Bytes Received By Job
	Partitionable Resources :    Usage  Request Allocated 
	   Cpus                 :        0        1         1 
	   Disk (KB)            :       42        1      3638 
	   GPUs                 :                           0 
	   Memory (MB)          :        2     3000      3000 
	   TimeExecute (s)      :      207                    
	   TimeSlotBusy (s)     :      209                    
...
000 (16828035.014.000) 09/22 17:37:18 Job submitted from host: <188.184.90.241:9618?addrs=188.184.90.241-9618+[2001-1458-201-e4--100-2eb]-9618&alias=bigbird15.cern.ch&noUDP&sock=schedd_3150_376a>
...
040 (16828035.014.000) 09/22 17:55:31 Started transferring input files
	Transferring to host: <188.185.210.208:9618?addrs=188.185.210.208-9618+[2001-1458-303-15--100-4c]-9618&alias=b9p22p0624.cern.ch&noUDP&sock=slot1_50_5776_76e4_68293>
...
040 (16828035.014.000) 09/22 17:55:31 Finished transferring input files
...
001 (16828035.014.000) 09/22 17:55:32 Job executing on host: <188.185.210.208:9618?addrs=188.185.210.208-9618+[2001-1458-303-15--100-4c]-9618&alias=b9p22p0624.cern.ch&noUDP&sock=startd_4738_73cf>
	SlotName: slot1_50@b9p22p0624.cern.ch
	CondorScratchDir = "/pool/condor/dir_3958347"
	Cpus = 1
	Disk = 3637
	GPUs = 0
	Memory = 3000
...
006 (16828035.014.000) 09/22 17:55:41 Image size of job updated: 2492
	3  -  MemoryUsage of job (MB)
	2492  -  ResidentSetSize of job (KB)
...
006 (16828035.014.000) 09/22 17:59:09 Image size of job updated: 303304
	3  -  MemoryUsage of job (MB)
	2492  -  ResidentSetSize of job (KB)
...
040 (16828035.014.000) 09/22 17:59:09 Started transferring output files
...
040 (16828035.014.000) 09/22 17:59:10 Finished transferring output files
...
005 (16828035.014.000) 09/22 17:59:12 Job terminated.
	(1) Normal termination (return value 0)
		Usr 0 00:02:53, Sys 0 00:00:12  -  Run Remote Usage
		Usr 0 00:00:00, Sys 0 00:00:00  -  Run Local Usage
		Usr 0 00:02:53, Sys 0 00:00:12  -  Total Remote Usage
		Usr 0 00:00:00, Sys 0 00:00:00  -  Total Local Usage
	8625  -  Run Bytes Sent By Job
	861  -  Run Bytes Received By Job
	8625  -  Total Bytes Sent By Job
	861  -  Total Bytes Received By Job
	Partitionable Resources :    Usage  Request Allocated 
	   Cpus                 :                 1         1 
	   Disk (KB)            :       49        1      3637 
	   GPUs                 :                           0 
	   Memory (MB)          :        3     3000      3000 
	   TimeExecute (s)      :      217                    
	   TimeSlotBusy (s)     :      220                    
...
