000 (16827627.021.000) 09/22 16:20:03 Job submitted from host: <188.184.90.241:9618?addrs=188.184.90.241-9618+[2001-1458-201-e4--100-2eb]-9618&alias=bigbird15.cern.ch&noUDP&sock=schedd_3150_376a>
...
009 (16827627.021.000) 09/22 16:22:01 Job was aborted.
	via condor_rm (by user masegret)
...
000 (16827628.021.000) 09/22 16:22:11 Job submitted from host: <188.184.90.241:9618?addrs=188.184.90.241-9618+[2001-1458-201-e4--100-2eb]-9618&alias=bigbird15.cern.ch&noUDP&sock=schedd_3150_376a>
...
040 (16827628.021.000) 09/22 16:23:14 Started transferring input files
	Transferring to host: <128.142.209.69:9618?addrs=128.142.209.69-9618+[2001-1458-301-22--100-5]-9618&alias=b9g41p5304.cern.ch&noUDP&sock=slot1_11_7276_59a1_14959>
...
040 (16827628.021.000) 09/22 16:23:14 Finished transferring input files
...
001 (16827628.021.000) 09/22 16:23:15 Job executing on host: <128.142.209.69:9618?addrs=128.142.209.69-9618+[2001-1458-301-22--100-5]-9618&alias=b9g41p5304.cern.ch&noUDP&sock=startd_5995_a65b>
	SlotName: slot1_11@b9g41p5304.cern.ch
	CondorScratchDir = "/pool/condor/dir_2859274"
	Cpus = 1
	Disk = 6891
	GPUs = 0
	Memory = 3000
...
006 (16827628.021.000) 09/22 16:23:23 Image size of job updated: 3844
	2  -  MemoryUsage of job (MB)
	1596  -  ResidentSetSize of job (KB)
...
006 (16827628.021.000) 09/22 16:28:23 Image size of job updated: 279080
	273  -  MemoryUsage of job (MB)
	279080  -  ResidentSetSize of job (KB)
...
006 (16827628.021.000) 09/22 16:32:35 Image size of job updated: 279092
	273  -  MemoryUsage of job (MB)
	279080  -  ResidentSetSize of job (KB)
...
040 (16827628.021.000) 09/22 16:32:35 Started transferring output files
...
040 (16827628.021.000) 09/22 16:32:35 Finished transferring output files
...
005 (16827628.021.000) 09/22 16:32:36 Job terminated.
	(1) Normal termination (return value 0)
		Usr 0 00:06:38, Sys 0 00:00:12  -  Run Remote Usage
		Usr 0 00:00:00, Sys 0 00:00:00  -  Run Local Usage
		Usr 0 00:06:38, Sys 0 00:00:12  -  Total Remote Usage
		Usr 0 00:00:00, Sys 0 00:00:00  -  Total Local Usage
	10506  -  Run Bytes Sent By Job
	861  -  Run Bytes Received By Job
	10506  -  Total Bytes Sent By Job
	861  -  Total Bytes Received By Job
	Partitionable Resources :    Usage  Request Allocated 
	   Cpus                 :                 1         1 
	   Disk (KB)            :       32        1      6891 
	   GPUs                 :                           0 
	   Memory (MB)          :      273     3000      3000 
	   TimeExecute (s)      :      560                    
	   TimeSlotBusy (s)     :      563                    
...
000 (16828035.021.000) 09/22 17:37:18 Job submitted from host: <188.184.90.241:9618?addrs=188.184.90.241-9618+[2001-1458-201-e4--100-2eb]-9618&alias=bigbird15.cern.ch&noUDP&sock=schedd_3150_376a>
...
040 (16828035.021.000) 09/22 17:56:25 Started transferring input files
	Transferring to host: <188.185.213.178:9618?addrs=188.185.213.178-9618+[2001-1458-303-1b--100-2e]-9618&alias=b9p28p3786.cern.ch&noUDP&sock=slot1_13_10018_5650_70988>
...
040 (16828035.021.000) 09/22 17:56:25 Finished transferring input files
...
001 (16828035.021.000) 09/22 17:56:26 Job executing on host: <188.185.213.178:9618?addrs=188.185.213.178-9618+[2001-1458-303-1b--100-2e]-9618&alias=b9p28p3786.cern.ch&noUDP&sock=startd_9216_fce8>
	SlotName: slot1_13@b9p28p3786.cern.ch
	CondorScratchDir = "/pool/condor/dir_3906284"
	Cpus = 1
	Disk = 3709
	GPUs = 0
	Memory = 3000
...
006 (16828035.021.000) 09/22 17:56:35 Image size of job updated: 1604
	2  -  MemoryUsage of job (MB)
	1604  -  ResidentSetSize of job (KB)
...
006 (16828035.021.000) 09/22 18:01:36 Image size of job updated: 275108
	269  -  MemoryUsage of job (MB)
	275108  -  ResidentSetSize of job (KB)
...
006 (16828035.021.000) 09/22 18:06:24 Image size of job updated: 275124
	269  -  MemoryUsage of job (MB)
	275108  -  ResidentSetSize of job (KB)
...
040 (16828035.021.000) 09/22 18:06:24 Started transferring output files
...
040 (16828035.021.000) 09/22 18:06:24 Finished transferring output files
...
005 (16828035.021.000) 09/22 18:06:24 Job terminated.
	(1) Normal termination (return value 0)
		Usr 0 00:08:01, Sys 0 00:00:17  -  Run Remote Usage
		Usr 0 00:00:00, Sys 0 00:00:00  -  Run Local Usage
		Usr 0 00:08:01, Sys 0 00:00:17  -  Total Remote Usage
		Usr 0 00:00:00, Sys 0 00:00:00  -  Total Local Usage
	10506  -  Run Bytes Sent By Job
	861  -  Run Bytes Received By Job
	10506  -  Total Bytes Sent By Job
	861  -  Total Bytes Received By Job
	Partitionable Resources :    Usage  Request Allocated 
	   Cpus                 :     0.86        1         1 
	   Disk (KB)            :    49           1      3709 
	   GPUs                 :                           0 
	   Memory (MB)          :   269        3000      3000 
	   TimeExecute (s)      :   598                       
	   TimeSlotBusy (s)     :   599                       
...
