000 (16827627.018.000) 09/22 16:20:03 Job submitted from host: <188.184.90.241:9618?addrs=188.184.90.241-9618+[2001-1458-201-e4--100-2eb]-9618&alias=bigbird15.cern.ch&noUDP&sock=schedd_3150_376a>
...
009 (16827627.018.000) 09/22 16:22:01 Job was aborted.
	via condor_rm (by user masegret)
...
000 (16827628.018.000) 09/22 16:22:11 Job submitted from host: <188.184.90.241:9618?addrs=188.184.90.241-9618+[2001-1458-201-e4--100-2eb]-9618&alias=bigbird15.cern.ch&noUDP&sock=schedd_3150_376a>
...
040 (16827628.018.000) 09/22 16:23:13 Started transferring input files
	Transferring to host: <188.185.212.41:9618?addrs=188.185.212.41-9618+[2001-1458-303-18--100-25]-9618&alias=b9p25p9135.cern.ch&noUDP&sock=slot1_1_5121_f529_76874>
...
040 (16827628.018.000) 09/22 16:23:14 Finished transferring input files
...
001 (16827628.018.000) 09/22 16:23:15 Job executing on host: <188.185.212.41:9618?addrs=188.185.212.41-9618+[2001-1458-303-18--100-25]-9618&alias=b9p25p9135.cern.ch&noUDP&sock=startd_4761_3a7d>
	SlotName: slot1_1@b9p25p9135.cern.ch
	CondorScratchDir = "/pool/condor/dir_3384253"
	Cpus = 1
	Disk = 3774
	GPUs = 0
	Memory = 3000
...
006 (16827628.018.000) 09/22 16:23:23 Image size of job updated: 3860
	4  -  MemoryUsage of job (MB)
	3860  -  ResidentSetSize of job (KB)
...
006 (16827628.018.000) 09/22 16:26:57 Image size of job updated: 294628
	4  -  MemoryUsage of job (MB)
	3860  -  ResidentSetSize of job (KB)
...
040 (16827628.018.000) 09/22 16:26:57 Started transferring output files
...
040 (16827628.018.000) 09/22 16:26:57 Finished transferring output files
...
005 (16827628.018.000) 09/22 16:26:57 Job terminated.
	(1) Normal termination (return value 0)
		Usr 0 00:02:36, Sys 0 00:00:12  -  Run Remote Usage
		Usr 0 00:00:00, Sys 0 00:00:00  -  Run Local Usage
		Usr 0 00:02:36, Sys 0 00:00:12  -  Total Remote Usage
		Usr 0 00:00:00, Sys 0 00:00:00  -  Total Local Usage
	8625  -  Run Bytes Sent By Job
	861  -  Run Bytes Received By Job
	8625  -  Total Bytes Sent By Job
	861  -  Total Bytes Received By Job
	Partitionable Resources :    Usage  Request Allocated 
	   Cpus                 :        0        1         1 
	   Disk (KB)            :       56        1      3774 
	   GPUs                 :                           0 
	   Memory (MB)          :        4     3000      3000 
	   TimeExecute (s)      :      223                    
	   TimeSlotBusy (s)     :      225                    
...
