000 (16827627.017.000) 09/22 16:20:03 Job submitted from host: <188.184.90.241:9618?addrs=188.184.90.241-9618+[2001-1458-201-e4--100-2eb]-9618&alias=bigbird15.cern.ch&noUDP&sock=schedd_3150_376a>
...
009 (16827627.017.000) 09/22 16:22:01 Job was aborted.
	via condor_rm (by user masegret)
...
000 (16827628.017.000) 09/22 16:22:11 Job submitted from host: <188.184.90.241:9618?addrs=188.184.90.241-9618+[2001-1458-201-e4--100-2eb]-9618&alias=bigbird15.cern.ch&noUDP&sock=schedd_3150_376a>
...
040 (16827628.017.000) 09/22 16:23:13 Started transferring input files
	Transferring to host: <128.142.209.5:9618?addrs=128.142.209.5-9618+[2001-1458-301-4--100-5]-9618&alias=b9g41p4342.cern.ch&noUDP&sock=slot1_10_6484_5081_16172>
...
040 (16827628.017.000) 09/22 16:23:13 Finished transferring input files
...
001 (16827628.017.000) 09/22 16:23:15 Job executing on host: <128.142.209.5:9618?addrs=128.142.209.5-9618+[2001-1458-301-4--100-5]-9618&alias=b9g41p4342.cern.ch&noUDP&sock=startd_5412_c2a4>
	SlotName: slot1_10@b9g41p4342.cern.ch
	CondorScratchDir = "/pool/condor/dir_1682789"
	Cpus = 1
	Disk = 6866
	GPUs = 0
	Memory = 3000
...
006 (16827628.017.000) 09/22 16:23:23 Image size of job updated: 40284
	40  -  MemoryUsage of job (MB)
	40284  -  ResidentSetSize of job (KB)
...
006 (16827628.017.000) 09/22 16:26:17 Image size of job updated: 302960
	40  -  MemoryUsage of job (MB)
	40284  -  ResidentSetSize of job (KB)
...
040 (16827628.017.000) 09/22 16:26:17 Started transferring output files
...
040 (16827628.017.000) 09/22 16:26:17 Finished transferring output files
...
005 (16827628.017.000) 09/22 16:26:18 Job terminated.
	(1) Normal termination (return value 0)
		Usr 0 00:02:18, Sys 0 00:00:08  -  Run Remote Usage
		Usr 0 00:00:00, Sys 0 00:00:00  -  Run Local Usage
		Usr 0 00:02:18, Sys 0 00:00:08  -  Total Remote Usage
		Usr 0 00:00:00, Sys 0 00:00:00  -  Total Local Usage
	8691  -  Run Bytes Sent By Job
	861  -  Run Bytes Received By Job
	8691  -  Total Bytes Sent By Job
	861  -  Total Bytes Received By Job
	Partitionable Resources :    Usage  Request Allocated 
	   Cpus                 :        0        1         1 
	   Disk (KB)            :       56        1      6866 
	   GPUs                 :                           0 
	   Memory (MB)          :       40     3000      3000 
	   TimeExecute (s)      :      183                    
	   TimeSlotBusy (s)     :      185                    
...
