000 (16827627.019.000) 09/22 16:20:03 Job submitted from host: <188.184.90.241:9618?addrs=188.184.90.241-9618+[2001-1458-201-e4--100-2eb]-9618&alias=bigbird15.cern.ch&noUDP&sock=schedd_3150_376a>
...
009 (16827627.019.000) 09/22 16:22:01 Job was aborted.
	via condor_rm (by user masegret)
...
000 (16827628.019.000) 09/22 16:22:11 Job submitted from host: <188.184.90.241:9618?addrs=188.184.90.241-9618+[2001-1458-201-e4--100-2eb]-9618&alias=bigbird15.cern.ch&noUDP&sock=schedd_3150_376a>
...
040 (16827628.019.000) 09/22 16:23:13 Started transferring input files
	Transferring to host: <188.185.192.187:9618?addrs=188.185.192.187-9618+[2001-1458-303-1f--100-b7]-9618&alias=b9p13p1976.cern.ch&noUDP&sock=slot1_8_4712_c7b9_67527>
...
040 (16827628.019.000) 09/22 16:23:14 Finished transferring input files
...
001 (16827628.019.000) 09/22 16:23:15 Job executing on host: <188.185.192.187:9618?addrs=188.185.192.187-9618+[2001-1458-303-1f--100-b7]-9618&alias=b9p13p1976.cern.ch&noUDP&sock=startd_3719_80cd>
	SlotName: slot1_8@b9p13p1976.cern.ch
	CondorScratchDir = "/pool/condor/dir_2970787"
	Cpus = 1
	Disk = 3751
	GPUs = 0
	Memory = 3000
...
006 (16827628.019.000) 09/22 16:23:23 Image size of job updated: 3248
	3  -  MemoryUsage of job (MB)
	2500  -  ResidentSetSize of job (KB)
...
006 (16827628.019.000) 09/22 16:28:23 Image size of job updated: 301728
	295  -  MemoryUsage of job (MB)
	301728  -  ResidentSetSize of job (KB)
...
040 (16827628.019.000) 09/22 16:28:27 Started transferring output files
...
040 (16827628.019.000) 09/22 16:28:27 Finished transferring output files
...
005 (16827628.019.000) 09/22 16:28:27 Job terminated.
	(1) Normal termination (return value 0)
		Usr 0 00:04:14, Sys 0 00:00:09  -  Run Remote Usage
		Usr 0 00:00:00, Sys 0 00:00:00  -  Run Local Usage
		Usr 0 00:04:14, Sys 0 00:00:09  -  Total Remote Usage
		Usr 0 00:00:00, Sys 0 00:00:00  -  Total Local Usage
	8889  -  Run Bytes Sent By Job
	861  -  Run Bytes Received By Job
	8889  -  Total Bytes Sent By Job
	861  -  Total Bytes Received By Job
	Partitionable Resources :    Usage  Request Allocated 
	   Cpus                 :        0        1         1 
	   Disk (KB)            :       56        1      3751 
	   GPUs                 :                           0 
	   Memory (MB)          :      295     3000      3000 
	   TimeExecute (s)      :      312                    
	   TimeSlotBusy (s)     :      315                    
...
