000 (16827627.027.000) 09/22 16:20:03 Job submitted from host: <188.184.90.241:9618?addrs=188.184.90.241-9618+[2001-1458-201-e4--100-2eb]-9618&alias=bigbird15.cern.ch&noUDP&sock=schedd_3150_376a>
...
009 (16827627.027.000) 09/22 16:22:01 Job was aborted.
	via condor_rm (by user masegret)
...
000 (16827628.027.000) 09/22 16:22:11 Job submitted from host: <188.184.90.241:9618?addrs=188.184.90.241-9618+[2001-1458-201-e4--100-2eb]-9618&alias=bigbird15.cern.ch&noUDP&sock=schedd_3150_376a>
...
040 (16827628.027.000) 09/22 16:23:14 Started transferring input files
	Transferring to host: <188.185.196.121:9618?addrs=188.185.196.121-9618+[2001-1458-303-23--100-75]-9618&alias=b9p16p5134.cern.ch&noUDP&sock=slot1_14_3266_f13e_68974>
...
040 (16827628.027.000) 09/22 16:23:14 Finished transferring input files
...
001 (16827628.027.000) 09/22 16:23:15 Job executing on host: <188.185.196.121:9618?addrs=188.185.196.121-9618+[2001-1458-303-23--100-75]-9618&alias=b9p16p5134.cern.ch&noUDP&sock=startd_2621_5dd1>
	SlotName: slot1_14@b9p16p5134.cern.ch
	CondorScratchDir = "/pool/condor/dir_1149208"
	Cpus = 1
	Disk = 3732
	GPUs = 0
	Memory = 3000
...
006 (16827628.027.000) 09/22 16:23:25 Image size of job updated: 1428
	2  -  MemoryUsage of job (MB)
	1428  -  ResidentSetSize of job (KB)
...
006 (16827628.027.000) 09/22 16:28:25 Image size of job updated: 279088
	273  -  MemoryUsage of job (MB)
	279088  -  ResidentSetSize of job (KB)
...
006 (16827628.027.000) 09/22 16:33:25 Image size of job updated: 279100
	273  -  MemoryUsage of job (MB)
	279100  -  ResidentSetSize of job (KB)
...
006 (16827628.027.000) 09/22 16:36:24 Image size of job updated: 279108
	273  -  MemoryUsage of job (MB)
	279100  -  ResidentSetSize of job (KB)
...
040 (16827628.027.000) 09/22 16:36:24 Started transferring output files
...
040 (16827628.027.000) 09/22 16:36:24 Finished transferring output files
...
005 (16827628.027.000) 09/22 16:36:26 Job terminated.
	(1) Normal termination (return value 0)
		Usr 0 00:10:08, Sys 0 00:00:16  -  Run Remote Usage
		Usr 0 00:00:00, Sys 0 00:00:00  -  Run Local Usage
		Usr 0 00:10:08, Sys 0 00:00:16  -  Total Remote Usage
		Usr 0 00:00:00, Sys 0 00:00:00  -  Total Local Usage
	10539  -  Run Bytes Sent By Job
	861  -  Run Bytes Received By Job
	10539  -  Total Bytes Sent By Job
	861  -  Total Bytes Received By Job
	Partitionable Resources :    Usage  Request Allocated 
	   Cpus                 :     0.89        1         1 
	   Disk (KB)            :    41           1      3732 
	   GPUs                 :                           0 
	   Memory (MB)          :   273        3000      3000 
	   TimeExecute (s)      :   789                       
	   TimeSlotBusy (s)     :   791                       
...
000 (16828035.027.000) 09/22 17:37:18 Job submitted from host: <188.184.90.241:9618?addrs=188.184.90.241-9618+[2001-1458-201-e4--100-2eb]-9618&alias=bigbird15.cern.ch&noUDP&sock=schedd_3150_376a>
...
040 (16828035.027.000) 09/22 17:57:59 Started transferring input files
	Transferring to host: <188.185.212.197:9618?addrs=188.185.212.197-9618+[2001-1458-303-19--100-41]-9618&alias=b9p26p6528.cern.ch&noUDP&sock=slot1_9_6348_7d7b_68939>
...
040 (16828035.027.000) 09/22 17:57:59 Finished transferring input files
...
001 (16828035.027.000) 09/22 17:58:01 Job executing on host: <188.185.212.197:9618?addrs=188.185.212.197-9618+[2001-1458-303-19--100-41]-9618&alias=b9p26p6528.cern.ch&noUDP&sock=startd_5430_1b59>
	SlotName: slot1_9@b9p26p6528.cern.ch
	CondorScratchDir = "/pool/condor/dir_3077152"
	Cpus = 1
	Disk = 3777
	GPUs = 0
	Memory = 3000
...
006 (16828035.027.000) 09/22 17:58:09 Image size of job updated: 2328
	2  -  MemoryUsage of job (MB)
	1884  -  ResidentSetSize of job (KB)
...
006 (16828035.027.000) 09/22 18:03:09 Image size of job updated: 274848
	269  -  MemoryUsage of job (MB)
	274848  -  ResidentSetSize of job (KB)
...
006 (16828035.027.000) 09/22 18:08:03 Image size of job updated: 274876
	269  -  MemoryUsage of job (MB)
	274848  -  ResidentSetSize of job (KB)
...
040 (16828035.027.000) 09/22 18:08:03 Started transferring output files
...
040 (16828035.027.000) 09/22 18:08:03 Finished transferring output files
...
005 (16828035.027.000) 09/22 18:08:03 Job terminated.
	(1) Normal termination (return value 0)
		Usr 0 00:07:54, Sys 0 00:00:16  -  Run Remote Usage
		Usr 0 00:00:00, Sys 0 00:00:00  -  Run Local Usage
		Usr 0 00:07:54, Sys 0 00:00:16  -  Total Remote Usage
		Usr 0 00:00:00, Sys 0 00:00:00  -  Total Local Usage
	10539  -  Run Bytes Sent By Job
	861  -  Run Bytes Received By Job
	10539  -  Total Bytes Sent By Job
	861  -  Total Bytes Received By Job
	Partitionable Resources :    Usage  Request Allocated 
	   Cpus                 :     0.79        1         1 
	   Disk (KB)            :    56           1      3777 
	   GPUs                 :                           0 
	   Memory (MB)          :   269        3000      3000 
	   TimeExecute (s)      :   603                       
	   TimeSlotBusy (s)     :   604                       
...
