000 (16827627.033.000) 09/22 16:20:04 Job submitted from host: <188.184.90.241:9618?addrs=188.184.90.241-9618+[2001-1458-201-e4--100-2eb]-9618&alias=bigbird15.cern.ch&noUDP&sock=schedd_3150_376a>
...
009 (16827627.033.000) 09/22 16:22:01 Job was aborted.
	via condor_rm (by user masegret)
...
000 (16827628.033.000) 09/22 16:22:11 Job submitted from host: <188.184.90.241:9618?addrs=188.184.90.241-9618+[2001-1458-201-e4--100-2eb]-9618&alias=bigbird15.cern.ch&noUDP&sock=schedd_3150_376a>
...
040 (16827628.033.000) 09/22 16:23:15 Started transferring input files
	Transferring to host: <188.185.210.194:9618?addrs=188.185.210.194-9618+[2001-1458-303-15--100-3e]-9618&alias=b9p22p0003.cern.ch&noUDP&sock=slot1_8_5355_d4f3_71742>
...
040 (16827628.033.000) 09/22 16:23:16 Finished transferring input files
...
001 (16827628.033.000) 09/22 16:23:16 Job executing on host: <188.185.210.194:9618?addrs=188.185.210.194-9618+[2001-1458-303-15--100-3e]-9618&alias=b9p22p0003.cern.ch&noUDP&sock=startd_4437_fdcd>
	SlotName: slot1_8@b9p22p0003.cern.ch
	CondorScratchDir = "/pool/condor/dir_3246442"
	Cpus = 1
	Disk = 3800
	GPUs = 0
	Memory = 3000
...
006 (16827628.033.000) 09/22 16:23:25 Image size of job updated: 3848
	2  -  MemoryUsage of job (MB)
	1604  -  ResidentSetSize of job (KB)
...
006 (16827628.033.000) 09/22 16:28:26 Image size of job updated: 279832
	274  -  MemoryUsage of job (MB)
	279832  -  ResidentSetSize of job (KB)
...
006 (16827628.033.000) 09/22 16:30:51 Image size of job updated: 279844
	274  -  MemoryUsage of job (MB)
	279832  -  ResidentSetSize of job (KB)
...
040 (16827628.033.000) 09/22 16:30:51 Started transferring output files
...
040 (16827628.033.000) 09/22 16:30:51 Finished transferring output files
...
005 (16827628.033.000) 09/22 16:30:51 Job terminated.
	(1) Normal termination (return value 0)
		Usr 0 00:06:25, Sys 0 00:00:16  -  Run Remote Usage
		Usr 0 00:00:00, Sys 0 00:00:00  -  Run Local Usage
		Usr 0 00:06:25, Sys 0 00:00:16  -  Total Remote Usage
		Usr 0 00:00:00, Sys 0 00:00:00  -  Total Local Usage
	10770  -  Run Bytes Sent By Job
	861  -  Run Bytes Received By Job
	10770  -  Total Bytes Sent By Job
	861  -  Total Bytes Received By Job
	Partitionable Resources :    Usage  Request Allocated 
	   Cpus                 :        0        1         1 
	   Disk (KB)            :       41        1      3800 
	   GPUs                 :                           0 
	   Memory (MB)          :      274     3000      3000 
	   TimeExecute (s)      :      455                    
	   TimeSlotBusy (s)     :      457                    
...
000 (16828035.033.000) 09/22 17:37:18 Job submitted from host: <188.184.90.241:9618?addrs=188.184.90.241-9618+[2001-1458-201-e4--100-2eb]-9618&alias=bigbird15.cern.ch&noUDP&sock=schedd_3150_376a>
...
040 (16828035.033.000) 09/22 17:58:01 Started transferring input files
	Transferring to host: <188.185.207.25:9618?addrs=188.185.207.25-9618+[2001-1458-303-d--100-16]-9618&alias=b9p07p3143.cern.ch&noUDP&sock=slot1_5_11112_28bd_70474>
...
040 (16828035.033.000) 09/22 17:58:01 Finished transferring input files
...
001 (16828035.033.000) 09/22 17:58:02 Job executing on host: <188.185.207.25:9618?addrs=188.185.207.25-9618+[2001-1458-303-d--100-16]-9618&alias=b9p07p3143.cern.ch&noUDP&sock=startd_10582_f347>
	SlotName: slot1_5@b9p07p3143.cern.ch
	CondorScratchDir = "/pool/condor/dir_240702"
	Cpus = 1
	Disk = 3840
	GPUs = 0
	Memory = 3000
...
006 (16828035.033.000) 09/22 17:58:10 Image size of job updated: 3844
	3  -  MemoryUsage of job (MB)
	2500  -  ResidentSetSize of job (KB)
...
006 (16828035.033.000) 09/22 18:03:10 Image size of job updated: 279384
	273  -  MemoryUsage of job (MB)
	279384  -  ResidentSetSize of job (KB)
...
006 (16828035.033.000) 09/22 18:04:46 Image size of job updated: 279416
	273  -  MemoryUsage of job (MB)
	279384  -  ResidentSetSize of job (KB)
...
040 (16828035.033.000) 09/22 18:04:46 Started transferring output files
...
040 (16828035.033.000) 09/22 18:04:46 Finished transferring output files
...
005 (16828035.033.000) 09/22 18:04:46 Job terminated.
	(1) Normal termination (return value 0)
		Usr 0 00:05:30, Sys 0 00:00:14  -  Run Remote Usage
		Usr 0 00:00:00, Sys 0 00:00:00  -  Run Local Usage
		Usr 0 00:05:30, Sys 0 00:00:14  -  Total Remote Usage
		Usr 0 00:00:00, Sys 0 00:00:00  -  Total Local Usage
	10770  -  Run Bytes Sent By Job
	861  -  Run Bytes Received By Job
	10770  -  Total Bytes Sent By Job
	861  -  Total Bytes Received By Job
	Partitionable Resources :    Usage  Request Allocated 
	   Cpus                 :     0.89        1         1 
	   Disk (KB)            :    59           1      3840 
	   GPUs                 :                           0 
	   Memory (MB)          :   273        3000      3000 
	   TimeExecute (s)      :   404                       
	   TimeSlotBusy (s)     :   407                       
...
