000 (16827627.031.000) 09/22 16:20:04 Job submitted from host: <188.184.90.241:9618?addrs=188.184.90.241-9618+[2001-1458-201-e4--100-2eb]-9618&alias=bigbird15.cern.ch&noUDP&sock=schedd_3150_376a>
...
009 (16827627.031.000) 09/22 16:22:01 Job was aborted.
	via condor_rm (by user masegret)
...
000 (16827628.031.000) 09/22 16:22:11 Job submitted from host: <188.184.90.241:9618?addrs=188.184.90.241-9618+[2001-1458-201-e4--100-2eb]-9618&alias=bigbird15.cern.ch&noUDP&sock=schedd_3150_376a>
...
040 (16827628.031.000) 09/22 16:23:14 Started transferring input files
	Transferring to host: <188.185.210.216:9618?addrs=188.185.210.216-9618+[2001-1458-303-15--100-54]-9618&alias=b9p22p7168.cern.ch&noUDP&sock=slot1_10_5200_9ecd_90945>
...
040 (16827628.031.000) 09/22 16:23:14 Finished transferring input files
...
001 (16827628.031.000) 09/22 16:23:16 Job executing on host: <188.185.210.216:9618?addrs=188.185.210.216-9618+[2001-1458-303-15--100-54]-9618&alias=b9p22p7168.cern.ch&noUDP&sock=startd_4318_5e08>
	SlotName: slot1_10@b9p22p7168.cern.ch
	CondorScratchDir = "/pool/condor/dir_1161315"
	Cpus = 1
	Disk = 3801
	GPUs = 0
	Memory = 3000
...
006 (16827628.031.000) 09/22 16:23:24 Image size of job updated: 1456
	2  -  MemoryUsage of job (MB)
	1416  -  ResidentSetSize of job (KB)
...
006 (16827628.031.000) 09/22 16:28:24 Image size of job updated: 280864
	275  -  MemoryUsage of job (MB)
	280864  -  ResidentSetSize of job (KB)
...
006 (16827628.031.000) 09/22 16:33:12 Image size of job updated: 280872
	275  -  MemoryUsage of job (MB)
	280864  -  ResidentSetSize of job (KB)
...
040 (16827628.031.000) 09/22 16:33:12 Started transferring output files
...
040 (16827628.031.000) 09/22 16:33:12 Finished transferring output files
...
005 (16827628.031.000) 09/22 16:33:12 Job terminated.
	(1) Normal termination (return value 0)
		Usr 0 00:07:35, Sys 0 00:00:21  -  Run Remote Usage
		Usr 0 00:00:00, Sys 0 00:00:00  -  Run Local Usage
		Usr 0 00:07:35, Sys 0 00:00:21  -  Total Remote Usage
		Usr 0 00:00:00, Sys 0 00:00:00  -  Total Local Usage
	10803  -  Run Bytes Sent By Job
	861  -  Run Bytes Received By Job
	10803  -  Total Bytes Sent By Job
	861  -  Total Bytes Received By Job
	Partitionable Resources :    Usage  Request Allocated 
	   Cpus                 :     0.82        1         1 
	   Disk (KB)            :    56           1      3801 
	   GPUs                 :                           0 
	   Memory (MB)          :   275        3000      3000 
	   TimeExecute (s)      :   597                       
	   TimeSlotBusy (s)     :   599                       
...
000 (16828035.031.000) 09/22 17:37:18 Job submitted from host: <188.184.90.241:9618?addrs=188.184.90.241-9618+[2001-1458-201-e4--100-2eb]-9618&alias=bigbird15.cern.ch&noUDP&sock=schedd_3150_376a>
...
040 (16828035.031.000) 09/22 17:57:59 Started transferring input files
	Transferring to host: <188.185.213.233:9618?addrs=188.185.213.233-9618+[2001-1458-303-1b--100-65]-9618&alias=b9p28p1176.cern.ch&noUDP&sock=slot1_26_5874_83a8_72860>
...
040 (16828035.031.000) 09/22 17:58:00 Finished transferring input files
...
001 (16828035.031.000) 09/22 17:58:01 Job executing on host: <188.185.213.233:9618?addrs=188.185.213.233-9618+[2001-1458-303-1b--100-65]-9618&alias=b9p28p1176.cern.ch&noUDP&sock=startd_4973_a491>
	SlotName: slot1_26@b9p28p1176.cern.ch
	CondorScratchDir = "/pool/condor/dir_1771207"
	Cpus = 1
	Disk = 3847
	GPUs = 0
	Memory = 3000
...
006 (16828035.031.000) 09/22 17:58:09 Image size of job updated: 1276
	1  -  MemoryUsage of job (MB)
	976  -  ResidentSetSize of job (KB)
...
006 (16828035.031.000) 09/22 18:03:09 Image size of job updated: 274944
	269  -  MemoryUsage of job (MB)
	274944  -  ResidentSetSize of job (KB)
...
006 (16828035.031.000) 09/22 18:08:44 Image size of job updated: 274948
	269  -  MemoryUsage of job (MB)
	274944  -  ResidentSetSize of job (KB)
...
040 (16828035.031.000) 09/22 18:08:44 Started transferring output files
...
040 (16828035.031.000) 09/22 18:08:44 Finished transferring output files
...
005 (16828035.031.000) 09/22 18:08:44 Job terminated.
	(1) Normal termination (return value 0)
		Usr 0 00:07:27, Sys 0 00:00:17  -  Run Remote Usage
		Usr 0 00:00:00, Sys 0 00:00:00  -  Run Local Usage
		Usr 0 00:07:27, Sys 0 00:00:17  -  Total Remote Usage
		Usr 0 00:00:00, Sys 0 00:00:00  -  Total Local Usage
	10803  -  Run Bytes Sent By Job
	861  -  Run Bytes Received By Job
	10803  -  Total Bytes Sent By Job
	861  -  Total Bytes Received By Job
	Partitionable Resources :    Usage  Request Allocated 
	   Cpus                 :     0.55        1         1 
	   Disk (KB)            :    42           1      3847 
	   GPUs                 :                           0 
	   Memory (MB)          :   269        3000      3000 
	   TimeExecute (s)      :   644                       
	   TimeSlotBusy (s)     :   645                       
...
