000 (16827627.028.000) 09/22 16:20:04 Job submitted from host: <188.184.90.241:9618?addrs=188.184.90.241-9618+[2001-1458-201-e4--100-2eb]-9618&alias=bigbird15.cern.ch&noUDP&sock=schedd_3150_376a>
...
009 (16827627.028.000) 09/22 16:22:01 Job was aborted.
	via condor_rm (by user masegret)
...
000 (16827628.028.000) 09/22 16:22:11 Job submitted from host: <188.184.90.241:9618?addrs=188.184.90.241-9618+[2001-1458-201-e4--100-2eb]-9618&alias=bigbird15.cern.ch&noUDP&sock=schedd_3150_376a>
...
040 (16827628.028.000) 09/22 16:23:14 Started transferring input files
	Transferring to host: <188.185.205.230:9618?addrs=188.185.205.230-9618+[2001-1458-303-a--100-63]-9618&alias=b9p04p6805.cern.ch&noUDP&sock=slot1_21_6370_fdbc_67806>
...
040 (16827628.028.000) 09/22 16:23:14 Finished transferring input files
...
001 (16827628.028.000) 09/22 16:23:16 Job executing on host: <188.185.205.230:9618?addrs=188.185.205.230-9618+[2001-1458-303-a--100-63]-9618&alias=b9p04p6805.cern.ch&noUDP&sock=startd_6017_bd70>
	SlotName: slot1_21@b9p04p6805.cern.ch
	CondorScratchDir = "/pool/condor/dir_70751"
	Cpus = 1
	Disk = 3658
	GPUs = 0
	Memory = 3000
...
006 (16827628.028.000) 09/22 16:23:24 Image size of job updated: 1780
	2  -  MemoryUsage of job (MB)
	1780  -  ResidentSetSize of job (KB)
...
006 (16827628.028.000) 09/22 16:28:24 Image size of job updated: 280052
	274  -  MemoryUsage of job (MB)
	280052  -  ResidentSetSize of job (KB)
...
006 (16827628.028.000) 09/22 16:32:07 Image size of job updated: 280056
	274  -  MemoryUsage of job (MB)
	280052  -  ResidentSetSize of job (KB)
...
040 (16827628.028.000) 09/22 16:32:07 Started transferring output files
...
040 (16827628.028.000) 09/22 16:32:07 Finished transferring output files
...
005 (16827628.028.000) 09/22 16:32:07 Job terminated.
	(1) Normal termination (return value 0)
		Usr 0 00:06:49, Sys 0 00:00:10  -  Run Remote Usage
		Usr 0 00:00:00, Sys 0 00:00:00  -  Run Local Usage
		Usr 0 00:06:49, Sys 0 00:00:10  -  Total Remote Usage
		Usr 0 00:00:00, Sys 0 00:00:00  -  Total Local Usage
	10539  -  Run Bytes Sent By Job
	861  -  Run Bytes Received By Job
	10539  -  Total Bytes Sent By Job
	861  -  Total Bytes Received By Job
	Partitionable Resources :    Usage  Request Allocated 
	   Cpus                 :        0        1         1 
	   Disk (KB)            :       44        1      3658 
	   GPUs                 :                           0 
	   Memory (MB)          :      274     3000      3000 
	   TimeExecute (s)      :      532                    
	   TimeSlotBusy (s)     :      534                    
...
