000 (16827627.029.000) 09/22 16:20:04 Job submitted from host: <188.184.90.241:9618?addrs=188.184.90.241-9618+[2001-1458-201-e4--100-2eb]-9618&alias=bigbird15.cern.ch&noUDP&sock=schedd_3150_376a>
...
009 (16827627.029.000) 09/22 16:22:01 Job was aborted.
	via condor_rm (by user masegret)
...
000 (16827628.029.000) 09/22 16:22:11 Job submitted from host: <188.184.90.241:9618?addrs=188.184.90.241-9618+[2001-1458-201-e4--100-2eb]-9618&alias=bigbird15.cern.ch&noUDP&sock=schedd_3150_376a>
...
040 (16827628.029.000) 09/22 16:23:14 Started transferring input files
	Transferring to host: <188.185.210.47:9618?addrs=188.185.210.47-9618+[2001-1458-303-1--100-2b]-9618&alias=b9p21p1789.cern.ch&noUDP&sock=slot1_5_7584_5d2d_75900>
...
040 (16827628.029.000) 09/22 16:23:14 Finished transferring input files
...
001 (16827628.029.000) 09/22 16:23:16 Job executing on host: <188.185.210.47:9618?addrs=188.185.210.47-9618+[2001-1458-303-1--100-2b]-9618&alias=b9p21p1789.cern.ch&noUDP&sock=startd_6591_74cd>
	SlotName: slot1_5@b9p21p1789.cern.ch
	CondorScratchDir = "/pool/condor/dir_1573624"
	Cpus = 1
	Disk = 3681
	GPUs = 0
	Memory = 3000
...
006 (16827628.029.000) 09/22 16:23:24 Image size of job updated: 2468
	3  -  MemoryUsage of job (MB)
	2468  -  ResidentSetSize of job (KB)
...
006 (16827628.029.000) 09/22 16:28:24 Image size of job updated: 280060
	274  -  MemoryUsage of job (MB)
	280060  -  ResidentSetSize of job (KB)
...
006 (16827628.029.000) 09/22 16:32:16 Image size of job updated: 280072
	274  -  MemoryUsage of job (MB)
	280060  -  ResidentSetSize of job (KB)
...
040 (16827628.029.000) 09/22 16:32:16 Started transferring output files
...
040 (16827628.029.000) 09/22 16:32:16 Finished transferring output files
...
005 (16827628.029.000) 09/22 16:32:17 Job terminated.
	(1) Normal termination (return value 0)
		Usr 0 00:07:12, Sys 0 00:00:16  -  Run Remote Usage
		Usr 0 00:00:00, Sys 0 00:00:00  -  Run Local Usage
		Usr 0 00:07:12, Sys 0 00:00:16  -  Total Remote Usage
		Usr 0 00:00:00, Sys 0 00:00:00  -  Total Local Usage
	10803  -  Run Bytes Sent By Job
	861  -  Run Bytes Received By Job
	10803  -  Total Bytes Sent By Job
	861  -  Total Bytes Received By Job
	Partitionable Resources :    Usage  Request Allocated 
	   Cpus                 :     0.78        1         1 
	   Disk (KB)            :    56           1      3681 
	   GPUs                 :                           0 
	   Memory (MB)          :   274        3000      3000 
	   TimeExecute (s)      :   541                       
	   TimeSlotBusy (s)     :   543                       
...
000 (16828035.029.000) 09/22 17:37:18 Job submitted from host: <188.184.90.241:9618?addrs=188.184.90.241-9618+[2001-1458-201-e4--100-2eb]-9618&alias=bigbird15.cern.ch&noUDP&sock=schedd_3150_376a>
...
040 (16828035.029.000) 09/22 17:57:59 Started transferring input files
	Transferring to host: <188.185.213.229:9618?addrs=188.185.213.229-9618+[2001-1458-303-1b--100-61]-9618&alias=b9p28p7463.cern.ch&noUDP&sock=slot1_29_4202_7064_69261>
...
040 (16828035.029.000) 09/22 17:57:59 Finished transferring input files
...
001 (16828035.029.000) 09/22 17:58:01 Job executing on host: <188.185.213.229:9618?addrs=188.185.213.229-9618+[2001-1458-303-1b--100-61]-9618&alias=b9p28p7463.cern.ch&noUDP&sock=startd_3502_a8c0>
	SlotName: slot1_29@b9p28p7463.cern.ch
	CondorScratchDir = "/pool/condor/dir_1256279"
	Cpus = 1
	Disk = 3586
	GPUs = 0
	Memory = 3000
...
006 (16828035.029.000) 09/22 17:58:09 Image size of job updated: 1600
	2  -  MemoryUsage of job (MB)
	1600  -  ResidentSetSize of job (KB)
...
006 (16828035.029.000) 09/22 18:03:09 Image size of job updated: 275856
	270  -  MemoryUsage of job (MB)
	275856  -  ResidentSetSize of job (KB)
...
006 (16828035.029.000) 09/22 18:08:10 Image size of job updated: 275864
	270  -  MemoryUsage of job (MB)
	275864  -  ResidentSetSize of job (KB)
...
006 (16828035.029.000) 09/22 18:09:11 Image size of job updated: 275868
	270  -  MemoryUsage of job (MB)
	275864  -  ResidentSetSize of job (KB)
...
040 (16828035.029.000) 09/22 18:09:11 Started transferring output files
...
040 (16828035.029.000) 09/22 18:09:12 Finished transferring output files
...
005 (16828035.029.000) 09/22 18:09:12 Job terminated.
	(1) Normal termination (return value 0)
		Usr 0 00:08:30, Sys 0 00:00:19  -  Run Remote Usage
		Usr 0 00:00:00, Sys 0 00:00:00  -  Run Local Usage
		Usr 0 00:08:30, Sys 0 00:00:19  -  Total Remote Usage
		Usr 0 00:00:00, Sys 0 00:00:00  -  Total Local Usage
	10803  -  Run Bytes Sent By Job
	861  -  Run Bytes Received By Job
	10803  -  Total Bytes Sent By Job
	861  -  Total Bytes Received By Job
	Partitionable Resources :    Usage  Request Allocated 
	   Cpus                 :     0.85        1         1 
	   Disk (KB)            :    57           1      3586 
	   GPUs                 :                           0 
	   Memory (MB)          :   270        3000      3000 
	   TimeExecute (s)      :   671                       
	   TimeSlotBusy (s)     :   673                       
...
