000 (16827627.023.000) 09/22 16:20:03 Job submitted from host: <188.184.90.241:9618?addrs=188.184.90.241-9618+[2001-1458-201-e4--100-2eb]-9618&alias=bigbird15.cern.ch&noUDP&sock=schedd_3150_376a>
...
009 (16827627.023.000) 09/22 16:22:01 Job was aborted.
	via condor_rm (by user masegret)
...
000 (16827628.023.000) 09/22 16:22:11 Job submitted from host: <188.184.90.241:9618?addrs=188.184.90.241-9618+[2001-1458-201-e4--100-2eb]-9618&alias=bigbird15.cern.ch&noUDP&sock=schedd_3150_376a>
...
040 (16827628.023.000) 09/22 16:23:14 Started transferring input files
	Transferring to host: <188.185.212.85:9618?addrs=188.185.212.85-9618+[2001-1458-303-18--100-51]-9618&alias=b9p25p7345.cern.ch&noUDP&sock=slot1_24_5116_6f49_75048>
...
040 (16827628.023.000) 09/22 16:23:14 Finished transferring input files
...
001 (16827628.023.000) 09/22 16:23:15 Job executing on host: <188.185.212.85:9618?addrs=188.185.212.85-9618+[2001-1458-303-18--100-51]-9618&alias=b9p25p7345.cern.ch&noUDP&sock=startd_4796_3c4d>
	SlotName: slot1_24@b9p25p7345.cern.ch
	CondorScratchDir = "/pool/condor/dir_4127538"
	Cpus = 1
	Disk = 3756
	GPUs = 0
	Memory = 3000
...
006 (16827628.023.000) 09/22 16:23:24 Image size of job updated: 2328
	2  -  MemoryUsage of job (MB)
	1568  -  ResidentSetSize of job (KB)
...
006 (16827628.023.000) 09/22 16:26:35 Image size of job updated: 300196
	2  -  MemoryUsage of job (MB)
	1568  -  ResidentSetSize of job (KB)
...
040 (16827628.023.000) 09/22 16:26:36 Started transferring output files
...
040 (16827628.023.000) 09/22 16:26:36 Finished transferring output files
...
005 (16827628.023.000) 09/22 16:26:36 Job terminated.
	(1) Normal termination (return value 0)
		Usr 0 00:02:40, Sys 0 00:00:11  -  Run Remote Usage
		Usr 0 00:00:00, Sys 0 00:00:00  -  Run Local Usage
		Usr 0 00:02:40, Sys 0 00:00:11  -  Total Remote Usage
		Usr 0 00:00:00, Sys 0 00:00:00  -  Total Local Usage
	8691  -  Run Bytes Sent By Job
	860  -  Run Bytes Received By Job
	8691  -  Total Bytes Sent By Job
	860  -  Total Bytes Received By Job
	Partitionable Resources :    Usage  Request Allocated 
	   Cpus                 :        0        1         1 
	   Disk (KB)            :       56        1      3756 
	   GPUs                 :                           0 
	   Memory (MB)          :        2     3000      3000 
	   TimeExecute (s)      :      200                    
	   TimeSlotBusy (s)     :      204                    
...
