000 (16827627.026.000) 09/22 16:20:03 Job submitted from host: <188.184.90.241:9618?addrs=188.184.90.241-9618+[2001-1458-201-e4--100-2eb]-9618&alias=bigbird15.cern.ch&noUDP&sock=schedd_3150_376a>
...
009 (16827627.026.000) 09/22 16:22:01 Job was aborted.
	via condor_rm (by user masegret)
...
000 (16827628.026.000) 09/22 16:22:11 Job submitted from host: <188.184.90.241:9618?addrs=188.184.90.241-9618+[2001-1458-201-e4--100-2eb]-9618&alias=bigbird15.cern.ch&noUDP&sock=schedd_3150_376a>
...
040 (16827628.026.000) 09/22 16:23:14 Started transferring input files
	Transferring to host: <188.185.197.40:9618?addrs=188.185.197.40-9618+[2001-1458-303-24--100-24]-9618&alias=b9p14p4798.cern.ch&noUDP&sock=slot1_11_5651_63ff_7115>
...
040 (16827628.026.000) 09/22 16:23:14 Finished transferring input files
...
001 (16827628.026.000) 09/22 16:23:15 Job executing on host: <188.185.197.40:9618?addrs=188.185.197.40-9618+[2001-1458-303-24--100-24]-9618&alias=b9p14p4798.cern.ch&noUDP&sock=startd_4116_cfe7>
	SlotName: slot1_11@b9p14p4798.cern.ch
	CondorScratchDir = "/pool/condor/dir_2220309"
	Cpus = 1
	Disk = 3873
	GPUs = 0
	Memory = 3000
...
006 (16827628.026.000) 09/22 16:23:24 Image size of job updated: 2272
	2  -  MemoryUsage of job (MB)
	1136  -  ResidentSetSize of job (KB)
...
006 (16827628.026.000) 09/22 16:28:25 Image size of job updated: 279372
	273  -  MemoryUsage of job (MB)
	279372  -  ResidentSetSize of job (KB)
...
006 (16827628.026.000) 09/22 16:33:25 Image size of job updated: 279380
	273  -  MemoryUsage of job (MB)
	279380  -  ResidentSetSize of job (KB)
...
040 (16827628.026.000) 09/22 16:33:38 Started transferring output files
...
040 (16827628.026.000) 09/22 16:33:38 Finished transferring output files
...
005 (16827628.026.000) 09/22 16:33:39 Job terminated.
	(1) Normal termination (return value 0)
		Usr 0 00:09:24, Sys 0 00:00:15  -  Run Remote Usage
		Usr 0 00:00:00, Sys 0 00:00:00  -  Run Local Usage
		Usr 0 00:09:24, Sys 0 00:00:15  -  Total Remote Usage
		Usr 0 00:00:00, Sys 0 00:00:00  -  Total Local Usage
	10539  -  Run Bytes Sent By Job
	861  -  Run Bytes Received By Job
	10539  -  Total Bytes Sent By Job
	861  -  Total Bytes Received By Job
	Partitionable Resources :    Usage  Request Allocated 
	   Cpus                 :     0.91        1         1 
	   Disk (KB)            :    56           1      3873 
	   GPUs                 :                           0 
	   Memory (MB)          :   273        3000      3000 
	   TimeExecute (s)      :   623                       
	   TimeSlotBusy (s)     :   625                       
...
