000 (16827627.024.000) 09/22 16:20:03 Job submitted from host: <188.184.90.241:9618?addrs=188.184.90.241-9618+[2001-1458-201-e4--100-2eb]-9618&alias=bigbird15.cern.ch&noUDP&sock=schedd_3150_376a>
...
009 (16827627.024.000) 09/22 16:22:01 Job was aborted.
	via condor_rm (by user masegret)
...
000 (16827628.024.000) 09/22 16:22:11 Job submitted from host: <188.184.90.241:9618?addrs=188.184.90.241-9618+[2001-1458-201-e4--100-2eb]-9618&alias=bigbird15.cern.ch&noUDP&sock=schedd_3150_376a>
...
040 (16827628.024.000) 09/22 16:23:14 Started transferring input files
	Transferring to host: <188.185.193.96:9618?addrs=188.185.193.96-9618+[2001-1458-303-20--100-5c]-9618&alias=b9p19p8780.cern.ch&noUDP&sock=slot1_2_3999_683c_68559>
...
040 (16827628.024.000) 09/22 16:23:14 Finished transferring input files
...
001 (16827628.024.000) 09/22 16:23:15 Job executing on host: <188.185.193.96:9618?addrs=188.185.193.96-9618+[2001-1458-303-20--100-5c]-9618&alias=b9p19p8780.cern.ch&noUDP&sock=startd_3061_2b7c>
	SlotName: slot1_2@b9p19p8780.cern.ch
	CondorScratchDir = "/pool/condor/dir_790431"
	Cpus = 1
	Disk = 3851
	GPUs = 0
	Memory = 3000
...
006 (16827628.024.000) 09/22 16:23:24 Image size of job updated: 3864
	2  -  MemoryUsage of job (MB)
	1604  -  ResidentSetSize of job (KB)
...
006 (16827628.024.000) 09/22 16:28:25 Image size of job updated: 276240
	270  -  MemoryUsage of job (MB)
	276240  -  ResidentSetSize of job (KB)
...
006 (16827628.024.000) 09/22 16:33:25 Image size of job updated: 276260
	270  -  MemoryUsage of job (MB)
	276260  -  ResidentSetSize of job (KB)
...
006 (16827628.024.000) 09/22 16:34:26 Image size of job updated: 276276
	270  -  MemoryUsage of job (MB)
	276260  -  ResidentSetSize of job (KB)
...
040 (16827628.024.000) 09/22 16:34:26 Started transferring output files
...
040 (16827628.024.000) 09/22 16:34:26 Finished transferring output files
...
005 (16827628.024.000) 09/22 16:34:26 Job terminated.
	(1) Normal termination (return value 0)
		Usr 0 00:09:40, Sys 0 00:00:12  -  Run Remote Usage
		Usr 0 00:00:00, Sys 0 00:00:00  -  Run Local Usage
		Usr 0 00:09:40, Sys 0 00:00:12  -  Total Remote Usage
		Usr 0 00:00:00, Sys 0 00:00:00  -  Total Local Usage
	10506  -  Run Bytes Sent By Job
	861  -  Run Bytes Received By Job
	10506  -  Total Bytes Sent By Job
	861  -  Total Bytes Received By Job
	Partitionable Resources :    Usage  Request Allocated 
	   Cpus                 :     0.83        1         1 
	   Disk (KB)            :    41           1      3851 
	   GPUs                 :                           0 
	   Memory (MB)          :   270        3000      3000 
	   TimeExecute (s)      :   671                       
	   TimeSlotBusy (s)     :   673                       
...
