000 (16827627.032.000) 09/22 16:20:04 Job submitted from host: <188.184.90.241:9618?addrs=188.184.90.241-9618+[2001-1458-201-e4--100-2eb]-9618&alias=bigbird15.cern.ch&noUDP&sock=schedd_3150_376a>
...
009 (16827627.032.000) 09/22 16:22:01 Job was aborted.
	via condor_rm (by user masegret)
...
000 (16827628.032.000) 09/22 16:22:11 Job submitted from host: <188.184.90.241:9618?addrs=188.184.90.241-9618+[2001-1458-201-e4--100-2eb]-9618&alias=bigbird15.cern.ch&noUDP&sock=schedd_3150_376a>
...
040 (16827628.032.000) 09/22 16:23:14 Started transferring input files
	Transferring to host: <188.185.210.88:9618?addrs=188.185.210.88-9618+[2001-1458-303-1--100-54]-9618&alias=b9p21p0205.cern.ch&noUDP&sock=slot1_5_9664_e982_75636>
...
040 (16827628.032.000) 09/22 16:23:14 Finished transferring input files
...
001 (16827628.032.000) 09/22 16:23:16 Job executing on host: <188.185.210.88:9618?addrs=188.185.210.88-9618+[2001-1458-303-1--100-54]-9618&alias=b9p21p0205.cern.ch&noUDP&sock=startd_8621_de0e>
	SlotName: slot1_5@b9p21p0205.cern.ch
	CondorScratchDir = "/pool/condor/dir_880432"
	Cpus = 1
	Disk = 3755
	GPUs = 0
	Memory = 3000
...
006 (16827628.032.000) 09/22 16:23:24 Image size of job updated: 3852
	2  -  MemoryUsage of job (MB)
	1604  -  ResidentSetSize of job (KB)
...
006 (16827628.032.000) 09/22 16:28:24 Image size of job updated: 277456
	271  -  MemoryUsage of job (MB)
	277456  -  ResidentSetSize of job (KB)
...
006 (16827628.032.000) 09/22 16:33:00 Image size of job updated: 277472
	271  -  MemoryUsage of job (MB)
	277456  -  ResidentSetSize of job (KB)
...
040 (16827628.032.000) 09/22 16:33:00 Started transferring output files
...
040 (16827628.032.000) 09/22 16:33:00 Finished transferring output files
...
005 (16827628.032.000) 09/22 16:33:01 Job terminated.
	(1) Normal termination (return value 0)
		Usr 0 00:07:55, Sys 0 00:00:16  -  Run Remote Usage
		Usr 0 00:00:00, Sys 0 00:00:00  -  Run Local Usage
		Usr 0 00:07:55, Sys 0 00:00:16  -  Total Remote Usage
		Usr 0 00:00:00, Sys 0 00:00:00  -  Total Local Usage
	10770  -  Run Bytes Sent By Job
	861  -  Run Bytes Received By Job
	10770  -  Total Bytes Sent By Job
	861  -  Total Bytes Received By Job
	Partitionable Resources :    Usage  Request Allocated 
	   Cpus                 :     0.89        1         1 
	   Disk (KB)            :    42           1      3755 
	   GPUs                 :                           0 
	   Memory (MB)          :   271        3000      3000 
	   TimeExecute (s)      :   585                       
	   TimeSlotBusy (s)     :   587                       
...
000 (16828035.032.000) 09/22 17:37:18 Job submitted from host: <188.184.90.241:9618?addrs=188.184.90.241-9618+[2001-1458-201-e4--100-2eb]-9618&alias=bigbird15.cern.ch&noUDP&sock=schedd_3150_376a>
...
040 (16828035.032.000) 09/22 17:58:00 Started transferring input files
	Transferring to host: <188.185.215.178:9618?addrs=188.185.215.178-9618+[2001-1458-303-26--100-2e]-9618&alias=b9p18p7089.cern.ch&noUDP&sock=slot1_1_6545_4b63_69913>
...
040 (16828035.032.000) 09/22 17:58:00 Finished transferring input files
...
001 (16828035.032.000) 09/22 17:58:01 Job executing on host: <188.185.215.178:9618?addrs=188.185.215.178-9618+[2001-1458-303-26--100-2e]-9618&alias=b9p18p7089.cern.ch&noUDP&sock=startd_5685_03ff>
	SlotName: slot1_1@b9p18p7089.cern.ch
	CondorScratchDir = "/pool/condor/dir_2618630"
	Cpus = 1
	Disk = 3732
	GPUs = 0
	Memory = 3000
...
006 (16828035.032.000) 09/22 17:58:09 Image size of job updated: 1128
	2  -  MemoryUsage of job (MB)
	1128  -  ResidentSetSize of job (KB)
...
006 (16828035.032.000) 09/22 18:03:09 Image size of job updated: 281068
	275  -  MemoryUsage of job (MB)
	281068  -  ResidentSetSize of job (KB)
...
006 (16828035.032.000) 09/22 18:08:10 Image size of job updated: 281096
	275  -  MemoryUsage of job (MB)
	281096  -  ResidentSetSize of job (KB)
...
040 (16828035.032.000) 09/22 18:09:40 Started transferring output files
...
040 (16828035.032.000) 09/22 18:09:40 Finished transferring output files
...
005 (16828035.032.000) 09/22 18:09:40 Job terminated.
	(1) Normal termination (return value 0)
		Usr 0 00:08:33, Sys 0 00:00:21  -  Run Remote Usage
		Usr 0 00:00:00, Sys 0 00:00:00  -  Run Local Usage
		Usr 0 00:08:33, Sys 0 00:00:21  -  Total Remote Usage
		Usr 0 00:00:00, Sys 0 00:00:00  -  Total Local Usage
	10770  -  Run Bytes Sent By Job
	861  -  Run Bytes Received By Job
	10770  -  Total Bytes Sent By Job
	861  -  Total Bytes Received By Job
	Partitionable Resources :    Usage  Request Allocated 
	   Cpus                 :     0.83        1         1 
	   Disk (KB)            :    56           1      3732 
	   GPUs                 :                           0 
	   Memory (MB)          :   275        3000      3000 
	   TimeExecute (s)      :   699                       
	   TimeSlotBusy (s)     :   701                       
...
