000 (16827627.025.000) 09/22 16:20:03 Job submitted from host: <188.184.90.241:9618?addrs=188.184.90.241-9618+[2001-1458-201-e4--100-2eb]-9618&alias=bigbird15.cern.ch&noUDP&sock=schedd_3150_376a>
...
009 (16827627.025.000) 09/22 16:22:01 Job was aborted.
	via condor_rm (by user masegret)
...
000 (16827628.025.000) 09/22 16:22:11 Job submitted from host: <188.184.90.241:9618?addrs=188.184.90.241-9618+[2001-1458-201-e4--100-2eb]-9618&alias=bigbird15.cern.ch&noUDP&sock=schedd_3150_376a>
...
040 (16827628.025.000) 09/22 16:23:14 Started transferring input files
	Transferring to host: <188.185.192.132:9618?addrs=188.185.192.132-9618+[2001-1458-303-1f--100-80]-9618&alias=b9p13p3408.cern.ch&noUDP&sock=slot1_4_6070_9d30_67127>
...
040 (16827628.025.000) 09/22 16:23:14 Finished transferring input files
...
001 (16827628.025.000) 09/22 16:23:15 Job executing on host: <188.185.192.132:9618?addrs=188.185.192.132-9618+[2001-1458-303-1f--100-80]-9618&alias=b9p13p3408.cern.ch&noUDP&sock=startd_4974_5429>
	SlotName: slot1_4@b9p13p3408.cern.ch
	CondorScratchDir = "/pool/condor/dir_2600815"
	Cpus = 1
	Disk = 3938
	GPUs = 0
	Memory = 3000
...
006 (16827628.025.000) 09/22 16:23:24 Image size of job updated: 3856
	2  -  MemoryUsage of job (MB)
	1608  -  ResidentSetSize of job (KB)
...
006 (16827628.025.000) 09/22 16:28:25 Image size of job updated: 274280
	268  -  MemoryUsage of job (MB)
	274280  -  ResidentSetSize of job (KB)
...
006 (16827628.025.000) 09/22 16:33:04 Image size of job updated: 274292
	268  -  MemoryUsage of job (MB)
	274280  -  ResidentSetSize of job (KB)
...
040 (16827628.025.000) 09/22 16:33:04 Started transferring output files
...
040 (16827628.025.000) 09/22 16:33:04 Finished transferring output files
...
005 (16827628.025.000) 09/22 16:33:04 Job terminated.
	(1) Normal termination (return value 0)
		Usr 0 00:08:38, Sys 0 00:00:14  -  Run Remote Usage
		Usr 0 00:00:00, Sys 0 00:00:00  -  Run Local Usage
		Usr 0 00:08:38, Sys 0 00:00:14  -  Total Remote Usage
		Usr 0 00:00:00, Sys 0 00:00:00  -  Total Local Usage
	10539  -  Run Bytes Sent By Job
	861  -  Run Bytes Received By Job
	10539  -  Total Bytes Sent By Job
	861  -  Total Bytes Received By Job
	Partitionable Resources :    Usage  Request Allocated 
	   Cpus                 :     0.88        1         1 
	   Disk (KB)            :    41           1      3938 
	   GPUs                 :                           0 
	   Memory (MB)          :   268        3000      3000 
	   TimeExecute (s)      :   589                       
	   TimeSlotBusy (s)     :   591                       
...
000 (16828035.025.000) 09/22 17:37:18 Job submitted from host: <188.184.90.241:9618?addrs=188.184.90.241-9618+[2001-1458-201-e4--100-2eb]-9618&alias=bigbird15.cern.ch&noUDP&sock=schedd_3150_376a>
...
040 (16828035.025.000) 09/22 17:57:09 Started transferring input files
	Transferring to host: <188.185.213.204:9618?addrs=188.185.213.204-9618+[2001-1458-303-1b--100-48]-9618&alias=b9p28p7017.cern.ch&noUDP&sock=slot1_1_9006_4aa7_69362>
...
040 (16828035.025.000) 09/22 17:57:09 Finished transferring input files
...
001 (16828035.025.000) 09/22 17:57:10 Job executing on host: <188.185.213.204:9618?addrs=188.185.213.204-9618+[2001-1458-303-1b--100-48]-9618&alias=b9p28p7017.cern.ch&noUDP&sock=startd_7849_56f1>
	SlotName: slot1_1@b9p28p7017.cern.ch
	CondorScratchDir = "/pool/condor/dir_882673"
	Cpus = 1
	Disk = 3777
	GPUs = 0
	Memory = 3000
...
006 (16828035.025.000) 09/22 17:57:19 Image size of job updated: 1900
	2  -  MemoryUsage of job (MB)
	1900  -  ResidentSetSize of job (KB)
...
006 (16828035.025.000) 09/22 18:02:20 Image size of job updated: 276356
	270  -  MemoryUsage of job (MB)
	276356  -  ResidentSetSize of job (KB)
...
040 (16828035.025.000) 09/22 18:06:28 Started transferring output files
...
040 (16828035.025.000) 09/22 18:06:28 Finished transferring output files
...
005 (16828035.025.000) 09/22 18:06:28 Job terminated.
	(1) Normal termination (return value 0)
		Usr 0 00:07:43, Sys 0 00:00:18  -  Run Remote Usage
		Usr 0 00:00:00, Sys 0 00:00:00  -  Run Local Usage
		Usr 0 00:07:43, Sys 0 00:00:18  -  Total Remote Usage
		Usr 0 00:00:00, Sys 0 00:00:00  -  Total Local Usage
	10539  -  Run Bytes Sent By Job
	861  -  Run Bytes Received By Job
	10539  -  Total Bytes Sent By Job
	861  -  Total Bytes Received By Job
	Partitionable Resources :    Usage  Request Allocated 
	   Cpus                 :     0.87        1         1 
	   Disk (KB)            :    42           1      3777 
	   GPUs                 :                           0 
	   Memory (MB)          :   270        3000      3000 
	   TimeExecute (s)      :   557                       
	   TimeSlotBusy (s)     :   559                       
...
