000 (16827627.030.000) 09/22 16:20:04 Job submitted from host: <188.184.90.241:9618?addrs=188.184.90.241-9618+[2001-1458-201-e4--100-2eb]-9618&alias=bigbird15.cern.ch&noUDP&sock=schedd_3150_376a>
...
009 (16827627.030.000) 09/22 16:22:01 Job was aborted.
	via condor_rm (by user masegret)
...
000 (16827628.030.000) 09/22 16:22:11 Job submitted from host: <188.184.90.241:9618?addrs=188.184.90.241-9618+[2001-1458-201-e4--100-2eb]-9618&alias=bigbird15.cern.ch&noUDP&sock=schedd_3150_376a>
...
040 (16827628.030.000) 09/22 16:23:15 Started transferring input files
	Transferring to host: <188.185.214.73:9618?addrs=188.185.214.73-9618+[2001-1458-303-1c--100-45]-9618&alias=b9p29p2917.cern.ch&noUDP&sock=slot1_25_5022_3405_77714>
...
040 (16827628.030.000) 09/22 16:23:15 Finished transferring input files
...
001 (16827628.030.000) 09/22 16:23:16 Job executing on host: <188.185.214.73:9618?addrs=188.185.214.73-9618+[2001-1458-303-1c--100-45]-9618&alias=b9p29p2917.cern.ch&noUDP&sock=startd_4245_4b9e>
	SlotName: slot1_25@b9p29p2917.cern.ch
	CondorScratchDir = "/pool/condor/dir_3627163"
	Cpus = 1
	Disk = 3863
	GPUs = 0
	Memory = 3000
...
006 (16827628.030.000) 09/22 16:23:25 Image size of job updated: 3844
	2  -  MemoryUsage of job (MB)
	1712  -  ResidentSetSize of job (KB)
...
006 (16827628.030.000) 09/22 16:28:26 Image size of job updated: 275260
	269  -  MemoryUsage of job (MB)
	275260  -  ResidentSetSize of job (KB)
...
006 (16827628.030.000) 09/22 16:31:28 Image size of job updated: 275268
	269  -  MemoryUsage of job (MB)
	275260  -  ResidentSetSize of job (KB)
...
040 (16827628.030.000) 09/22 16:31:28 Started transferring output files
...
040 (16827628.030.000) 09/22 16:31:28 Finished transferring output files
...
005 (16827628.030.000) 09/22 16:31:29 Job terminated.
	(1) Normal termination (return value 0)
		Usr 0 00:06:59, Sys 0 00:00:17  -  Run Remote Usage
		Usr 0 00:00:00, Sys 0 00:00:00  -  Run Local Usage
		Usr 0 00:06:59, Sys 0 00:00:17  -  Total Remote Usage
		Usr 0 00:00:00, Sys 0 00:00:00  -  Total Local Usage
	10803  -  Run Bytes Sent By Job
	861  -  Run Bytes Received By Job
	10803  -  Total Bytes Sent By Job
	861  -  Total Bytes Received By Job
	Partitionable Resources :    Usage  Request Allocated 
	   Cpus                 :        0        1         1 
	   Disk (KB)            :       41        1      3863 
	   GPUs                 :                           0 
	   Memory (MB)          :      269     3000      3000 
	   TimeExecute (s)      :      492                    
	   TimeSlotBusy (s)     :      495                    
...
000 (16828035.030.000) 09/22 17:37:18 Job submitted from host: <188.184.90.241:9618?addrs=188.184.90.241-9618+[2001-1458-201-e4--100-2eb]-9618&alias=bigbird15.cern.ch&noUDP&sock=schedd_3150_376a>
...
040 (16828035.030.000) 09/22 17:58:00 Started transferring input files
	Transferring to host: <188.185.193.94:9618?addrs=188.185.193.94-9618+[2001-1458-303-20--100-5a]-9618&alias=b9p19p0022.cern.ch&noUDP&sock=slot1_18_5997_2dcd_66696>
...
040 (16828035.030.000) 09/22 17:58:01 Finished transferring input files
...
001 (16828035.030.000) 09/22 17:58:02 Job executing on host: <188.185.193.94:9618?addrs=188.185.193.94-9618+[2001-1458-303-20--100-5a]-9618&alias=b9p19p0022.cern.ch&noUDP&sock=startd_4904_5088>
	SlotName: slot1_18@b9p19p0022.cern.ch
	CondorScratchDir = "/pool/condor/dir_1841597"
	Cpus = 1
	Disk = 3779
	GPUs = 0
	Memory = 3000
...
006 (16828035.030.000) 09/22 17:58:10 Image size of job updated: 10620
	11  -  MemoryUsage of job (MB)
	10620  -  ResidentSetSize of job (KB)
...
006 (16828035.030.000) 09/22 18:03:10 Image size of job updated: 280280
	274  -  MemoryUsage of job (MB)
	280280  -  ResidentSetSize of job (KB)
...
006 (16828035.030.000) 09/22 18:08:11 Image size of job updated: 280304
	274  -  MemoryUsage of job (MB)
	280304  -  ResidentSetSize of job (KB)
...
006 (16828035.030.000) 09/22 18:10:44 Image size of job updated: 288324
	274  -  MemoryUsage of job (MB)
	280304  -  ResidentSetSize of job (KB)
...
040 (16828035.030.000) 09/22 18:10:44 Started transferring output files
...
040 (16828035.030.000) 09/22 18:10:44 Finished transferring output files
...
005 (16828035.030.000) 09/22 18:10:44 Job terminated.
	(1) Normal termination (return value 0)
		Usr 0 00:11:04, Sys 0 00:00:15  -  Run Remote Usage
		Usr 0 00:00:00, Sys 0 00:00:00  -  Run Local Usage
		Usr 0 00:11:04, Sys 0 00:00:15  -  Total Remote Usage
		Usr 0 00:00:00, Sys 0 00:00:00  -  Total Local Usage
	10803  -  Run Bytes Sent By Job
	861  -  Run Bytes Received By Job
	10803  -  Total Bytes Sent By Job
	861  -  Total Bytes Received By Job
	Partitionable Resources :    Usage  Request Allocated 
	   Cpus                 :     0.92        1         1 
	   Disk (KB)            :    42           1      3779 
	   GPUs                 :                           0 
	   Memory (MB)          :   274        3000      3000 
	   TimeExecute (s)      :   763                       
	   TimeSlotBusy (s)     :   765                       
...
