000 (16827627.043.000) 09/22 16:20:04 Job submitted from host: <188.184.90.241:9618?addrs=188.184.90.241-9618+[2001-1458-201-e4--100-2eb]-9618&alias=bigbird15.cern.ch&noUDP&sock=schedd_3150_376a>
...
009 (16827627.043.000) 09/22 16:22:01 Job was aborted.
	via condor_rm (by user masegret)
...
000 (16827628.043.000) 09/22 16:22:11 Job submitted from host: <188.184.90.241:9618?addrs=188.184.90.241-9618+[2001-1458-201-e4--100-2eb]-9618&alias=bigbird15.cern.ch&noUDP&sock=schedd_3150_376a>
...
040 (16827628.043.000) 09/22 16:23:16 Started transferring input files
	Transferring to host: <188.185.210.225:9618?addrs=188.185.210.225-9618+[2001-1458-303-15--100-5d]-9618&alias=b9p22p2530.cern.ch&noUDP&sock=slot1_4_5168_12cb_92103>
...
040 (16827628.043.000) 09/22 16:23:16 Finished transferring input files
...
001 (16827628.043.000) 09/22 16:23:17 Job executing on host: <188.185.210.225:9618?addrs=188.185.210.225-9618+[2001-1458-303-15--100-5d]-9618&alias=b9p22p2530.cern.ch&noUDP&sock=startd_4354_0f71>
	SlotName: slot1_4@b9p22p2530.cern.ch
	CondorScratchDir = "/pool/condor/dir_1245165"
	Cpus = 1
	Disk = 3742
	GPUs = 0
	Memory = 3000
...
006 (16827628.043.000) 09/22 16:23:26 Image size of job updated: 1428
	2  -  MemoryUsage of job (MB)
	1428  -  ResidentSetSize of job (KB)
...
006 (16827628.043.000) 09/22 16:28:28 Image size of job updated: 279720
	274  -  MemoryUsage of job (MB)
	279720  -  ResidentSetSize of job (KB)
...
006 (16827628.043.000) 09/22 16:33:28 Image size of job updated: 279756
	274  -  MemoryUsage of job (MB)
	279756  -  ResidentSetSize of job (KB)
...
040 (16827628.043.000) 09/22 16:34:02 Started transferring output files
...
040 (16827628.043.000) 09/22 16:34:02 Finished transferring output files
...
005 (16827628.043.000) 09/22 16:34:02 Job terminated.
	(1) Normal termination (return value 0)
		Usr 0 00:08:22, Sys 0 00:00:18  -  Run Remote Usage
		Usr 0 00:00:00, Sys 0 00:00:00  -  Run Local Usage
		Usr 0 00:08:22, Sys 0 00:00:18  -  Total Remote Usage
		Usr 0 00:00:00, Sys 0 00:00:00  -  Total Local Usage
	10836  -  Run Bytes Sent By Job
	861  -  Run Bytes Received By Job
	10836  -  Total Bytes Sent By Job
	861  -  Total Bytes Received By Job
	Partitionable Resources :    Usage  Request Allocated 
	   Cpus                 :     0.77        1         1 
	   Disk (KB)            :    56           1      3742 
	   GPUs                 :                           0 
	   Memory (MB)          :   274        3000      3000 
	   TimeExecute (s)      :   645                       
	   TimeSlotBusy (s)     :   647                       
...
