000 (16827627.034.000) 09/22 16:20:04 Job submitted from host: <188.184.90.241:9618?addrs=188.184.90.241-9618+[2001-1458-201-e4--100-2eb]-9618&alias=bigbird15.cern.ch&noUDP&sock=schedd_3150_376a>
...
009 (16827627.034.000) 09/22 16:22:01 Job was aborted.
	via condor_rm (by user masegret)
...
000 (16827628.034.000) 09/22 16:22:11 Job submitted from host: <188.184.90.241:9618?addrs=188.184.90.241-9618+[2001-1458-201-e4--100-2eb]-9618&alias=bigbird15.cern.ch&noUDP&sock=schedd_3150_376a>
...
040 (16827628.034.000) 09/22 16:23:14 Started transferring input files
	Transferring to host: <188.185.214.74:9618?addrs=188.185.214.74-9618+[2001-1458-303-1c--100-46]-9618&alias=b9p29p6551.cern.ch&noUDP&sock=slot1_4_4865_951f_18731>
...
040 (16827628.034.000) 09/22 16:23:14 Finished transferring input files
...
001 (16827628.034.000) 09/22 16:23:16 Job executing on host: <188.185.214.74:9618?addrs=188.185.214.74-9618+[2001-1458-303-1c--100-46]-9618&alias=b9p29p6551.cern.ch&noUDP&sock=startd_4168_7ad3>
	SlotName: slot1_4@b9p29p6551.cern.ch
	CondorScratchDir = "/pool/condor/dir_3652707"
	Cpus = 1
	Disk = 3728
	GPUs = 0
	Memory = 3000
...
006 (16827628.034.000) 09/22 16:23:24 Image size of job updated: 3856
	2  -  MemoryUsage of job (MB)
	1148  -  ResidentSetSize of job (KB)
...
006 (16827628.034.000) 09/22 16:24:28 Image size of job updated: 292964
	2  -  MemoryUsage of job (MB)
	1148  -  ResidentSetSize of job (KB)
...
040 (16827628.034.000) 09/22 16:24:28 Started transferring output files
...
040 (16827628.034.000) 09/22 16:24:28 Finished transferring output files
...
005 (16827628.034.000) 09/22 16:24:29 Job terminated.
	(1) Normal termination (return value 0)
		Usr 0 00:00:50, Sys 0 00:00:07  -  Run Remote Usage
		Usr 0 00:00:00, Sys 0 00:00:00  -  Run Local Usage
		Usr 0 00:00:50, Sys 0 00:00:07  -  Total Remote Usage
		Usr 0 00:00:00, Sys 0 00:00:00  -  Total Local Usage
	8035  -  Run Bytes Sent By Job
	860  -  Run Bytes Received By Job
	8035  -  Total Bytes Sent By Job
	860  -  Total Bytes Received By Job
	Partitionable Resources :    Usage  Request Allocated 
	   Cpus                 :     0.79        1         1 
	   Disk (KB)            :    38           1      3728 
	   GPUs                 :                           0 
	   Memory (MB)          :     2        3000      3000 
	   TimeExecute (s)      :    73                       
	   TimeSlotBusy (s)     :    75                       
...
000 (16828035.034.000) 09/22 17:37:18 Job submitted from host: <188.184.90.241:9618?addrs=188.184.90.241-9618+[2001-1458-201-e4--100-2eb]-9618&alias=bigbird15.cern.ch&noUDP&sock=schedd_3150_376a>
...
040 (16828035.034.000) 09/22 17:58:01 Started transferring input files
	Transferring to host: <188.185.208.218:9618?addrs=188.185.208.218-9618+[2001-1458-303-10--100-57]-9618&alias=b9p10p3098.cern.ch&noUDP&sock=slot1_12_6067_8010_70418>
...
040 (16828035.034.000) 09/22 17:58:01 Finished transferring input files
...
001 (16828035.034.000) 09/22 17:58:02 Job executing on host: <188.185.208.218:9618?addrs=188.185.208.218-9618+[2001-1458-303-10--100-57]-9618&alias=b9p10p3098.cern.ch&noUDP&sock=startd_5049_c5c3>
	SlotName: slot1_12@b9p10p3098.cern.ch
	CondorScratchDir = "/pool/condor/dir_1744741"
	Cpus = 1
	Disk = 3818
	GPUs = 0
	Memory = 3000
...
006 (16828035.034.000) 09/22 17:58:11 Image size of job updated: 9648
	10  -  MemoryUsage of job (MB)
	9648  -  ResidentSetSize of job (KB)
...
006 (16828035.034.000) 09/22 17:59:12 Image size of job updated: 296748
	10  -  MemoryUsage of job (MB)
	9664  -  ResidentSetSize of job (KB)
...
040 (16828035.034.000) 09/22 17:59:12 Started transferring output files
...
040 (16828035.034.000) 09/22 17:59:12 Finished transferring output files
...
005 (16828035.034.000) 09/22 17:59:13 Job terminated.
	(1) Normal termination (return value 0)
		Usr 0 00:00:47, Sys 0 00:00:06  -  Run Remote Usage
		Usr 0 00:00:00, Sys 0 00:00:00  -  Run Local Usage
		Usr 0 00:00:47, Sys 0 00:00:06  -  Total Remote Usage
		Usr 0 00:00:00, Sys 0 00:00:00  -  Total Local Usage
	8035  -  Run Bytes Sent By Job
	860  -  Run Bytes Received By Job
	8035  -  Total Bytes Sent By Job
	860  -  Total Bytes Received By Job
	Partitionable Resources :    Usage  Request Allocated 
	   Cpus                 :        0        1         1 
	   Disk (KB)            :       41        1      3818 
	   GPUs                 :                           0 
	   Memory (MB)          :       10     3000      3000 
	   TimeExecute (s)      :       70                    
	   TimeSlotBusy (s)     :       73                    
...
