000 (16827627.035.000) 09/22 16:20:04 Job submitted from host: <188.184.90.241:9618?addrs=188.184.90.241-9618+[2001-1458-201-e4--100-2eb]-9618&alias=bigbird15.cern.ch&noUDP&sock=schedd_3150_376a>
...
009 (16827627.035.000) 09/22 16:22:01 Job was aborted.
	via condor_rm (by user masegret)
...
000 (16827628.035.000) 09/22 16:22:11 Job submitted from host: <188.184.90.241:9618?addrs=188.184.90.241-9618+[2001-1458-201-e4--100-2eb]-9618&alias=bigbird15.cern.ch&noUDP&sock=schedd_3150_376a>
...
040 (16827628.035.000) 09/22 16:23:15 Started transferring input files
	Transferring to host: <188.185.212.222:9618?addrs=188.185.212.222-9618+[2001-1458-303-19--100-5a]-9618&alias=b9p26p2977.cern.ch&noUDP&sock=slot1_11_4616_23b5_76113>
...
040 (16827628.035.000) 09/22 16:23:16 Finished transferring input files
...
001 (16827628.035.000) 09/22 16:23:17 Job executing on host: <188.185.212.222:9618?addrs=188.185.212.222-9618+[2001-1458-303-19--100-5a]-9618&alias=b9p26p2977.cern.ch&noUDP&sock=startd_3948_93fe>
	SlotName: slot1_11@b9p26p2977.cern.ch
	CondorScratchDir = "/pool/condor/dir_3528732"
	Cpus = 1
	Disk = 3857
	GPUs = 0
	Memory = 3000
...
006 (16827628.035.000) 09/22 16:23:25 Image size of job updated: 3864
	4  -  MemoryUsage of job (MB)
	3864  -  ResidentSetSize of job (KB)
...
006 (16827628.035.000) 09/22 16:28:25 Image size of job updated: 280096
	274  -  MemoryUsage of job (MB)
	280096  -  ResidentSetSize of job (KB)
...
006 (16827628.035.000) 09/22 16:33:19 Image size of job updated: 280112
	274  -  MemoryUsage of job (MB)
	280096  -  ResidentSetSize of job (KB)
...
040 (16827628.035.000) 09/22 16:33:19 Started transferring output files
...
040 (16827628.035.000) 09/22 16:33:19 Finished transferring output files
...
005 (16827628.035.000) 09/22 16:33:20 Job terminated.
	(1) Normal termination (return value 0)
		Usr 0 00:07:25, Sys 0 00:00:18  -  Run Remote Usage
		Usr 0 00:00:00, Sys 0 00:00:00  -  Run Local Usage
		Usr 0 00:07:25, Sys 0 00:00:18  -  Total Remote Usage
		Usr 0 00:00:00, Sys 0 00:00:00  -  Total Local Usage
	10770  -  Run Bytes Sent By Job
	861  -  Run Bytes Received By Job
	10770  -  Total Bytes Sent By Job
	861  -  Total Bytes Received By Job
	Partitionable Resources :    Usage  Request Allocated 
	   Cpus                 :     0.76        1         1 
	   Disk (KB)            :    56           1      3857 
	   GPUs                 :                           0 
	   Memory (MB)          :   274        3000      3000 
	   TimeExecute (s)      :   603                       
	   TimeSlotBusy (s)     :   605                       
...
