000 (16827627.042.000) 09/22 16:20:04 Job submitted from host: <188.184.90.241:9618?addrs=188.184.90.241-9618+[2001-1458-201-e4--100-2eb]-9618&alias=bigbird15.cern.ch&noUDP&sock=schedd_3150_376a>
...
009 (16827627.042.000) 09/22 16:22:01 Job was aborted.
	via condor_rm (by user masegret)
...
000 (16827628.042.000) 09/22 16:22:11 Job submitted from host: <188.184.90.241:9618?addrs=188.184.90.241-9618+[2001-1458-201-e4--100-2eb]-9618&alias=bigbird15.cern.ch&noUDP&sock=schedd_3150_376a>
...
040 (16827628.042.000) 09/22 16:23:16 Started transferring input files
	Transferring to host: <188.185.214.11:9618?addrs=188.185.214.11-9618+[2001-1458-303-1c--100-7]-9618&alias=b9p29p4563.cern.ch&noUDP&sock=slot1_2_4858_a67f_94038>
...
040 (16827628.042.000) 09/22 16:23:16 Finished transferring input files
...
001 (16827628.042.000) 09/22 16:23:17 Job executing on host: <188.185.214.11:9618?addrs=188.185.214.11-9618+[2001-1458-303-1c--100-7]-9618&alias=b9p29p4563.cern.ch&noUDP&sock=startd_4125_fc41>
	SlotName: slot1_2@b9p29p4563.cern.ch
	CondorScratchDir = "/pool/condor/dir_938168"
	Cpus = 1
	Disk = 3812
	GPUs = 0
	Memory = 3000
...
006 (16827628.042.000) 09/22 16:23:25 Image size of job updated: 2580
	2  -  MemoryUsage of job (MB)
	1424  -  ResidentSetSize of job (KB)
...
006 (16827628.042.000) 09/22 16:28:25 Image size of job updated: 280620
	275  -  MemoryUsage of job (MB)
	280620  -  ResidentSetSize of job (KB)
...
006 (16827628.042.000) 09/22 16:33:26 Image size of job updated: 280668
	275  -  MemoryUsage of job (MB)
	280668  -  ResidentSetSize of job (KB)
...
040 (16827628.042.000) 09/22 16:33:38 Started transferring output files
...
040 (16827628.042.000) 09/22 16:33:38 Finished transferring output files
...
005 (16827628.042.000) 09/22 16:33:38 Job terminated.
	(1) Normal termination (return value 0)
		Usr 0 00:08:34, Sys 0 00:00:23  -  Run Remote Usage
		Usr 0 00:00:00, Sys 0 00:00:00  -  Run Local Usage
		Usr 0 00:08:34, Sys 0 00:00:23  -  Total Remote Usage
		Usr 0 00:00:00, Sys 0 00:00:00  -  Total Local Usage
	10803  -  Run Bytes Sent By Job
	861  -  Run Bytes Received By Job
	10803  -  Total Bytes Sent By Job
	861  -  Total Bytes Received By Job
	Partitionable Resources :    Usage  Request Allocated 
	   Cpus                 :        0        1         1 
	   Disk (KB)            :       56        1      3812 
	   GPUs                 :                           0 
	   Memory (MB)          :      275     3000      3000 
	   TimeExecute (s)      :      621                    
	   TimeSlotBusy (s)     :      623                    
...
000 (16828035.042.000) 09/22 17:37:18 Job submitted from host: <188.184.90.241:9618?addrs=188.184.90.241-9618+[2001-1458-201-e4--100-2eb]-9618&alias=bigbird15.cern.ch&noUDP&sock=schedd_3150_376a>
...
040 (16828035.042.000) 09/22 17:58:02 Started transferring input files
	Transferring to host: <188.185.211.183:9618?addrs=188.185.211.183-9618+[2001-1458-303-17--100-33]-9618&alias=b9p24p8841.cern.ch&noUDP&sock=slot1_31_5897_b849_74735>
...
040 (16828035.042.000) 09/22 17:58:02 Finished transferring input files
...
001 (16828035.042.000) 09/22 17:58:03 Job executing on host: <188.185.211.183:9618?addrs=188.185.211.183-9618+[2001-1458-303-17--100-33]-9618&alias=b9p24p8841.cern.ch&noUDP&sock=startd_5133_63b8>
	SlotName: slot1_31@b9p24p8841.cern.ch
	CondorScratchDir = "/pool/condor/dir_1959870"
	Cpus = 1
	Disk = 3659
	GPUs = 0
	Memory = 3000
...
006 (16828035.042.000) 09/22 17:58:11 Image size of job updated: 2324
	3  -  MemoryUsage of job (MB)
	2144  -  ResidentSetSize of job (KB)
...
006 (16828035.042.000) 09/22 18:03:11 Image size of job updated: 279120
	273  -  MemoryUsage of job (MB)
	279120  -  ResidentSetSize of job (KB)
...
006 (16828035.042.000) 09/22 18:07:26 Image size of job updated: 279168
	273  -  MemoryUsage of job (MB)
	279120  -  ResidentSetSize of job (KB)
...
040 (16828035.042.000) 09/22 18:07:26 Started transferring output files
...
040 (16828035.042.000) 09/22 18:07:26 Finished transferring output files
...
005 (16828035.042.000) 09/22 18:07:26 Job terminated.
	(1) Normal termination (return value 0)
		Usr 0 00:07:58, Sys 0 00:00:20  -  Run Remote Usage
		Usr 0 00:00:00, Sys 0 00:00:00  -  Run Local Usage
		Usr 0 00:07:58, Sys 0 00:00:20  -  Total Remote Usage
		Usr 0 00:00:00, Sys 0 00:00:00  -  Total Local Usage
	10803  -  Run Bytes Sent By Job
	861  -  Run Bytes Received By Job
	10803  -  Total Bytes Sent By Job
	861  -  Total Bytes Received By Job
	Partitionable Resources :    Usage  Request Allocated 
	   Cpus                 :     0.92        1         1 
	   Disk (KB)            :    56           1      3659 
	   GPUs                 :                           0 
	   Memory (MB)          :   273        3000      3000 
	   TimeExecute (s)      :   563                       
	   TimeSlotBusy (s)     :   565                       
...
