000 (16827627.040.000) 09/22 16:20:04 Job submitted from host: <188.184.90.241:9618?addrs=188.184.90.241-9618+[2001-1458-201-e4--100-2eb]-9618&alias=bigbird15.cern.ch&noUDP&sock=schedd_3150_376a>
...
009 (16827627.040.000) 09/22 16:22:01 Job was aborted.
	via condor_rm (by user masegret)
...
000 (16827628.040.000) 09/22 16:22:11 Job submitted from host: <188.184.90.241:9618?addrs=188.184.90.241-9618+[2001-1458-201-e4--100-2eb]-9618&alias=bigbird15.cern.ch&noUDP&sock=schedd_3150_376a>
...
040 (16827628.040.000) 09/22 16:23:15 Started transferring input files
	Transferring to host: <188.185.208.136:9618?addrs=188.185.208.136-9618+[2001-1458-303-10--100-5]-9618&alias=b9p10p5730.cern.ch&noUDP&sock=slot1_3_3958_84da_69289>
...
040 (16827628.040.000) 09/22 16:23:15 Finished transferring input files
...
001 (16827628.040.000) 09/22 16:23:16 Job executing on host: <188.185.208.136:9618?addrs=188.185.208.136-9618+[2001-1458-303-10--100-5]-9618&alias=b9p10p5730.cern.ch&noUDP&sock=startd_3387_c75c>
	SlotName: slot1_3@b9p10p5730.cern.ch
	CondorScratchDir = "/pool/condor/dir_4072062"
	Cpus = 1
	Disk = 3633
	GPUs = 0
	Memory = 3000
...
006 (16827628.040.000) 09/22 16:23:25 Image size of job updated: 10612
	2  -  MemoryUsage of job (MB)
	1056  -  ResidentSetSize of job (KB)
...
006 (16827628.040.000) 09/22 16:28:26 Image size of job updated: 280472
	274  -  MemoryUsage of job (MB)
	280472  -  ResidentSetSize of job (KB)
...
006 (16827628.040.000) 09/22 16:32:16 Image size of job updated: 280504
	274  -  MemoryUsage of job (MB)
	280472  -  ResidentSetSize of job (KB)
...
040 (16827628.040.000) 09/22 16:32:16 Started transferring output files
...
040 (16827628.040.000) 09/22 16:32:16 Finished transferring output files
...
005 (16827628.040.000) 09/22 16:32:17 Job terminated.
	(1) Normal termination (return value 0)
		Usr 0 00:07:19, Sys 0 00:00:15  -  Run Remote Usage
		Usr 0 00:00:00, Sys 0 00:00:00  -  Run Local Usage
		Usr 0 00:07:19, Sys 0 00:00:15  -  Total Remote Usage
		Usr 0 00:00:00, Sys 0 00:00:00  -  Total Local Usage
	10803  -  Run Bytes Sent By Job
	861  -  Run Bytes Received By Job
	10803  -  Total Bytes Sent By Job
	861  -  Total Bytes Received By Job
	Partitionable Resources :    Usage  Request Allocated 
	   Cpus                 :     0.83        1         1 
	   Disk (KB)            :    44           1      3633 
	   GPUs                 :                           0 
	   Memory (MB)          :   274        3000      3000 
	   TimeExecute (s)      :   540                       
	   TimeSlotBusy (s)     :   542                       
...
