000 (16827627.036.000) 09/22 16:20:04 Job submitted from host: <188.184.90.241:9618?addrs=188.184.90.241-9618+[2001-1458-201-e4--100-2eb]-9618&alias=bigbird15.cern.ch&noUDP&sock=schedd_3150_376a>
...
009 (16827627.036.000) 09/22 16:22:01 Job was aborted.
	via condor_rm (by user masegret)
...
000 (16827628.036.000) 09/22 16:22:11 Job submitted from host: <188.184.90.241:9618?addrs=188.184.90.241-9618+[2001-1458-201-e4--100-2eb]-9618&alias=bigbird15.cern.ch&noUDP&sock=schedd_3150_376a>
...
040 (16827628.036.000) 09/22 16:23:15 Started transferring input files
	Transferring to host: <188.185.210.179:9618?addrs=188.185.210.179-9618+[2001-1458-303-15--100-2f]-9618&alias=b9p22p9817.cern.ch&noUDP&sock=slot1_4_5730_0da2_74041>
...
040 (16827628.036.000) 09/22 16:23:16 Finished transferring input files
...
001 (16827628.036.000) 09/22 16:23:17 Job executing on host: <188.185.210.179:9618?addrs=188.185.210.179-9618+[2001-1458-303-15--100-2f]-9618&alias=b9p22p9817.cern.ch&noUDP&sock=startd_4767_580e>
	SlotName: slot1_4@b9p22p9817.cern.ch
	CondorScratchDir = "/pool/condor/dir_3472270"
	Cpus = 1
	Disk = 3837
	GPUs = 0
	Memory = 3000
...
006 (16827628.036.000) 09/22 16:23:25 Image size of job updated: 3860
	4  -  MemoryUsage of job (MB)
	3860  -  ResidentSetSize of job (KB)
...
006 (16827628.036.000) 09/22 16:28:25 Image size of job updated: 280108
	274  -  MemoryUsage of job (MB)
	280108  -  ResidentSetSize of job (KB)
...
006 (16827628.036.000) 09/22 16:32:48 Image size of job updated: 287720
	274  -  MemoryUsage of job (MB)
	280108  -  ResidentSetSize of job (KB)
...
040 (16827628.036.000) 09/22 16:32:49 Started transferring output files
...
040 (16827628.036.000) 09/22 16:32:49 Finished transferring output files
...
005 (16827628.036.000) 09/22 16:32:49 Job terminated.
	(1) Normal termination (return value 0)
		Usr 0 00:07:32, Sys 0 00:00:17  -  Run Remote Usage
		Usr 0 00:00:00, Sys 0 00:00:00  -  Run Local Usage
		Usr 0 00:07:32, Sys 0 00:00:17  -  Total Remote Usage
		Usr 0 00:00:00, Sys 0 00:00:00  -  Total Local Usage
	10770  -  Run Bytes Sent By Job
	861  -  Run Bytes Received By Job
	10770  -  Total Bytes Sent By Job
	861  -  Total Bytes Received By Job
	Partitionable Resources :    Usage  Request Allocated 
	   Cpus                 :     0.79        1         1 
	   Disk (KB)            :    57           1      3837 
	   GPUs                 :                           0 
	   Memory (MB)          :   274        3000      3000 
	   TimeExecute (s)      :   572                       
	   TimeSlotBusy (s)     :   575                       
...
