000 (16827627.041.000) 09/22 16:20:04 Job submitted from host: <188.184.90.241:9618?addrs=188.184.90.241-9618+[2001-1458-201-e4--100-2eb]-9618&alias=bigbird15.cern.ch&noUDP&sock=schedd_3150_376a>
...
009 (16827627.041.000) 09/22 16:22:01 Job was aborted.
	via condor_rm (by user masegret)
...
000 (16827628.041.000) 09/22 16:22:11 Job submitted from host: <188.184.90.241:9618?addrs=188.184.90.241-9618+[2001-1458-201-e4--100-2eb]-9618&alias=bigbird15.cern.ch&noUDP&sock=schedd_3150_376a>
...
040 (16827628.041.000) 09/22 16:23:16 Started transferring input files
	Transferring to host: <188.185.213.212:9618?addrs=188.185.213.212-9618+[2001-1458-303-1b--100-50]-9618&alias=b9p28p2314.cern.ch&noUDP&sock=slot1_7_7998_107e_92258>
...
040 (16827628.041.000) 09/22 16:23:16 Finished transferring input files
...
001 (16827628.041.000) 09/22 16:23:17 Job executing on host: <188.185.213.212:9618?addrs=188.185.213.212-9618+[2001-1458-303-1b--100-50]-9618&alias=b9p28p2314.cern.ch&noUDP&sock=startd_7527_7972>
	SlotName: slot1_7@b9p28p2314.cern.ch
	CondorScratchDir = "/pool/condor/dir_3826335"
	Cpus = 1
	Disk = 3777
	GPUs = 0
	Memory = 3000
...
006 (16827628.041.000) 09/22 16:23:25 Image size of job updated: 2496
	3  -  MemoryUsage of job (MB)
	2496  -  ResidentSetSize of job (KB)
...
006 (16827628.041.000) 09/22 16:28:25 Image size of job updated: 279364
	273  -  MemoryUsage of job (MB)
	279364  -  ResidentSetSize of job (KB)
...
006 (16827628.041.000) 09/22 16:32:52 Image size of job updated: 288148
	273  -  MemoryUsage of job (MB)
	279364  -  ResidentSetSize of job (KB)
...
040 (16827628.041.000) 09/22 16:32:52 Started transferring output files
...
040 (16827628.041.000) 09/22 16:32:52 Finished transferring output files
...
005 (16827628.041.000) 09/22 16:32:52 Job terminated.
	(1) Normal termination (return value 0)
		Usr 0 00:07:28, Sys 0 00:00:18  -  Run Remote Usage
		Usr 0 00:00:00, Sys 0 00:00:00  -  Run Local Usage
		Usr 0 00:07:28, Sys 0 00:00:18  -  Total Remote Usage
		Usr 0 00:00:00, Sys 0 00:00:00  -  Total Local Usage
	10803  -  Run Bytes Sent By Job
	861  -  Run Bytes Received By Job
	10803  -  Total Bytes Sent By Job
	861  -  Total Bytes Received By Job
	Partitionable Resources :    Usage  Request Allocated 
	   Cpus                 :     0.79        1         1 
	   Disk (KB)            :    56           1      3777 
	   GPUs                 :                           0 
	   Memory (MB)          :   273        3000      3000 
	   TimeExecute (s)      :   575                       
	   TimeSlotBusy (s)     :   578                       
...
000 (16828035.041.000) 09/22 17:37:18 Job submitted from host: <188.184.90.241:9618?addrs=188.184.90.241-9618+[2001-1458-201-e4--100-2eb]-9618&alias=bigbird15.cern.ch&noUDP&sock=schedd_3150_376a>
...
040 (16828035.041.000) 09/22 17:58:01 Started transferring input files
	Transferring to host: <188.185.204.244:9618?addrs=188.185.204.244-9618+[2001-1458-303-8--100-71]-9618&alias=b9p02p9926.cern.ch&noUDP&sock=slot1_19_3979_50bb_70844>
...
040 (16828035.041.000) 09/22 17:58:01 Finished transferring input files
...
001 (16828035.041.000) 09/22 17:58:02 Job executing on host: <188.185.204.244:9618?addrs=188.185.204.244-9618+[2001-1458-303-8--100-71]-9618&alias=b9p02p9926.cern.ch&noUDP&sock=startd_3463_e88f>
	SlotName: slot1_19@b9p02p9926.cern.ch
	CondorScratchDir = "/pool/condor/dir_1695309"
	Cpus = 1
	Disk = 3747
	GPUs = 0
	Memory = 3000
...
006 (16828035.041.000) 09/22 17:58:11 Image size of job updated: 3840
	2  -  MemoryUsage of job (MB)
	1600  -  ResidentSetSize of job (KB)
...
006 (16828035.041.000) 09/22 18:03:12 Image size of job updated: 281132
	275  -  MemoryUsage of job (MB)
	281132  -  ResidentSetSize of job (KB)
...
006 (16828035.041.000) 09/22 18:05:01 Image size of job updated: 281152
	275  -  MemoryUsage of job (MB)
	281132  -  ResidentSetSize of job (KB)
...
040 (16828035.041.000) 09/22 18:05:01 Started transferring output files
...
040 (16828035.041.000) 09/22 18:05:01 Finished transferring output files
...
005 (16828035.041.000) 09/22 18:05:02 Job terminated.
	(1) Normal termination (return value 0)
		Usr 0 00:05:30, Sys 0 00:00:13  -  Run Remote Usage
		Usr 0 00:00:00, Sys 0 00:00:00  -  Run Local Usage
		Usr 0 00:05:30, Sys 0 00:00:13  -  Total Remote Usage
		Usr 0 00:00:00, Sys 0 00:00:00  -  Total Local Usage
	10803  -  Run Bytes Sent By Job
	861  -  Run Bytes Received By Job
	10803  -  Total Bytes Sent By Job
	861  -  Total Bytes Received By Job
	Partitionable Resources :    Usage  Request Allocated 
	   Cpus                 :        0        1         1 
	   Disk (KB)            :       45        1      3747 
	   GPUs                 :                           0 
	   Memory (MB)          :      275     3000      3000 
	   TimeExecute (s)      :      419                    
	   TimeSlotBusy (s)     :      421                    
...
