000 (16827627.039.000) 09/22 16:20:04 Job submitted from host: <188.184.90.241:9618?addrs=188.184.90.241-9618+[2001-1458-201-e4--100-2eb]-9618&alias=bigbird15.cern.ch&noUDP&sock=schedd_3150_376a>
...
009 (16827627.039.000) 09/22 16:22:01 Job was aborted.
	via condor_rm (by user masegret)
...
000 (16827628.039.000) 09/22 16:22:11 Job submitted from host: <188.184.90.241:9618?addrs=188.184.90.241-9618+[2001-1458-201-e4--100-2eb]-9618&alias=bigbird15.cern.ch&noUDP&sock=schedd_3150_376a>
...
040 (16827628.039.000) 09/22 16:23:16 Started transferring input files
	Transferring to host: <188.185.205.215:9618?addrs=188.185.205.215-9618+[2001-1458-303-a--100-54]-9618&alias=b9p04p3131.cern.ch&noUDP&sock=slot1_5_7100_579a_68516>
...
040 (16827628.039.000) 09/22 16:23:16 Finished transferring input files
...
001 (16827628.039.000) 09/22 16:23:17 Job executing on host: <188.185.205.215:9618?addrs=188.185.205.215-9618+[2001-1458-303-a--100-54]-9618&alias=b9p04p3131.cern.ch&noUDP&sock=startd_6501_b947>
	SlotName: slot1_5@b9p04p3131.cern.ch
	CondorScratchDir = "/pool/condor/dir_2978742"
	Cpus = 1
	Disk = 3534
	GPUs = 0
	Memory = 3000
...
006 (16827628.039.000) 09/22 16:23:25 Image size of job updated: 3844
	2  -  MemoryUsage of job (MB)
	1540  -  ResidentSetSize of job (KB)
...
006 (16827628.039.000) 09/22 16:28:25 Image size of job updated: 279792
	274  -  MemoryUsage of job (MB)
	279792  -  ResidentSetSize of job (KB)
...
006 (16827628.039.000) 09/22 16:31:01 Image size of job updated: 279796
	274  -  MemoryUsage of job (MB)
	279792  -  ResidentSetSize of job (KB)
...
040 (16827628.039.000) 09/22 16:31:01 Started transferring output files
...
040 (16827628.039.000) 09/22 16:31:01 Finished transferring output files
...
005 (16827628.039.000) 09/22 16:31:02 Job terminated.
	(1) Normal termination (return value 0)
		Usr 0 00:06:35, Sys 0 00:00:13  -  Run Remote Usage
		Usr 0 00:00:00, Sys 0 00:00:00  -  Run Local Usage
		Usr 0 00:06:35, Sys 0 00:00:13  -  Total Remote Usage
		Usr 0 00:00:00, Sys 0 00:00:00  -  Total Local Usage
	10998  -  Run Bytes Sent By Job
	861  -  Run Bytes Received By Job
	10998  -  Total Bytes Sent By Job
	861  -  Total Bytes Received By Job
	Partitionable Resources :    Usage  Request Allocated 
	   Cpus                 :     0.89        1         1 
	   Disk (KB)            :    44           1      3534 
	   GPUs                 :                           0 
	   Memory (MB)          :   274        3000      3000 
	   TimeExecute (s)      :   464                       
	   TimeSlotBusy (s)     :   466                       
...
