000 (16827627.037.000) 09/22 16:20:04 Job submitted from host: <188.184.90.241:9618?addrs=188.184.90.241-9618+[2001-1458-201-e4--100-2eb]-9618&alias=bigbird15.cern.ch&noUDP&sock=schedd_3150_376a>
...
009 (16827627.037.000) 09/22 16:22:01 Job was aborted.
	via condor_rm (by user masegret)
...
000 (16827628.037.000) 09/22 16:22:11 Job submitted from host: <188.184.90.241:9618?addrs=188.184.90.241-9618+[2001-1458-201-e4--100-2eb]-9618&alias=bigbird15.cern.ch&noUDP&sock=schedd_3150_376a>
...
040 (16827628.037.000) 09/22 16:23:14 Started transferring input files
	Transferring to host: <188.185.205.141:9618?addrs=188.185.205.141-9618+[2001-1458-303-a--100-a]-9618&alias=b9p04p2171.cern.ch&noUDP&sock=slot1_9_8890_8f23_75268>
...
040 (16827628.037.000) 09/22 16:23:14 Finished transferring input files
...
001 (16827628.037.000) 09/22 16:23:16 Job executing on host: <188.185.205.141:9618?addrs=188.185.205.141-9618+[2001-1458-303-a--100-a]-9618&alias=b9p04p2171.cern.ch&noUDP&sock=startd_8014_8412>
	SlotName: slot1_9@b9p04p2171.cern.ch
	CondorScratchDir = "/pool/condor/dir_3017730"
	Cpus = 1
	Disk = 3736
	GPUs = 0
	Memory = 3000
...
006 (16827628.037.000) 09/22 16:23:24 Image size of job updated: 6432
	7  -  MemoryUsage of job (MB)
	6432  -  ResidentSetSize of job (KB)
...
006 (16827628.037.000) 09/22 16:28:24 Image size of job updated: 279948
	274  -  MemoryUsage of job (MB)
	279948  -  ResidentSetSize of job (KB)
...
006 (16827628.037.000) 09/22 16:32:09 Image size of job updated: 279968
	274  -  MemoryUsage of job (MB)
	279948  -  ResidentSetSize of job (KB)
...
040 (16827628.037.000) 09/22 16:32:09 Started transferring output files
...
040 (16827628.037.000) 09/22 16:32:09 Finished transferring output files
...
005 (16827628.037.000) 09/22 16:32:10 Job terminated.
	(1) Normal termination (return value 0)
		Usr 0 00:05:11, Sys 0 00:00:12  -  Run Remote Usage
		Usr 0 00:00:00, Sys 0 00:00:00  -  Run Local Usage
		Usr 0 00:05:11, Sys 0 00:00:12  -  Total Remote Usage
		Usr 0 00:00:00, Sys 0 00:00:00  -  Total Local Usage
	11393  -  Run Bytes Sent By Job
	861  -  Run Bytes Received By Job
	11393  -  Total Bytes Sent By Job
	861  -  Total Bytes Received By Job
	Partitionable Resources :    Usage  Request Allocated 
	   Cpus                 :     0.81        1         1 
	   Disk (KB)            :    44           1      3736 
	   GPUs                 :                           0 
	   Memory (MB)          :   274        3000      3000 
	   TimeExecute (s)      :   534                       
	   TimeSlotBusy (s)     :   536                       
...
