000 (16827627.038.000) 09/22 16:20:04 Job submitted from host: <188.184.90.241:9618?addrs=188.184.90.241-9618+[2001-1458-201-e4--100-2eb]-9618&alias=bigbird15.cern.ch&noUDP&sock=schedd_3150_376a>
...
009 (16827627.038.000) 09/22 16:22:01 Job was aborted.
	via condor_rm (by user masegret)
...
000 (16827628.038.000) 09/22 16:22:11 Job submitted from host: <188.184.90.241:9618?addrs=188.184.90.241-9618+[2001-1458-201-e4--100-2eb]-9618&alias=bigbird15.cern.ch&noUDP&sock=schedd_3150_376a>
...
040 (16827628.038.000) 09/22 16:23:14 Started transferring input files
	Transferring to host: <188.185.213.67:9618?addrs=188.185.213.67-9618+[2001-1458-303-1a--100-3f]-9618&alias=b9p27p8127.cern.ch&noUDP&sock=slot1_12_3764_d412_73671>
...
040 (16827628.038.000) 09/22 16:23:15 Finished transferring input files
...
001 (16827628.038.000) 09/22 16:23:16 Job executing on host: <188.185.213.67:9618?addrs=188.185.213.67-9618+[2001-1458-303-1a--100-3f]-9618&alias=b9p27p8127.cern.ch&noUDP&sock=startd_3723_3f2e>
	SlotName: slot1_12@b9p27p8127.cern.ch
	CondorScratchDir = "/pool/condor/dir_3369386"
	Cpus = 1
	Disk = 3750
	GPUs = 0
	Memory = 3000
...
006 (16827628.038.000) 09/22 16:23:24 Image size of job updated: 2320
	2  -  MemoryUsage of job (MB)
	1284  -  ResidentSetSize of job (KB)
...
006 (16827628.038.000) 09/22 16:28:24 Image size of job updated: 280056
	274  -  MemoryUsage of job (MB)
	280056  -  ResidentSetSize of job (KB)
...
006 (16827628.038.000) 09/22 16:31:19 Image size of job updated: 280068
	274  -  MemoryUsage of job (MB)
	280056  -  ResidentSetSize of job (KB)
...
040 (16827628.038.000) 09/22 16:31:19 Started transferring output files
...
040 (16827628.038.000) 09/22 16:31:19 Finished transferring output files
...
005 (16827628.038.000) 09/22 16:31:20 Job terminated.
	(1) Normal termination (return value 0)
		Usr 0 00:06:13, Sys 0 00:00:17  -  Run Remote Usage
		Usr 0 00:00:00, Sys 0 00:00:00  -  Run Local Usage
		Usr 0 00:06:13, Sys 0 00:00:17  -  Total Remote Usage
		Usr 0 00:00:00, Sys 0 00:00:00  -  Total Local Usage
	10143  -  Run Bytes Sent By Job
	861  -  Run Bytes Received By Job
	10143  -  Total Bytes Sent By Job
	861  -  Total Bytes Received By Job
	Partitionable Resources :    Usage  Request Allocated 
	   Cpus                 :        0        1         1 
	   Disk (KB)            :       56        1      3750 
	   GPUs                 :                           0 
	   Memory (MB)          :      274     3000      3000 
	   TimeExecute (s)      :      484                    
	   TimeSlotBusy (s)     :      486                    
...
000 (16828035.038.000) 09/22 17:37:18 Job submitted from host: <188.184.90.241:9618?addrs=188.184.90.241-9618+[2001-1458-201-e4--100-2eb]-9618&alias=bigbird15.cern.ch&noUDP&sock=schedd_3150_376a>
...
040 (16828035.038.000) 09/22 17:58:01 Started transferring input files
	Transferring to host: <188.185.214.41:9618?addrs=188.185.214.41-9618+[2001-1458-303-1c--100-25]-9618&alias=b9p29p3727.cern.ch&noUDP&sock=slot1_36_4220_1f25_75609>
...
040 (16828035.038.000) 09/22 17:58:01 Finished transferring input files
...
001 (16828035.038.000) 09/22 17:58:02 Job executing on host: <188.185.214.41:9618?addrs=188.185.214.41-9618+[2001-1458-303-1c--100-25]-9618&alias=b9p29p3727.cern.ch&noUDP&sock=startd_3533_ec30>
	SlotName: slot1_36@b9p29p3727.cern.ch
	CondorScratchDir = "/pool/condor/dir_630088"
	Cpus = 1
	Disk = 3676
	GPUs = 0
	Memory = 3000
...
006 (16828035.038.000) 09/22 17:58:11 Image size of job updated: 10616
	2  -  MemoryUsage of job (MB)
	1928  -  ResidentSetSize of job (KB)
...
006 (16828035.038.000) 09/22 18:03:12 Image size of job updated: 277228
	271  -  MemoryUsage of job (MB)
	277228  -  ResidentSetSize of job (KB)
...
006 (16828035.038.000) 09/22 18:04:29 Image size of job updated: 277240
	271  -  MemoryUsage of job (MB)
	277228  -  ResidentSetSize of job (KB)
...
040 (16828035.038.000) 09/22 18:04:29 Started transferring output files
...
040 (16828035.038.000) 09/22 18:04:29 Finished transferring output files
...
005 (16828035.038.000) 09/22 18:04:29 Job terminated.
	(1) Normal termination (return value 0)
		Usr 0 00:05:32, Sys 0 00:00:15  -  Run Remote Usage
		Usr 0 00:00:00, Sys 0 00:00:00  -  Run Local Usage
		Usr 0 00:05:32, Sys 0 00:00:15  -  Total Remote Usage
		Usr 0 00:00:00, Sys 0 00:00:00  -  Total Local Usage
	10143  -  Run Bytes Sent By Job
	861  -  Run Bytes Received By Job
	10143  -  Total Bytes Sent By Job
	861  -  Total Bytes Received By Job
	Partitionable Resources :    Usage  Request Allocated 
	   Cpus                 :     0.92        1         1 
	   Disk (KB)            :    41           1      3676 
	   GPUs                 :                           0 
	   Memory (MB)          :   271        3000      3000 
	   TimeExecute (s)      :   387                       
	   TimeSlotBusy (s)     :   389                       
...
