000 (16827627.047.000) 09/22 16:20:04 Job submitted from host: <188.184.90.241:9618?addrs=188.184.90.241-9618+[2001-1458-201-e4--100-2eb]-9618&alias=bigbird15.cern.ch&noUDP&sock=schedd_3150_376a>
...
009 (16827627.047.000) 09/22 16:22:01 Job was aborted.
	via condor_rm (by user masegret)
...
000 (16827628.047.000) 09/22 16:22:11 Job submitted from host: <188.184.90.241:9618?addrs=188.184.90.241-9618+[2001-1458-201-e4--100-2eb]-9618&alias=bigbird15.cern.ch&noUDP&sock=schedd_3150_376a>
...
040 (16827628.047.000) 09/22 16:23:15 Started transferring input files
	Transferring to host: <128.142.137.215:9618?addrs=128.142.137.215-9618+[2001-1458-301-5e--100-cb]-9618&alias=b9g19p7030.cern.ch&noUDP&sock=slot1_10_3026_d734_65192>
...
040 (16827628.047.000) 09/22 16:23:15 Finished transferring input files
...
001 (16827628.047.000) 09/22 16:23:16 Job executing on host: <128.142.137.215:9618?addrs=128.142.137.215-9618+[2001-1458-301-5e--100-cb]-9618&alias=b9g19p7030.cern.ch&noUDP&sock=startd_2505_ccd4>
	SlotName: slot1_10@b9g19p7030.cern.ch
	CondorScratchDir = "/pool/condor/dir_1738222"
	Cpus = 1
	Disk = 2677
	GPUs = 0
	Memory = 3000
...
006 (16827628.047.000) 09/22 16:23:25 Image size of job updated: 3212
	3  -  MemoryUsage of job (MB)
	2504  -  ResidentSetSize of job (KB)
...
006 (16827628.047.000) 09/22 16:28:26 Image size of job updated: 280352
	274  -  MemoryUsage of job (MB)
	280352  -  ResidentSetSize of job (KB)
...
006 (16827628.047.000) 09/22 16:33:26 Image size of job updated: 280392
	274  -  MemoryUsage of job (MB)
	280392  -  ResidentSetSize of job (KB)
...
006 (16827628.047.000) 09/22 16:38:26 Image size of job updated: 280404
	274  -  MemoryUsage of job (MB)
	280404  -  ResidentSetSize of job (KB)
...
006 (16827628.047.000) 09/22 16:38:41 Image size of job updated: 280408
	274  -  MemoryUsage of job (MB)
	280404  -  ResidentSetSize of job (KB)
...
040 (16827628.047.000) 09/22 16:38:41 Started transferring output files
...
040 (16827628.047.000) 09/22 16:38:41 Finished transferring output files
...
005 (16827628.047.000) 09/22 16:38:41 Job terminated.
	(1) Normal termination (return value 0)
		Usr 0 00:13:28, Sys 0 00:00:20  -  Run Remote Usage
		Usr 0 00:00:00, Sys 0 00:00:00  -  Run Local Usage
		Usr 0 00:13:28, Sys 0 00:00:20  -  Total Remote Usage
		Usr 0 00:00:00, Sys 0 00:00:00  -  Total Local Usage
	10803  -  Run Bytes Sent By Job
	861  -  Run Bytes Received By Job
	10803  -  Total Bytes Sent By Job
	861  -  Total Bytes Received By Job
	Partitionable Resources :    Usage  Request Allocated 
	   Cpus                 :     0.92        1         1 
	   Disk (KB)            :    56           1      2677 
	   GPUs                 :                           0 
	   Memory (MB)          :   274        3000      3000 
	   TimeExecute (s)      :   925                       
	   TimeSlotBusy (s)     :   927                       
...
