000 (16827627.049.000) 09/22 16:20:04 Job submitted from host: <188.184.90.241:9618?addrs=188.184.90.241-9618+[2001-1458-201-e4--100-2eb]-9618&alias=bigbird15.cern.ch&noUDP&sock=schedd_3150_376a>
...
009 (16827627.049.000) 09/22 16:22:01 Job was aborted.
	via condor_rm (by user masegret)
...
000 (16827628.049.000) 09/22 16:22:11 Job submitted from host: <188.184.90.241:9618?addrs=188.184.90.241-9618+[2001-1458-201-e4--100-2eb]-9618&alias=bigbird15.cern.ch&noUDP&sock=schedd_3150_376a>
...
040 (16827628.049.000) 09/22 16:23:17 Started transferring input files
	Transferring to host: <188.185.207.230:9618?addrs=188.185.207.230-9618+[2001-1458-303-e--100-63]-9618&alias=b9p08p8866.cern.ch&noUDP&sock=slot1_26_11284_5944_74266>
...
040 (16827628.049.000) 09/22 16:23:17 Finished transferring input files
...
001 (16827628.049.000) 09/22 16:23:18 Job executing on host: <188.185.207.230:9618?addrs=188.185.207.230-9618+[2001-1458-303-e--100-63]-9618&alias=b9p08p8866.cern.ch&noUDP&sock=startd_10630_dfd2>
	SlotName: slot1_26@b9p08p8866.cern.ch
	CondorScratchDir = "/pool/condor/dir_2432067"
	Cpus = 1
	Disk = 3684
	GPUs = 0
	Memory = 3000
...
006 (16827628.049.000) 09/22 16:23:26 Image size of job updated: 2200
	2  -  MemoryUsage of job (MB)
	1400  -  ResidentSetSize of job (KB)
...
006 (16827628.049.000) 09/22 16:26:02 Image size of job updated: 278288
	2  -  MemoryUsage of job (MB)
	1412  -  ResidentSetSize of job (KB)
...
040 (16827628.049.000) 09/22 16:26:02 Started transferring output files
...
040 (16827628.049.000) 09/22 16:26:02 Finished transferring output files
...
005 (16827628.049.000) 09/22 16:26:02 Job terminated.
	(1) Normal termination (return value 0)
		Usr 0 00:02:16, Sys 0 00:00:09  -  Run Remote Usage
		Usr 0 00:00:00, Sys 0 00:00:00  -  Run Local Usage
		Usr 0 00:02:16, Sys 0 00:00:09  -  Total Remote Usage
		Usr 0 00:00:00, Sys 0 00:00:00  -  Total Local Usage
	8691  -  Run Bytes Sent By Job
	861  -  Run Bytes Received By Job
	8691  -  Total Bytes Sent By Job
	861  -  Total Bytes Received By Job
	Partitionable Resources :    Usage  Request Allocated 
	   Cpus                 :        0        1         1 
	   Disk (KB)            :       56        1      3684 
	   GPUs                 :                           0 
	   Memory (MB)          :        2     3000      3000 
	   TimeExecute (s)      :      164                    
	   TimeSlotBusy (s)     :      166                    
...
