000 (16827627.048.000) 09/22 16:20:04 Job submitted from host: <188.184.90.241:9618?addrs=188.184.90.241-9618+[2001-1458-201-e4--100-2eb]-9618&alias=bigbird15.cern.ch&noUDP&sock=schedd_3150_376a>
...
009 (16827627.048.000) 09/22 16:22:01 Job was aborted.
	via condor_rm (by user masegret)
...
000 (16827628.048.000) 09/22 16:22:11 Job submitted from host: <188.184.90.241:9618?addrs=188.184.90.241-9618+[2001-1458-201-e4--100-2eb]-9618&alias=bigbird15.cern.ch&noUDP&sock=schedd_3150_376a>
...
040 (16827628.048.000) 09/22 16:23:18 Started transferring input files
	Transferring to host: <188.185.207.173:9618?addrs=188.185.207.173-9618+[2001-1458-303-e--100-2a]-9618&alias=b9p08p2731.cern.ch&noUDP&sock=slot1_3_7679_4cd1_73376>
...
040 (16827628.048.000) 09/22 16:23:18 Finished transferring input files
...
001 (16827628.048.000) 09/22 16:23:19 Job executing on host: <188.185.207.173:9618?addrs=188.185.207.173-9618+[2001-1458-303-e--100-2a]-9618&alias=b9p08p2731.cern.ch&noUDP&sock=startd_6546_970a>
	SlotName: slot1_3@b9p08p2731.cern.ch
	CondorScratchDir = "/pool/condor/dir_3772146"
	Cpus = 1
	Disk = 3395
	GPUs = 0
	Memory = 3000
...
006 (16827628.048.000) 09/22 16:23:28 Image size of job updated: 1896
	2  -  MemoryUsage of job (MB)
	1896  -  ResidentSetSize of job (KB)
...
006 (16827628.048.000) 09/22 16:28:29 Image size of job updated: 273652
	268  -  MemoryUsage of job (MB)
	273652  -  ResidentSetSize of job (KB)
...
006 (16827628.048.000) 09/22 16:31:00 Image size of job updated: 279656
	268  -  MemoryUsage of job (MB)
	273652  -  ResidentSetSize of job (KB)
...
040 (16827628.048.000) 09/22 16:31:00 Started transferring output files
...
040 (16827628.048.000) 09/22 16:31:00 Finished transferring output files
...
005 (16827628.048.000) 09/22 16:31:01 Job terminated.
	(1) Normal termination (return value 0)
		Usr 0 00:06:35, Sys 0 00:00:15  -  Run Remote Usage
		Usr 0 00:00:00, Sys 0 00:00:00  -  Run Local Usage
		Usr 0 00:06:35, Sys 0 00:00:15  -  Total Remote Usage
		Usr 0 00:00:00, Sys 0 00:00:00  -  Total Local Usage
	10077  -  Run Bytes Sent By Job
	861  -  Run Bytes Received By Job
	10077  -  Total Bytes Sent By Job
	861  -  Total Bytes Received By Job
	Partitionable Resources :    Usage  Request Allocated 
	   Cpus                 :        0        1         1 
	   Disk (KB)            :       56        1      3395 
	   GPUs                 :                           0 
	   Memory (MB)          :      268     3000      3000 
	   TimeExecute (s)      :      461                    
	   TimeSlotBusy (s)     :      463                    
...
000 (16828035.048.000) 09/22 17:37:18 Job submitted from host: <188.184.90.241:9618?addrs=188.184.90.241-9618+[2001-1458-201-e4--100-2eb]-9618&alias=bigbird15.cern.ch&noUDP&sock=schedd_3150_376a>
...
040 (16828035.048.000) 09/22 17:58:02 Started transferring input files
	Transferring to host: <188.185.212.193:9618?addrs=188.185.212.193-9618+[2001-1458-303-19--100-3d]-9618&alias=b9p26p7832.cern.ch&noUDP&sock=slot1_8_4852_6c3e_74828>
...
040 (16828035.048.000) 09/22 17:58:02 Finished transferring input files
...
001 (16828035.048.000) 09/22 17:58:03 Job executing on host: <188.185.212.193:9618?addrs=188.185.212.193-9618+[2001-1458-303-19--100-3d]-9618&alias=b9p26p7832.cern.ch&noUDP&sock=startd_4134_289b>
	SlotName: slot1_8@b9p26p7832.cern.ch
	CondorScratchDir = "/pool/condor/dir_2684927"
	Cpus = 1
	Disk = 3789
	GPUs = 0
	Memory = 3000
...
006 (16828035.048.000) 09/22 17:58:12 Image size of job updated: 3872
	4  -  MemoryUsage of job (MB)
	3872  -  ResidentSetSize of job (KB)
...
006 (16828035.048.000) 09/22 18:03:13 Image size of job updated: 277032
	271  -  MemoryUsage of job (MB)
	277032  -  ResidentSetSize of job (KB)
...
040 (16828035.048.000) 09/22 18:05:28 Started transferring output files
...
040 (16828035.048.000) 09/22 18:05:28 Finished transferring output files
...
005 (16828035.048.000) 09/22 18:05:28 Job terminated.
	(1) Normal termination (return value 0)
		Usr 0 00:06:24, Sys 0 00:00:17  -  Run Remote Usage
		Usr 0 00:00:00, Sys 0 00:00:00  -  Run Local Usage
		Usr 0 00:06:24, Sys 0 00:00:17  -  Total Remote Usage
		Usr 0 00:00:00, Sys 0 00:00:00  -  Total Local Usage
	10077  -  Run Bytes Sent By Job
	861  -  Run Bytes Received By Job
	10077  -  Total Bytes Sent By Job
	861  -  Total Bytes Received By Job
	Partitionable Resources :    Usage  Request Allocated 
	   Cpus                 :     0.92        1         1 
	   Disk (KB)            :    56           1      3789 
	   GPUs                 :                           0 
	   Memory (MB)          :   271        3000      3000 
	   TimeExecute (s)      :   445                       
	   TimeSlotBusy (s)     :   447                       
...
