000 (16827627.052.000) 09/22 16:20:04 Job submitted from host: <188.184.90.241:9618?addrs=188.184.90.241-9618+[2001-1458-201-e4--100-2eb]-9618&alias=bigbird15.cern.ch&noUDP&sock=schedd_3150_376a>
...
009 (16827627.052.000) 09/22 16:22:01 Job was aborted.
	via condor_rm (by user masegret)
...
000 (16827628.052.000) 09/22 16:22:11 Job submitted from host: <188.184.90.241:9618?addrs=188.184.90.241-9618+[2001-1458-201-e4--100-2eb]-9618&alias=bigbird15.cern.ch&noUDP&sock=schedd_3150_376a>
...
040 (16827628.052.000) 09/22 16:23:17 Started transferring input files
	Transferring to host: <188.185.238.45:9618?addrs=188.185.238.45-9618+[2001-1458-303-2a--100-9]-9618&alias=b9p33p5600.cern.ch&noUDP&sock=slot1_24_10685_4c8c_82869>
...
040 (16827628.052.000) 09/22 16:23:17 Finished transferring input files
...
001 (16827628.052.000) 09/22 16:23:18 Job executing on host: <188.185.238.45:9618?addrs=188.185.238.45-9618+[2001-1458-303-2a--100-9]-9618&alias=b9p33p5600.cern.ch&noUDP&sock=startd_10166_9be1>
	SlotName: slot1_24@b9p33p5600.cern.ch
	CondorScratchDir = "/pool/condor/dir_3229657"
	Cpus = 1
	Disk = 7024
	GPUs = 0
	Memory = 3000
...
006 (16827628.052.000) 09/22 16:23:27 Image size of job updated: 3852
	2  -  MemoryUsage of job (MB)
	1356  -  ResidentSetSize of job (KB)
...
006 (16827628.052.000) 09/22 16:28:28 Image size of job updated: 280480
	274  -  MemoryUsage of job (MB)
	280480  -  ResidentSetSize of job (KB)
...
006 (16827628.052.000) 09/22 16:32:16 Image size of job updated: 280488
	274  -  MemoryUsage of job (MB)
	280480  -  ResidentSetSize of job (KB)
...
040 (16827628.052.000) 09/22 16:32:16 Started transferring output files
...
040 (16827628.052.000) 09/22 16:32:16 Finished transferring output files
...
005 (16827628.052.000) 09/22 16:32:17 Job terminated.
	(1) Normal termination (return value 0)
		Usr 0 00:06:42, Sys 0 00:00:11  -  Run Remote Usage
		Usr 0 00:00:00, Sys 0 00:00:00  -  Run Local Usage
		Usr 0 00:06:42, Sys 0 00:00:11  -  Total Remote Usage
		Usr 0 00:00:00, Sys 0 00:00:00  -  Total Local Usage
	10836  -  Run Bytes Sent By Job
	861  -  Run Bytes Received By Job
	10836  -  Total Bytes Sent By Job
	861  -  Total Bytes Received By Job
	Partitionable Resources :    Usage  Request Allocated 
	   Cpus                 :        0        1         1 
	   Disk (KB)            :       41        1      7024 
	   GPUs                 :                           0 
	   Memory (MB)          :      274     3000      3000 
	   TimeExecute (s)      :      538                    
	   TimeSlotBusy (s)     :      540                    
...
000 (16828035.052.000) 09/22 17:37:18 Job submitted from host: <188.184.90.241:9618?addrs=188.184.90.241-9618+[2001-1458-201-e4--100-2eb]-9618&alias=bigbird15.cern.ch&noUDP&sock=schedd_3150_376a>
...
040 (16828035.052.000) 09/22 17:58:02 Started transferring input files
	Transferring to host: <188.185.215.165:9618?addrs=188.185.215.165-9618+[2001-1458-303-26--100-21]-9618&alias=b9p18p2099.cern.ch&noUDP&sock=slot1_7_4915_cfe1_82593>
...
040 (16828035.052.000) 09/22 17:58:03 Finished transferring input files
...
001 (16828035.052.000) 09/22 17:58:03 Job executing on host: <188.185.215.165:9618?addrs=188.185.215.165-9618+[2001-1458-303-26--100-21]-9618&alias=b9p18p2099.cern.ch&noUDP&sock=startd_4167_cb3b>
	SlotName: slot1_7@b9p18p2099.cern.ch
	CondorScratchDir = "/pool/condor/dir_798905"
	Cpus = 1
	Disk = 3826
	GPUs = 0
	Memory = 3000
...
006 (16828035.052.000) 09/22 17:58:12 Image size of job updated: 11312
	12  -  MemoryUsage of job (MB)
	11312  -  ResidentSetSize of job (KB)
...
006 (16828035.052.000) 09/22 18:03:13 Image size of job updated: 278468
	272  -  MemoryUsage of job (MB)
	278468  -  ResidentSetSize of job (KB)
...
006 (16828035.052.000) 09/22 18:06:29 Image size of job updated: 278476
	272  -  MemoryUsage of job (MB)
	278468  -  ResidentSetSize of job (KB)
...
040 (16828035.052.000) 09/22 18:06:29 Started transferring output files
...
040 (16828035.052.000) 09/22 18:06:29 Finished transferring output files
...
005 (16828035.052.000) 09/22 18:06:30 Job terminated.
	(1) Normal termination (return value 0)
		Usr 0 00:06:18, Sys 0 00:00:15  -  Run Remote Usage
		Usr 0 00:00:00, Sys 0 00:00:00  -  Run Local Usage
		Usr 0 00:06:18, Sys 0 00:00:15  -  Total Remote Usage
		Usr 0 00:00:00, Sys 0 00:00:00  -  Total Local Usage
	11267  -  Run Bytes Sent By Job
	861  -  Run Bytes Received By Job
	11267  -  Total Bytes Sent By Job
	861  -  Total Bytes Received By Job
	Partitionable Resources :    Usage  Request Allocated 
	   Cpus                 :        0        1         1 
	   Disk (KB)            :       42        1      3826 
	   GPUs                 :                           0 
	   Memory (MB)          :      272     3000      3000 
	   TimeExecute (s)      :      506                    
	   TimeSlotBusy (s)     :      508                    
...
