000 (16827627.051.000) 09/22 16:20:04 Job submitted from host: <188.184.90.241:9618?addrs=188.184.90.241-9618+[2001-1458-201-e4--100-2eb]-9618&alias=bigbird15.cern.ch&noUDP&sock=schedd_3150_376a>
...
009 (16827627.051.000) 09/22 16:22:01 Job was aborted.
	via condor_rm (by user masegret)
...
000 (16827628.051.000) 09/22 16:22:11 Job submitted from host: <188.184.90.241:9618?addrs=188.184.90.241-9618+[2001-1458-201-e4--100-2eb]-9618&alias=bigbird15.cern.ch&noUDP&sock=schedd_3150_376a>
...
040 (16827628.051.000) 09/22 16:23:14 Started transferring input files
	Transferring to host: <188.185.203.194:9618?addrs=188.185.203.194-9618+[2001-1458-303-6--100-3f]-9618&alias=b9p34p0002.cern.ch&noUDP&sock=slot1_20_4764_6b3b_12179>
...
040 (16827628.051.000) 09/22 16:23:15 Finished transferring input files
...
001 (16827628.051.000) 09/22 16:23:16 Job executing on host: <188.185.203.194:9618?addrs=188.185.203.194-9618+[2001-1458-303-6--100-3f]-9618&alias=b9p34p0002.cern.ch&noUDP&sock=startd_4713_4df1>
	SlotName: slot1_20@b9p34p0002.cern.ch
	CondorScratchDir = "/pool/condor/dir_751145"
	Cpus = 1
	Disk = 6496
	GPUs = 0
	Memory = 3000
...
006 (16827628.051.000) 09/22 16:23:25 Image size of job updated: 280736
	275  -  MemoryUsage of job (MB)
	280736  -  ResidentSetSize of job (KB)
...
006 (16827628.051.000) 09/22 16:28:03 Image size of job updated: 281444
	275  -  MemoryUsage of job (MB)
	280736  -  ResidentSetSize of job (KB)
...
040 (16827628.051.000) 09/22 16:28:03 Started transferring output files
...
040 (16827628.051.000) 09/22 16:28:03 Finished transferring output files
...
005 (16827628.051.000) 09/22 16:28:03 Job terminated.
	(1) Normal termination (return value 0)
		Usr 0 00:04:01, Sys 0 00:00:06  -  Run Remote Usage
		Usr 0 00:00:00, Sys 0 00:00:00  -  Run Local Usage
		Usr 0 00:04:01, Sys 0 00:00:06  -  Total Remote Usage
		Usr 0 00:00:00, Sys 0 00:00:00  -  Total Local Usage
	10803  -  Run Bytes Sent By Job
	861  -  Run Bytes Received By Job
	10803  -  Total Bytes Sent By Job
	861  -  Total Bytes Received By Job
	Partitionable Resources :    Usage  Request Allocated 
	   Cpus                 :     0.86        1         1 
	   Disk (KB)            :    41           1      6496 
	   GPUs                 :                           0 
	   Memory (MB)          :   275        3000      3000 
	   TimeExecute (s)      :   288                       
	   TimeSlotBusy (s)     :   290                       
...
