000 (16827627.054.000) 09/22 16:20:04 Job submitted from host: <188.184.90.241:9618?addrs=188.184.90.241-9618+[2001-1458-201-e4--100-2eb]-9618&alias=bigbird15.cern.ch&noUDP&sock=schedd_3150_376a>
...
009 (16827627.054.000) 09/22 16:22:01 Job was aborted.
	via condor_rm (by user masegret)
...
000 (16827628.054.000) 09/22 16:22:11 Job submitted from host: <188.184.90.241:9618?addrs=188.184.90.241-9618+[2001-1458-201-e4--100-2eb]-9618&alias=bigbird15.cern.ch&noUDP&sock=schedd_3150_376a>
...
040 (16827628.054.000) 09/22 16:23:17 Started transferring input files
	Transferring to host: <188.185.205.185:9618?addrs=188.185.205.185-9618+[2001-1458-303-a--100-36]-9618&alias=b9p04p4088.cern.ch&noUDP&sock=slot1_8_7640_d230_69150>
...
040 (16827628.054.000) 09/22 16:23:17 Finished transferring input files
...
001 (16827628.054.000) 09/22 16:23:18 Job executing on host: <188.185.205.185:9618?addrs=188.185.205.185-9618+[2001-1458-303-a--100-36]-9618&alias=b9p04p4088.cern.ch&noUDP&sock=startd_6527_8ebd>
	SlotName: slot1_8@b9p04p4088.cern.ch
	CondorScratchDir = "/pool/condor/dir_3145257"
	Cpus = 1
	Disk = 3585
	GPUs = 0
	Memory = 3000
...
006 (16827628.054.000) 09/22 16:23:27 Image size of job updated: 2796
	2  -  MemoryUsage of job (MB)
	1052  -  ResidentSetSize of job (KB)
...
006 (16827628.054.000) 09/22 16:28:28 Image size of job updated: 280760
	275  -  MemoryUsage of job (MB)
	280760  -  ResidentSetSize of job (KB)
...
006 (16827628.054.000) 09/22 16:33:02 Image size of job updated: 280764
	275  -  MemoryUsage of job (MB)
	280760  -  ResidentSetSize of job (KB)
...
040 (16827628.054.000) 09/22 16:33:02 Started transferring output files
...
040 (16827628.054.000) 09/22 16:33:02 Finished transferring output files
...
005 (16827628.054.000) 09/22 16:33:02 Job terminated.
	(1) Normal termination (return value 0)
		Usr 0 00:08:20, Sys 0 00:00:15  -  Run Remote Usage
		Usr 0 00:00:00, Sys 0 00:00:00  -  Run Local Usage
		Usr 0 00:08:20, Sys 0 00:00:15  -  Total Remote Usage
		Usr 0 00:00:00, Sys 0 00:00:00  -  Total Local Usage
	10836  -  Run Bytes Sent By Job
	861  -  Run Bytes Received By Job
	10836  -  Total Bytes Sent By Job
	861  -  Total Bytes Received By Job
	Partitionable Resources :    Usage  Request Allocated 
	   Cpus                 :        0        1         1 
	   Disk (KB)            :       44        1      3585 
	   GPUs                 :                           0 
	   Memory (MB)          :      275     3000      3000 
	   TimeExecute (s)      :      584                    
	   TimeSlotBusy (s)     :      586                    
...
000 (16828035.054.000) 09/22 17:37:18 Job submitted from host: <188.184.90.241:9618?addrs=188.184.90.241-9618+[2001-1458-201-e4--100-2eb]-9618&alias=bigbird15.cern.ch&noUDP&sock=schedd_3150_376a>
...
040 (16828035.054.000) 09/22 17:58:02 Started transferring input files
	Transferring to host: <188.185.212.50:9618?addrs=188.185.212.50-9618+[2001-1458-303-18--100-2e]-9618&alias=b9p25p9624.cern.ch&noUDP&sock=slot1_14_3942_3ed9_73882>
...
040 (16828035.054.000) 09/22 17:58:03 Finished transferring input files
...
001 (16828035.054.000) 09/22 17:58:03 Job executing on host: <188.185.212.50:9618?addrs=188.185.212.50-9618+[2001-1458-303-18--100-2e]-9618&alias=b9p25p9624.cern.ch&noUDP&sock=startd_3695_0a88>
	SlotName: slot1_14@b9p25p9624.cern.ch
	CondorScratchDir = "/pool/condor/dir_3233577"
	Cpus = 1
	Disk = 3784
	GPUs = 0
	Memory = 3000
...
006 (16828035.054.000) 09/22 17:58:12 Image size of job updated: 3864
	4  -  MemoryUsage of job (MB)
	3864  -  ResidentSetSize of job (KB)
...
006 (16828035.054.000) 09/22 18:03:12 Image size of job updated: 279860
	274  -  MemoryUsage of job (MB)
	279860  -  ResidentSetSize of job (KB)
...
006 (16828035.054.000) 09/22 18:06:16 Image size of job updated: 279868
	274  -  MemoryUsage of job (MB)
	279860  -  ResidentSetSize of job (KB)
...
040 (16828035.054.000) 09/22 18:06:16 Started transferring output files
...
040 (16828035.054.000) 09/22 18:06:16 Finished transferring output files
...
005 (16828035.054.000) 09/22 18:06:17 Job terminated.
	(1) Normal termination (return value 0)
		Usr 0 00:06:49, Sys 0 00:00:16  -  Run Remote Usage
		Usr 0 00:00:00, Sys 0 00:00:00  -  Run Local Usage
		Usr 0 00:06:49, Sys 0 00:00:16  -  Total Remote Usage
		Usr 0 00:00:00, Sys 0 00:00:00  -  Total Local Usage
	10836  -  Run Bytes Sent By Job
	861  -  Run Bytes Received By Job
	10836  -  Total Bytes Sent By Job
	861  -  Total Bytes Received By Job
	Partitionable Resources :    Usage  Request Allocated 
	   Cpus                 :     0.86        1         1 
	   Disk (KB)            :    56           1      3784 
	   GPUs                 :                           0 
	   Memory (MB)          :   274        3000      3000 
	   TimeExecute (s)      :   493                       
	   TimeSlotBusy (s)     :   495                       
...
