000 (16827627.046.000) 09/22 16:20:04 Job submitted from host: <188.184.90.241:9618?addrs=188.184.90.241-9618+[2001-1458-201-e4--100-2eb]-9618&alias=bigbird15.cern.ch&noUDP&sock=schedd_3150_376a>
...
009 (16827627.046.000) 09/22 16:22:01 Job was aborted.
	via condor_rm (by user masegret)
...
000 (16827628.046.000) 09/22 16:22:11 Job submitted from host: <188.184.90.241:9618?addrs=188.184.90.241-9618+[2001-1458-201-e4--100-2eb]-9618&alias=bigbird15.cern.ch&noUDP&sock=schedd_3150_376a>
...
040 (16827628.046.000) 09/22 16:23:17 Started transferring input files
	Transferring to host: <128.142.192.137:9618?addrs=128.142.192.137-9618+[2001-1458-301-56--100-5]-9618&alias=b9g18p0056.cern.ch&noUDP&sock=slot1_7_6645_c0e7_88032>
...
040 (16827628.046.000) 09/22 16:23:17 Finished transferring input files
...
001 (16827628.046.000) 09/22 16:23:18 Job executing on host: <128.142.192.137:9618?addrs=128.142.192.137-9618+[2001-1458-301-56--100-5]-9618&alias=b9g18p0056.cern.ch&noUDP&sock=startd_5522_360f>
	SlotName: slot1_7@b9g18p0056.cern.ch
	CondorScratchDir = "/pool/condor/dir_1684324"
	Cpus = 1
	Disk = 3817
	GPUs = 0
	Memory = 3000
...
006 (16827628.046.000) 09/22 16:23:26 Image size of job updated: 6428
	7  -  MemoryUsage of job (MB)
	6428  -  ResidentSetSize of job (KB)
...
006 (16827628.046.000) 09/22 16:28:26 Image size of job updated: 280728
	275  -  MemoryUsage of job (MB)
	280728  -  ResidentSetSize of job (KB)
...
006 (16827628.046.000) 09/22 16:33:27 Image size of job updated: 280760
	275  -  MemoryUsage of job (MB)
	280760  -  ResidentSetSize of job (KB)
...
006 (16827628.046.000) 09/22 16:34:09 Image size of job updated: 290716
	275  -  MemoryUsage of job (MB)
	280760  -  ResidentSetSize of job (KB)
...
040 (16827628.046.000) 09/22 16:34:09 Started transferring output files
...
040 (16827628.046.000) 09/22 16:34:09 Finished transferring output files
...
005 (16827628.046.000) 09/22 16:34:10 Job terminated.
	(1) Normal termination (return value 0)
		Usr 0 00:08:39, Sys 0 00:00:19  -  Run Remote Usage
		Usr 0 00:00:00, Sys 0 00:00:00  -  Run Local Usage
		Usr 0 00:08:39, Sys 0 00:00:19  -  Total Remote Usage
		Usr 0 00:00:00, Sys 0 00:00:00  -  Total Local Usage
	10803  -  Run Bytes Sent By Job
	861  -  Run Bytes Received By Job
	10803  -  Total Bytes Sent By Job
	861  -  Total Bytes Received By Job
	Partitionable Resources :    Usage  Request Allocated 
	   Cpus                 :     0.86        1         1 
	   Disk (KB)            :    41           1      3817 
	   GPUs                 :                           0 
	   Memory (MB)          :   275        3000      3000 
	   TimeExecute (s)      :   651                       
	   TimeSlotBusy (s)     :   654                       
...
