000 (16827627.053.000) 09/22 16:20:04 Job submitted from host: <188.184.90.241:9618?addrs=188.184.90.241-9618+[2001-1458-201-e4--100-2eb]-9618&alias=bigbird15.cern.ch&noUDP&sock=schedd_3150_376a>
...
009 (16827627.053.000) 09/22 16:22:01 Job was aborted.
	via condor_rm (by user masegret)
...
000 (16827628.053.000) 09/22 16:22:11 Job submitted from host: <188.184.90.241:9618?addrs=188.184.90.241-9618+[2001-1458-201-e4--100-2eb]-9618&alias=bigbird15.cern.ch&noUDP&sock=schedd_3150_376a>
...
040 (16827628.053.000) 09/22 16:23:15 Started transferring input files
	Transferring to host: <188.185.204.231:9618?addrs=188.185.204.231-9618+[2001-1458-303-8--100-64]-9618&alias=b9p02p9489.cern.ch&noUDP&sock=slot1_21_5580_5d5c_72987>
...
040 (16827628.053.000) 09/22 16:23:15 Finished transferring input files
...
001 (16827628.053.000) 09/22 16:23:16 Job executing on host: <188.185.204.231:9618?addrs=188.185.204.231-9618+[2001-1458-303-8--100-64]-9618&alias=b9p02p9489.cern.ch&noUDP&sock=startd_4663_0235>
	SlotName: slot1_21@b9p02p9489.cern.ch
	CondorScratchDir = "/pool/condor/dir_722361"
	Cpus = 1
	Disk = 3809
	GPUs = 0
	Memory = 3000
...
006 (16827628.053.000) 09/22 16:23:25 Image size of job updated: 11408
	12  -  MemoryUsage of job (MB)
	11408  -  ResidentSetSize of job (KB)
...
006 (16827628.053.000) 09/22 16:28:26 Image size of job updated: 280804
	275  -  MemoryUsage of job (MB)
	280804  -  ResidentSetSize of job (KB)
...
006 (16827628.053.000) 09/22 16:29:23 Image size of job updated: 280812
	275  -  MemoryUsage of job (MB)
	280804  -  ResidentSetSize of job (KB)
...
040 (16827628.053.000) 09/22 16:29:23 Started transferring output files
...
040 (16827628.053.000) 09/22 16:29:23 Finished transferring output files
...
005 (16827628.053.000) 09/22 16:29:24 Job terminated.
	(1) Normal termination (return value 0)
		Usr 0 00:05:16, Sys 0 00:00:14  -  Run Remote Usage
		Usr 0 00:00:00, Sys 0 00:00:00  -  Run Local Usage
		Usr 0 00:05:16, Sys 0 00:00:14  -  Total Remote Usage
		Usr 0 00:00:00, Sys 0 00:00:00  -  Total Local Usage
	10836  -  Run Bytes Sent By Job
	861  -  Run Bytes Received By Job
	10836  -  Total Bytes Sent By Job
	861  -  Total Bytes Received By Job
	Partitionable Resources :    Usage  Request Allocated 
	   Cpus                 :     0.91        1         1 
	   Disk (KB)            :    42           1      3809 
	   GPUs                 :                           0 
	   Memory (MB)          :   275        3000      3000 
	   TimeExecute (s)      :   367                       
	   TimeSlotBusy (s)     :   369                       
...
000 (16828035.053.000) 09/22 17:37:18 Job submitted from host: <188.184.90.241:9618?addrs=188.184.90.241-9618+[2001-1458-201-e4--100-2eb]-9618&alias=bigbird15.cern.ch&noUDP&sock=schedd_3150_376a>
...
040 (16828035.053.000) 09/22 17:58:04 Started transferring input files
	Transferring to host: <188.185.212.35:9618?addrs=188.185.212.35-9618+[2001-1458-303-18--100-1f]-9618&alias=b9p25p9985.cern.ch&noUDP&sock=slot1_2_4385_610b_77206>
...
040 (16828035.053.000) 09/22 17:58:04 Finished transferring input files
...
001 (16828035.053.000) 09/22 17:58:05 Job executing on host: <188.185.212.35:9618?addrs=188.185.212.35-9618+[2001-1458-303-18--100-1f]-9618&alias=b9p25p9985.cern.ch&noUDP&sock=startd_3730_0c58>
	SlotName: slot1_2@b9p25p9985.cern.ch
	CondorScratchDir = "/pool/condor/dir_2426322"
	Cpus = 1
	Disk = 3891
	GPUs = 0
	Memory = 3000
...
006 (16828035.053.000) 09/22 17:58:13 Image size of job updated: 3820
	2  -  MemoryUsage of job (MB)
	1132  -  ResidentSetSize of job (KB)
...
006 (16828035.053.000) 09/22 18:03:13 Image size of job updated: 281080
	275  -  MemoryUsage of job (MB)
	281080  -  ResidentSetSize of job (KB)
...
006 (16828035.053.000) 09/22 18:06:14 Image size of job updated: 281092
	275  -  MemoryUsage of job (MB)
	281080  -  ResidentSetSize of job (KB)
...
040 (16828035.053.000) 09/22 18:06:14 Started transferring output files
...
040 (16828035.053.000) 09/22 18:06:14 Finished transferring output files
...
005 (16828035.053.000) 09/22 18:06:15 Job terminated.
	(1) Normal termination (return value 0)
		Usr 0 00:07:10, Sys 0 00:00:18  -  Run Remote Usage
		Usr 0 00:00:00, Sys 0 00:00:00  -  Run Local Usage
		Usr 0 00:07:10, Sys 0 00:00:18  -  Total Remote Usage
		Usr 0 00:00:00, Sys 0 00:00:00  -  Total Local Usage
	10836  -  Run Bytes Sent By Job
	861  -  Run Bytes Received By Job
	10836  -  Total Bytes Sent By Job
	861  -  Total Bytes Received By Job
	Partitionable Resources :    Usage  Request Allocated 
	   Cpus                 :     0.15        1         1 
	   Disk (KB)            :    56           1      3891 
	   GPUs                 :                           0 
	   Memory (MB)          :   275        3000      3000 
	   TimeExecute (s)      :   489                       
	   TimeSlotBusy (s)     :   492                       
...
