000 (16827627.055.000) 09/22 16:20:04 Job submitted from host: <188.184.90.241:9618?addrs=188.184.90.241-9618+[2001-1458-201-e4--100-2eb]-9618&alias=bigbird15.cern.ch&noUDP&sock=schedd_3150_376a>
...
009 (16827627.055.000) 09/22 16:22:01 Job was aborted.
	via condor_rm (by user masegret)
...
000 (16827628.055.000) 09/22 16:22:11 Job submitted from host: <188.184.90.241:9618?addrs=188.184.90.241-9618+[2001-1458-201-e4--100-2eb]-9618&alias=bigbird15.cern.ch&noUDP&sock=schedd_3150_376a>
...
040 (16827628.055.000) 09/22 16:23:17 Started transferring input files
	Transferring to host: <188.185.209.202:9618?addrs=188.185.209.202-9618+[2001-1458-303-12--100-47]-9618&alias=b9p12p9960.cern.ch&noUDP&sock=slot1_19_4021_e87d_70889>
...
040 (16827628.055.000) 09/22 16:23:17 Finished transferring input files
...
001 (16827628.055.000) 09/22 16:23:18 Job executing on host: <188.185.209.202:9618?addrs=188.185.209.202-9618+[2001-1458-303-12--100-47]-9618&alias=b9p12p9960.cern.ch&noUDP&sock=startd_3612_1c2b>
	SlotName: slot1_19@b9p12p9960.cern.ch
	CondorScratchDir = "/pool/condor/dir_2052688"
	Cpus = 1
	Disk = 3337
	GPUs = 0
	Memory = 3000
...
006 (16827628.055.000) 09/22 16:23:27 Image size of job updated: 2588
	1  -  MemoryUsage of job (MB)
	848  -  ResidentSetSize of job (KB)
...
006 (16827628.055.000) 09/22 16:28:27 Image size of job updated: 279980
	274  -  MemoryUsage of job (MB)
	279980  -  ResidentSetSize of job (KB)
...
006 (16827628.055.000) 09/22 16:33:27 Image size of job updated: 280000
	274  -  MemoryUsage of job (MB)
	280000  -  ResidentSetSize of job (KB)
...
006 (16827628.055.000) 09/22 16:35:41 Image size of job updated: 280640
	274  -  MemoryUsage of job (MB)
	280000  -  ResidentSetSize of job (KB)
...
040 (16827628.055.000) 09/22 16:35:41 Started transferring output files
...
040 (16827628.055.000) 09/22 16:35:41 Finished transferring output files
...
005 (16827628.055.000) 09/22 16:35:41 Job terminated.
	(1) Normal termination (return value 0)
		Usr 0 00:08:11, Sys 0 00:00:11  -  Run Remote Usage
		Usr 0 00:00:00, Sys 0 00:00:00  -  Run Local Usage
		Usr 0 00:08:11, Sys 0 00:00:11  -  Total Remote Usage
		Usr 0 00:00:00, Sys 0 00:00:00  -  Total Local Usage
	10803  -  Run Bytes Sent By Job
	861  -  Run Bytes Received By Job
	10803  -  Total Bytes Sent By Job
	861  -  Total Bytes Received By Job
	Partitionable Resources :    Usage  Request Allocated 
	   Cpus                 :     0.79        1         1 
	   Disk (KB)            :    46           1      3337 
	   GPUs                 :                           0 
	   Memory (MB)          :   274        3000      3000 
	   TimeExecute (s)      :   743                       
	   TimeSlotBusy (s)     :   745                       
...
