000 (16827627.045.000) 09/22 16:20:04 Job submitted from host: <188.184.90.241:9618?addrs=188.184.90.241-9618+[2001-1458-201-e4--100-2eb]-9618&alias=bigbird15.cern.ch&noUDP&sock=schedd_3150_376a>
...
009 (16827627.045.000) 09/22 16:22:01 Job was aborted.
	via condor_rm (by user masegret)
...
000 (16827628.045.000) 09/22 16:22:11 Job submitted from host: <188.184.90.241:9618?addrs=188.184.90.241-9618+[2001-1458-201-e4--100-2eb]-9618&alias=bigbird15.cern.ch&noUDP&sock=schedd_3150_376a>
...
040 (16827628.045.000) 09/22 16:23:17 Started transferring input files
	Transferring to host: <128.142.192.181:9618?addrs=128.142.192.181-9618+[2001-1458-301-56--100-31]-9618&alias=b9g18p8042.cern.ch&noUDP&sock=slot1_6_7439_32c8_68962>
...
040 (16827628.045.000) 09/22 16:23:17 Finished transferring input files
...
001 (16827628.045.000) 09/22 16:23:18 Job executing on host: <128.142.192.181:9618?addrs=128.142.192.181-9618+[2001-1458-301-56--100-31]-9618&alias=b9g18p8042.cern.ch&noUDP&sock=startd_6555_c364>
	SlotName: slot1_6@b9g18p8042.cern.ch
	CondorScratchDir = "/pool/condor/dir_2328238"
	Cpus = 1
	Disk = 3806
	GPUs = 0
	Memory = 3000
...
006 (16827628.045.000) 09/22 16:23:26 Image size of job updated: 3852
	4  -  MemoryUsage of job (MB)
	3852  -  ResidentSetSize of job (KB)
...
006 (16827628.045.000) 09/22 16:27:44 Image size of job updated: 289244
	4  -  MemoryUsage of job (MB)
	3852  -  ResidentSetSize of job (KB)
...
040 (16827628.045.000) 09/22 16:27:44 Started transferring output files
...
040 (16827628.045.000) 09/22 16:27:44 Finished transferring output files
...
005 (16827628.045.000) 09/22 16:27:44 Job terminated.
	(1) Normal termination (return value 0)
		Usr 0 00:03:57, Sys 0 00:00:09  -  Run Remote Usage
		Usr 0 00:00:00, Sys 0 00:00:00  -  Run Local Usage
		Usr 0 00:03:57, Sys 0 00:00:09  -  Total Remote Usage
		Usr 0 00:00:00, Sys 0 00:00:00  -  Total Local Usage
	8724  -  Run Bytes Sent By Job
	860  -  Run Bytes Received By Job
	8724  -  Total Bytes Sent By Job
	860  -  Total Bytes Received By Job
	Partitionable Resources :    Usage  Request Allocated 
	   Cpus                 :        0        1         1 
	   Disk (KB)            :       56        1      3806 
	   GPUs                 :                           0 
	   Memory (MB)          :        4     3000      3000 
	   TimeExecute (s)      :      266                    
	   TimeSlotBusy (s)     :      269                    
...
