000 (16827627.050.000) 09/22 16:20:04 Job submitted from host: <188.184.90.241:9618?addrs=188.184.90.241-9618+[2001-1458-201-e4--100-2eb]-9618&alias=bigbird15.cern.ch&noUDP&sock=schedd_3150_376a>
...
009 (16827627.050.000) 09/22 16:22:01 Job was aborted.
	via condor_rm (by user masegret)
...
000 (16827628.050.000) 09/22 16:22:11 Job submitted from host: <188.184.90.241:9618?addrs=188.184.90.241-9618+[2001-1458-201-e4--100-2eb]-9618&alias=bigbird15.cern.ch&noUDP&sock=schedd_3150_376a>
...
040 (16827628.050.000) 09/22 16:23:17 Started transferring input files
	Transferring to host: <188.185.205.160:9618?addrs=188.185.205.160-9618+[2001-1458-303-a--100-1d]-9618&alias=b9p04p3711.cern.ch&noUDP&sock=slot1_17_6886_8f51_75764>
...
040 (16827628.050.000) 09/22 16:23:17 Finished transferring input files
...
001 (16827628.050.000) 09/22 16:23:18 Job executing on host: <188.185.205.160:9618?addrs=188.185.205.160-9618+[2001-1458-303-a--100-1d]-9618&alias=b9p04p3711.cern.ch&noUDP&sock=startd_5876_0696>
	SlotName: slot1_17@b9p04p3711.cern.ch
	CondorScratchDir = "/pool/condor/dir_4172580"
	Cpus = 1
	Disk = 3470
	GPUs = 0
	Memory = 3000
...
006 (16827628.050.000) 09/22 16:23:27 Image size of job updated: 10612
	2  -  MemoryUsage of job (MB)
	1360  -  ResidentSetSize of job (KB)
...
006 (16827628.050.000) 09/22 16:28:28 Image size of job updated: 279528
	273  -  MemoryUsage of job (MB)
	279528  -  ResidentSetSize of job (KB)
...
006 (16827628.050.000) 09/22 16:32:30 Image size of job updated: 286112
	273  -  MemoryUsage of job (MB)
	279528  -  ResidentSetSize of job (KB)
...
040 (16827628.050.000) 09/22 16:32:30 Started transferring output files
...
040 (16827628.050.000) 09/22 16:32:30 Finished transferring output files
...
005 (16827628.050.000) 09/22 16:32:31 Job terminated.
	(1) Normal termination (return value 0)
		Usr 0 00:07:20, Sys 0 00:00:15  -  Run Remote Usage
		Usr 0 00:00:00, Sys 0 00:00:00  -  Run Local Usage
		Usr 0 00:07:20, Sys 0 00:00:15  -  Total Remote Usage
		Usr 0 00:00:00, Sys 0 00:00:00  -  Total Local Usage
	10803  -  Run Bytes Sent By Job
	861  -  Run Bytes Received By Job
	10803  -  Total Bytes Sent By Job
	861  -  Total Bytes Received By Job
	Partitionable Resources :    Usage  Request Allocated 
	   Cpus                 :     0.82        1         1 
	   Disk (KB)            :    42           1      3470 
	   GPUs                 :                           0 
	   Memory (MB)          :   273        3000      3000 
	   TimeExecute (s)      :   552                       
	   TimeSlotBusy (s)     :   554                       
...
