000 (16827627.057.000) 09/22 16:20:04 Job submitted from host: <188.184.90.241:9618?addrs=188.184.90.241-9618+[2001-1458-201-e4--100-2eb]-9618&alias=bigbird15.cern.ch&noUDP&sock=schedd_3150_376a>
...
009 (16827627.057.000) 09/22 16:22:01 Job was aborted.
	via condor_rm (by user masegret)
...
000 (16827628.057.000) 09/22 16:22:11 Job submitted from host: <188.184.90.241:9618?addrs=188.184.90.241-9618+[2001-1458-201-e4--100-2eb]-9618&alias=bigbird15.cern.ch&noUDP&sock=schedd_3150_376a>
...
040 (16827628.057.000) 09/22 16:23:18 Started transferring input files
	Transferring to host: <188.185.213.94:9618?addrs=188.185.213.94-9618+[2001-1458-303-1a--100-5a]-9618&alias=b9p27p3664.cern.ch&noUDP&sock=slot1_5_8048_4b40_72029>
...
040 (16827628.057.000) 09/22 16:23:18 Finished transferring input files
...
001 (16827628.057.000) 09/22 16:23:19 Job executing on host: <188.185.213.94:9618?addrs=188.185.213.94-9618+[2001-1458-303-1a--100-5a]-9618&alias=b9p27p3664.cern.ch&noUDP&sock=startd_7413_47a6>
	SlotName: slot1_5@b9p27p3664.cern.ch
	CondorScratchDir = "/pool/condor/dir_1018197"
	Cpus = 1
	Disk = 3781
	GPUs = 0
	Memory = 3000
...
006 (16827628.057.000) 09/22 16:23:27 Image size of job updated: 2272
	2  -  MemoryUsage of job (MB)
	1572  -  ResidentSetSize of job (KB)
...
006 (16827628.057.000) 09/22 16:28:27 Image size of job updated: 280568
	274  -  MemoryUsage of job (MB)
	280568  -  ResidentSetSize of job (KB)
...
006 (16827628.057.000) 09/22 16:33:28 Image size of job updated: 280584
	275  -  MemoryUsage of job (MB)
	280584  -  ResidentSetSize of job (KB)
...
006 (16827628.057.000) 09/22 16:34:16 Image size of job updated: 289024
	275  -  MemoryUsage of job (MB)
	280584  -  ResidentSetSize of job (KB)
...
040 (16827628.057.000) 09/22 16:34:16 Started transferring output files
...
040 (16827628.057.000) 09/22 16:34:16 Finished transferring output files
...
005 (16827628.057.000) 09/22 16:34:16 Job terminated.
	(1) Normal termination (return value 0)
		Usr 0 00:06:53, Sys 0 00:00:17  -  Run Remote Usage
		Usr 0 00:00:00, Sys 0 00:00:00  -  Run Local Usage
		Usr 0 00:06:53, Sys 0 00:00:17  -  Total Remote Usage
		Usr 0 00:00:00, Sys 0 00:00:00  -  Total Local Usage
	10803  -  Run Bytes Sent By Job
	861  -  Run Bytes Received By Job
	10803  -  Total Bytes Sent By Job
	861  -  Total Bytes Received By Job
	Partitionable Resources :    Usage  Request Allocated 
	   Cpus                 :     0.66        1         1 
	   Disk (KB)            :    57           1      3781 
	   GPUs                 :                           0 
	   Memory (MB)          :   275        3000      3000 
	   TimeExecute (s)      :   657                       
	   TimeSlotBusy (s)     :   659                       
...
