000 (16827627.058.000) 09/22 16:20:04 Job submitted from host: <188.184.90.241:9618?addrs=188.184.90.241-9618+[2001-1458-201-e4--100-2eb]-9618&alias=bigbird15.cern.ch&noUDP&sock=schedd_3150_376a>
...
009 (16827627.058.000) 09/22 16:22:01 Job was aborted.
	via condor_rm (by user masegret)
...
000 (16827628.058.000) 09/22 16:22:11 Job submitted from host: <188.184.90.241:9618?addrs=188.184.90.241-9618+[2001-1458-201-e4--100-2eb]-9618&alias=bigbird15.cern.ch&noUDP&sock=schedd_3150_376a>
...
040 (16827628.058.000) 09/22 16:23:17 Started transferring input files
	Transferring to host: <188.185.214.87:9618?addrs=188.185.214.87-9618+[2001-1458-303-1c--100-53]-9618&alias=b9p29p4639.cern.ch&noUDP&sock=slot1_9_4022_9cdd_89344>
...
040 (16827628.058.000) 09/22 16:23:17 Finished transferring input files
...
001 (16827628.058.000) 09/22 16:23:18 Job executing on host: <188.185.214.87:9618?addrs=188.185.214.87-9618+[2001-1458-303-1c--100-53]-9618&alias=b9p29p4639.cern.ch&noUDP&sock=startd_3759_f097>
	SlotName: slot1_9@b9p29p4639.cern.ch
	CondorScratchDir = "/pool/condor/dir_3357768"
	Cpus = 1
	Disk = 3737
	GPUs = 0
	Memory = 3000
...
006 (16827628.058.000) 09/22 16:23:27 Image size of job updated: 131604
	129  -  MemoryUsage of job (MB)
	131604  -  ResidentSetSize of job (KB)
...
006 (16827628.058.000) 09/22 16:28:28 Image size of job updated: 281320
	275  -  MemoryUsage of job (MB)
	281320  -  ResidentSetSize of job (KB)
...
006 (16827628.058.000) 09/22 16:30:28 Image size of job updated: 281324
	275  -  MemoryUsage of job (MB)
	281320  -  ResidentSetSize of job (KB)
...
040 (16827628.058.000) 09/22 16:30:28 Started transferring output files
...
040 (16827628.058.000) 09/22 16:30:28 Finished transferring output files
...
005 (16827628.058.000) 09/22 16:30:28 Job terminated.
	(1) Normal termination (return value 0)
		Usr 0 00:06:21, Sys 0 00:00:15  -  Run Remote Usage
		Usr 0 00:00:00, Sys 0 00:00:00  -  Run Local Usage
		Usr 0 00:06:21, Sys 0 00:00:15  -  Total Remote Usage
		Usr 0 00:00:00, Sys 0 00:00:00  -  Total Local Usage
	10803  -  Run Bytes Sent By Job
	861  -  Run Bytes Received By Job
	10803  -  Total Bytes Sent By Job
	861  -  Total Bytes Received By Job
	Partitionable Resources :    Usage  Request Allocated 
	   Cpus                 :     0.93        1         1 
	   Disk (KB)            :    41           1      3737 
	   GPUs                 :                           0 
	   Memory (MB)          :   275        3000      3000 
	   TimeExecute (s)      :   430                       
	   TimeSlotBusy (s)     :   431                       
...
000 (16828035.058.000) 09/22 17:37:18 Job submitted from host: <188.184.90.241:9618?addrs=188.184.90.241-9618+[2001-1458-201-e4--100-2eb]-9618&alias=bigbird15.cern.ch&noUDP&sock=schedd_3150_376a>
...
040 (16828035.058.000) 09/22 17:58:03 Started transferring input files
	Transferring to host: <188.185.212.36:9618?addrs=188.185.212.36-9618+[2001-1458-303-18--100-20]-9618&alias=b9p25p2630.cern.ch&noUDP&sock=slot1_5_7869_2c19_74037>
...
040 (16828035.058.000) 09/22 17:58:03 Finished transferring input files
...
001 (16828035.058.000) 09/22 17:58:04 Job executing on host: <188.185.212.36:9618?addrs=188.185.212.36-9618+[2001-1458-303-18--100-20]-9618&alias=b9p25p2630.cern.ch&noUDP&sock=startd_7389_d160>
	SlotName: slot1_5@b9p25p2630.cern.ch
	CondorScratchDir = "/pool/condor/dir_2348015"
	Cpus = 1
	Disk = 3831
	GPUs = 0
	Memory = 3000
...
006 (16828035.058.000) 09/22 17:58:12 Image size of job updated: 3844
	4  -  MemoryUsage of job (MB)
	3844  -  ResidentSetSize of job (KB)
...
006 (16828035.058.000) 09/22 18:03:12 Image size of job updated: 280048
	274  -  MemoryUsage of job (MB)
	280048  -  ResidentSetSize of job (KB)
...
006 (16828035.058.000) 09/22 18:08:13 Image size of job updated: 280100
	274  -  MemoryUsage of job (MB)
	280100  -  ResidentSetSize of job (KB)
...
006 (16828035.058.000) 09/22 18:11:21 Image size of job updated: 288836
	274  -  MemoryUsage of job (MB)
	280100  -  ResidentSetSize of job (KB)
...
040 (16828035.058.000) 09/22 18:11:22 Started transferring output files
...
040 (16828035.058.000) 09/22 18:11:22 Finished transferring output files
...
005 (16828035.058.000) 09/22 18:11:22 Job terminated.
	(1) Normal termination (return value 0)
		Usr 0 00:12:00, Sys 0 00:00:23  -  Run Remote Usage
		Usr 0 00:00:00, Sys 0 00:00:00  -  Run Local Usage
		Usr 0 00:12:00, Sys 0 00:00:23  -  Total Remote Usage
		Usr 0 00:00:00, Sys 0 00:00:00  -  Total Local Usage
	10803  -  Run Bytes Sent By Job
	861  -  Run Bytes Received By Job
	10803  -  Total Bytes Sent By Job
	861  -  Total Bytes Received By Job
	Partitionable Resources :    Usage  Request Allocated 
	   Cpus                 :     0.95        1         1 
	   Disk (KB)            :    56           1      3831 
	   GPUs                 :                           0 
	   Memory (MB)          :   274        3000      3000 
	   TimeExecute (s)      :   797                       
	   TimeSlotBusy (s)     :   801                       
...
