000 (16827627.065.000) 09/22 16:20:04 Job submitted from host: <188.184.90.241:9618?addrs=188.184.90.241-9618+[2001-1458-201-e4--100-2eb]-9618&alias=bigbird15.cern.ch&noUDP&sock=schedd_3150_376a>
...
009 (16827627.065.000) 09/22 16:22:01 Job was aborted.
	via condor_rm (by user masegret)
...
000 (16827628.065.000) 09/22 16:22:11 Job submitted from host: <188.184.90.241:9618?addrs=188.184.90.241-9618+[2001-1458-201-e4--100-2eb]-9618&alias=bigbird15.cern.ch&noUDP&sock=schedd_3150_376a>
...
040 (16827628.065.000) 09/22 16:23:18 Started transferring input files
	Transferring to host: <188.185.211.187:9618?addrs=188.185.211.187-9618+[2001-1458-303-17--100-37]-9618&alias=b9p24p5995.cern.ch&noUDP&sock=slot1_16_6097_a351_71171>
...
040 (16827628.065.000) 09/22 16:23:18 Finished transferring input files
...
001 (16827628.065.000) 09/22 16:23:19 Job executing on host: <188.185.211.187:9618?addrs=188.185.211.187-9618+[2001-1458-303-17--100-37]-9618&alias=b9p24p5995.cern.ch&noUDP&sock=startd_5272_bb62>
	SlotName: slot1_16@b9p24p5995.cern.ch
	CondorScratchDir = "/pool/condor/dir_2510030"
	Cpus = 1
	Disk = 3721
	GPUs = 0
	Memory = 3000
...
006 (16827628.065.000) 09/22 16:23:28 Image size of job updated: 2604
	2  -  MemoryUsage of job (MB)
	1056  -  ResidentSetSize of job (KB)
...
006 (16827628.065.000) 09/22 16:23:58 Image size of job updated: 336176
	2  -  MemoryUsage of job (MB)
	1056  -  ResidentSetSize of job (KB)
...
040 (16827628.065.000) 09/22 16:23:58 Started transferring output files
...
040 (16827628.065.000) 09/22 16:23:58 Finished transferring output files
...
005 (16827628.065.000) 09/22 16:23:58 Job terminated.
	(1) Normal termination (return value 0)
		Usr 0 00:00:24, Sys 0 00:00:07  -  Run Remote Usage
		Usr 0 00:00:00, Sys 0 00:00:00  -  Run Local Usage
		Usr 0 00:00:24, Sys 0 00:00:07  -  Total Remote Usage
		Usr 0 00:00:00, Sys 0 00:00:00  -  Total Local Usage
	7805  -  Run Bytes Sent By Job
	887  -  Run Bytes Received By Job
	7805  -  Total Bytes Sent By Job
	887  -  Total Bytes Received By Job
	Partitionable Resources :    Usage  Request Allocated 
	   Cpus                 :        0        1         1 
	   Disk (KB)            :       39        1      3721 
	   GPUs                 :                           0 
	   Memory (MB)          :        2     3000      3000 
	   TimeExecute (s)      :       39                    
	   TimeSlotBusy (s)     :       41                    
...
