000 (16827627.064.000) 09/22 16:20:04 Job submitted from host: <188.184.90.241:9618?addrs=188.184.90.241-9618+[2001-1458-201-e4--100-2eb]-9618&alias=bigbird15.cern.ch&noUDP&sock=schedd_3150_376a>
...
009 (16827627.064.000) 09/22 16:22:01 Job was aborted.
	via condor_rm (by user masegret)
...
000 (16827628.064.000) 09/22 16:22:11 Job submitted from host: <188.184.90.241:9618?addrs=188.184.90.241-9618+[2001-1458-201-e4--100-2eb]-9618&alias=bigbird15.cern.ch&noUDP&sock=schedd_3150_376a>
...
040 (16827628.064.000) 09/22 16:23:18 Started transferring input files
	Transferring to host: <188.185.213.148:9618?addrs=188.185.213.148-9618+[2001-1458-303-1b--100-10]-9618&alias=b9p28p0002.cern.ch&noUDP&sock=slot1_8_5797_42c5_91825>
...
040 (16827628.064.000) 09/22 16:23:18 Finished transferring input files
...
001 (16827628.064.000) 09/22 16:23:19 Job executing on host: <188.185.213.148:9618?addrs=188.185.213.148-9618+[2001-1458-303-1b--100-10]-9618&alias=b9p28p0002.cern.ch&noUDP&sock=startd_4835_fc7f>
	SlotName: slot1_8@b9p28p0002.cern.ch
	CondorScratchDir = "/pool/condor/dir_1985655"
	Cpus = 1
	Disk = 3735
	GPUs = 0
	Memory = 3000
...
006 (16827628.064.000) 09/22 16:23:28 Image size of job updated: 4152
	5  -  MemoryUsage of job (MB)
	4152  -  ResidentSetSize of job (KB)
...
006 (16827628.064.000) 09/22 16:26:11 Image size of job updated: 289580
	5  -  MemoryUsage of job (MB)
	4152  -  ResidentSetSize of job (KB)
...
040 (16827628.064.000) 09/22 16:26:11 Started transferring output files
...
040 (16827628.064.000) 09/22 16:26:11 Finished transferring output files
...
005 (16827628.064.000) 09/22 16:26:11 Job terminated.
	(1) Normal termination (return value 0)
		Usr 0 00:02:19, Sys 0 00:00:09  -  Run Remote Usage
		Usr 0 00:00:00, Sys 0 00:00:00  -  Run Local Usage
		Usr 0 00:02:19, Sys 0 00:00:09  -  Total Remote Usage
		Usr 0 00:00:00, Sys 0 00:00:00  -  Total Local Usage
	8658  -  Run Bytes Sent By Job
	861  -  Run Bytes Received By Job
	8658  -  Total Bytes Sent By Job
	861  -  Total Bytes Received By Job
	Partitionable Resources :    Usage  Request Allocated 
	   Cpus                 :        0        1         1 
	   Disk (KB)            :       39        1      3735 
	   GPUs                 :                           0 
	   Memory (MB)          :        5     3000      3000 
	   TimeExecute (s)      :      172                    
	   TimeSlotBusy (s)     :      174                    
...
000 (16828035.064.000) 09/22 17:37:18 Job submitted from host: <188.184.90.241:9618?addrs=188.184.90.241-9618+[2001-1458-201-e4--100-2eb]-9618&alias=bigbird15.cern.ch&noUDP&sock=schedd_3150_376a>
...
040 (16828035.064.000) 09/22 17:58:03 Started transferring input files
	Transferring to host: <188.185.206.155:9618?addrs=188.185.206.155-9618+[2001-1458-303-c--100-18]-9618&alias=b9p06p0477.cern.ch&noUDP&sock=slot1_11_9450_2139_65382>
...
040 (16828035.064.000) 09/22 17:58:03 Finished transferring input files
...
001 (16828035.064.000) 09/22 17:58:04 Job executing on host: <188.185.206.155:9618?addrs=188.185.206.155-9618+[2001-1458-303-c--100-18]-9618&alias=b9p06p0477.cern.ch&noUDP&sock=startd_8173_93a0>
	SlotName: slot1_11@b9p06p0477.cern.ch
	CondorScratchDir = "/pool/condor/dir_2233596"
	Cpus = 1
	Disk = 3633
	GPUs = 0
	Memory = 3000
...
006 (16828035.064.000) 09/22 17:58:13 Image size of job updated: 2636
	3  -  MemoryUsage of job (MB)
	2636  -  ResidentSetSize of job (KB)
...
006 (16828035.064.000) 09/22 18:01:28 Image size of job updated: 279064
	3  -  MemoryUsage of job (MB)
	2636  -  ResidentSetSize of job (KB)
...
040 (16828035.064.000) 09/22 18:01:28 Started transferring output files
...
040 (16828035.064.000) 09/22 18:01:29 Finished transferring output files
...
005 (16828035.064.000) 09/22 18:01:31 Job terminated.
	(1) Normal termination (return value 0)
		Usr 0 00:02:39, Sys 0 00:00:10  -  Run Remote Usage
		Usr 0 00:00:00, Sys 0 00:00:00  -  Run Local Usage
		Usr 0 00:02:39, Sys 0 00:00:10  -  Total Remote Usage
		Usr 0 00:00:00, Sys 0 00:00:00  -  Total Local Usage
	8658  -  Run Bytes Sent By Job
	861  -  Run Bytes Received By Job
	8658  -  Total Bytes Sent By Job
	861  -  Total Bytes Received By Job
	Partitionable Resources :    Usage  Request Allocated 
	   Cpus                 :        0        1         1 
	   Disk (KB)            :       59        1      3633 
	   GPUs                 :                           0 
	   Memory (MB)          :        3     3000      3000 
	   TimeExecute (s)      :      204                    
	   TimeSlotBusy (s)     :      207                    
...
