000 (16827627.059.000) 09/22 16:20:04 Job submitted from host: <188.184.90.241:9618?addrs=188.184.90.241-9618+[2001-1458-201-e4--100-2eb]-9618&alias=bigbird15.cern.ch&noUDP&sock=schedd_3150_376a>
...
009 (16827627.059.000) 09/22 16:22:01 Job was aborted.
	via condor_rm (by user masegret)
...
000 (16827628.059.000) 09/22 16:22:11 Job submitted from host: <188.184.90.241:9618?addrs=188.184.90.241-9618+[2001-1458-201-e4--100-2eb]-9618&alias=bigbird15.cern.ch&noUDP&sock=schedd_3150_376a>
...
040 (16827628.059.000) 09/22 16:23:18 Started transferring input files
	Transferring to host: <188.185.212.63:9618?addrs=188.185.212.63-9618+[2001-1458-303-18--100-3b]-9618&alias=b9p25p8096.cern.ch&noUDP&sock=slot1_9_9165_524e_77838>
...
040 (16827628.059.000) 09/22 16:23:18 Finished transferring input files
...
001 (16827628.059.000) 09/22 16:23:19 Job executing on host: <188.185.212.63:9618?addrs=188.185.212.63-9618+[2001-1458-303-18--100-3b]-9618&alias=b9p25p8096.cern.ch&noUDP&sock=startd_7782_6219>
	SlotName: slot1_9@b9p25p8096.cern.ch
	CondorScratchDir = "/pool/condor/dir_3130824"
	Cpus = 1
	Disk = 3880
	GPUs = 0
	Memory = 3000
...
006 (16827628.059.000) 09/22 16:23:28 Image size of job updated: 2892
	2  -  MemoryUsage of job (MB)
	1504  -  ResidentSetSize of job (KB)
...
006 (16827628.059.000) 09/22 16:28:29 Image size of job updated: 279612
	274  -  MemoryUsage of job (MB)
	279612  -  ResidentSetSize of job (KB)
...
006 (16827628.059.000) 09/22 16:30:01 Image size of job updated: 279620
	274  -  MemoryUsage of job (MB)
	279612  -  ResidentSetSize of job (KB)
...
040 (16827628.059.000) 09/22 16:30:01 Started transferring output files
...
040 (16827628.059.000) 09/22 16:30:01 Finished transferring output files
...
005 (16827628.059.000) 09/22 16:30:01 Job terminated.
	(1) Normal termination (return value 0)
		Usr 0 00:05:34, Sys 0 00:00:16  -  Run Remote Usage
		Usr 0 00:00:00, Sys 0 00:00:00  -  Run Local Usage
		Usr 0 00:05:34, Sys 0 00:00:16  -  Total Remote Usage
		Usr 0 00:00:00, Sys 0 00:00:00  -  Total Local Usage
	10044  -  Run Bytes Sent By Job
	861  -  Run Bytes Received By Job
	10044  -  Total Bytes Sent By Job
	861  -  Total Bytes Received By Job
	Partitionable Resources :    Usage  Request Allocated 
	   Cpus                 :     0.82        1         1 
	   Disk (KB)            :    41           1      3880 
	   GPUs                 :                           0 
	   Memory (MB)          :   274        3000      3000 
	   TimeExecute (s)      :   402                       
	   TimeSlotBusy (s)     :   404                       
...
