000 (16827627.061.000) 09/22 16:20:04 Job submitted from host: <188.184.90.241:9618?addrs=188.184.90.241-9618+[2001-1458-201-e4--100-2eb]-9618&alias=bigbird15.cern.ch&noUDP&sock=schedd_3150_376a>
...
009 (16827627.061.000) 09/22 16:22:01 Job was aborted.
	via condor_rm (by user masegret)
...
000 (16827628.061.000) 09/22 16:22:11 Job submitted from host: <188.184.90.241:9618?addrs=188.184.90.241-9618+[2001-1458-201-e4--100-2eb]-9618&alias=bigbird15.cern.ch&noUDP&sock=schedd_3150_376a>
...
040 (16827628.061.000) 09/22 16:23:18 Started transferring input files
	Transferring to host: <188.185.209.24:9618?addrs=188.185.209.24-9618+[2001-1458-303-11--100-15]-9618&alias=b9p11p1123.cern.ch&noUDP&sock=slot1_15_5201_532d_68503>
...
040 (16827628.061.000) 09/22 16:23:18 Finished transferring input files
...
001 (16827628.061.000) 09/22 16:23:19 Job executing on host: <188.185.209.24:9618?addrs=188.185.209.24-9618+[2001-1458-303-11--100-15]-9618&alias=b9p11p1123.cern.ch&noUDP&sock=startd_4416_9650>
	SlotName: slot1_15@b9p11p1123.cern.ch
	CondorScratchDir = "/pool/condor/dir_3791094"
	Cpus = 1
	Disk = 3541
	GPUs = 0
	Memory = 3000
...
006 (16827628.061.000) 09/22 16:23:28 Image size of job updated: 22016
	22  -  MemoryUsage of job (MB)
	22016  -  ResidentSetSize of job (KB)
...
006 (16827628.061.000) 09/22 16:23:46 Image size of job updated: 277648
	22  -  MemoryUsage of job (MB)
	22100  -  ResidentSetSize of job (KB)
...
040 (16827628.061.000) 09/22 16:23:46 Started transferring output files
...
040 (16827628.061.000) 09/22 16:23:46 Finished transferring output files
...
005 (16827628.061.000) 09/22 16:23:46 Job terminated.
	(1) Normal termination (return value 0)
		Usr 0 00:00:15, Sys 0 00:00:05  -  Run Remote Usage
		Usr 0 00:00:00, Sys 0 00:00:00  -  Run Local Usage
		Usr 0 00:00:15, Sys 0 00:00:05  -  Total Remote Usage
		Usr 0 00:00:00, Sys 0 00:00:00  -  Total Local Usage
	7779  -  Run Bytes Sent By Job
	861  -  Run Bytes Received By Job
	7779  -  Total Bytes Sent By Job
	861  -  Total Bytes Received By Job
	Partitionable Resources :    Usage  Request Allocated 
	   Cpus                 :        0        1         1 
	   Disk (KB)            :       42        1      3541 
	   GPUs                 :                           0 
	   Memory (MB)          :       22     3000      3000 
	   TimeExecute (s)      :       27                    
	   TimeSlotBusy (s)     :       29                    
...
000 (16828035.061.000) 09/22 17:37:18 Job submitted from host: <188.184.90.241:9618?addrs=188.184.90.241-9618+[2001-1458-201-e4--100-2eb]-9618&alias=bigbird15.cern.ch&noUDP&sock=schedd_3150_376a>
...
040 (16828035.061.000) 09/22 17:58:03 Started transferring input files
	Transferring to host: <188.185.213.230:9618?addrs=188.185.213.230-9618+[2001-1458-303-1b--100-62]-9618&alias=b9p28p6468.cern.ch&noUDP&sock=slot1_14_3260_b6fe_76520>
...
040 (16828035.061.000) 09/22 17:58:03 Finished transferring input files
...
001 (16828035.061.000) 09/22 17:58:04 Job executing on host: <188.185.213.230:9618?addrs=188.185.213.230-9618+[2001-1458-303-1b--100-62]-9618&alias=b9p28p6468.cern.ch&noUDP&sock=startd_2695_1fd3>
	SlotName: slot1_14@b9p28p6468.cern.ch
	CondorScratchDir = "/pool/condor/dir_1489166"
	Cpus = 1
	Disk = 3791
	GPUs = 0
	Memory = 3000
...
006 (16828035.061.000) 09/22 17:58:13 Image size of job updated: 2384
	2  -  MemoryUsage of job (MB)
	1384  -  ResidentSetSize of job (KB)
...
006 (16828035.061.000) 09/22 17:58:42 Image size of job updated: 277664
	2  -  MemoryUsage of job (MB)
	1384  -  ResidentSetSize of job (KB)
...
040 (16828035.061.000) 09/22 17:58:42 Started transferring output files
...
040 (16828035.061.000) 09/22 17:58:42 Finished transferring output files
...
005 (16828035.061.000) 09/22 17:58:43 Job terminated.
	(1) Normal termination (return value 0)
		Usr 0 00:00:23, Sys 0 00:00:07  -  Run Remote Usage
		Usr 0 00:00:00, Sys 0 00:00:00  -  Run Local Usage
		Usr 0 00:00:23, Sys 0 00:00:07  -  Total Remote Usage
		Usr 0 00:00:00, Sys 0 00:00:00  -  Total Local Usage
	7779  -  Run Bytes Sent By Job
	861  -  Run Bytes Received By Job
	7779  -  Total Bytes Sent By Job
	861  -  Total Bytes Received By Job
	Partitionable Resources :    Usage  Request Allocated 
	   Cpus                 :        0        1         1 
	   Disk (KB)            :       56        1      3791 
	   GPUs                 :                           0 
	   Memory (MB)          :        2     3000      3000 
	   TimeExecute (s)      :       38                    
	   TimeSlotBusy (s)     :       40                    
...
