000 (16827627.056.000) 09/22 16:20:04 Job submitted from host: <188.184.90.241:9618?addrs=188.184.90.241-9618+[2001-1458-201-e4--100-2eb]-9618&alias=bigbird15.cern.ch&noUDP&sock=schedd_3150_376a>
...
009 (16827627.056.000) 09/22 16:22:01 Job was aborted.
	via condor_rm (by user masegret)
...
000 (16827628.056.000) 09/22 16:22:11 Job submitted from host: <188.184.90.241:9618?addrs=188.184.90.241-9618+[2001-1458-201-e4--100-2eb]-9618&alias=bigbird15.cern.ch&noUDP&sock=schedd_3150_376a>
...
040 (16827628.056.000) 09/22 16:23:17 Started transferring input files
	Transferring to host: <188.185.211.93:9618?addrs=188.185.211.93-9618+[2001-1458-303-16--100-59]-9618&alias=b9p23p0329.cern.ch&noUDP&sock=slot1_4_4407_e14c_75309>
...
040 (16827628.056.000) 09/22 16:23:17 Finished transferring input files
...
001 (16827628.056.000) 09/22 16:23:18 Job executing on host: <188.185.211.93:9618?addrs=188.185.211.93-9618+[2001-1458-303-16--100-59]-9618&alias=b9p23p0329.cern.ch&noUDP&sock=startd_3795_a200>
	SlotName: slot1_4@b9p23p0329.cern.ch
	CondorScratchDir = "/pool/condor/dir_1540699"
	Cpus = 1
	Disk = 3905
	GPUs = 0
	Memory = 3000
...
006 (16827628.056.000) 09/22 16:23:27 Image size of job updated: 2468
	2  -  MemoryUsage of job (MB)
	1588  -  ResidentSetSize of job (KB)
...
006 (16827628.056.000) 09/22 16:26:34 Image size of job updated: 293444
	2  -  MemoryUsage of job (MB)
	1588  -  ResidentSetSize of job (KB)
...
040 (16827628.056.000) 09/22 16:26:34 Started transferring output files
...
040 (16827628.056.000) 09/22 16:26:34 Finished transferring output files
...
005 (16827628.056.000) 09/22 16:26:34 Job terminated.
	(1) Normal termination (return value 0)
		Usr 0 00:02:38, Sys 0 00:00:11  -  Run Remote Usage
		Usr 0 00:00:00, Sys 0 00:00:00  -  Run Local Usage
		Usr 0 00:02:38, Sys 0 00:00:11  -  Total Remote Usage
		Usr 0 00:00:00, Sys 0 00:00:00  -  Total Local Usage
	8691  -  Run Bytes Sent By Job
	860  -  Run Bytes Received By Job
	8691  -  Total Bytes Sent By Job
	860  -  Total Bytes Received By Job
	Partitionable Resources :    Usage  Request Allocated 
	   Cpus                 :        0        1         1 
	   Disk (KB)            :       56        1      3905 
	   GPUs                 :                           0 
	   Memory (MB)          :        2     3000      3000 
	   TimeExecute (s)      :      196                    
	   TimeSlotBusy (s)     :      198                    
...
