000 (16827627.060.000) 09/22 16:20:04 Job submitted from host: <188.184.90.241:9618?addrs=188.184.90.241-9618+[2001-1458-201-e4--100-2eb]-9618&alias=bigbird15.cern.ch&noUDP&sock=schedd_3150_376a>
...
009 (16827627.060.000) 09/22 16:22:01 Job was aborted.
	via condor_rm (by user masegret)
...
000 (16827628.060.000) 09/22 16:22:11 Job submitted from host: <188.184.90.241:9618?addrs=188.184.90.241-9618+[2001-1458-201-e4--100-2eb]-9618&alias=bigbird15.cern.ch&noUDP&sock=schedd_3150_376a>
...
040 (16827628.060.000) 09/22 16:23:18 Started transferring input files
	Transferring to host: <128.142.161.144:9618?addrs=128.142.161.144-9618+[2001-1458-301-b9--100-d]-9618&alias=b9g03p4884.cern.ch&noUDP&sock=slot1_4_3383_6123_90959>
...
040 (16827628.060.000) 09/22 16:23:18 Finished transferring input files
...
001 (16827628.060.000) 09/22 16:23:19 Job executing on host: <128.142.161.144:9618?addrs=128.142.161.144-9618+[2001-1458-301-b9--100-d]-9618&alias=b9g03p4884.cern.ch&noUDP&sock=startd_2586_5c00>
	SlotName: slot1_4@b9g03p4884.cern.ch
	CondorScratchDir = "/pool/condor/dir_1277680"
	Cpus = 1
	Disk = 4100
	GPUs = 0
	Memory = 3000
...
006 (16827628.060.000) 09/22 16:23:27 Image size of job updated: 3868
	2  -  MemoryUsage of job (MB)
	1608  -  ResidentSetSize of job (KB)
...
006 (16827628.060.000) 09/22 16:24:37 Image size of job updated: 273316
	2  -  MemoryUsage of job (MB)
	1608  -  ResidentSetSize of job (KB)
...
040 (16827628.060.000) 09/22 16:24:37 Started transferring output files
...
040 (16827628.060.000) 09/22 16:24:37 Finished transferring output files
...
005 (16827628.060.000) 09/22 16:24:37 Job terminated.
	(1) Normal termination (return value 0)
		Usr 0 00:00:59, Sys 0 00:00:05  -  Run Remote Usage
		Usr 0 00:00:00, Sys 0 00:00:00  -  Run Local Usage
		Usr 0 00:00:59, Sys 0 00:00:05  -  Total Remote Usage
		Usr 0 00:00:00, Sys 0 00:00:00  -  Total Local Usage
	8068  -  Run Bytes Sent By Job
	861  -  Run Bytes Received By Job
	8068  -  Total Bytes Sent By Job
	861  -  Total Bytes Received By Job
	Partitionable Resources :    Usage  Request Allocated 
	   Cpus                 :        0        1         1 
	   Disk (KB)            :       39        1      4100 
	   GPUs                 :                           0 
	   Memory (MB)          :        2     3000      3000 
	   TimeExecute (s)      :       78                    
	   TimeSlotBusy (s)     :       80                    
...
000 (16828035.060.000) 09/22 17:37:18 Job submitted from host: <188.184.90.241:9618?addrs=188.184.90.241-9618+[2001-1458-201-e4--100-2eb]-9618&alias=bigbird15.cern.ch&noUDP&sock=schedd_3150_376a>
...
040 (16828035.060.000) 09/22 17:58:03 Started transferring input files
	Transferring to host: <188.185.215.77:9618?addrs=188.185.215.77-9618+[2001-1458-303-1e--100-49]-9618&alias=b9p31p6444.cern.ch&noUDP&sock=slot1_17_8979_4486_66069>
...
040 (16828035.060.000) 09/22 17:58:03 Finished transferring input files
...
001 (16828035.060.000) 09/22 17:58:04 Job executing on host: <188.185.215.77:9618?addrs=188.185.215.77-9618+[2001-1458-303-1e--100-49]-9618&alias=b9p31p6444.cern.ch&noUDP&sock=startd_7719_2ba1>
	SlotName: slot1_17@b9p31p6444.cern.ch
	CondorScratchDir = "/pool/condor/dir_3472728"
	Cpus = 1
	Disk = 3764
	GPUs = 0
	Memory = 3000
...
006 (16828035.060.000) 09/22 17:58:13 Image size of job updated: 35852
	36  -  MemoryUsage of job (MB)
	35852  -  ResidentSetSize of job (KB)
...
006 (16828035.060.000) 09/22 17:59:21 Image size of job updated: 277292
	40  -  MemoryUsage of job (MB)
	40068  -  ResidentSetSize of job (KB)
...
040 (16828035.060.000) 09/22 17:59:22 Started transferring output files
...
040 (16828035.060.000) 09/22 17:59:23 Finished transferring output files
...
005 (16828035.060.000) 09/22 17:59:26 Job terminated.
	(1) Normal termination (return value 0)
		Usr 0 00:00:57, Sys 0 00:00:08  -  Run Remote Usage
		Usr 0 00:00:00, Sys 0 00:00:00  -  Run Local Usage
		Usr 0 00:00:57, Sys 0 00:00:08  -  Total Remote Usage
		Usr 0 00:00:00, Sys 0 00:00:00  -  Total Local Usage
	8068  -  Run Bytes Sent By Job
	861  -  Run Bytes Received By Job
	8068  -  Total Bytes Sent By Job
	861  -  Total Bytes Received By Job
	Partitionable Resources :    Usage  Request Allocated 
	   Cpus                 :        0        1         1 
	   Disk (KB)            :       88        1      3764 
	   GPUs                 :                           0 
	   Memory (MB)          :       40     3000      3000 
	   TimeExecute (s)      :       77                    
	   TimeSlotBusy (s)     :       82                    
...
