000 (16827627.062.000) 09/22 16:20:04 Job submitted from host: <188.184.90.241:9618?addrs=188.184.90.241-9618+[2001-1458-201-e4--100-2eb]-9618&alias=bigbird15.cern.ch&noUDP&sock=schedd_3150_376a>
...
009 (16827627.062.000) 09/22 16:22:01 Job was aborted.
	via condor_rm (by user masegret)
...
000 (16827628.062.000) 09/22 16:22:11 Job submitted from host: <188.184.90.241:9618?addrs=188.184.90.241-9618+[2001-1458-201-e4--100-2eb]-9618&alias=bigbird15.cern.ch&noUDP&sock=schedd_3150_376a>
...
040 (16827628.062.000) 09/22 16:23:18 Started transferring input files
	Transferring to host: <188.185.214.107:9618?addrs=188.185.214.107-9618+[2001-1458-303-1c--100-67]-9618&alias=b9p29p2852.cern.ch&noUDP&sock=slot1_3_4841_ac1e_91217>
...
040 (16827628.062.000) 09/22 16:23:18 Finished transferring input files
...
001 (16827628.062.000) 09/22 16:23:19 Job executing on host: <188.185.214.107:9618?addrs=188.185.214.107-9618+[2001-1458-303-1c--100-67]-9618&alias=b9p29p2852.cern.ch&noUDP&sock=startd_4128_0b0a>
	SlotName: slot1_3@b9p29p2852.cern.ch
	CondorScratchDir = "/pool/condor/dir_1592570"
	Cpus = 1
	Disk = 3661
	GPUs = 0
	Memory = 3000
...
006 (16827628.062.000) 09/22 16:23:28 Image size of job updated: 18436
	19  -  MemoryUsage of job (MB)
	18436  -  ResidentSetSize of job (KB)
...
006 (16827628.062.000) 09/22 16:26:19 Image size of job updated: 294608
	21  -  MemoryUsage of job (MB)
	21044  -  ResidentSetSize of job (KB)
...
040 (16827628.062.000) 09/22 16:26:19 Started transferring output files
...
040 (16827628.062.000) 09/22 16:26:19 Finished transferring output files
...
005 (16827628.062.000) 09/22 16:26:19 Job terminated.
	(1) Normal termination (return value 0)
		Usr 0 00:02:25, Sys 0 00:00:09  -  Run Remote Usage
		Usr 0 00:00:00, Sys 0 00:00:00  -  Run Local Usage
		Usr 0 00:02:25, Sys 0 00:00:09  -  Total Remote Usage
		Usr 0 00:00:00, Sys 0 00:00:00  -  Total Local Usage
	8823  -  Run Bytes Sent By Job
	861  -  Run Bytes Received By Job
	8823  -  Total Bytes Sent By Job
	861  -  Total Bytes Received By Job
	Partitionable Resources :    Usage  Request Allocated 
	   Cpus                 :     0.87        1         1 
	   Disk (KB)            :    39           1      3661 
	   GPUs                 :                           0 
	   Memory (MB)          :    21        3000      3000 
	   TimeExecute (s)      :   180                       
	   TimeSlotBusy (s)     :   182                       
...
