000 (16827627.063.000) 09/22 16:20:04 Job submitted from host: <188.184.90.241:9618?addrs=188.184.90.241-9618+[2001-1458-201-e4--100-2eb]-9618&alias=bigbird15.cern.ch&noUDP&sock=schedd_3150_376a>
...
009 (16827627.063.000) 09/22 16:22:01 Job was aborted.
	via condor_rm (by user masegret)
...
000 (16827628.063.000) 09/22 16:22:11 Job submitted from host: <188.184.90.241:9618?addrs=188.184.90.241-9618+[2001-1458-201-e4--100-2eb]-9618&alias=bigbird15.cern.ch&noUDP&sock=schedd_3150_376a>
...
040 (16827628.063.000) 09/22 16:23:18 Started transferring input files
	Transferring to host: <188.185.210.195:9618?addrs=188.185.210.195-9618+[2001-1458-303-15--100-3f]-9618&alias=b9p22p8302.cern.ch&noUDP&sock=slot1_3_2855827_38bc_11429>
...
040 (16827628.063.000) 09/22 16:23:18 Finished transferring input files
...
001 (16827628.063.000) 09/22 16:23:19 Job executing on host: <188.185.210.195:9618?addrs=188.185.210.195-9618+[2001-1458-303-15--100-3f]-9618&alias=b9p22p8302.cern.ch&noUDP&sock=startd_5803_f42c>
	SlotName: slot1_3@b9p22p8302.cern.ch
	CondorScratchDir = "/pool/condor/dir_3756128"
	Cpus = 1
	Disk = 3712
	GPUs = 0
	Memory = 3000
...
006 (16827628.063.000) 09/22 16:23:28 Image size of job updated: 10876
	11  -  MemoryUsage of job (MB)
	10876  -  ResidentSetSize of job (KB)
...
006 (16827628.063.000) 09/22 16:25:21 Image size of job updated: 300016
	11  -  MemoryUsage of job (MB)
	10876  -  ResidentSetSize of job (KB)
...
040 (16827628.063.000) 09/22 16:25:21 Started transferring output files
...
040 (16827628.063.000) 09/22 16:25:21 Finished transferring output files
...
005 (16827628.063.000) 09/22 16:25:22 Job terminated.
	(1) Normal termination (return value 0)
		Usr 0 00:01:37, Sys 0 00:00:07  -  Run Remote Usage
		Usr 0 00:00:00, Sys 0 00:00:00  -  Run Local Usage
		Usr 0 00:01:37, Sys 0 00:00:07  -  Total Remote Usage
		Usr 0 00:00:00, Sys 0 00:00:00  -  Total Local Usage
	8427  -  Run Bytes Sent By Job
	861  -  Run Bytes Received By Job
	8427  -  Total Bytes Sent By Job
	861  -  Total Bytes Received By Job
	Partitionable Resources :    Usage  Request Allocated 
	   Cpus                 :        0        1         1 
	   Disk (KB)            :       39        1      3712 
	   GPUs                 :                           0 
	   Memory (MB)          :       11     3000      3000 
	   TimeExecute (s)      :      122                    
	   TimeSlotBusy (s)     :      124                    
...
