000 (16827627.066.000) 09/22 16:20:04 Job submitted from host: <188.184.90.241:9618?addrs=188.184.90.241-9618+[2001-1458-201-e4--100-2eb]-9618&alias=bigbird15.cern.ch&noUDP&sock=schedd_3150_376a>
...
009 (16827627.066.000) 09/22 16:22:01 Job was aborted.
	via condor_rm (by user masegret)
...
000 (16827628.066.000) 09/22 16:22:11 Job submitted from host: <188.184.90.241:9618?addrs=188.184.90.241-9618+[2001-1458-201-e4--100-2eb]-9618&alias=bigbird15.cern.ch&noUDP&sock=schedd_3150_376a>
...
040 (16827628.066.000) 09/22 16:23:18 Started transferring input files
	Transferring to host: <188.185.204.235:9618?addrs=188.185.204.235-9618+[2001-1458-303-8--100-68]-9618&alias=b9p02p6705.cern.ch&noUDP&sock=slot1_11_7715_aa53_72931>
...
040 (16827628.066.000) 09/22 16:23:18 Finished transferring input files
...
001 (16827628.066.000) 09/22 16:23:19 Job executing on host: <188.185.204.235:9618?addrs=188.185.204.235-9618+[2001-1458-303-8--100-68]-9618&alias=b9p02p6705.cern.ch&noUDP&sock=startd_6356_440b>
	SlotName: slot1_11@b9p02p6705.cern.ch
	CondorScratchDir = "/pool/condor/dir_556923"
	Cpus = 1
	Disk = 3667
	GPUs = 0
	Memory = 3000
...
006 (16827628.066.000) 09/22 16:23:28 Image size of job updated: 3848
	2  -  MemoryUsage of job (MB)
	1136  -  ResidentSetSize of job (KB)
...
006 (16827628.066.000) 09/22 16:23:53 Image size of job updated: 338664
	2  -  MemoryUsage of job (MB)
	1144  -  ResidentSetSize of job (KB)
...
040 (16827628.066.000) 09/22 16:23:53 Started transferring output files
...
040 (16827628.066.000) 09/22 16:23:53 Finished transferring output files
...
005 (16827628.066.000) 09/22 16:23:53 Job terminated.
	(1) Normal termination (return value 0)
		Usr 0 00:00:18, Sys 0 00:00:06  -  Run Remote Usage
		Usr 0 00:00:00, Sys 0 00:00:00  -  Run Local Usage
		Usr 0 00:00:18, Sys 0 00:00:06  -  Total Remote Usage
		Usr 0 00:00:00, Sys 0 00:00:00  -  Total Local Usage
	7807  -  Run Bytes Sent By Job
	889  -  Run Bytes Received By Job
	7807  -  Total Bytes Sent By Job
	889  -  Total Bytes Received By Job
	Partitionable Resources :    Usage  Request Allocated 
	   Cpus                 :        0        1         1 
	   Disk (KB)            :       39        1      3667 
	   GPUs                 :                           0 
	   Memory (MB)          :        2     3000      3000 
	   TimeExecute (s)      :       34                    
	   TimeSlotBusy (s)     :       36                    
...
