000 (16827627.069.000) 09/22 16:20:04 Job submitted from host: <188.184.90.241:9618?addrs=188.184.90.241-9618+[2001-1458-201-e4--100-2eb]-9618&alias=bigbird15.cern.ch&noUDP&sock=schedd_3150_376a>
...
009 (16827627.069.000) 09/22 16:22:01 Job was aborted.
	via condor_rm (by user masegret)
...
000 (16827628.069.000) 09/22 16:22:11 Job submitted from host: <188.184.90.241:9618?addrs=188.184.90.241-9618+[2001-1458-201-e4--100-2eb]-9618&alias=bigbird15.cern.ch&noUDP&sock=schedd_3150_376a>
...
040 (16827628.069.000) 09/22 16:23:15 Started transferring input files
	Transferring to host: <188.185.214.53:9618?addrs=188.185.214.53-9618+[2001-1458-303-1c--100-31]-9618&alias=b9p29p4388.cern.ch&noUDP&sock=slot1_2_8196_92c6_18124>
...
040 (16827628.069.000) 09/22 16:23:16 Finished transferring input files
...
001 (16827628.069.000) 09/22 16:23:16 Job executing on host: <188.185.214.53:9618?addrs=188.185.214.53-9618+[2001-1458-303-1c--100-31]-9618&alias=b9p29p4388.cern.ch&noUDP&sock=startd_7597_7d13>
	SlotName: slot1_2@b9p29p4388.cern.ch
	CondorScratchDir = "/pool/condor/dir_3174502"
	Cpus = 1
	Disk = 3876
	GPUs = 0
	Memory = 3000
...
006 (16827628.069.000) 09/22 16:23:25 Image size of job updated: 9056
	9  -  MemoryUsage of job (MB)
	9056  -  ResidentSetSize of job (KB)
...
006 (16827628.069.000) 09/22 16:23:51 Image size of job updated: 335928
	9  -  MemoryUsage of job (MB)
	9080  -  ResidentSetSize of job (KB)
...
040 (16827628.069.000) 09/22 16:23:51 Started transferring output files
...
040 (16827628.069.000) 09/22 16:23:51 Finished transferring output files
...
005 (16827628.069.000) 09/22 16:23:51 Job terminated.
	(1) Normal termination (return value 0)
		Usr 0 00:00:20, Sys 0 00:00:06  -  Run Remote Usage
		Usr 0 00:00:00, Sys 0 00:00:00  -  Run Local Usage
		Usr 0 00:00:20, Sys 0 00:00:06  -  Total Remote Usage
		Usr 0 00:00:00, Sys 0 00:00:00  -  Total Local Usage
	7807  -  Run Bytes Sent By Job
	889  -  Run Bytes Received By Job
	7807  -  Total Bytes Sent By Job
	889  -  Total Bytes Received By Job
	Partitionable Resources :    Usage  Request Allocated 
	   Cpus                 :        0        1         1 
	   Disk (KB)            :       38        1      3876 
	   GPUs                 :                           0 
	   Memory (MB)          :        9     3000      3000 
	   TimeExecute (s)      :       35                    
	   TimeSlotBusy (s)     :       37                    
...
000 (16828035.069.000) 09/22 17:37:18 Job submitted from host: <188.184.90.241:9618?addrs=188.184.90.241-9618+[2001-1458-201-e4--100-2eb]-9618&alias=bigbird15.cern.ch&noUDP&sock=schedd_3150_376a>
...
040 (16828035.069.000) 09/22 17:58:01 Started transferring input files
	Transferring to host: <188.185.215.54:9618?addrs=188.185.215.54-9618+[2001-1458-303-1e--100-32]-9618&alias=b9p31p5250.cern.ch&noUDP&sock=slot1_3_6274_59b8_76245>
...
040 (16828035.069.000) 09/22 17:58:01 Finished transferring input files
...
001 (16828035.069.000) 09/22 17:58:02 Job executing on host: <188.185.215.54:9618?addrs=188.185.215.54-9618+[2001-1458-303-1e--100-32]-9618&alias=b9p31p5250.cern.ch&noUDP&sock=startd_5631_f9e2>
	SlotName: slot1_3@b9p31p5250.cern.ch
	CondorScratchDir = "/pool/condor/dir_3794131"
	Cpus = 1
	Disk = 3743
	GPUs = 0
	Memory = 3000
...
006 (16828035.069.000) 09/22 17:58:12 Image size of job updated: 3860
	4  -  MemoryUsage of job (MB)
	3860  -  ResidentSetSize of job (KB)
...
006 (16828035.069.000) 09/22 17:58:50 Image size of job updated: 337360
	4  -  MemoryUsage of job (MB)
	3860  -  ResidentSetSize of job (KB)
...
040 (16828035.069.000) 09/22 17:58:50 Started transferring output files
...
040 (16828035.069.000) 09/22 17:58:50 Finished transferring output files
...
005 (16828035.069.000) 09/22 17:58:51 Job terminated.
	(1) Normal termination (return value 0)
		Usr 0 00:00:28, Sys 0 00:00:09  -  Run Remote Usage
		Usr 0 00:00:00, Sys 0 00:00:00  -  Run Local Usage
		Usr 0 00:00:28, Sys 0 00:00:09  -  Total Remote Usage
		Usr 0 00:00:00, Sys 0 00:00:00  -  Total Local Usage
	7807  -  Run Bytes Sent By Job
	889  -  Run Bytes Received By Job
	7807  -  Total Bytes Sent By Job
	889  -  Total Bytes Received By Job
	Partitionable Resources :    Usage  Request Allocated 
	   Cpus                 :        0        1         1 
	   Disk (KB)            :       57        1      3743 
	   GPUs                 :                           0 
	   Memory (MB)          :        4     3000      3000 
	   TimeExecute (s)      :       48                    
	   TimeSlotBusy (s)     :       50                    
...
