000 (16827627.070.000) 09/22 16:20:04 Job submitted from host: <188.184.90.241:9618?addrs=188.184.90.241-9618+[2001-1458-201-e4--100-2eb]-9618&alias=bigbird15.cern.ch&noUDP&sock=schedd_3150_376a>
...
009 (16827627.070.000) 09/22 16:22:01 Job was aborted.
	via condor_rm (by user masegret)
...
000 (16827628.070.000) 09/22 16:22:11 Job submitted from host: <188.184.90.241:9618?addrs=188.184.90.241-9618+[2001-1458-201-e4--100-2eb]-9618&alias=bigbird15.cern.ch&noUDP&sock=schedd_3150_376a>
...
040 (16827628.070.000) 09/22 16:23:15 Started transferring input files
	Transferring to host: <188.185.193.164:9618?addrs=188.185.193.164-9618+[2001-1458-303-20--100-a0]-9618&alias=b9p19p0551.cern.ch&noUDP&sock=slot1_5_6391_c99d_89352>
...
040 (16827628.070.000) 09/22 16:23:16 Finished transferring input files
...
001 (16827628.070.000) 09/22 16:23:16 Job executing on host: <188.185.193.164:9618?addrs=188.185.193.164-9618+[2001-1458-303-20--100-a0]-9618&alias=b9p19p0551.cern.ch&noUDP&sock=startd_5522_360f>
	SlotName: slot1_5@b9p19p0551.cern.ch
	CondorScratchDir = "/pool/condor/dir_2100538"
	Cpus = 1
	Disk = 3819
	GPUs = 0
	Memory = 3000
...
006 (16827628.070.000) 09/22 16:23:25 Image size of job updated: 8332
	9  -  MemoryUsage of job (MB)
	8332  -  ResidentSetSize of job (KB)
...
006 (16827628.070.000) 09/22 16:23:51 Image size of job updated: 331812
	9  -  MemoryUsage of job (MB)
	8632  -  ResidentSetSize of job (KB)
...
040 (16827628.070.000) 09/22 16:23:51 Started transferring output files
...
040 (16827628.070.000) 09/22 16:23:51 Finished transferring output files
...
005 (16827628.070.000) 09/22 16:23:51 Job terminated.
	(1) Normal termination (return value 0)
		Usr 0 00:00:22, Sys 0 00:00:05  -  Run Remote Usage
		Usr 0 00:00:00, Sys 0 00:00:00  -  Run Local Usage
		Usr 0 00:00:22, Sys 0 00:00:05  -  Total Remote Usage
		Usr 0 00:00:00, Sys 0 00:00:00  -  Total Local Usage
	7807  -  Run Bytes Sent By Job
	889  -  Run Bytes Received By Job
	7807  -  Total Bytes Sent By Job
	889  -  Total Bytes Received By Job
	Partitionable Resources :    Usage  Request Allocated 
	   Cpus                 :        0        1         1 
	   Disk (KB)            :       38        1      3819 
	   GPUs                 :                           0 
	   Memory (MB)          :        9     3000      3000 
	   TimeExecute (s)      :       35                    
	   TimeSlotBusy (s)     :       37                    
...
000 (16828035.070.000) 09/22 17:37:18 Job submitted from host: <188.184.90.241:9618?addrs=188.184.90.241-9618+[2001-1458-201-e4--100-2eb]-9618&alias=bigbird15.cern.ch&noUDP&sock=schedd_3150_376a>
...
040 (16828035.070.000) 09/22 17:58:01 Started transferring input files
	Transferring to host: <188.185.210.235:9618?addrs=188.185.210.235-9618+[2001-1458-303-15--100-67]-9618&alias=b9p22p1324.cern.ch&noUDP&sock=slot1_2_7888_8f3a_73206>
...
040 (16828035.070.000) 09/22 17:58:01 Finished transferring input files
...
001 (16828035.070.000) 09/22 17:58:03 Job executing on host: <188.185.210.235:9618?addrs=188.185.210.235-9618+[2001-1458-303-15--100-67]-9618&alias=b9p22p1324.cern.ch&noUDP&sock=startd_7284_cbef>
	SlotName: slot1_2@b9p22p1324.cern.ch
	CondorScratchDir = "/pool/condor/dir_1220018"
	Cpus = 1
	Disk = 3636
	GPUs = 0
	Memory = 3000
...
006 (16828035.070.000) 09/22 17:58:11 Image size of job updated: 2572
	3  -  MemoryUsage of job (MB)
	2572  -  ResidentSetSize of job (KB)
...
006 (16828035.070.000) 09/22 17:58:53 Image size of job updated: 342108
	3  -  MemoryUsage of job (MB)
	2572  -  ResidentSetSize of job (KB)
...
040 (16828035.070.000) 09/22 17:58:53 Started transferring output files
...
040 (16828035.070.000) 09/22 17:58:53 Finished transferring output files
...
005 (16828035.070.000) 09/22 17:58:54 Job terminated.
	(1) Normal termination (return value 0)
		Usr 0 00:00:28, Sys 0 00:00:08  -  Run Remote Usage
		Usr 0 00:00:00, Sys 0 00:00:00  -  Run Local Usage
		Usr 0 00:00:28, Sys 0 00:00:08  -  Total Remote Usage
		Usr 0 00:00:00, Sys 0 00:00:00  -  Total Local Usage
	7807  -  Run Bytes Sent By Job
	889  -  Run Bytes Received By Job
	7807  -  Total Bytes Sent By Job
	889  -  Total Bytes Received By Job
	Partitionable Resources :    Usage  Request Allocated 
	   Cpus                 :        0        1         1 
	   Disk (KB)            :       39        1      3636 
	   GPUs                 :                           0 
	   Memory (MB)          :        3     3000      3000 
	   TimeExecute (s)      :       51                    
	   TimeSlotBusy (s)     :       54                    
...
