000 (16827627.068.000) 09/22 16:20:04 Job submitted from host: <188.184.90.241:9618?addrs=188.184.90.241-9618+[2001-1458-201-e4--100-2eb]-9618&alias=bigbird15.cern.ch&noUDP&sock=schedd_3150_376a>
...
009 (16827627.068.000) 09/22 16:22:01 Job was aborted.
	via condor_rm (by user masegret)
...
000 (16827628.068.000) 09/22 16:22:11 Job submitted from host: <188.184.90.241:9618?addrs=188.184.90.241-9618+[2001-1458-201-e4--100-2eb]-9618&alias=bigbird15.cern.ch&noUDP&sock=schedd_3150_376a>
...
040 (16827628.068.000) 09/22 16:23:15 Started transferring input files
	Transferring to host: <188.185.214.87:9618?addrs=188.185.214.87-9618+[2001-1458-303-1c--100-53]-9618&alias=b9p29p4639.cern.ch&noUDP&sock=slot1_7_4022_9cdd_89343>
...
040 (16827628.068.000) 09/22 16:23:15 Finished transferring input files
...
001 (16827628.068.000) 09/22 16:23:16 Job executing on host: <188.185.214.87:9618?addrs=188.185.214.87-9618+[2001-1458-303-1c--100-53]-9618&alias=b9p29p4639.cern.ch&noUDP&sock=startd_3759_f097>
	SlotName: slot1_7@b9p29p4639.cern.ch
	CondorScratchDir = "/pool/condor/dir_3357280"
	Cpus = 1
	Disk = 3737
	GPUs = 0
	Memory = 3000
...
006 (16827628.068.000) 09/22 16:23:25 Image size of job updated: 13140
	13  -  MemoryUsage of job (MB)
	13140  -  ResidentSetSize of job (KB)
...
006 (16827628.068.000) 09/22 16:23:53 Image size of job updated: 338700
	13  -  MemoryUsage of job (MB)
	13180  -  ResidentSetSize of job (KB)
...
040 (16827628.068.000) 09/22 16:23:53 Started transferring output files
...
040 (16827628.068.000) 09/22 16:23:53 Finished transferring output files
...
005 (16827628.068.000) 09/22 16:23:53 Job terminated.
	(1) Normal termination (return value 0)
		Usr 0 00:00:20, Sys 0 00:00:06  -  Run Remote Usage
		Usr 0 00:00:00, Sys 0 00:00:00  -  Run Local Usage
		Usr 0 00:00:20, Sys 0 00:00:06  -  Total Remote Usage
		Usr 0 00:00:00, Sys 0 00:00:00  -  Total Local Usage
	7807  -  Run Bytes Sent By Job
	889  -  Run Bytes Received By Job
	7807  -  Total Bytes Sent By Job
	889  -  Total Bytes Received By Job
	Partitionable Resources :    Usage  Request Allocated 
	   Cpus                 :        0        1         1 
	   Disk (KB)            :       38        1      3737 
	   GPUs                 :                           0 
	   Memory (MB)          :       13     3000      3000 
	   TimeExecute (s)      :       37                    
	   TimeSlotBusy (s)     :       39                    
...
000 (16828035.068.000) 09/22 17:37:18 Job submitted from host: <188.184.90.241:9618?addrs=188.184.90.241-9618+[2001-1458-201-e4--100-2eb]-9618&alias=bigbird15.cern.ch&noUDP&sock=schedd_3150_376a>
...
040 (16828035.068.000) 09/22 17:58:01 Started transferring input files
	Transferring to host: <188.185.211.189:9618?addrs=188.185.211.189-9618+[2001-1458-303-17--100-39]-9618&alias=b9p24p3226.cern.ch&noUDP&sock=slot1_33_6106_fab1_71082>
...
040 (16828035.068.000) 09/22 17:58:01 Finished transferring input files
...
001 (16828035.068.000) 09/22 17:58:02 Job executing on host: <188.185.211.189:9618?addrs=188.185.211.189-9618+[2001-1458-303-17--100-39]-9618&alias=b9p24p3226.cern.ch&noUDP&sock=startd_5347_2cfc>
	SlotName: slot1_33@b9p24p3226.cern.ch
	CondorScratchDir = "/pool/condor/dir_1214882"
	Cpus = 1
	Disk = 3749
	GPUs = 0
	Memory = 3000
...
006 (16828035.068.000) 09/22 17:58:11 Image size of job updated: 3852
	4  -  MemoryUsage of job (MB)
	3852  -  ResidentSetSize of job (KB)
...
006 (16828035.068.000) 09/22 17:58:46 Image size of job updated: 339016
	4  -  MemoryUsage of job (MB)
	3852  -  ResidentSetSize of job (KB)
...
040 (16828035.068.000) 09/22 17:58:46 Started transferring output files
...
040 (16828035.068.000) 09/22 17:58:46 Finished transferring output files
...
005 (16828035.068.000) 09/22 17:58:47 Job terminated.
	(1) Normal termination (return value 0)
		Usr 0 00:00:25, Sys 0 00:00:08  -  Run Remote Usage
		Usr 0 00:00:00, Sys 0 00:00:00  -  Run Local Usage
		Usr 0 00:00:25, Sys 0 00:00:08  -  Total Remote Usage
		Usr 0 00:00:00, Sys 0 00:00:00  -  Total Local Usage
	7807  -  Run Bytes Sent By Job
	889  -  Run Bytes Received By Job
	7807  -  Total Bytes Sent By Job
	889  -  Total Bytes Received By Job
	Partitionable Resources :    Usage  Request Allocated 
	   Cpus                 :        0        1         1 
	   Disk (KB)            :       56        1      3749 
	   GPUs                 :                           0 
	   Memory (MB)          :        4     3000      3000 
	   TimeExecute (s)      :       44                    
	   TimeSlotBusy (s)     :       46                    
...
