000 (16827627.067.000) 09/22 16:20:04 Job submitted from host: <188.184.90.241:9618?addrs=188.184.90.241-9618+[2001-1458-201-e4--100-2eb]-9618&alias=bigbird15.cern.ch&noUDP&sock=schedd_3150_376a>
...
009 (16827627.067.000) 09/22 16:22:01 Job was aborted.
	via condor_rm (by user masegret)
...
000 (16827628.067.000) 09/22 16:22:11 Job submitted from host: <188.184.90.241:9618?addrs=188.184.90.241-9618+[2001-1458-201-e4--100-2eb]-9618&alias=bigbird15.cern.ch&noUDP&sock=schedd_3150_376a>
...
040 (16827628.067.000) 09/22 16:23:18 Started transferring input files
	Transferring to host: <188.185.203.181:9618?addrs=188.185.203.181-9618+[2001-1458-303-6--100-32]-9618&alias=b9p34p0022.cern.ch&noUDP&sock=slot1_13_13394_08da_59111>
...
040 (16827628.067.000) 09/22 16:23:18 Finished transferring input files
...
001 (16827628.067.000) 09/22 16:23:19 Job executing on host: <188.185.203.181:9618?addrs=188.185.203.181-9618+[2001-1458-303-6--100-32]-9618&alias=b9p34p0022.cern.ch&noUDP&sock=startd_12701_6876>
	SlotName: slot1_13@b9p34p0022.cern.ch
	CondorScratchDir = "/pool/condor/dir_3275473"
	Cpus = 1
	Disk = 6597
	GPUs = 0
	Memory = 3000
...
006 (16827628.067.000) 09/22 16:23:28 Image size of job updated: 212000
	208  -  MemoryUsage of job (MB)
	212000  -  ResidentSetSize of job (KB)
...
006 (16827628.067.000) 09/22 16:25:41 Image size of job updated: 305868
	208  -  MemoryUsage of job (MB)
	212000  -  ResidentSetSize of job (KB)
...
040 (16827628.067.000) 09/22 16:25:41 Started transferring output files
...
040 (16827628.067.000) 09/22 16:25:41 Finished transferring output files
...
005 (16827628.067.000) 09/22 16:25:41 Job terminated.
	(1) Normal termination (return value 0)
		Usr 0 00:01:36, Sys 0 00:00:04  -  Run Remote Usage
		Usr 0 00:00:00, Sys 0 00:00:00  -  Run Local Usage
		Usr 0 00:01:36, Sys 0 00:00:04  -  Total Remote Usage
		Usr 0 00:00:00, Sys 0 00:00:00  -  Total Local Usage
	8691  -  Run Bytes Sent By Job
	860  -  Run Bytes Received By Job
	8691  -  Total Bytes Sent By Job
	860  -  Total Bytes Received By Job
	Partitionable Resources :    Usage  Request Allocated 
	   Cpus                 :     0.03        1         1 
	   Disk (KB)            :    39           1      6597 
	   GPUs                 :                           0 
	   Memory (MB)          :   208        3000      3000 
	   TimeExecute (s)      :   142                       
	   TimeSlotBusy (s)     :   144                       
...
