000 (16827627.071.000) 09/22 16:20:04 Job submitted from host: <188.184.90.241:9618?addrs=188.184.90.241-9618+[2001-1458-201-e4--100-2eb]-9618&alias=bigbird15.cern.ch&noUDP&sock=schedd_3150_376a>
...
009 (16827627.071.000) 09/22 16:22:01 Job was aborted.
	via condor_rm (by user masegret)
...
000 (16827628.071.000) 09/22 16:22:11 Job submitted from host: <188.184.90.241:9618?addrs=188.184.90.241-9618+[2001-1458-201-e4--100-2eb]-9618&alias=bigbird15.cern.ch&noUDP&sock=schedd_3150_376a>
...
040 (16827628.071.000) 09/22 16:23:15 Started transferring input files
	Transferring to host: <188.185.208.187:9618?addrs=188.185.208.187-9618+[2001-1458-303-10--100-38]-9618&alias=b9p10p2030.cern.ch&noUDP&sock=slot1_10_3919_0a38_73169>
...
040 (16827628.071.000) 09/22 16:23:16 Finished transferring input files
...
001 (16827628.071.000) 09/22 16:23:17 Job executing on host: <188.185.208.187:9618?addrs=188.185.208.187-9618+[2001-1458-303-10--100-38]-9618&alias=b9p10p2030.cern.ch&noUDP&sock=startd_3446_3f73>
	SlotName: slot1_10@b9p10p2030.cern.ch
	CondorScratchDir = "/pool/condor/dir_439897"
	Cpus = 1
	Disk = 3528
	GPUs = 0
	Memory = 3000
...
006 (16827628.071.000) 09/22 16:23:25 Image size of job updated: 4008
	4  -  MemoryUsage of job (MB)
	4008  -  ResidentSetSize of job (KB)
...
006 (16827628.071.000) 09/22 16:26:50 Image size of job updated: 299544
	4  -  MemoryUsage of job (MB)
	4020  -  ResidentSetSize of job (KB)
...
040 (16827628.071.000) 09/22 16:26:50 Started transferring output files
...
040 (16827628.071.000) 09/22 16:26:50 Finished transferring output files
...
005 (16827628.071.000) 09/22 16:26:50 Job terminated.
	(1) Normal termination (return value 0)
		Usr 0 00:02:48, Sys 0 00:00:11  -  Run Remote Usage
		Usr 0 00:00:00, Sys 0 00:00:00  -  Run Local Usage
		Usr 0 00:02:48, Sys 0 00:00:11  -  Total Remote Usage
		Usr 0 00:00:00, Sys 0 00:00:00  -  Total Local Usage
	8691  -  Run Bytes Sent By Job
	860  -  Run Bytes Received By Job
	8691  -  Total Bytes Sent By Job
	860  -  Total Bytes Received By Job
	Partitionable Resources :    Usage  Request Allocated 
	   Cpus                 :     0.87        1         1 
	   Disk (KB)            :    56           1      3528 
	   GPUs                 :                           0 
	   Memory (MB)          :     4        3000      3000 
	   TimeExecute (s)      :   214                       
	   TimeSlotBusy (s)     :   216                       
...
000 (16828035.071.000) 09/22 17:37:18 Job submitted from host: <188.184.90.241:9618?addrs=188.184.90.241-9618+[2001-1458-201-e4--100-2eb]-9618&alias=bigbird15.cern.ch&noUDP&sock=schedd_3150_376a>
...
040 (16828035.071.000) 09/22 17:58:01 Started transferring input files
	Transferring to host: <188.185.209.61:9618?addrs=188.185.209.61-9618+[2001-1458-303-11--100-3a]-9618&alias=b9p11p8216.cern.ch&noUDP&sock=slot1_16_4305_0308_67816>
...
040 (16828035.071.000) 09/22 17:58:02 Finished transferring input files
...
001 (16828035.071.000) 09/22 17:58:03 Job executing on host: <188.185.209.61:9618?addrs=188.185.209.61-9618+[2001-1458-303-11--100-3a]-9618&alias=b9p11p8216.cern.ch&noUDP&sock=startd_3922_be87>
	SlotName: slot1_16@b9p11p8216.cern.ch
	CondorScratchDir = "/pool/condor/dir_3322613"
	Cpus = 1
	Disk = 3797
	GPUs = 0
	Memory = 3000
...
006 (16828035.071.000) 09/22 17:58:11 Image size of job updated: 2808
	2  -  MemoryUsage of job (MB)
	1868  -  ResidentSetSize of job (KB)
...
006 (16828035.071.000) 09/22 18:01:04 Image size of job updated: 298652
	2  -  MemoryUsage of job (MB)
	1868  -  ResidentSetSize of job (KB)
...
040 (16828035.071.000) 09/22 18:01:06 Started transferring output files
...
040 (16828035.071.000) 09/22 18:01:07 Finished transferring output files
...
005 (16828035.071.000) 09/22 18:01:15 Job terminated.
	(1) Normal termination (return value 0)
		Usr 0 00:02:14, Sys 0 00:00:09  -  Run Remote Usage
		Usr 0 00:00:00, Sys 0 00:00:00  -  Run Local Usage
		Usr 0 00:02:14, Sys 0 00:00:09  -  Total Remote Usage
		Usr 0 00:00:00, Sys 0 00:00:00  -  Total Local Usage
	8691  -  Run Bytes Sent By Job
	860  -  Run Bytes Received By Job
	8691  -  Total Bytes Sent By Job
	860  -  Total Bytes Received By Job
	Partitionable Resources :    Usage  Request Allocated 
	   Cpus                 :        0        1         1 
	   Disk (KB)            :       59        1      3797 
	   GPUs                 :                           0 
	   Memory (MB)          :        2     3000      3000 
	   TimeExecute (s)      :      182                    
	   TimeSlotBusy (s)     :      188                    
...
