000 (16827627.072.000) 09/22 16:20:04 Job submitted from host: <188.184.90.241:9618?addrs=188.184.90.241-9618+[2001-1458-201-e4--100-2eb]-9618&alias=bigbird15.cern.ch&noUDP&sock=schedd_3150_376a>
...
009 (16827627.072.000) 09/22 16:22:01 Job was aborted.
	via condor_rm (by user masegret)
...
000 (16827628.072.000) 09/22 16:22:11 Job submitted from host: <188.184.90.241:9618?addrs=188.184.90.241-9618+[2001-1458-201-e4--100-2eb]-9618&alias=bigbird15.cern.ch&noUDP&sock=schedd_3150_376a>
...
040 (16827628.072.000) 09/22 16:23:15 Started transferring input files
	Transferring to host: <188.185.206.192:9618?addrs=188.185.206.192-9618+[2001-1458-303-c--100-3d]-9618&alias=b9p06p3866.cern.ch&noUDP&sock=slot1_31_9551_4b1d_73968>
...
040 (16827628.072.000) 09/22 16:23:16 Finished transferring input files
...
001 (16827628.072.000) 09/22 16:23:17 Job executing on host: <188.185.206.192:9618?addrs=188.185.206.192-9618+[2001-1458-303-c--100-3d]-9618&alias=b9p06p3866.cern.ch&noUDP&sock=startd_8029_cdfd>
	SlotName: slot1_31@b9p06p3866.cern.ch
	CondorScratchDir = "/pool/condor/dir_3856550"
	Cpus = 1
	Disk = 3692
	GPUs = 0
	Memory = 3000
...
006 (16827628.072.000) 09/22 16:23:25 Image size of job updated: 10612
	2  -  MemoryUsage of job (MB)
	1592  -  ResidentSetSize of job (KB)
...
006 (16827628.072.000) 09/22 16:26:25 Image size of job updated: 293940
	2  -  MemoryUsage of job (MB)
	1712  -  ResidentSetSize of job (KB)
...
040 (16827628.072.000) 09/22 16:26:25 Started transferring output files
...
040 (16827628.072.000) 09/22 16:26:25 Finished transferring output files
...
005 (16827628.072.000) 09/22 16:26:26 Job terminated.
	(1) Normal termination (return value 0)
		Usr 0 00:02:40, Sys 0 00:00:09  -  Run Remote Usage
		Usr 0 00:00:00, Sys 0 00:00:00  -  Run Local Usage
		Usr 0 00:02:40, Sys 0 00:00:09  -  Total Remote Usage
		Usr 0 00:00:00, Sys 0 00:00:00  -  Total Local Usage
	8691  -  Run Bytes Sent By Job
	860  -  Run Bytes Received By Job
	8691  -  Total Bytes Sent By Job
	860  -  Total Bytes Received By Job
	Partitionable Resources :    Usage  Request Allocated 
	   Cpus                 :                 1         1 
	   Disk (KB)            :       48        1      3692 
	   GPUs                 :                           0 
	   Memory (MB)          :        2     3000      3000 
	   TimeExecute (s)      :      189                    
	   TimeSlotBusy (s)     :      191                    
...
000 (16828035.072.000) 09/22 17:37:18 Job submitted from host: <188.184.90.241:9618?addrs=188.184.90.241-9618+[2001-1458-201-e4--100-2eb]-9618&alias=bigbird15.cern.ch&noUDP&sock=schedd_3150_376a>
...
040 (16828035.072.000) 09/22 17:58:04 Started transferring input files
	Transferring to host: <188.185.210.174:9618?addrs=188.185.210.174-9618+[2001-1458-303-15--100-2a]-9618&alias=b9p22p8673.cern.ch&noUDP&sock=slot1_11_5995_c50d_76016>
...
040 (16828035.072.000) 09/22 17:58:04 Finished transferring input files
...
001 (16828035.072.000) 09/22 17:58:05 Job executing on host: <188.185.210.174:9618?addrs=188.185.210.174-9618+[2001-1458-303-15--100-2a]-9618&alias=b9p22p8673.cern.ch&noUDP&sock=startd_5234_aac9>
	SlotName: slot1_11@b9p22p8673.cern.ch
	CondorScratchDir = "/pool/condor/dir_3139816"
	Cpus = 1
	Disk = 3898
	GPUs = 0
	Memory = 3000
...
006 (16828035.072.000) 09/22 17:58:13 Image size of job updated: 3864
	4  -  MemoryUsage of job (MB)
	3864  -  ResidentSetSize of job (KB)
...
006 (16828035.072.000) 09/22 18:01:35 Image size of job updated: 298604
	4  -  MemoryUsage of job (MB)
	3864  -  ResidentSetSize of job (KB)
...
040 (16828035.072.000) 09/22 18:01:36 Started transferring output files
...
040 (16828035.072.000) 09/22 18:01:36 Finished transferring output files
...
005 (16828035.072.000) 09/22 18:01:36 Job terminated.
	(1) Normal termination (return value 0)
		Usr 0 00:02:59, Sys 0 00:00:11  -  Run Remote Usage
		Usr 0 00:00:00, Sys 0 00:00:00  -  Run Local Usage
		Usr 0 00:02:59, Sys 0 00:00:11  -  Total Remote Usage
		Usr 0 00:00:00, Sys 0 00:00:00  -  Total Local Usage
	8691  -  Run Bytes Sent By Job
	860  -  Run Bytes Received By Job
	8691  -  Total Bytes Sent By Job
	860  -  Total Bytes Received By Job
	Partitionable Resources :    Usage  Request Allocated 
	   Cpus                 :        0        1         1 
	   Disk (KB)            :       56        1      3898 
	   GPUs                 :                           0 
	   Memory (MB)          :        4     3000      3000 
	   TimeExecute (s)      :      210                    
	   TimeSlotBusy (s)     :      214                    
...
