000 (16690449.000.000) 08/07 18:47:34 Job submitted from host: <188.184.90.241:9618?addrs=188.184.90.241-9618+[2001-1458-201-e4--100-2eb]-9618&alias=bigbird15.cern.ch&noUDP&sock=schedd_3150_376a>
...
040 (16690449.000.000) 08/07 18:48:41 Started transferring input files
	Transferring to host: <188.185.210.76:9618?addrs=188.185.210.76-9618+[2001-1458-303-1--100-48]-9618&alias=b9p21p4472.cern.ch&noUDP&sock=slot1_12_7230_f05f_25733>
...
040 (16690449.000.000) 08/07 18:48:41 Finished transferring input files
...
001 (16690449.000.000) 08/07 18:48:42 Job executing on host: <188.185.210.76:9618?addrs=188.185.210.76-9618+[2001-1458-303-1--100-48]-9618&alias=b9p21p4472.cern.ch&noUDP&sock=startd_6194_25b4>
	SlotName: slot1_12@b9p21p4472.cern.ch
	CondorScratchDir = "/pool/condor/dir_380319"
	Cpus = 1
	Disk = 3780
	GPUs = 0
	Memory = 3000
...
006 (16690449.000.000) 08/07 18:48:51 Image size of job updated: 3904
	4  -  MemoryUsage of job (MB)
	3904  -  ResidentSetSize of job (KB)
...
006 (16690449.000.000) 08/07 18:50:53 Image size of job updated: 232640
	4  -  MemoryUsage of job (MB)
	3904  -  ResidentSetSize of job (KB)
...
040 (16690449.000.000) 08/07 18:50:53 Started transferring output files
...
040 (16690449.000.000) 08/07 18:50:53 Finished transferring output files
...
005 (16690449.000.000) 08/07 18:50:53 Job terminated.
	(1) Normal termination (return value 0)
		Usr 0 00:01:42, Sys 0 00:00:08  -  Run Remote Usage
		Usr 0 00:00:00, Sys 0 00:00:00  -  Run Local Usage
		Usr 0 00:01:42, Sys 0 00:00:08  -  Total Remote Usage
		Usr 0 00:00:00, Sys 0 00:00:00  -  Total Local Usage
	12493  -  Run Bytes Sent By Job
	852  -  Run Bytes Received By Job
	12493  -  Total Bytes Sent By Job
	852  -  Total Bytes Received By Job
	Partitionable Resources :    Usage  Request Allocated 
	   Cpus                 :                 1         1 
	   Disk (KB)            :       54        1      3780 
	   GPUs                 :                           0 
	   Memory (MB)          :        4     3000      3000 
	   TimeExecute (s)      :      131                    
	   TimeSlotBusy (s)     :      133                    
...
000 (16690451.000.000) 08/07 18:54:31 Job submitted from host: <188.184.90.241:9618?addrs=188.184.90.241-9618+[2001-1458-201-e4--100-2eb]-9618&alias=bigbird15.cern.ch&noUDP&sock=schedd_3150_376a>
...
040 (16690451.000.000) 08/07 19:01:17 Started transferring input files
	Transferring to host: <188.185.208.100:9618?addrs=188.185.208.100-9618+[2001-1458-303-f--100-61]-9618&alias=b9p09p6193.cern.ch&noUDP&sock=slot1_15_4979_e7e4_21408>
...
040 (16690451.000.000) 08/07 19:01:17 Finished transferring input files
...
001 (16690451.000.000) 08/07 19:01:18 Job executing on host: <188.185.208.100:9618?addrs=188.185.208.100-9618+[2001-1458-303-f--100-61]-9618&alias=b9p09p6193.cern.ch&noUDP&sock=startd_4226_4352>
	SlotName: slot1_15@b9p09p6193.cern.ch
	CondorScratchDir = "/pool/condor/dir_1236701"
	Cpus = 1
	Disk = 3622
	GPUs = 0
	Memory = 3000
...
006 (16690451.000.000) 08/07 19:01:27 Image size of job updated: 3908
	4  -  MemoryUsage of job (MB)
	3908  -  ResidentSetSize of job (KB)
...
006 (16690451.000.000) 08/07 19:03:23 Image size of job updated: 218684
	4  -  MemoryUsage of job (MB)
	3908  -  ResidentSetSize of job (KB)
...
040 (16690451.000.000) 08/07 19:03:23 Started transferring output files
...
040 (16690451.000.000) 08/07 19:03:23 Finished transferring output files
...
005 (16690451.000.000) 08/07 19:03:23 Job terminated.
	(1) Normal termination (return value 0)
		Usr 0 00:01:29, Sys 0 00:00:08  -  Run Remote Usage
		Usr 0 00:00:00, Sys 0 00:00:00  -  Run Local Usage
		Usr 0 00:01:29, Sys 0 00:00:08  -  Total Remote Usage
		Usr 0 00:00:00, Sys 0 00:00:00  -  Total Local Usage
	12493  -  Run Bytes Sent By Job
	852  -  Run Bytes Received By Job
	12493  -  Total Bytes Sent By Job
	852  -  Total Bytes Received By Job
	Partitionable Resources :    Usage  Request Allocated 
	   Cpus                 :        0        1         1 
	   Disk (KB)            :       64        1      3622 
	   GPUs                 :                           0 
	   Memory (MB)          :        4     3000      3000 
	   TimeExecute (s)      :      125                    
	   TimeSlotBusy (s)     :      127                    
...
