000 (16690451.006.000) 08/07 18:54:31 Job submitted from host: <188.184.90.241:9618?addrs=188.184.90.241-9618+[2001-1458-201-e4--100-2eb]-9618&alias=bigbird15.cern.ch&noUDP&sock=schedd_3150_376a>
...
040 (16690451.006.000) 08/07 19:01:19 Started transferring input files
	Transferring to host: <188.185.210.85:9618?addrs=188.185.210.85-9618+[2001-1458-303-1--100-51]-9618&alias=b9p21p3932.cern.ch&noUDP&sock=slot1_10_3264_887e_21938>
...
040 (16690451.006.000) 08/07 19:01:19 Finished transferring input files
...
001 (16690451.006.000) 08/07 19:01:20 Job executing on host: <188.185.210.85:9618?addrs=188.185.210.85-9618+[2001-1458-303-1--100-51]-9618&alias=b9p21p3932.cern.ch&noUDP&sock=startd_2744_bbf7>
	SlotName: slot1_10@b9p21p3932.cern.ch
	CondorScratchDir = "/pool/condor/dir_2518260"
	Cpus = 1
	Disk = 3758
	GPUs = 0
	Memory = 3000
...
006 (16690451.006.000) 08/07 19:01:30 Image size of job updated: 3904
	4  -  MemoryUsage of job (MB)
	3904  -  ResidentSetSize of job (KB)
...
006 (16690451.006.000) 08/07 19:06:30 Image size of job updated: 216772
	212  -  MemoryUsage of job (MB)
	216772  -  ResidentSetSize of job (KB)
...
006 (16690451.006.000) 08/07 19:07:47 Image size of job updated: 225668
	212  -  MemoryUsage of job (MB)
	216772  -  ResidentSetSize of job (KB)
...
040 (16690451.006.000) 08/07 19:07:47 Started transferring output files
...
040 (16690451.006.000) 08/07 19:07:47 Finished transferring output files
...
005 (16690451.006.000) 08/07 19:07:47 Job terminated.
	(1) Normal termination (return value 0)
		Usr 0 00:05:41, Sys 0 00:00:09  -  Run Remote Usage
		Usr 0 00:00:00, Sys 0 00:00:00  -  Run Local Usage
		Usr 0 00:05:41, Sys 0 00:00:09  -  Total Remote Usage
		Usr 0 00:00:00, Sys 0 00:00:00  -  Total Local Usage
	13549  -  Run Bytes Sent By Job
	853  -  Run Bytes Received By Job
	13549  -  Total Bytes Sent By Job
	853  -  Total Bytes Received By Job
	Partitionable Resources :    Usage  Request Allocated 
	   Cpus                 :     0.99        1         1 
	   Disk (KB)            :    63           1      3758 
	   GPUs                 :                           0 
	   Memory (MB)          :   212        3000      3000 
	   TimeExecute (s)      :   387                       
	   TimeSlotBusy (s)     :   389                       
...
