000 (16690451.009.000) 08/07 18:54:31 Job submitted from host: <188.184.90.241:9618?addrs=188.184.90.241-9618+[2001-1458-201-e4--100-2eb]-9618&alias=bigbird15.cern.ch&noUDP&sock=schedd_3150_376a>
...
040 (16690451.009.000) 08/07 19:01:20 Started transferring input files
	Transferring to host: <188.185.213.194:9618?addrs=188.185.213.194-9618+[2001-1458-303-1b--100-3e]-9618&alias=b9p28p4368.cern.ch&noUDP&sock=slot1_20_5443_d5f6_23804>
...
040 (16690451.009.000) 08/07 19:01:20 Finished transferring input files
...
001 (16690451.009.000) 08/07 19:01:21 Job executing on host: <188.185.213.194:9618?addrs=188.185.213.194-9618+[2001-1458-303-1b--100-3e]-9618&alias=b9p28p4368.cern.ch&noUDP&sock=startd_4529_1884>
	SlotName: slot1_20@b9p28p4368.cern.ch
	CondorScratchDir = "/pool/condor/dir_2034348"
	Cpus = 1
	Disk = 3833
	GPUs = 0
	Memory = 3000
...
006 (16690451.009.000) 08/07 19:01:30 Image size of job updated: 1752
	2  -  MemoryUsage of job (MB)
	1640  -  ResidentSetSize of job (KB)
...
006 (16690451.009.000) 08/07 19:06:31 Image size of job updated: 219036
	214  -  MemoryUsage of job (MB)
	219036  -  ResidentSetSize of job (KB)
...
006 (16690451.009.000) 08/07 19:07:25 Image size of job updated: 220164
	214  -  MemoryUsage of job (MB)
	219036  -  ResidentSetSize of job (KB)
...
040 (16690451.009.000) 08/07 19:07:25 Started transferring output files
...
040 (16690451.009.000) 08/07 19:07:25 Finished transferring output files
...
005 (16690451.009.000) 08/07 19:07:26 Job terminated.
	(1) Normal termination (return value 0)
		Usr 0 00:05:33, Sys 0 00:00:09  -  Run Remote Usage
		Usr 0 00:00:00, Sys 0 00:00:00  -  Run Local Usage
		Usr 0 00:05:33, Sys 0 00:00:09  -  Total Remote Usage
		Usr 0 00:00:00, Sys 0 00:00:00  -  Total Local Usage
	13582  -  Run Bytes Sent By Job
	853  -  Run Bytes Received By Job
	13582  -  Total Bytes Sent By Job
	853  -  Total Bytes Received By Job
	Partitionable Resources :    Usage  Request Allocated 
	   Cpus                 :     0.99        1         1 
	   Disk (KB)            :    63           1      3833 
	   GPUs                 :                           0 
	   Memory (MB)          :   214        3000      3000 
	   TimeExecute (s)      :   364                       
	   TimeSlotBusy (s)     :   366                       
...
