000 (16690451.008.000) 08/07 18:54:31 Job submitted from host: <188.184.90.241:9618?addrs=188.184.90.241-9618+[2001-1458-201-e4--100-2eb]-9618&alias=bigbird15.cern.ch&noUDP&sock=schedd_3150_376a>
...
040 (16690451.008.000) 08/07 19:01:25 Started transferring input files
	Transferring to host: <188.185.215.16:9618?addrs=188.185.215.16-9618+[2001-1458-303-1e--100-c]-9618&alias=b9p31p2681.cern.ch&noUDP&sock=slot1_16_4677_1e97_15437>
...
040 (16690451.008.000) 08/07 19:01:25 Finished transferring input files
...
001 (16690451.008.000) 08/07 19:01:26 Job executing on host: <188.185.215.16:9618?addrs=188.185.215.16-9618+[2001-1458-303-1e--100-c]-9618&alias=b9p31p2681.cern.ch&noUDP&sock=startd_4025_64c8>
	SlotName: slot1_16@b9p31p2681.cern.ch
	CondorScratchDir = "/pool/condor/dir_3371078"
	Cpus = 1
	Disk = 3758
	GPUs = 0
	Memory = 3000
...
006 (16690451.008.000) 08/07 19:01:34 Image size of job updated: 2388
	3  -  MemoryUsage of job (MB)
	2176  -  ResidentSetSize of job (KB)
...
006 (16690451.008.000) 08/07 19:06:34 Image size of job updated: 219284
	215  -  MemoryUsage of job (MB)
	219284  -  ResidentSetSize of job (KB)
...
006 (16690451.008.000) 08/07 19:07:18 Image size of job updated: 230112
	215  -  MemoryUsage of job (MB)
	219284  -  ResidentSetSize of job (KB)
...
040 (16690451.008.000) 08/07 19:07:18 Started transferring output files
...
040 (16690451.008.000) 08/07 19:07:18 Finished transferring output files
...
005 (16690451.008.000) 08/07 19:07:18 Job terminated.
	(1) Normal termination (return value 0)
		Usr 0 00:05:24, Sys 0 00:00:09  -  Run Remote Usage
		Usr 0 00:00:00, Sys 0 00:00:00  -  Run Local Usage
		Usr 0 00:05:24, Sys 0 00:00:09  -  Total Remote Usage
		Usr 0 00:00:00, Sys 0 00:00:00  -  Total Local Usage
	13582  -  Run Bytes Sent By Job
	853  -  Run Bytes Received By Job
	13582  -  Total Bytes Sent By Job
	853  -  Total Bytes Received By Job
	Partitionable Resources :    Usage  Request Allocated 
	   Cpus                 :        0        1         1 
	   Disk (KB)            :       63        1      3758 
	   GPUs                 :                           0 
	   Memory (MB)          :      215     3000      3000 
	   TimeExecute (s)      :      352                    
	   TimeSlotBusy (s)     :      354                    
...
