000 (16690451.005.000) 08/07 18:54:31 Job submitted from host: <188.184.90.241:9618?addrs=188.184.90.241-9618+[2001-1458-201-e4--100-2eb]-9618&alias=bigbird15.cern.ch&noUDP&sock=schedd_3150_376a>
...
040 (16690451.005.000) 08/07 19:01:19 Started transferring input files
	Transferring to host: <188.185.205.166:9618?addrs=188.185.205.166-9618+[2001-1458-303-a--100-23]-9618&alias=b9p04p1739.cern.ch&noUDP&sock=slot1_13_5943_218b_21494>
...
040 (16690451.005.000) 08/07 19:01:19 Finished transferring input files
...
001 (16690451.005.000) 08/07 19:01:20 Job executing on host: <188.185.205.166:9618?addrs=188.185.205.166-9618+[2001-1458-303-a--100-23]-9618&alias=b9p04p1739.cern.ch&noUDP&sock=startd_5113_abd3>
	SlotName: slot1_13@b9p04p1739.cern.ch
	CondorScratchDir = "/pool/condor/dir_2770127"
	Cpus = 1
	Disk = 3648
	GPUs = 0
	Memory = 3000
...
006 (16690451.005.000) 08/07 19:01:29 Image size of job updated: 6212
	4  -  MemoryUsage of job (MB)
	3904  -  ResidentSetSize of job (KB)
...
006 (16690451.005.000) 08/07 19:05:45 Image size of job updated: 219372
	4  -  MemoryUsage of job (MB)
	3904  -  ResidentSetSize of job (KB)
...
040 (16690451.005.000) 08/07 19:05:45 Started transferring output files
...
040 (16690451.005.000) 08/07 19:05:46 Finished transferring output files
...
005 (16690451.005.000) 08/07 19:05:47 Job terminated.
	(1) Normal termination (return value 0)
		Usr 0 00:03:57, Sys 0 00:00:08  -  Run Remote Usage
		Usr 0 00:00:00, Sys 0 00:00:00  -  Run Local Usage
		Usr 0 00:03:57, Sys 0 00:00:08  -  Total Remote Usage
		Usr 0 00:00:00, Sys 0 00:00:00  -  Total Local Usage
	13450  -  Run Bytes Sent By Job
	853  -  Run Bytes Received By Job
	13450  -  Total Bytes Sent By Job
	853  -  Total Bytes Received By Job
	Partitionable Resources :    Usage  Request Allocated 
	   Cpus                 :        0        1         1 
	   Disk (KB)            :       65        1      3648 
	   GPUs                 :                           0 
	   Memory (MB)          :        4     3000      3000 
	   TimeExecute (s)      :      265                    
	   TimeSlotBusy (s)     :      268                    
...
