000 (16690451.004.000) 08/07 18:54:31 Job submitted from host: <188.184.90.241:9618?addrs=188.184.90.241-9618+[2001-1458-201-e4--100-2eb]-9618&alias=bigbird15.cern.ch&noUDP&sock=schedd_3150_376a>
...
040 (16690451.004.000) 08/07 19:01:18 Started transferring input files
	Transferring to host: <188.185.206.208:9618?addrs=188.185.206.208-9618+[2001-1458-303-c--100-4d]-9618&alias=b9p06p8579.cern.ch&noUDP&sock=slot1_18_10109_7474_20087>
...
040 (16690451.004.000) 08/07 19:01:18 Finished transferring input files
...
001 (16690451.004.000) 08/07 19:01:19 Job executing on host: <188.185.206.208:9618?addrs=188.185.206.208-9618+[2001-1458-303-c--100-4d]-9618&alias=b9p06p8579.cern.ch&noUDP&sock=startd_9066_19b3>
	SlotName: slot1_18@b9p06p8579.cern.ch
	CondorScratchDir = "/pool/condor/dir_3613848"
	Cpus = 1
	Disk = 3688
	GPUs = 0
	Memory = 3000
...
006 (16690451.004.000) 08/07 19:01:28 Image size of job updated: 3916
	4  -  MemoryUsage of job (MB)
	3916  -  ResidentSetSize of job (KB)
...
006 (16690451.004.000) 08/07 19:06:23 Image size of job updated: 228200
	4  -  MemoryUsage of job (MB)
	3916  -  ResidentSetSize of job (KB)
...
040 (16690451.004.000) 08/07 19:06:23 Started transferring output files
...
040 (16690451.004.000) 08/07 19:06:23 Finished transferring output files
...
005 (16690451.004.000) 08/07 19:06:24 Job terminated.
	(1) Normal termination (return value 0)
		Usr 0 00:04:33, Sys 0 00:00:09  -  Run Remote Usage
		Usr 0 00:00:00, Sys 0 00:00:00  -  Run Local Usage
		Usr 0 00:04:33, Sys 0 00:00:09  -  Total Remote Usage
		Usr 0 00:00:00, Sys 0 00:00:00  -  Total Local Usage
	13450  -  Run Bytes Sent By Job
	853  -  Run Bytes Received By Job
	13450  -  Total Bytes Sent By Job
	853  -  Total Bytes Received By Job
	Partitionable Resources :    Usage  Request Allocated 
	   Cpus                 :        0        1         1 
	   Disk (KB)            :       65        1      3688 
	   GPUs                 :                           0 
	   Memory (MB)          :        4     3000      3000 
	   TimeExecute (s)      :      304                    
	   TimeSlotBusy (s)     :      306                    
...
