000 (16690451.011.000) 08/07 18:54:31 Job submitted from host: <188.184.90.241:9618?addrs=188.184.90.241-9618+[2001-1458-201-e4--100-2eb]-9618&alias=bigbird15.cern.ch&noUDP&sock=schedd_3150_376a>
...
040 (16690451.011.000) 08/07 19:01:20 Started transferring input files
	Transferring to host: <128.142.132.37:9618?addrs=128.142.132.37-9618+[2001-1458-301-5a--100-19]-9618&alias=b9g12p6868.cern.ch&noUDP&sock=slot1_23_2822_1aac_22023>
...
040 (16690451.011.000) 08/07 19:01:20 Finished transferring input files
...
001 (16690451.011.000) 08/07 19:01:21 Job executing on host: <128.142.132.37:9618?addrs=128.142.132.37-9618+[2001-1458-301-5a--100-19]-9618&alias=b9g12p6868.cern.ch&noUDP&sock=startd_2380_0f7d>
	SlotName: slot1_23@b9g12p6868.cern.ch
	CondorScratchDir = "/pool/condor/dir_475047"
	Cpus = 1
	Disk = 2676
	GPUs = 0
	Memory = 3000
...
006 (16690451.011.000) 08/07 19:01:30 Image size of job updated: 11048
	11  -  MemoryUsage of job (MB)
	11048  -  ResidentSetSize of job (KB)
...
006 (16690451.011.000) 08/07 19:06:30 Image size of job updated: 219012
	214  -  MemoryUsage of job (MB)
	219012  -  ResidentSetSize of job (KB)
...
006 (16690451.011.000) 08/07 19:11:07 Image size of job updated: 219480
	214  -  MemoryUsage of job (MB)
	219012  -  ResidentSetSize of job (KB)
...
040 (16690451.011.000) 08/07 19:11:07 Started transferring output files
...
040 (16690451.011.000) 08/07 19:11:07 Finished transferring output files
...
005 (16690451.011.000) 08/07 19:11:07 Job terminated.
	(1) Normal termination (return value 0)
		Usr 0 00:09:00, Sys 0 00:00:09  -  Run Remote Usage
		Usr 0 00:00:00, Sys 0 00:00:00  -  Run Local Usage
		Usr 0 00:09:00, Sys 0 00:00:09  -  Total Remote Usage
		Usr 0 00:00:00, Sys 0 00:00:00  -  Total Local Usage
	13582  -  Run Bytes Sent By Job
	853  -  Run Bytes Received By Job
	13582  -  Total Bytes Sent By Job
	853  -  Total Bytes Received By Job
	Partitionable Resources :    Usage  Request Allocated 
	   Cpus                 :     0.99        1         1 
	   Disk (KB)            :    52           1      2676 
	   GPUs                 :                           0 
	   Memory (MB)          :   214        3000      3000 
	   TimeExecute (s)      :   586                       
	   TimeSlotBusy (s)     :   588                       
...
