000 (16690451.007.000) 08/07 18:54:31 Job submitted from host: <188.184.90.241:9618?addrs=188.184.90.241-9618+[2001-1458-201-e4--100-2eb]-9618&alias=bigbird15.cern.ch&noUDP&sock=schedd_3150_376a>
...
040 (16690451.007.000) 08/07 19:01:19 Started transferring input files
	Transferring to host: <188.185.211.204:9618?addrs=188.185.211.204-9618+[2001-1458-303-17--100-48]-9618&alias=b9p24p9394.cern.ch&noUDP&sock=slot1_22_6077_8bd0_22715>
...
040 (16690451.007.000) 08/07 19:01:19 Finished transferring input files
...
001 (16690451.007.000) 08/07 19:01:21 Job executing on host: <188.185.211.204:9618?addrs=188.185.211.204-9618+[2001-1458-303-17--100-48]-9618&alias=b9p24p9394.cern.ch&noUDP&sock=startd_5425_ad5f>
	SlotName: slot1_22@b9p24p9394.cern.ch
	CondorScratchDir = "/pool/condor/dir_2608330"
	Cpus = 1
	Disk = 3771
	GPUs = 0
	Memory = 3000
...
006 (16690451.007.000) 08/07 19:01:29 Image size of job updated: 3904
	4  -  MemoryUsage of job (MB)
	3904  -  ResidentSetSize of job (KB)
...
006 (16690451.007.000) 08/07 19:06:29 Image size of job updated: 219180
	215  -  MemoryUsage of job (MB)
	219180  -  ResidentSetSize of job (KB)
...
006 (16690451.007.000) 08/07 19:08:02 Image size of job updated: 235764
	215  -  MemoryUsage of job (MB)
	219180  -  ResidentSetSize of job (KB)
...
040 (16690451.007.000) 08/07 19:08:02 Started transferring output files
...
040 (16690451.007.000) 08/07 19:08:02 Finished transferring output files
...
005 (16690451.007.000) 08/07 19:08:03 Job terminated.
	(1) Normal termination (return value 0)
		Usr 0 00:06:08, Sys 0 00:00:09  -  Run Remote Usage
		Usr 0 00:00:00, Sys 0 00:00:00  -  Run Local Usage
		Usr 0 00:06:08, Sys 0 00:00:09  -  Total Remote Usage
		Usr 0 00:00:00, Sys 0 00:00:00  -  Total Local Usage
	13582  -  Run Bytes Sent By Job
	853  -  Run Bytes Received By Job
	13582  -  Total Bytes Sent By Job
	853  -  Total Bytes Received By Job
	Partitionable Resources :    Usage  Request Allocated 
	   Cpus                 :        0        1         1 
	   Disk (KB)            :       63        1      3771 
	   GPUs                 :                           0 
	   Memory (MB)          :      215     3000      3000 
	   TimeExecute (s)      :      401                    
	   TimeSlotBusy (s)     :      404                    
...
