000 (16690451.001.000) 08/07 18:54:31 Job submitted from host: <188.184.90.241:9618?addrs=188.184.90.241-9618+[2001-1458-201-e4--100-2eb]-9618&alias=bigbird15.cern.ch&noUDP&sock=schedd_3150_376a>
...
040 (16690451.001.000) 08/07 19:01:17 Started transferring input files
	Transferring to host: <188.185.206.142:9618?addrs=188.185.206.142-9618+[2001-1458-303-c--100-b]-9618&alias=b9p06p3480.cern.ch&noUDP&sock=slot1_19_10962_7877_20995>
...
040 (16690451.001.000) 08/07 19:01:17 Finished transferring input files
...
001 (16690451.001.000) 08/07 19:01:18 Job executing on host: <188.185.206.142:9618?addrs=188.185.206.142-9618+[2001-1458-303-c--100-b]-9618&alias=b9p06p3480.cern.ch&noUDP&sock=startd_9469_865e>
	SlotName: slot1_19@b9p06p3480.cern.ch
	CondorScratchDir = "/pool/condor/dir_3745337"
	Cpus = 1
	Disk = 3573
	GPUs = 0
	Memory = 3000
...
006 (16690451.001.000) 08/07 19:01:27 Image size of job updated: 11044
	4  -  MemoryUsage of job (MB)
	3908  -  ResidentSetSize of job (KB)
...
006 (16690451.001.000) 08/07 19:03:30 Image size of job updated: 226752
	4  -  MemoryUsage of job (MB)
	3908  -  ResidentSetSize of job (KB)
...
040 (16690451.001.000) 08/07 19:03:30 Started transferring output files
...
040 (16690451.001.000) 08/07 19:03:30 Finished transferring output files
...
005 (16690451.001.000) 08/07 19:03:31 Job terminated.
	(1) Normal termination (return value 0)
		Usr 0 00:01:42, Sys 0 00:00:08  -  Run Remote Usage
		Usr 0 00:00:00, Sys 0 00:00:00  -  Run Local Usage
		Usr 0 00:01:42, Sys 0 00:00:08  -  Total Remote Usage
		Usr 0 00:00:00, Sys 0 00:00:00  -  Total Local Usage
	12526  -  Run Bytes Sent By Job
	852  -  Run Bytes Received By Job
	12526  -  Total Bytes Sent By Job
	852  -  Total Bytes Received By Job
	Partitionable Resources :    Usage  Request Allocated 
	   Cpus                 :        0        1         1 
	   Disk (KB)            :       65        1      3573 
	   GPUs                 :                           0 
	   Memory (MB)          :        4     3000      3000 
	   TimeExecute (s)      :      132                    
	   TimeSlotBusy (s)     :      134                    
...
