000 (16690451.002.000) 08/07 18:54:31 Job submitted from host: <188.184.90.241:9618?addrs=188.184.90.241-9618+[2001-1458-201-e4--100-2eb]-9618&alias=bigbird15.cern.ch&noUDP&sock=schedd_3150_376a>
...
040 (16690451.002.000) 08/07 19:01:18 Started transferring input files
	Transferring to host: <188.185.215.20:9618?addrs=188.185.215.20-9618+[2001-1458-303-1e--100-10]-9618&alias=b9p31p6744.cern.ch&noUDP&sock=slot1_25_4781_659b_14696>
...
040 (16690451.002.000) 08/07 19:01:18 Finished transferring input files
...
001 (16690451.002.000) 08/07 19:01:19 Job executing on host: <188.185.215.20:9618?addrs=188.185.215.20-9618+[2001-1458-303-1e--100-10]-9618&alias=b9p31p6744.cern.ch&noUDP&sock=startd_4083_2d47>
	SlotName: slot1_25@b9p31p6744.cern.ch
	CondorScratchDir = "/pool/condor/dir_2033741"
	Cpus = 1
	Disk = 3781
	GPUs = 0
	Memory = 3000
...
006 (16690451.002.000) 08/07 19:01:28 Image size of job updated: 3804
	2  -  MemoryUsage of job (MB)
	1856  -  ResidentSetSize of job (KB)
...
006 (16690451.002.000) 08/07 19:03:18 Image size of job updated: 218324
	2  -  MemoryUsage of job (MB)
	1856  -  ResidentSetSize of job (KB)
...
040 (16690451.002.000) 08/07 19:03:18 Started transferring output files
...
040 (16690451.002.000) 08/07 19:03:18 Finished transferring output files
...
005 (16690451.002.000) 08/07 19:03:18 Job terminated.
	(1) Normal termination (return value 0)
		Usr 0 00:01:37, Sys 0 00:00:08  -  Run Remote Usage
		Usr 0 00:00:00, Sys 0 00:00:00  -  Run Local Usage
		Usr 0 00:01:37, Sys 0 00:00:08  -  Total Remote Usage
		Usr 0 00:00:00, Sys 0 00:00:00  -  Total Local Usage
	12493  -  Run Bytes Sent By Job
	853  -  Run Bytes Received By Job
	12493  -  Total Bytes Sent By Job
	853  -  Total Bytes Received By Job
	Partitionable Resources :    Usage  Request Allocated 
	   Cpus                 :        0        1         1 
	   Disk (KB)            :       63        1      3781 
	   GPUs                 :                           0 
	   Memory (MB)          :        2     3000      3000 
	   TimeExecute (s)      :      119                    
	   TimeSlotBusy (s)     :      121                    
...
