000 (16690451.003.000) 08/07 18:54:31 Job submitted from host: <188.184.90.241:9618?addrs=188.184.90.241-9618+[2001-1458-201-e4--100-2eb]-9618&alias=bigbird15.cern.ch&noUDP&sock=schedd_3150_376a>
...
040 (16690451.003.000) 08/07 19:01:18 Started transferring input files
	Transferring to host: <188.185.214.220:9618?addrs=188.185.214.220-9618+[2001-1458-303-1d--100-58]-9618&alias=b9p30p4618.cern.ch&noUDP&sock=slot1_2_3981_b97b_25172>
...
040 (16690451.003.000) 08/07 19:01:18 Finished transferring input files
...
001 (16690451.003.000) 08/07 19:01:19 Job executing on host: <188.185.214.220:9618?addrs=188.185.214.220-9618+[2001-1458-303-1d--100-58]-9618&alias=b9p30p4618.cern.ch&noUDP&sock=startd_3715_c26d>
	SlotName: slot1_2@b9p30p4618.cern.ch
	CondorScratchDir = "/pool/condor/dir_2539033"
	Cpus = 1
	Disk = 3891
	GPUs = 0
	Memory = 3000
...
006 (16690451.003.000) 08/07 19:01:28 Image size of job updated: 3912
	4  -  MemoryUsage of job (MB)
	3912  -  ResidentSetSize of job (KB)
...
006 (16690451.003.000) 08/07 19:06:29 Image size of job updated: 219512
	215  -  MemoryUsage of job (MB)
	219512  -  ResidentSetSize of job (KB)
...
006 (16690451.003.000) 08/07 19:06:32 Image size of job updated: 228324
	215  -  MemoryUsage of job (MB)
	219512  -  ResidentSetSize of job (KB)
...
040 (16690451.003.000) 08/07 19:06:32 Started transferring output files
...
040 (16690451.003.000) 08/07 19:06:32 Finished transferring output files
...
005 (16690451.003.000) 08/07 19:06:32 Job terminated.
	(1) Normal termination (return value 0)
		Usr 0 00:04:44, Sys 0 00:00:08  -  Run Remote Usage
		Usr 0 00:00:00, Sys 0 00:00:00  -  Run Local Usage
		Usr 0 00:04:44, Sys 0 00:00:08  -  Total Remote Usage
		Usr 0 00:00:00, Sys 0 00:00:00  -  Total Local Usage
	13417  -  Run Bytes Sent By Job
	853  -  Run Bytes Received By Job
	13417  -  Total Bytes Sent By Job
	853  -  Total Bytes Received By Job
	Partitionable Resources :    Usage  Request Allocated 
	   Cpus                 :        0        1         1 
	   Disk (KB)            :       63        1      3891 
	   GPUs                 :                           0 
	   Memory (MB)          :      215     3000      3000 
	   TimeExecute (s)      :      313                    
	   TimeSlotBusy (s)     :      315                    
...
