000 (16690451.019.000) 08/07 18:54:31 Job submitted from host: <188.184.90.241:9618?addrs=188.184.90.241-9618+[2001-1458-201-e4--100-2eb]-9618&alias=bigbird15.cern.ch&noUDP&sock=schedd_3150_376a>
...
040 (16690451.019.000) 08/07 19:01:22 Started transferring input files
	Transferring to host: <188.185.206.222:9618?addrs=188.185.206.222-9618+[2001-1458-303-c--100-5b]-9618&alias=b9p06p8710.cern.ch&noUDP&sock=slot1_11_8006_b37f_22809>
...
040 (16690451.019.000) 08/07 19:01:22 Finished transferring input files
...
001 (16690451.019.000) 08/07 19:01:23 Job executing on host: <188.185.206.222:9618?addrs=188.185.206.222-9618+[2001-1458-303-c--100-5b]-9618&alias=b9p06p8710.cern.ch&noUDP&sock=startd_7027_8418>
	SlotName: slot1_11@b9p06p8710.cern.ch
	CondorScratchDir = "/pool/condor/dir_1611430"
	Cpus = 1
	Disk = 3746
	GPUs = 0
	Memory = 3000
...
006 (16690451.019.000) 08/07 19:01:32 Image size of job updated: 3892
	4  -  MemoryUsage of job (MB)
	3892  -  ResidentSetSize of job (KB)
...
006 (16690451.019.000) 08/07 19:06:33 Image size of job updated: 219300
	215  -  MemoryUsage of job (MB)
	219300  -  ResidentSetSize of job (KB)
...
006 (16690451.019.000) 08/07 19:07:05 Image size of job updated: 233208
	215  -  MemoryUsage of job (MB)
	219300  -  ResidentSetSize of job (KB)
...
040 (16690451.019.000) 08/07 19:07:06 Started transferring output files
...
040 (16690451.019.000) 08/07 19:07:06 Finished transferring output files
...
005 (16690451.019.000) 08/07 19:07:07 Job terminated.
	(1) Normal termination (return value 0)
		Usr 0 00:04:58, Sys 0 00:00:10  -  Run Remote Usage
		Usr 0 00:00:00, Sys 0 00:00:00  -  Run Local Usage
		Usr 0 00:04:58, Sys 0 00:00:10  -  Total Remote Usage
		Usr 0 00:00:00, Sys 0 00:00:00  -  Total Local Usage
	13582  -  Run Bytes Sent By Job
	853  -  Run Bytes Received By Job
	13582  -  Total Bytes Sent By Job
	853  -  Total Bytes Received By Job
	Partitionable Resources :    Usage  Request Allocated 
	   Cpus                 :     0.99        1         1 
	   Disk (KB)            :    65           1      3746 
	   GPUs                 :                           0 
	   Memory (MB)          :   215        3000      3000 
	   TimeExecute (s)      :   342                       
	   TimeSlotBusy (s)     :   345                       
...
