000 (16690451.022.000) 08/07 18:54:31 Job submitted from host: <188.184.90.241:9618?addrs=188.184.90.241-9618+[2001-1458-201-e4--100-2eb]-9618&alias=bigbird15.cern.ch&noUDP&sock=schedd_3150_376a>
...
040 (16690451.022.000) 08/07 19:01:23 Started transferring input files
	Transferring to host: <188.185.211.58:9618?addrs=188.185.211.58-9618+[2001-1458-303-16--100-36]-9618&alias=b9p23p3468.cern.ch&noUDP&sock=slot1_11_3524_ba08_21619>
...
040 (16690451.022.000) 08/07 19:01:23 Finished transferring input files
...
001 (16690451.022.000) 08/07 19:01:24 Job executing on host: <188.185.211.58:9618?addrs=188.185.211.58-9618+[2001-1458-303-16--100-36]-9618&alias=b9p23p3468.cern.ch&noUDP&sock=startd_3102_4ade>
	SlotName: slot1_11@b9p23p3468.cern.ch
	CondorScratchDir = "/pool/condor/dir_193922"
	Cpus = 1
	Disk = 3902
	GPUs = 0
	Memory = 3000
...
006 (16690451.022.000) 08/07 19:01:33 Image size of job updated: 3904
	4  -  MemoryUsage of job (MB)
	3904  -  ResidentSetSize of job (KB)
...
006 (16690451.022.000) 08/07 19:03:03 Image size of job updated: 210120
	4  -  MemoryUsage of job (MB)
	3904  -  ResidentSetSize of job (KB)
...
040 (16690451.022.000) 08/07 19:03:03 Started transferring output files
...
040 (16690451.022.000) 08/07 19:03:03 Finished transferring output files
...
005 (16690451.022.000) 08/07 19:03:04 Job terminated.
	(1) Normal termination (return value 0)
		Usr 0 00:01:18, Sys 0 00:00:08  -  Run Remote Usage
		Usr 0 00:00:00, Sys 0 00:00:00  -  Run Local Usage
		Usr 0 00:01:18, Sys 0 00:00:08  -  Total Remote Usage
		Usr 0 00:00:00, Sys 0 00:00:00  -  Total Local Usage
	12394  -  Run Bytes Sent By Job
	853  -  Run Bytes Received By Job
	12394  -  Total Bytes Sent By Job
	853  -  Total Bytes Received By Job
	Partitionable Resources :    Usage  Request Allocated 
	   Cpus                 :        0        1         1 
	   Disk (KB)            :       63        1      3902 
	   GPUs                 :                           0 
	   Memory (MB)          :        4     3000      3000 
	   TimeExecute (s)      :       99                    
	   TimeSlotBusy (s)     :      101                    
...
