000 (16690451.013.000) 08/07 18:54:31 Job submitted from host: <188.184.90.241:9618?addrs=188.184.90.241-9618+[2001-1458-201-e4--100-2eb]-9618&alias=bigbird15.cern.ch&noUDP&sock=schedd_3150_376a>
...
040 (16690451.013.000) 08/07 19:01:25 Started transferring input files
	Transferring to host: <188.185.215.16:9618?addrs=188.185.215.16-9618+[2001-1458-303-1e--100-c]-9618&alias=b9p31p2681.cern.ch&noUDP&sock=slot1_24_4677_1e97_15438>
...
040 (16690451.013.000) 08/07 19:01:25 Finished transferring input files
...
001 (16690451.013.000) 08/07 19:01:26 Job executing on host: <188.185.215.16:9618?addrs=188.185.215.16-9618+[2001-1458-303-1e--100-c]-9618&alias=b9p31p2681.cern.ch&noUDP&sock=startd_4025_64c8>
	SlotName: slot1_24@b9p31p2681.cern.ch
	CondorScratchDir = "/pool/condor/dir_3371362"
	Cpus = 1
	Disk = 3758
	GPUs = 0
	Memory = 3000
...
006 (16690451.013.000) 08/07 19:01:35 Image size of job updated: 2612
	2  -  MemoryUsage of job (MB)
	1668  -  ResidentSetSize of job (KB)
...
006 (16690451.013.000) 08/07 19:06:36 Image size of job updated: 217248
	213  -  MemoryUsage of job (MB)
	217248  -  ResidentSetSize of job (KB)
...
006 (16690451.013.000) 08/07 19:07:14 Image size of job updated: 219800
	213  -  MemoryUsage of job (MB)
	217248  -  ResidentSetSize of job (KB)
...
040 (16690451.013.000) 08/07 19:07:14 Started transferring output files
...
040 (16690451.013.000) 08/07 19:07:14 Finished transferring output files
...
005 (16690451.013.000) 08/07 19:07:14 Job terminated.
	(1) Normal termination (return value 0)
		Usr 0 00:05:21, Sys 0 00:00:09  -  Run Remote Usage
		Usr 0 00:00:00, Sys 0 00:00:00  -  Run Local Usage
		Usr 0 00:05:21, Sys 0 00:00:09  -  Total Remote Usage
		Usr 0 00:00:00, Sys 0 00:00:00  -  Total Local Usage
	13582  -  Run Bytes Sent By Job
	853  -  Run Bytes Received By Job
	13582  -  Total Bytes Sent By Job
	853  -  Total Bytes Received By Job
	Partitionable Resources :    Usage  Request Allocated 
	   Cpus                 :        0        1         1 
	   Disk (KB)            :       52        1      3758 
	   GPUs                 :                           0 
	   Memory (MB)          :      213     3000      3000 
	   TimeExecute (s)      :      348                    
	   TimeSlotBusy (s)     :      349                    
...
