000 (16690451.014.000) 08/07 18:54:31 Job submitted from host: <188.184.90.241:9618?addrs=188.184.90.241-9618+[2001-1458-201-e4--100-2eb]-9618&alias=bigbird15.cern.ch&noUDP&sock=schedd_3150_376a>
...
040 (16690451.014.000) 08/07 19:01:20 Started transferring input files
	Transferring to host: <128.142.192.183:9618?addrs=128.142.192.183-9618+[2001-1458-301-56--100-33]-9618&alias=b9g18p2914.cern.ch&noUDP&sock=slot1_6_4729_c219_23382>
...
040 (16690451.014.000) 08/07 19:01:20 Finished transferring input files
...
001 (16690451.014.000) 08/07 19:01:21 Job executing on host: <128.142.192.183:9618?addrs=128.142.192.183-9618+[2001-1458-301-56--100-33]-9618&alias=b9g18p2914.cern.ch&noUDP&sock=startd_3875_8194>
	SlotName: slot1_6@b9g18p2914.cern.ch
	CondorScratchDir = "/pool/condor/dir_2945402"
	Cpus = 1
	Disk = 3809
	GPUs = 0
	Memory = 3000
...
006 (16690451.014.000) 08/07 19:01:30 Image size of job updated: 38040
	38  -  MemoryUsage of job (MB)
	38040  -  ResidentSetSize of job (KB)
...
006 (16690451.014.000) 08/07 19:06:31 Image size of job updated: 219104
	214  -  MemoryUsage of job (MB)
	219104  -  ResidentSetSize of job (KB)
...
006 (16690451.014.000) 08/07 19:07:30 Image size of job updated: 221608
	214  -  MemoryUsage of job (MB)
	219104  -  ResidentSetSize of job (KB)
...
040 (16690451.014.000) 08/07 19:07:30 Started transferring output files
...
040 (16690451.014.000) 08/07 19:07:30 Finished transferring output files
...
005 (16690451.014.000) 08/07 19:07:30 Job terminated.
	(1) Normal termination (return value 0)
		Usr 0 00:05:43, Sys 0 00:00:06  -  Run Remote Usage
		Usr 0 00:00:00, Sys 0 00:00:00  -  Run Local Usage
		Usr 0 00:05:43, Sys 0 00:00:06  -  Total Remote Usage
		Usr 0 00:00:00, Sys 0 00:00:00  -  Total Local Usage
	13582  -  Run Bytes Sent By Job
	853  -  Run Bytes Received By Job
	13582  -  Total Bytes Sent By Job
	853  -  Total Bytes Received By Job
	Partitionable Resources :    Usage  Request Allocated 
	   Cpus                 :     0.99        1         1 
	   Disk (KB)            :    63           1      3809 
	   GPUs                 :                           0 
	   Memory (MB)          :   214        3000      3000 
	   TimeExecute (s)      :   369                       
	   TimeSlotBusy (s)     :   371                       
...
