000 (16690451.020.000) 08/07 18:54:31 Job submitted from host: <188.184.90.241:9618?addrs=188.184.90.241-9618+[2001-1458-201-e4--100-2eb]-9618&alias=bigbird15.cern.ch&noUDP&sock=schedd_3150_376a>
...
040 (16690451.020.000) 08/07 19:01:22 Started transferring input files
	Transferring to host: <188.185.206.41:9618?addrs=188.185.206.41-9618+[2001-1458-303-b--100-26]-9618&alias=b9p05p0465.cern.ch&noUDP&sock=slot1_17_5943_218b_21763>
...
040 (16690451.020.000) 08/07 19:01:22 Finished transferring input files
...
001 (16690451.020.000) 08/07 19:01:23 Job executing on host: <188.185.206.41:9618?addrs=188.185.206.41-9618+[2001-1458-303-b--100-26]-9618&alias=b9p05p0465.cern.ch&noUDP&sock=startd_5069_7da8>
	SlotName: slot1_17@b9p05p0465.cern.ch
	CondorScratchDir = "/pool/condor/dir_4046708"
	Cpus = 1
	Disk = 3836
	GPUs = 0
	Memory = 3000
...
006 (16690451.020.000) 08/07 19:01:32 Image size of job updated: 1600
	2  -  MemoryUsage of job (MB)
	1600  -  ResidentSetSize of job (KB)
...
006 (16690451.020.000) 08/07 19:05:49 Image size of job updated: 237012
	2  -  MemoryUsage of job (MB)
	1640  -  ResidentSetSize of job (KB)
...
040 (16690451.020.000) 08/07 19:05:49 Started transferring output files
...
040 (16690451.020.000) 08/07 19:05:49 Finished transferring output files
...
005 (16690451.020.000) 08/07 19:05:50 Job terminated.
	(1) Normal termination (return value 0)
		Usr 0 00:03:59, Sys 0 00:00:09  -  Run Remote Usage
		Usr 0 00:00:00, Sys 0 00:00:00  -  Run Local Usage
		Usr 0 00:03:59, Sys 0 00:00:09  -  Total Remote Usage
		Usr 0 00:00:00, Sys 0 00:00:00  -  Total Local Usage
	13186  -  Run Bytes Sent By Job
	853  -  Run Bytes Received By Job
	13186  -  Total Bytes Sent By Job
	853  -  Total Bytes Received By Job
	Partitionable Resources :    Usage  Request Allocated 
	   Cpus                 :        0        1         1 
	   Disk (KB)            :       65        1      3836 
	   GPUs                 :                           0 
	   Memory (MB)          :        2     3000      3000 
	   TimeExecute (s)      :      266                    
	   TimeSlotBusy (s)     :      268                    
...
