000 (16690451.016.000) 08/07 18:54:31 Job submitted from host: <188.184.90.241:9618?addrs=188.184.90.241-9618+[2001-1458-201-e4--100-2eb]-9618&alias=bigbird15.cern.ch&noUDP&sock=schedd_3150_376a>
...
040 (16690451.016.000) 08/07 19:01:21 Started transferring input files
	Transferring to host: <128.142.132.140:9618?addrs=128.142.132.140-9618+[2001-1458-301-5a--100-80]-9618&alias=b9g12p6606.cern.ch&noUDP&sock=slot1_20_2853_f24d_22331>
...
040 (16690451.016.000) 08/07 19:01:21 Finished transferring input files
...
001 (16690451.016.000) 08/07 19:01:22 Job executing on host: <128.142.132.140:9618?addrs=128.142.132.140-9618+[2001-1458-301-5a--100-80]-9618&alias=b9g12p6606.cern.ch&noUDP&sock=startd_2471_7a9c>
	SlotName: slot1_20@b9g12p6606.cern.ch
	CondorScratchDir = "/pool/condor/dir_2528721"
	Cpus = 1
	Disk = 2508
	GPUs = 0
	Memory = 3000
...
006 (16690451.016.000) 08/07 19:01:31 Image size of job updated: 11052
	2  -  MemoryUsage of job (MB)
	1468  -  ResidentSetSize of job (KB)
...
006 (16690451.016.000) 08/07 19:06:32 Image size of job updated: 219476
	215  -  MemoryUsage of job (MB)
	219476  -  ResidentSetSize of job (KB)
...
040 (16690451.016.000) 08/07 19:08:42 Started transferring output files
...
040 (16690451.016.000) 08/07 19:08:42 Finished transferring output files
...
005 (16690451.016.000) 08/07 19:08:43 Job terminated.
	(1) Normal termination (return value 0)
		Usr 0 00:06:47, Sys 0 00:00:06  -  Run Remote Usage
		Usr 0 00:00:00, Sys 0 00:00:00  -  Run Local Usage
		Usr 0 00:06:47, Sys 0 00:00:06  -  Total Remote Usage
		Usr 0 00:00:00, Sys 0 00:00:00  -  Total Local Usage
	13582  -  Run Bytes Sent By Job
	853  -  Run Bytes Received By Job
	13582  -  Total Bytes Sent By Job
	853  -  Total Bytes Received By Job
	Partitionable Resources :    Usage  Request Allocated 
	   Cpus                 :        0        1         1 
	   Disk (KB)            :       63        1      2508 
	   GPUs                 :                           0 
	   Memory (MB)          :      215     3000      3000 
	   TimeExecute (s)      :      440                    
	   TimeSlotBusy (s)     :      442                    
...
