000 (16690451.015.000) 08/07 18:54:31 Job submitted from host: <188.184.90.241:9618?addrs=188.184.90.241-9618+[2001-1458-201-e4--100-2eb]-9618&alias=bigbird15.cern.ch&noUDP&sock=schedd_3150_376a>
...
040 (16690451.015.000) 08/07 19:01:21 Started transferring input files
	Transferring to host: <188.185.211.200:9618?addrs=188.185.211.200-9618+[2001-1458-303-17--100-44]-9618&alias=b9p24p4462.cern.ch&noUDP&sock=slot1_15_9492_b8fb_22927>
...
040 (16690451.015.000) 08/07 19:01:21 Finished transferring input files
...
001 (16690451.015.000) 08/07 19:01:22 Job executing on host: <188.185.211.200:9618?addrs=188.185.211.200-9618+[2001-1458-303-17--100-44]-9618&alias=b9p24p4462.cern.ch&noUDP&sock=startd_8647_b385>
	SlotName: slot1_15@b9p24p4462.cern.ch
	CondorScratchDir = "/pool/condor/dir_2643489"
	Cpus = 1
	Disk = 3752
	GPUs = 0
	Memory = 3000
...
006 (16690451.015.000) 08/07 19:01:31 Image size of job updated: 3908
	4  -  MemoryUsage of job (MB)
	3908  -  ResidentSetSize of job (KB)
...
006 (16690451.015.000) 08/07 19:06:32 Image size of job updated: 219244
	215  -  MemoryUsage of job (MB)
	219244  -  ResidentSetSize of job (KB)
...
040 (16690451.015.000) 08/07 19:07:18 Started transferring output files
...
040 (16690451.015.000) 08/07 19:07:18 Finished transferring output files
...
005 (16690451.015.000) 08/07 19:07:18 Job terminated.
	(1) Normal termination (return value 0)
		Usr 0 00:05:20, Sys 0 00:00:09  -  Run Remote Usage
		Usr 0 00:00:00, Sys 0 00:00:00  -  Run Local Usage
		Usr 0 00:05:20, Sys 0 00:00:09  -  Total Remote Usage
		Usr 0 00:00:00, Sys 0 00:00:00  -  Total Local Usage
	13582  -  Run Bytes Sent By Job
	853  -  Run Bytes Received By Job
	13582  -  Total Bytes Sent By Job
	853  -  Total Bytes Received By Job
	Partitionable Resources :    Usage  Request Allocated 
	   Cpus                 :        0        1         1 
	   Disk (KB)            :       63        1      3752 
	   GPUs                 :                           0 
	   Memory (MB)          :      215     3000      3000 
	   TimeExecute (s)      :      356                    
	   TimeSlotBusy (s)     :      358                    
...
