TLS: Unable to use cert+key file /tmp/x509up_u182844; does not exist.
Info in <TCanvas::Print>: png file images/h_res_all.png has been created
Info in <TCanvas::Print>: pdf file images/h_res_all.pdf has been created
Info in <TCanvas::Print>: png file images/plot_range_0_20.png has been created
Info in <TCanvas::Print>: pdf file images/plot_range_0_20.pdf has been created
Info in <TCanvas::Print>: png file images/plot_range_20_30.png has been created
Info in <TCanvas::Print>: pdf file images/plot_range_20_30.pdf has been created
Info in <TCanvas::Print>: png file images/plot_range_30_40.png has been created
Info in <TCanvas::Print>: pdf file images/plot_range_30_40.pdf has been created
Info in <TCanvas::Print>: png file images/plot_range_40_50.png has been created
Info in <TCanvas::Print>: pdf file images/plot_range_40_50.pdf has been created
Info in <TCanvas::Print>: png file images/plot_range_50_80.png has been created
Info in <TCanvas::Print>: pdf file images/plot_range_50_80.pdf has been created
Info in <TCanvas::Print>: png file images/plot_range_80_120.png has been created
Info in <TCanvas::Print>: pdf file images/plot_range_80_120.pdf has been created
Info in <TCanvas::Print>: png file images/plot_range_120_500.png has been created
Info in <TCanvas::Print>: pdf file images/plot_range_120_500.pdf has been created
Info in <TCanvas::Print>: png file images/plot_bins_overlay.png has been created
Info in <TCanvas::Print>: pdf file images/plot_bins_overlay.pdf has been created
Info in <TCanvas::Print>: png file images/rms_vs_pt.png has been created
Info in <TCanvas::Print>: pdf file images/rms_vs_pt.pdf has been created
Info in <TCanvas::Print>: png file images/h_res_all_prompt.png has been created
Info in <TCanvas::Print>: pdf file images/h_res_all_prompt.pdf has been created
Info in <TCanvas::Print>: png file images/plot_range_0_20_prompt.png has been created
Info in <TCanvas::Print>: pdf file images/plot_range_0_20_prompt.pdf has been created
Info in <TCanvas::Print>: png file images/plot_range_20_30_prompt.png has been created
Info in <TCanvas::Print>: pdf file images/plot_range_20_30_prompt.pdf has been created
Info in <TCanvas::Print>: png file images/plot_range_30_40_prompt.png has been created
Info in <TCanvas::Print>: pdf file images/plot_range_30_40_prompt.pdf has been created
Info in <TCanvas::Print>: png file images/plot_range_40_50_prompt.png has been created
Info in <TCanvas::Print>: pdf file images/plot_range_40_50_prompt.pdf has been created
Info in <TCanvas::Print>: png file images/plot_range_50_80_prompt.png has been created
Info in <TCanvas::Print>: pdf file images/plot_range_50_80_prompt.pdf has been created
Info in <TCanvas::Print>: png file images/plot_range_80_120_prompt.png has been created
Info in <TCanvas::Print>: pdf file images/plot_range_80_120_prompt.pdf has been created
Info in <TCanvas::Print>: png file images/plot_range_120_500_prompt.png has been created
Info in <TCanvas::Print>: pdf file images/plot_range_120_500_prompt.pdf has been created
Info in <TCanvas::Print>: png file images/plot_bins_overlay_prompt.png has been created
Info in <TCanvas::Print>: pdf file images/plot_bins_overlay_prompt.pdf has been created
Info in <TCanvas::Print>: png file images/rms_vs_pt_prompt.png has been created
Info in <TCanvas::Print>: pdf file images/rms_vs_pt_prompt.pdf has been created
