000 (16690451.012.000) 08/07 18:54:31 Job submitted from host: <188.184.90.241:9618?addrs=188.184.90.241-9618+[2001-1458-201-e4--100-2eb]-9618&alias=bigbird15.cern.ch&noUDP&sock=schedd_3150_376a>
...
040 (16690451.012.000) 08/07 19:01:25 Started transferring input files
	Transferring to host: <188.185.208.229:9618?addrs=188.185.208.229-9618+[2001-1458-303-10--100-62]-9618&alias=b9p10p0621.cern.ch&noUDP&sock=slot1_14_7046_4b58_20952>
...
040 (16690451.012.000) 08/07 19:01:25 Finished transferring input files
...
001 (16690451.012.000) 08/07 19:01:26 Job executing on host: <188.185.208.229:9618?addrs=188.185.208.229-9618+[2001-1458-303-10--100-62]-9618&alias=b9p10p0621.cern.ch&noUDP&sock=startd_6107_78f6>
	SlotName: slot1_14@b9p10p0621.cern.ch
	CondorScratchDir = "/pool/condor/dir_3215261"
	Cpus = 1
	Disk = 3795
	GPUs = 0
	Memory = 3000
...
006 (16690451.012.000) 08/07 19:01:35 Image size of job updated: 3904
	4  -  MemoryUsage of job (MB)
	3904  -  ResidentSetSize of job (KB)
...
006 (16690451.012.000) 08/07 19:03:32 Image size of job updated: 218552
	4  -  MemoryUsage of job (MB)
	3904  -  ResidentSetSize of job (KB)
...
040 (16690451.012.000) 08/07 19:03:32 Started transferring output files
...
040 (16690451.012.000) 08/07 19:03:32 Finished transferring output files
...
005 (16690451.012.000) 08/07 19:03:32 Job terminated.
	(1) Normal termination (return value 0)
		Usr 0 00:01:37, Sys 0 00:00:09  -  Run Remote Usage
		Usr 0 00:00:00, Sys 0 00:00:00  -  Run Local Usage
		Usr 0 00:01:37, Sys 0 00:00:09  -  Total Remote Usage
		Usr 0 00:00:00, Sys 0 00:00:00  -  Total Local Usage
	12526  -  Run Bytes Sent By Job
	852  -  Run Bytes Received By Job
	12526  -  Total Bytes Sent By Job
	852  -  Total Bytes Received By Job
	Partitionable Resources :    Usage  Request Allocated 
	   Cpus                 :        0        1         1 
	   Disk (KB)            :       65        1      3795 
	   GPUs                 :                           0 
	   Memory (MB)          :        4     3000      3000 
	   TimeExecute (s)      :      126                    
	   TimeSlotBusy (s)     :      127                    
...
