000 (16690451.018.000) 08/07 18:54:31 Job submitted from host: <188.184.90.241:9618?addrs=188.184.90.241-9618+[2001-1458-201-e4--100-2eb]-9618&alias=bigbird15.cern.ch&noUDP&sock=schedd_3150_376a>
...
040 (16690451.018.000) 08/07 19:01:22 Started transferring input files
	Transferring to host: <188.185.212.79:9618?addrs=188.185.212.79-9618+[2001-1458-303-18--100-4b]-9618&alias=b9p25p0173.cern.ch&noUDP&sock=slot1_15_4159_2442_24873>
...
040 (16690451.018.000) 08/07 19:01:22 Finished transferring input files
...
001 (16690451.018.000) 08/07 19:01:23 Job executing on host: <188.185.212.79:9618?addrs=188.185.212.79-9618+[2001-1458-303-18--100-4b]-9618&alias=b9p25p0173.cern.ch&noUDP&sock=startd_3379_4a9a>
	SlotName: slot1_15@b9p25p0173.cern.ch
	CondorScratchDir = "/pool/condor/dir_419797"
	Cpus = 1
	Disk = 3855
	GPUs = 0
	Memory = 3000
...
006 (16690451.018.000) 08/07 19:01:31 Image size of job updated: 3880
	4  -  MemoryUsage of job (MB)
	3880  -  ResidentSetSize of job (KB)
...
006 (16690451.018.000) 08/07 19:06:31 Image size of job updated: 219120
	214  -  MemoryUsage of job (MB)
	219120  -  ResidentSetSize of job (KB)
...
006 (16690451.018.000) 08/07 19:07:48 Image size of job updated: 237720
	214  -  MemoryUsage of job (MB)
	219120  -  ResidentSetSize of job (KB)
...
040 (16690451.018.000) 08/07 19:07:48 Started transferring output files
...
040 (16690451.018.000) 08/07 19:07:48 Finished transferring output files
...
005 (16690451.018.000) 08/07 19:07:48 Job terminated.
	(1) Normal termination (return value 0)
		Usr 0 00:05:49, Sys 0 00:00:09  -  Run Remote Usage
		Usr 0 00:00:00, Sys 0 00:00:00  -  Run Local Usage
		Usr 0 00:05:49, Sys 0 00:00:09  -  Total Remote Usage
		Usr 0 00:00:00, Sys 0 00:00:00  -  Total Local Usage
	13582  -  Run Bytes Sent By Job
	853  -  Run Bytes Received By Job
	13582  -  Total Bytes Sent By Job
	853  -  Total Bytes Received By Job
	Partitionable Resources :    Usage  Request Allocated 
	   Cpus                 :     0.99        1         1 
	   Disk (KB)            :    63           1      3855 
	   GPUs                 :                           0 
	   Memory (MB)          :   214        3000      3000 
	   TimeExecute (s)      :   385                       
	   TimeSlotBusy (s)     :   387                       
...
