000 (16690451.023.000) 08/07 18:54:31 Job submitted from host: <188.184.90.241:9618?addrs=188.184.90.241-9618+[2001-1458-201-e4--100-2eb]-9618&alias=bigbird15.cern.ch&noUDP&sock=schedd_3150_376a>
...
040 (16690451.023.000) 08/07 19:01:23 Started transferring input files
	Transferring to host: <188.185.215.41:9618?addrs=188.185.215.41-9618+[2001-1458-303-1e--100-25]-9618&alias=b9p31p2155.cern.ch&noUDP&sock=slot1_19_6570_e8c4_15955>
...
040 (16690451.023.000) 08/07 19:01:23 Finished transferring input files
...
001 (16690451.023.000) 08/07 19:01:24 Job executing on host: <188.185.215.41:9618?addrs=188.185.215.41-9618+[2001-1458-303-1e--100-25]-9618&alias=b9p31p2155.cern.ch&noUDP&sock=startd_5811_70ee>
	SlotName: slot1_19@b9p31p2155.cern.ch
	CondorScratchDir = "/pool/condor/dir_3355623"
	Cpus = 1
	Disk = 3670
	GPUs = 0
	Memory = 3000
...
006 (16690451.023.000) 08/07 19:01:33 Image size of job updated: 3884
	4  -  MemoryUsage of job (MB)
	3884  -  ResidentSetSize of job (KB)
...
006 (16690451.023.000) 08/07 19:04:00 Image size of job updated: 218620
	4  -  MemoryUsage of job (MB)
	3884  -  ResidentSetSize of job (KB)
...
040 (16690451.023.000) 08/07 19:04:00 Started transferring output files
...
040 (16690451.023.000) 08/07 19:04:00 Finished transferring output files
...
005 (16690451.023.000) 08/07 19:04:00 Job terminated.
	(1) Normal termination (return value 0)
		Usr 0 00:02:04, Sys 0 00:00:10  -  Run Remote Usage
		Usr 0 00:00:00, Sys 0 00:00:00  -  Run Local Usage
		Usr 0 00:02:04, Sys 0 00:00:10  -  Total Remote Usage
		Usr 0 00:00:00, Sys 0 00:00:00  -  Total Local Usage
	12526  -  Run Bytes Sent By Job
	852  -  Run Bytes Received By Job
	12526  -  Total Bytes Sent By Job
	852  -  Total Bytes Received By Job
	Partitionable Resources :    Usage  Request Allocated 
	   Cpus                 :     0.82        1         1 
	   Disk (KB)            :    63           1      3670 
	   GPUs                 :                           0 
	   Memory (MB)          :     4        3000      3000 
	   TimeExecute (s)      :   156                       
	   TimeSlotBusy (s)     :   158                       
...
