000 (16690451.024.000) 08/07 18:54:31 Job submitted from host: <188.184.90.241:9618?addrs=188.184.90.241-9618+[2001-1458-201-e4--100-2eb]-9618&alias=bigbird15.cern.ch&noUDP&sock=schedd_3150_376a>
...
040 (16690451.024.000) 08/07 19:01:23 Started transferring input files
	Transferring to host: <188.185.214.43:9618?addrs=188.185.214.43-9618+[2001-1458-303-1c--100-27]-9618&alias=b9p29p7058.cern.ch&noUDP&sock=slot1_2_4990_a804_23250>
...
040 (16690451.024.000) 08/07 19:01:23 Finished transferring input files
...
001 (16690451.024.000) 08/07 19:01:24 Job executing on host: <188.185.214.43:9618?addrs=188.185.214.43-9618+[2001-1458-303-1c--100-27]-9618&alias=b9p29p7058.cern.ch&noUDP&sock=startd_4181_658f>
	SlotName: slot1_2@b9p29p7058.cern.ch
	CondorScratchDir = "/pool/condor/dir_60739"
	Cpus = 1
	Disk = 3520
	GPUs = 0
	Memory = 3000
...
006 (16690451.024.000) 08/07 19:01:33 Image size of job updated: 1864
	2  -  MemoryUsage of job (MB)
	1864  -  ResidentSetSize of job (KB)
...
006 (16690451.024.000) 08/07 19:04:28 Image size of job updated: 229812
	2  -  MemoryUsage of job (MB)
	1864  -  ResidentSetSize of job (KB)
...
040 (16690451.024.000) 08/07 19:04:29 Started transferring output files
...
040 (16690451.024.000) 08/07 19:04:29 Finished transferring output files
...
005 (16690451.024.000) 08/07 19:04:29 Job terminated.
	(1) Normal termination (return value 0)
		Usr 0 00:02:17, Sys 0 00:00:09  -  Run Remote Usage
		Usr 0 00:00:00, Sys 0 00:00:00  -  Run Local Usage
		Usr 0 00:02:17, Sys 0 00:00:09  -  Total Remote Usage
		Usr 0 00:00:00, Sys 0 00:00:00  -  Total Local Usage
	12526  -  Run Bytes Sent By Job
	852  -  Run Bytes Received By Job
	12526  -  Total Bytes Sent By Job
	852  -  Total Bytes Received By Job
	Partitionable Resources :    Usage  Request Allocated 
	   Cpus                 :     0.07        1         1 
	   Disk (KB)            :    51           1      3520 
	   GPUs                 :                           0 
	   Memory (MB)          :     2        3000      3000 
	   TimeExecute (s)      :   184                       
	   TimeSlotBusy (s)     :   187                       
...
