000 (16690451.025.000) 08/07 18:54:31 Job submitted from host: <188.184.90.241:9618?addrs=188.184.90.241-9618+[2001-1458-201-e4--100-2eb]-9618&alias=bigbird15.cern.ch&noUDP&sock=schedd_3150_376a>
...
040 (16690451.025.000) 08/07 19:01:24 Started transferring input files
	Transferring to host: <188.185.212.48:9618?addrs=188.185.212.48-9618+[2001-1458-303-18--100-2c]-9618&alias=b9p25p8040.cern.ch&noUDP&sock=slot1_4_8119_51e3_23497>
...
040 (16690451.025.000) 08/07 19:01:24 Finished transferring input files
...
001 (16690451.025.000) 08/07 19:01:25 Job executing on host: <188.185.212.48:9618?addrs=188.185.212.48-9618+[2001-1458-303-18--100-2c]-9618&alias=b9p25p8040.cern.ch&noUDP&sock=startd_7616_8560>
	SlotName: slot1_4@b9p25p8040.cern.ch
	CondorScratchDir = "/pool/condor/dir_1417018"
	Cpus = 1
	Disk = 3865
	GPUs = 0
	Memory = 3000
...
006 (16690451.025.000) 08/07 19:01:34 Image size of job updated: 3892
	4  -  MemoryUsage of job (MB)
	3892  -  ResidentSetSize of job (KB)
...
006 (16690451.025.000) 08/07 19:03:51 Image size of job updated: 237004
	4  -  MemoryUsage of job (MB)
	3892  -  ResidentSetSize of job (KB)
...
040 (16690451.025.000) 08/07 19:03:51 Started transferring output files
...
040 (16690451.025.000) 08/07 19:03:51 Finished transferring output files
...
005 (16690451.025.000) 08/07 19:03:52 Job terminated.
	(1) Normal termination (return value 0)
		Usr 0 00:01:55, Sys 0 00:00:10  -  Run Remote Usage
		Usr 0 00:00:00, Sys 0 00:00:00  -  Run Local Usage
		Usr 0 00:01:55, Sys 0 00:00:10  -  Total Remote Usage
		Usr 0 00:00:00, Sys 0 00:00:00  -  Total Local Usage
	12526  -  Run Bytes Sent By Job
	852  -  Run Bytes Received By Job
	12526  -  Total Bytes Sent By Job
	852  -  Total Bytes Received By Job
	Partitionable Resources :    Usage  Request Allocated 
	   Cpus                 :     0.14        1         1 
	   Disk (KB)            :    63           1      3865 
	   GPUs                 :                           0 
	   Memory (MB)          :     4        3000      3000 
	   TimeExecute (s)      :   146                       
	   TimeSlotBusy (s)     :   149                       
...
