000 (16690451.027.000) 08/07 18:54:31 Job submitted from host: <188.184.90.241:9618?addrs=188.184.90.241-9618+[2001-1458-201-e4--100-2eb]-9618&alias=bigbird15.cern.ch&noUDP&sock=schedd_3150_376a>
...
040 (16690451.027.000) 08/07 19:01:26 Started transferring input files
	Transferring to host: <188.185.206.196:9618?addrs=188.185.206.196-9618+[2001-1458-303-c--100-41]-9618&alias=b9p06p3703.cern.ch&noUDP&sock=slot1_17_5937_e74b_23476>
...
040 (16690451.027.000) 08/07 19:01:26 Finished transferring input files
...
001 (16690451.027.000) 08/07 19:01:27 Job executing on host: <188.185.206.196:9618?addrs=188.185.206.196-9618+[2001-1458-303-c--100-41]-9618&alias=b9p06p3703.cern.ch&noUDP&sock=startd_5053_8424>
	SlotName: slot1_17@b9p06p3703.cern.ch
	CondorScratchDir = "/pool/condor/dir_3761619"
	Cpus = 1
	Disk = 3555
	GPUs = 0
	Memory = 3000
...
006 (16690451.027.000) 08/07 19:01:35 Image size of job updated: 3900
	4  -  MemoryUsage of job (MB)
	3900  -  ResidentSetSize of job (KB)
...
006 (16690451.027.000) 08/07 19:03:27 Image size of job updated: 236480
	4  -  MemoryUsage of job (MB)
	3900  -  ResidentSetSize of job (KB)
...
040 (16690451.027.000) 08/07 19:03:27 Started transferring output files
...
040 (16690451.027.000) 08/07 19:03:27 Finished transferring output files
...
005 (16690451.027.000) 08/07 19:03:28 Job terminated.
	(1) Normal termination (return value 0)
		Usr 0 00:01:38, Sys 0 00:00:09  -  Run Remote Usage
		Usr 0 00:00:00, Sys 0 00:00:00  -  Run Local Usage
		Usr 0 00:01:38, Sys 0 00:00:09  -  Total Remote Usage
		Usr 0 00:00:00, Sys 0 00:00:00  -  Total Local Usage
	12493  -  Run Bytes Sent By Job
	852  -  Run Bytes Received By Job
	12493  -  Total Bytes Sent By Job
	852  -  Total Bytes Received By Job
	Partitionable Resources :    Usage  Request Allocated 
	   Cpus                 :        0        1         1 
	   Disk (KB)            :       66        1      3555 
	   GPUs                 :                           0 
	   Memory (MB)          :        4     3000      3000 
	   TimeExecute (s)      :      120                    
	   TimeSlotBusy (s)     :      123                    
...
