000 (16690451.028.000) 08/07 18:54:31 Job submitted from host: <188.184.90.241:9618?addrs=188.184.90.241-9618+[2001-1458-201-e4--100-2eb]-9618&alias=bigbird15.cern.ch&noUDP&sock=schedd_3150_376a>
...
040 (16690451.028.000) 08/07 19:01:24 Started transferring input files
	Transferring to host: <188.185.211.186:9618?addrs=188.185.211.186-9618+[2001-1458-303-17--100-36]-9618&alias=b9p24p4779.cern.ch&noUDP&sock=slot1_20_4316_c329_22341>
...
040 (16690451.028.000) 08/07 19:01:24 Finished transferring input files
...
001 (16690451.028.000) 08/07 19:01:25 Job executing on host: <188.185.211.186:9618?addrs=188.185.211.186-9618+[2001-1458-303-17--100-36]-9618&alias=b9p24p4779.cern.ch&noUDP&sock=startd_3602_4039>
	SlotName: slot1_20@b9p24p4779.cern.ch
	CondorScratchDir = "/pool/condor/dir_2933830"
	Cpus = 1
	Disk = 3782
	GPUs = 0
	Memory = 3000
...
006 (16690451.028.000) 08/07 19:01:34 Image size of job updated: 3908
	4  -  MemoryUsage of job (MB)
	3908  -  ResidentSetSize of job (KB)
...
006 (16690451.028.000) 08/07 19:04:01 Image size of job updated: 234408
	4  -  MemoryUsage of job (MB)
	3908  -  ResidentSetSize of job (KB)
...
040 (16690451.028.000) 08/07 19:04:01 Started transferring output files
...
040 (16690451.028.000) 08/07 19:04:01 Finished transferring output files
...
005 (16690451.028.000) 08/07 19:04:01 Job terminated.
	(1) Normal termination (return value 0)
		Usr 0 00:02:06, Sys 0 00:00:09  -  Run Remote Usage
		Usr 0 00:00:00, Sys 0 00:00:00  -  Run Local Usage
		Usr 0 00:02:06, Sys 0 00:00:09  -  Total Remote Usage
		Usr 0 00:00:00, Sys 0 00:00:00  -  Total Local Usage
	12526  -  Run Bytes Sent By Job
	852  -  Run Bytes Received By Job
	12526  -  Total Bytes Sent By Job
	852  -  Total Bytes Received By Job
	Partitionable Resources :    Usage  Request Allocated 
	   Cpus                 :        0        1         1 
	   Disk (KB)            :       63        1      3782 
	   GPUs                 :                           0 
	   Memory (MB)          :        4     3000      3000 
	   TimeExecute (s)      :      156                    
	   TimeSlotBusy (s)     :      158                    
...
