000 (16690451.029.000) 08/07 18:54:31 Job submitted from host: <188.184.90.241:9618?addrs=188.184.90.241-9618+[2001-1458-201-e4--100-2eb]-9618&alias=bigbird15.cern.ch&noUDP&sock=schedd_3150_376a>
...
040 (16690451.029.000) 08/07 19:01:27 Started transferring input files
	Transferring to host: <128.142.132.64:9618?addrs=128.142.132.64-9618+[2001-1458-301-5a--100-34]-9618&alias=b9g12p9766.cern.ch&noUDP&sock=slot1_26_2955_d091_18791>
...
040 (16690451.029.000) 08/07 19:01:27 Finished transferring input files
...
001 (16690451.029.000) 08/07 19:01:28 Job executing on host: <128.142.132.64:9618?addrs=128.142.132.64-9618+[2001-1458-301-5a--100-34]-9618&alias=b9g12p9766.cern.ch&noUDP&sock=startd_2407_948c>
	SlotName: slot1_26@b9g12p9766.cern.ch
	CondorScratchDir = "/pool/condor/dir_1112474"
	Cpus = 1
	Disk = 2646
	GPUs = 0
	Memory = 3000
...
006 (16690451.029.000) 08/07 19:01:36 Image size of job updated: 3888
	4  -  MemoryUsage of job (MB)
	3888  -  ResidentSetSize of job (KB)
...
006 (16690451.029.000) 08/07 19:04:36 Image size of job updated: 231748
	4  -  MemoryUsage of job (MB)
	3888  -  ResidentSetSize of job (KB)
...
040 (16690451.029.000) 08/07 19:04:36 Started transferring output files
...
040 (16690451.029.000) 08/07 19:04:36 Finished transferring output files
...
005 (16690451.029.000) 08/07 19:04:37 Job terminated.
	(1) Normal termination (return value 0)
		Usr 0 00:02:31, Sys 0 00:00:07  -  Run Remote Usage
		Usr 0 00:00:00, Sys 0 00:00:00  -  Run Local Usage
		Usr 0 00:02:31, Sys 0 00:00:07  -  Total Remote Usage
		Usr 0 00:00:00, Sys 0 00:00:00  -  Total Local Usage
	12526  -  Run Bytes Sent By Job
	852  -  Run Bytes Received By Job
	12526  -  Total Bytes Sent By Job
	852  -  Total Bytes Received By Job
	Partitionable Resources :    Usage  Request Allocated 
	   Cpus                 :                 1         1 
	   Disk (KB)            :       54        1      2646 
	   GPUs                 :                           0 
	   Memory (MB)          :        4     3000      3000 
	   TimeExecute (s)      :      188                    
	   TimeSlotBusy (s)     :      192                    
...
