000 (16690469.000.000) 08/07 20:54:55 Job submitted from host: <188.184.90.241:9618?addrs=188.184.90.241-9618+[2001-1458-201-e4--100-2eb]-9618&alias=bigbird15.cern.ch&noUDP&sock=schedd_3150_376a>
...
040 (16690469.000.000) 08/07 20:58:08 Started transferring input files
	Transferring to host: <188.185.193.121:9618?addrs=188.185.193.121-9618+[2001-1458-303-20--100-75]-9618&alias=b9p19p6653.cern.ch&noUDP&sock=slot1_9_3324_cf00_23548>
...
040 (16690469.000.000) 08/07 20:58:08 Finished transferring input files
...
001 (16690469.000.000) 08/07 20:58:09 Job executing on host: <188.185.193.121:9618?addrs=188.185.193.121-9618+[2001-1458-303-20--100-75]-9618&alias=b9p19p6653.cern.ch&noUDP&sock=startd_2548_4b67>
	SlotName: slot1_9@b9p19p6653.cern.ch
	CondorScratchDir = "/pool/condor/dir_1850659"
	Cpus = 1
	Disk = 3932
	GPUs = 0
	Memory = 3000
...
006 (16690469.000.000) 08/07 20:58:18 Image size of job updated: 3900
	4  -  MemoryUsage of job (MB)
	3900  -  ResidentSetSize of job (KB)
...
006 (16690469.000.000) 08/07 21:03:19 Image size of job updated: 313784
	307  -  MemoryUsage of job (MB)
	313784  -  ResidentSetSize of job (KB)
...
006 (16690469.000.000) 08/07 21:03:52 Image size of job updated: 318112
	307  -  MemoryUsage of job (MB)
	313784  -  ResidentSetSize of job (KB)
...
040 (16690469.000.000) 08/07 21:03:52 Started transferring output files
...
040 (16690469.000.000) 08/07 21:03:52 Finished transferring output files
...
005 (16690469.000.000) 08/07 21:03:52 Job terminated.
	(1) Normal termination (return value 0)
		Usr 0 00:04:03, Sys 0 00:00:13  -  Run Remote Usage
		Usr 0 00:00:00, Sys 0 00:00:00  -  Run Local Usage
		Usr 0 00:04:03, Sys 0 00:00:13  -  Total Remote Usage
		Usr 0 00:00:00, Sys 0 00:00:00  -  Total Local Usage
	11609  -  Run Bytes Sent By Job
	852  -  Run Bytes Received By Job
	11609  -  Total Bytes Sent By Job
	852  -  Total Bytes Received By Job
	Partitionable Resources :    Usage  Request Allocated 
	   Cpus                 :        0        1         1 
	   Disk (KB)            :       63        1      3932 
	   GPUs                 :                           0 
	   Memory (MB)          :      307     3000      3000 
	   TimeExecute (s)      :      343                    
	   TimeSlotBusy (s)     :      345                    
...
000 (16690473.000.000) 08/07 21:10:36 Job submitted from host: <188.184.90.241:9618?addrs=188.184.90.241-9618+[2001-1458-201-e4--100-2eb]-9618&alias=bigbird15.cern.ch&noUDP&sock=schedd_3150_376a>
...
040 (16690473.000.000) 08/07 21:12:16 Started transferring input files
	Transferring to host: <188.185.215.192:9618?addrs=188.185.215.192-9618+[2001-1458-303-26--100-3c]-9618&alias=b9p18p7291.cern.ch&noUDP&sock=slot1_9_5118_d809_21950>
...
040 (16690473.000.000) 08/07 21:12:16 Finished transferring input files
...
001 (16690473.000.000) 08/07 21:12:17 Job executing on host: <188.185.215.192:9618?addrs=188.185.215.192-9618+[2001-1458-303-26--100-3c]-9618&alias=b9p18p7291.cern.ch&noUDP&sock=startd_4291_d8fa>
	SlotName: slot1_9@b9p18p7291.cern.ch
	CondorScratchDir = "/pool/condor/dir_768265"
	Cpus = 1
	Disk = 3837
	GPUs = 0
	Memory = 3000
...
006 (16690473.000.000) 08/07 21:12:26 Image size of job updated: 2520
	2  -  MemoryUsage of job (MB)
	1440  -  ResidentSetSize of job (KB)
...
006 (16690473.000.000) 08/07 21:16:20 Image size of job updated: 307116
	2  -  MemoryUsage of job (MB)
	1440  -  ResidentSetSize of job (KB)
...
040 (16690473.000.000) 08/07 21:16:20 Started transferring output files
...
040 (16690473.000.000) 08/07 21:16:20 Finished transferring output files
...
005 (16690473.000.000) 08/07 21:16:20 Job terminated.
	(1) Normal termination (return value 0)
		Usr 0 00:02:54, Sys 0 00:00:13  -  Run Remote Usage
		Usr 0 00:00:00, Sys 0 00:00:00  -  Run Local Usage
		Usr 0 00:02:54, Sys 0 00:00:13  -  Total Remote Usage
		Usr 0 00:00:00, Sys 0 00:00:00  -  Total Local Usage
	11609  -  Run Bytes Sent By Job
	852  -  Run Bytes Received By Job
	11609  -  Total Bytes Sent By Job
	852  -  Total Bytes Received By Job
	Partitionable Resources :    Usage  Request Allocated 
	   Cpus                 :     0.75        1         1 
	   Disk (KB)            :    63           1      3837 
	   GPUs                 :                           0 
	   Memory (MB)          :     2        3000      3000 
	   TimeExecute (s)      :   243                       
	   TimeSlotBusy (s)     :   245                       
...
000 (16827608.000.000) 09/22 12:58:51 Job submitted from host: <188.184.90.241:9618?addrs=188.184.90.241-9618+[2001-1458-201-e4--100-2eb]-9618&alias=bigbird15.cern.ch&noUDP&sock=schedd_3150_376a>
...
040 (16827608.000.000) 09/22 13:00:56 Started transferring input files
	Transferring to host: <128.142.132.153:9618?addrs=128.142.132.153-9618+[2001-1458-301-5a--100-8d]-9618&alias=b9g12p4654.cern.ch&noUDP&sock=slot1_43_2808_3d6b_67094>
...
040 (16827608.000.000) 09/22 13:00:56 Finished transferring input files
...
001 (16827608.000.000) 09/22 13:00:57 Job executing on host: <128.142.132.153:9618?addrs=128.142.132.153-9618+[2001-1458-301-5a--100-8d]-9618&alias=b9g12p4654.cern.ch&noUDP&sock=startd_2387_dca7>
	SlotName: slot1_43@b9g12p4654.cern.ch
	CondorScratchDir = "/pool/condor/dir_2425914"
	Cpus = 1
	Disk = 2698
	GPUs = 0
	Memory = 3000
...
006 (16827608.000.000) 09/22 13:01:06 Image size of job updated: 3900
	4  -  MemoryUsage of job (MB)
	3900  -  ResidentSetSize of job (KB)
...
006 (16827608.000.000) 09/22 13:06:07 Image size of job updated: 317384
	310  -  MemoryUsage of job (MB)
	317384  -  ResidentSetSize of job (KB)
...
006 (16827608.000.000) 09/22 13:11:07 Image size of job updated: 322820
	316  -  MemoryUsage of job (MB)
	322820  -  ResidentSetSize of job (KB)
...
006 (16827608.000.000) 09/22 13:11:08 Image size of job updated: 322824
	316  -  MemoryUsage of job (MB)
	322824  -  ResidentSetSize of job (KB)
...
040 (16827608.000.000) 09/22 13:11:08 Started transferring output files
...
040 (16827608.000.000) 09/22 13:11:08 Finished transferring output files
...
005 (16827608.000.000) 09/22 13:11:08 Job terminated.
	(1) Normal termination (return value 0)
		Usr 0 00:04:31, Sys 0 00:00:19  -  Run Remote Usage
		Usr 0 00:00:00, Sys 0 00:00:00  -  Run Local Usage
		Usr 0 00:04:31, Sys 0 00:00:19  -  Total Remote Usage
		Usr 0 00:00:00, Sys 0 00:00:00  -  Total Local Usage
	11873  -  Run Bytes Sent By Job
	852  -  Run Bytes Received By Job
	11873  -  Total Bytes Sent By Job
	852  -  Total Bytes Received By Job
	Partitionable Resources :    Usage  Request Allocated 
	   Cpus                 :     0.85        1         1 
	   Disk (KB)            :    66           1      2698 
	   GPUs                 :                           0 
	   Memory (MB)          :   316        3000      3000 
	   TimeExecute (s)      :   611                       
	   TimeSlotBusy (s)     :   614                       
...
000 (16827633.000.000) 09/22 16:48:51 Job submitted from host: <188.184.90.241:9618?addrs=188.184.90.241-9618+[2001-1458-201-e4--100-2eb]-9618&alias=bigbird15.cern.ch&noUDP&sock=schedd_3150_376a>
...
040 (16827633.000.000) 09/22 16:51:00 Started transferring input files
	Transferring to host: <188.185.214.35:9618?addrs=188.185.214.35-9618+[2001-1458-303-1c--100-1f]-9618&alias=b9p29p9581.cern.ch&noUDP&sock=slot1_1_4761_4e1b_68075>
...
040 (16827633.000.000) 09/22 16:51:00 Finished transferring input files
...
001 (16827633.000.000) 09/22 16:51:01 Job executing on host: <188.185.214.35:9618?addrs=188.185.214.35-9618+[2001-1458-303-1c--100-1f]-9618&alias=b9p29p9581.cern.ch&noUDP&sock=startd_4113_c11e>
	SlotName: slot1_1@b9p29p9581.cern.ch
	CondorScratchDir = "/pool/condor/dir_1706636"
	Cpus = 1
	Disk = 3604
	GPUs = 0
	Memory = 3000
...
006 (16827633.000.000) 09/22 16:51:10 Image size of job updated: 3288
	2  -  MemoryUsage of job (MB)
	1384  -  ResidentSetSize of job (KB)
...
006 (16827633.000.000) 09/22 16:55:39 Image size of job updated: 317560
	2  -  MemoryUsage of job (MB)
	1384  -  ResidentSetSize of job (KB)
...
040 (16827633.000.000) 09/22 16:55:39 Started transferring output files
...
040 (16827633.000.000) 09/22 16:55:39 Finished transferring output files
...
005 (16827633.000.000) 09/22 16:55:39 Job terminated.
	(1) Normal termination (return value 0)
		Usr 0 00:02:51, Sys 0 00:00:14  -  Run Remote Usage
		Usr 0 00:00:00, Sys 0 00:00:00  -  Run Local Usage
		Usr 0 00:02:51, Sys 0 00:00:14  -  Total Remote Usage
		Usr 0 00:00:00, Sys 0 00:00:00  -  Total Local Usage
	10890  -  Run Bytes Sent By Job
	852  -  Run Bytes Received By Job
	10890  -  Total Bytes Sent By Job
	852  -  Total Bytes Received By Job
	Partitionable Resources :    Usage  Request Allocated 
	   Cpus                 :        0        1         1 
	   Disk (KB)            :       41        1      3604 
	   GPUs                 :                           0 
	   Memory (MB)          :        2     3000      3000 
	   TimeExecute (s)      :      278                    
	   TimeSlotBusy (s)     :      290                    
...
000 (16828034.000.000) 09/22 17:37:17 Job submitted from host: <188.184.90.241:9618?addrs=188.184.90.241-9618+[2001-1458-201-e4--100-2eb]-9618&alias=bigbird15.cern.ch&noUDP&sock=schedd_3150_376a>
...
040 (16828034.000.000) 09/22 17:39:29 Started transferring input files
	Transferring to host: <188.185.212.197:9618?addrs=188.185.212.197-9618+[2001-1458-303-19--100-41]-9618&alias=b9p26p6528.cern.ch&noUDP&sock=slot1_29_6348_7d7b_68920>
...
040 (16828034.000.000) 09/22 17:39:29 Finished transferring input files
...
001 (16828034.000.000) 09/22 17:39:30 Job executing on host: <188.185.212.197:9618?addrs=188.185.212.197-9618+[2001-1458-303-19--100-41]-9618&alias=b9p26p6528.cern.ch&noUDP&sock=startd_5430_1b59>
	SlotName: slot1_29@b9p26p6528.cern.ch
	CondorScratchDir = "/pool/condor/dir_3052738"
	Cpus = 1
	Disk = 3778
	GPUs = 0
	Memory = 3000
...
006 (16828034.000.000) 09/22 17:39:39 Image size of job updated: 2464
	2  -  MemoryUsage of job (MB)
	1916  -  ResidentSetSize of job (KB)
...
006 (16828034.000.000) 09/22 17:43:10 Image size of job updated: 311800
	2  -  MemoryUsage of job (MB)
	1916  -  ResidentSetSize of job (KB)
...
040 (16828034.000.000) 09/22 17:43:10 Started transferring output files
...
040 (16828034.000.000) 09/22 17:43:10 Finished transferring output files
...
005 (16828034.000.000) 09/22 17:43:10 Job terminated.
	(1) Normal termination (return value 0)
		Usr 0 00:02:49, Sys 0 00:00:11  -  Run Remote Usage
		Usr 0 00:00:00, Sys 0 00:00:00  -  Run Local Usage
		Usr 0 00:02:49, Sys 0 00:00:11  -  Total Remote Usage
		Usr 0 00:00:00, Sys 0 00:00:00  -  Total Local Usage
	10890  -  Run Bytes Sent By Job
	852  -  Run Bytes Received By Job
	10890  -  Total Bytes Sent By Job
	852  -  Total Bytes Received By Job
	Partitionable Resources :    Usage  Request Allocated 
	   Cpus                 :     0.81        1         1 
	   Disk (KB)            :    42           1      3778 
	   GPUs                 :                           0 
	   Memory (MB)          :     2        3000      3000 
	   TimeExecute (s)      :   220                       
	   TimeSlotBusy (s)     :   221                       
...
