000 (16690473.007.000) 08/07 21:10:36 Job submitted from host: <188.184.90.241:9618?addrs=188.184.90.241-9618+[2001-1458-201-e4--100-2eb]-9618&alias=bigbird15.cern.ch&noUDP&sock=schedd_3150_376a>
...
040 (16690473.007.000) 08/07 21:12:19 Started transferring input files
	Transferring to host: <188.185.210.158:9618?addrs=188.185.210.158-9618+[2001-1458-303-15--100-1a]-9618&alias=b9p22p6756.cern.ch&noUDP&sock=slot1_3_8727_b5fc_23422>
...
040 (16690473.007.000) 08/07 21:12:19 Finished transferring input files
...
001 (16690473.007.000) 08/07 21:12:20 Job executing on host: <188.185.210.158:9618?addrs=188.185.210.158-9618+[2001-1458-303-15--100-1a]-9618&alias=b9p22p6756.cern.ch&noUDP&sock=startd_7581_838f>
	SlotName: slot1_3@b9p22p6756.cern.ch
	CondorScratchDir = "/pool/condor/dir_2548255"
	Cpus = 1
	Disk = 3890
	GPUs = 0
	Memory = 3000
...
006 (16690473.007.000) 08/07 21:12:28 Image size of job updated: 3904
	4  -  MemoryUsage of job (MB)
	3904  -  ResidentSetSize of job (KB)
...
006 (16690473.007.000) 08/07 21:17:28 Image size of job updated: 286008
	280  -  MemoryUsage of job (MB)
	286008  -  ResidentSetSize of job (KB)
...
006 (16690473.007.000) 08/07 21:22:07 Image size of job updated: 295928
	280  -  MemoryUsage of job (MB)
	286008  -  ResidentSetSize of job (KB)
...
040 (16690473.007.000) 08/07 21:22:07 Started transferring output files
...
040 (16690473.007.000) 08/07 21:22:07 Finished transferring output files
...
005 (16690473.007.000) 08/07 21:22:07 Job terminated.
	(1) Normal termination (return value 0)
		Usr 0 00:08:22, Sys 0 00:00:23  -  Run Remote Usage
		Usr 0 00:00:00, Sys 0 00:00:00  -  Run Local Usage
		Usr 0 00:08:22, Sys 0 00:00:23  -  Total Remote Usage
		Usr 0 00:00:00, Sys 0 00:00:00  -  Total Local Usage
	13833  -  Run Bytes Sent By Job
	853  -  Run Bytes Received By Job
	13833  -  Total Bytes Sent By Job
	853  -  Total Bytes Received By Job
	Partitionable Resources :    Usage  Request Allocated 
	   Cpus                 :     0.91        1         1 
	   Disk (KB)            :    63           1      3890 
	   GPUs                 :                           0 
	   Memory (MB)          :   280        3000      3000 
	   TimeExecute (s)      :   587                       
	   TimeSlotBusy (s)     :   590                       
...
000 (16827608.007.000) 09/22 12:58:51 Job submitted from host: <188.184.90.241:9618?addrs=188.184.90.241-9618+[2001-1458-201-e4--100-2eb]-9618&alias=bigbird15.cern.ch&noUDP&sock=schedd_3150_376a>
...
040 (16827608.007.000) 09/22 13:00:56 Started transferring input files
	Transferring to host: <128.142.132.21:9618?addrs=128.142.132.21-9618+[2001-1458-301-5a--100-9]-9618&alias=b9g12p5632.cern.ch&noUDP&sock=slot1_36_5873_cf48_66647>
...
040 (16827608.007.000) 09/22 13:00:57 Finished transferring input files
...
001 (16827608.007.000) 09/22 13:00:57 Job executing on host: <128.142.132.21:9618?addrs=128.142.132.21-9618+[2001-1458-301-5a--100-9]-9618&alias=b9g12p5632.cern.ch&noUDP&sock=startd_4744_9161>
	SlotName: slot1_36@b9g12p5632.cern.ch
	CondorScratchDir = "/pool/condor/dir_926920"
	Cpus = 1
	Disk = 2511
	GPUs = 0
	Memory = 3000
...
006 (16827608.007.000) 09/22 13:01:06 Image size of job updated: 2488
	3  -  MemoryUsage of job (MB)
	2432  -  ResidentSetSize of job (KB)
...
006 (16827608.007.000) 09/22 13:06:06 Image size of job updated: 317676
	311  -  MemoryUsage of job (MB)
	317676  -  ResidentSetSize of job (KB)
...
006 (16827608.007.000) 09/22 13:10:03 Image size of job updated: 317784
	311  -  MemoryUsage of job (MB)
	317676  -  ResidentSetSize of job (KB)
...
040 (16827608.007.000) 09/22 13:10:03 Started transferring output files
...
040 (16827608.007.000) 09/22 13:10:03 Finished transferring output files
...
005 (16827608.007.000) 09/22 13:10:04 Job terminated.
	(1) Normal termination (return value 0)
		Usr 0 00:04:38, Sys 0 00:00:16  -  Run Remote Usage
		Usr 0 00:00:00, Sys 0 00:00:00  -  Run Local Usage
		Usr 0 00:04:38, Sys 0 00:00:16  -  Total Remote Usage
		Usr 0 00:00:00, Sys 0 00:00:00  -  Total Local Usage
	11839  -  Run Bytes Sent By Job
	853  -  Run Bytes Received By Job
	11839  -  Total Bytes Sent By Job
	853  -  Total Bytes Received By Job
	Partitionable Resources :    Usage  Request Allocated 
	   Cpus                 :     0.02        1         1 
	   Disk (KB)            :    51           1      2511 
	   GPUs                 :                           0 
	   Memory (MB)          :   311        3000      3000 
	   TimeExecute (s)      :   546                       
	   TimeSlotBusy (s)     :   548                       
...
000 (16827633.007.000) 09/22 16:48:51 Job submitted from host: <188.184.90.241:9618?addrs=188.184.90.241-9618+[2001-1458-201-e4--100-2eb]-9618&alias=bigbird15.cern.ch&noUDP&sock=schedd_3150_376a>
...
040 (16827633.007.000) 09/22 16:55:39 Started transferring input files
	Transferring to host: <188.185.214.35:9618?addrs=188.185.214.35-9618+[2001-1458-303-1c--100-1f]-9618&alias=b9p29p9581.cern.ch&noUDP&sock=slot1_1_4761_4e1b_68086>
...
040 (16827633.007.000) 09/22 16:55:39 Finished transferring input files
...
001 (16827633.007.000) 09/22 16:55:40 Job executing on host: <188.185.214.35:9618?addrs=188.185.214.35-9618+[2001-1458-303-1c--100-1f]-9618&alias=b9p29p9581.cern.ch&noUDP&sock=startd_4113_c11e>
	SlotName: slot1_1@b9p29p9581.cern.ch
	CondorScratchDir = "/pool/condor/dir_1728989"
	Cpus = 1
	Disk = 3603
	GPUs = 0
	Memory = 3000
...
006 (16827633.007.000) 09/22 16:55:49 Image size of job updated: 1684
	2  -  MemoryUsage of job (MB)
	1608  -  ResidentSetSize of job (KB)
...
006 (16827633.007.000) 09/22 16:59:20 Image size of job updated: 317000
	2  -  MemoryUsage of job (MB)
	1608  -  ResidentSetSize of job (KB)
...
040 (16827633.007.000) 09/22 16:59:20 Started transferring output files
...
040 (16827633.007.000) 09/22 16:59:20 Finished transferring output files
...
005 (16827633.007.000) 09/22 16:59:20 Job terminated.
	(1) Normal termination (return value 0)
		Usr 0 00:02:46, Sys 0 00:00:12  -  Run Remote Usage
		Usr 0 00:00:00, Sys 0 00:00:00  -  Run Local Usage
		Usr 0 00:02:46, Sys 0 00:00:12  -  Total Remote Usage
		Usr 0 00:00:00, Sys 0 00:00:00  -  Total Local Usage
	10856  -  Run Bytes Sent By Job
	853  -  Run Bytes Received By Job
	10856  -  Total Bytes Sent By Job
	853  -  Total Bytes Received By Job
	Partitionable Resources :    Usage  Request Allocated 
	   Cpus                 :        0        1         1 
	   Disk (KB)            :       42        1      3603 
	   GPUs                 :                           0 
	   Memory (MB)          :        2     3000      3000 
	   TimeExecute (s)      :      220                    
	   TimeSlotBusy (s)     :      221                    
...
000 (16828034.007.000) 09/22 17:37:18 Job submitted from host: <188.184.90.241:9618?addrs=188.184.90.241-9618+[2001-1458-201-e4--100-2eb]-9618&alias=bigbird15.cern.ch&noUDP&sock=schedd_3150_376a>
...
040 (16828034.007.000) 09/22 17:39:41 Started transferring input files
	Transferring to host: <188.185.213.229:9618?addrs=188.185.213.229-9618+[2001-1458-303-1b--100-61]-9618&alias=b9p28p7463.cern.ch&noUDP&sock=slot1_29_4202_7064_69243>
...
040 (16828034.007.000) 09/22 17:39:41 Finished transferring input files
...
001 (16828034.007.000) 09/22 17:39:42 Job executing on host: <188.185.213.229:9618?addrs=188.185.213.229-9618+[2001-1458-303-1b--100-61]-9618&alias=b9p28p7463.cern.ch&noUDP&sock=startd_3502_a8c0>
	SlotName: slot1_29@b9p28p7463.cern.ch
	CondorScratchDir = "/pool/condor/dir_1231756"
	Cpus = 1
	Disk = 3588
	GPUs = 0
	Memory = 3000
...
006 (16828034.007.000) 09/22 17:39:51 Image size of job updated: 3856
	4  -  MemoryUsage of job (MB)
	3856  -  ResidentSetSize of job (KB)
...
006 (16828034.007.000) 09/22 17:43:40 Image size of job updated: 313292
	4  -  MemoryUsage of job (MB)
	3856  -  ResidentSetSize of job (KB)
...
040 (16828034.007.000) 09/22 17:43:40 Started transferring output files
...
040 (16828034.007.000) 09/22 17:43:40 Finished transferring output files
...
005 (16828034.007.000) 09/22 17:43:40 Job terminated.
	(1) Normal termination (return value 0)
		Usr 0 00:02:53, Sys 0 00:00:12  -  Run Remote Usage
		Usr 0 00:00:00, Sys 0 00:00:00  -  Run Local Usage
		Usr 0 00:02:53, Sys 0 00:00:12  -  Total Remote Usage
		Usr 0 00:00:00, Sys 0 00:00:00  -  Total Local Usage
	10856  -  Run Bytes Sent By Job
	853  -  Run Bytes Received By Job
	10856  -  Total Bytes Sent By Job
	853  -  Total Bytes Received By Job
	Partitionable Resources :    Usage  Request Allocated 
	   Cpus                 :     0.82        1         1 
	   Disk (KB)            :    56           1      3588 
	   GPUs                 :                           0 
	   Memory (MB)          :     4        3000      3000 
	   TimeExecute (s)      :   238                       
	   TimeSlotBusy (s)     :   250                       
...
