000 (16690473.001.000) 08/07 21:10:36 Job submitted from host: <188.184.90.241:9618?addrs=188.184.90.241-9618+[2001-1458-201-e4--100-2eb]-9618&alias=bigbird15.cern.ch&noUDP&sock=schedd_3150_376a>
...
040 (16690473.001.000) 08/07 21:12:16 Started transferring input files
	Transferring to host: <128.142.196.45:9618?addrs=128.142.196.45-9618+[2001-1458-301-3c--100-2b]-9618&alias=b9g32p2185.cern.ch&noUDP&sock=slot1_11_8750_ea9d_23321>
...
040 (16690473.001.000) 08/07 21:12:16 Finished transferring input files
...
001 (16690473.001.000) 08/07 21:12:17 Job executing on host: <128.142.196.45:9618?addrs=128.142.196.45-9618+[2001-1458-301-3c--100-2b]-9618&alias=b9g32p2185.cern.ch&noUDP&sock=startd_8199_6917>
	SlotName: slot1_11@b9g32p2185.cern.ch
	CondorScratchDir = "/pool/condor/dir_603555"
	Cpus = 1
	Disk = 3778
	GPUs = 0
	Memory = 3000
...
006 (16690473.001.000) 08/07 21:12:26 Image size of job updated: 3892
	4  -  MemoryUsage of job (MB)
	3892  -  ResidentSetSize of job (KB)
...
006 (16690473.001.000) 08/07 21:15:44 Image size of job updated: 304040
	4  -  MemoryUsage of job (MB)
	3892  -  ResidentSetSize of job (KB)
...
040 (16690473.001.000) 08/07 21:15:44 Started transferring output files
...
040 (16690473.001.000) 08/07 21:15:44 Finished transferring output files
...
005 (16690473.001.000) 08/07 21:15:44 Job terminated.
	(1) Normal termination (return value 0)
		Usr 0 00:02:45, Sys 0 00:00:13  -  Run Remote Usage
		Usr 0 00:00:00, Sys 0 00:00:00  -  Run Local Usage
		Usr 0 00:02:45, Sys 0 00:00:13  -  Total Remote Usage
		Usr 0 00:00:00, Sys 0 00:00:00  -  Total Local Usage
	11676  -  Run Bytes Sent By Job
	852  -  Run Bytes Received By Job
	11676  -  Total Bytes Sent By Job
	852  -  Total Bytes Received By Job
	Partitionable Resources :    Usage  Request Allocated 
	   Cpus                 :        0        1         1 
	   Disk (KB)            :       63        1      3778 
	   GPUs                 :                           0 
	   Memory (MB)          :        4     3000      3000 
	   TimeExecute (s)      :      207                    
	   TimeSlotBusy (s)     :      209                    
...
000 (16827608.001.000) 09/22 12:58:51 Job submitted from host: <188.184.90.241:9618?addrs=188.184.90.241-9618+[2001-1458-201-e4--100-2eb]-9618&alias=bigbird15.cern.ch&noUDP&sock=schedd_3150_376a>
...
040 (16827608.001.000) 09/22 13:00:56 Started transferring input files
	Transferring to host: <128.142.132.158:9618?addrs=128.142.132.158-9618+[2001-1458-301-5a--100-92]-9618&alias=b9g12p0721.cern.ch&noUDP&sock=slot1_16_2816_e06c_66352>
...
040 (16827608.001.000) 09/22 13:00:56 Finished transferring input files
...
001 (16827608.001.000) 09/22 13:00:57 Job executing on host: <128.142.132.158:9618?addrs=128.142.132.158-9618+[2001-1458-301-5a--100-92]-9618&alias=b9g12p0721.cern.ch&noUDP&sock=startd_2371_e323>
	SlotName: slot1_16@b9g12p0721.cern.ch
	CondorScratchDir = "/pool/condor/dir_2588648"
	Cpus = 1
	Disk = 2556
	GPUs = 0
	Memory = 3000
...
006 (16827608.001.000) 09/22 13:01:06 Image size of job updated: 3932
	4  -  MemoryUsage of job (MB)
	3932  -  ResidentSetSize of job (KB)
...
006 (16827608.001.000) 09/22 13:05:40 Image size of job updated: 318384
	4  -  MemoryUsage of job (MB)
	3932  -  ResidentSetSize of job (KB)
...
040 (16827608.001.000) 09/22 13:05:40 Started transferring output files
...
040 (16827608.001.000) 09/22 13:05:40 Finished transferring output files
...
005 (16827608.001.000) 09/22 13:05:41 Job terminated.
	(1) Normal termination (return value 0)
		Usr 0 00:03:59, Sys 0 00:00:10  -  Run Remote Usage
		Usr 0 00:00:00, Sys 0 00:00:00  -  Run Local Usage
		Usr 0 00:03:59, Sys 0 00:00:10  -  Total Remote Usage
		Usr 0 00:00:00, Sys 0 00:00:00  -  Total Local Usage
	11839  -  Run Bytes Sent By Job
	852  -  Run Bytes Received By Job
	11839  -  Total Bytes Sent By Job
	852  -  Total Bytes Received By Job
	Partitionable Resources :    Usage  Request Allocated 
	   Cpus                 :                 1         1 
	   Disk (KB)            :       57        1      2556 
	   GPUs                 :                           0 
	   Memory (MB)          :        4     3000      3000 
	   TimeExecute (s)      :      283                    
	   TimeSlotBusy (s)     :      286                    
...
000 (16827633.001.000) 09/22 16:48:51 Job submitted from host: <188.184.90.241:9618?addrs=188.184.90.241-9618+[2001-1458-201-e4--100-2eb]-9618&alias=bigbird15.cern.ch&noUDP&sock=schedd_3150_376a>
...
040 (16827633.001.000) 09/22 16:51:00 Started transferring input files
	Transferring to host: <188.185.214.35:9618?addrs=188.185.214.35-9618+[2001-1458-303-1c--100-1f]-9618&alias=b9p29p9581.cern.ch&noUDP&sock=slot1_23_4761_4e1b_68076>
...
040 (16827633.001.000) 09/22 16:51:00 Finished transferring input files
...
001 (16827633.001.000) 09/22 16:51:01 Job executing on host: <188.185.214.35:9618?addrs=188.185.214.35-9618+[2001-1458-303-1c--100-1f]-9618&alias=b9p29p9581.cern.ch&noUDP&sock=startd_4113_c11e>
	SlotName: slot1_23@b9p29p9581.cern.ch
	CondorScratchDir = "/pool/condor/dir_1706637"
	Cpus = 1
	Disk = 3604
	GPUs = 0
	Memory = 3000
...
006 (16827633.001.000) 09/22 16:51:10 Image size of job updated: 3040
	3  -  MemoryUsage of job (MB)
	2452  -  ResidentSetSize of job (KB)
...
006 (16827633.001.000) 09/22 16:54:53 Image size of job updated: 322172
	3  -  MemoryUsage of job (MB)
	2452  -  ResidentSetSize of job (KB)
...
040 (16827633.001.000) 09/22 16:54:53 Started transferring output files
...
040 (16827633.001.000) 09/22 16:54:53 Finished transferring output files
...
005 (16827633.001.000) 09/22 16:54:53 Job terminated.
	(1) Normal termination (return value 0)
		Usr 0 00:02:42, Sys 0 00:00:14  -  Run Remote Usage
		Usr 0 00:00:00, Sys 0 00:00:00  -  Run Local Usage
		Usr 0 00:02:42, Sys 0 00:00:14  -  Total Remote Usage
		Usr 0 00:00:00, Sys 0 00:00:00  -  Total Local Usage
	10856  -  Run Bytes Sent By Job
	852  -  Run Bytes Received By Job
	10856  -  Total Bytes Sent By Job
	852  -  Total Bytes Received By Job
	Partitionable Resources :    Usage  Request Allocated 
	   Cpus                 :        0        1         1 
	   Disk (KB)            :       41        1      3604 
	   GPUs                 :                           0 
	   Memory (MB)          :        3     3000      3000 
	   TimeExecute (s)      :      232                    
	   TimeSlotBusy (s)     :      244                    
...
000 (16828034.001.000) 09/22 17:37:17 Job submitted from host: <188.184.90.241:9618?addrs=188.184.90.241-9618+[2001-1458-201-e4--100-2eb]-9618&alias=bigbird15.cern.ch&noUDP&sock=schedd_3150_376a>
...
040 (16828034.001.000) 09/22 17:39:30 Started transferring input files
	Transferring to host: <188.185.213.204:9618?addrs=188.185.213.204-9618+[2001-1458-303-1b--100-48]-9618&alias=b9p28p7017.cern.ch&noUDP&sock=slot1_39_9006_4aa7_69344>
...
040 (16828034.001.000) 09/22 17:39:30 Finished transferring input files
...
001 (16828034.001.000) 09/22 17:39:31 Job executing on host: <188.185.213.204:9618?addrs=188.185.213.204-9618+[2001-1458-303-1b--100-48]-9618&alias=b9p28p7017.cern.ch&noUDP&sock=startd_7849_56f1>
	SlotName: slot1_39@b9p28p7017.cern.ch
	CondorScratchDir = "/pool/condor/dir_846049"
	Cpus = 1
	Disk = 3777
	GPUs = 0
	Memory = 3000
...
006 (16828034.001.000) 09/22 17:39:40 Image size of job updated: 2324
	2  -  MemoryUsage of job (MB)
	1412  -  ResidentSetSize of job (KB)
...
006 (16828034.001.000) 09/22 17:44:38 Image size of job updated: 319788
	2  -  MemoryUsage of job (MB)
	1412  -  ResidentSetSize of job (KB)
...
040 (16828034.001.000) 09/22 17:44:38 Started transferring output files
...
040 (16828034.001.000) 09/22 17:44:38 Finished transferring output files
...
005 (16828034.001.000) 09/22 17:44:38 Job terminated.
	(1) Normal termination (return value 0)
		Usr 0 00:02:47, Sys 0 00:00:12  -  Run Remote Usage
		Usr 0 00:00:00, Sys 0 00:00:00  -  Run Local Usage
		Usr 0 00:02:47, Sys 0 00:00:12  -  Total Remote Usage
		Usr 0 00:00:00, Sys 0 00:00:00  -  Total Local Usage
	10856  -  Run Bytes Sent By Job
	852  -  Run Bytes Received By Job
	10856  -  Total Bytes Sent By Job
	852  -  Total Bytes Received By Job
	Partitionable Resources :    Usage  Request Allocated 
	   Cpus                 :     0.48        1         1 
	   Disk (KB)            :    41           1      3777 
	   GPUs                 :                           0 
	   Memory (MB)          :     2        3000      3000 
	   TimeExecute (s)      :   307                       
	   TimeSlotBusy (s)     :   308                       
...
