000 (16690473.010.000) 08/07 21:10:36 Job submitted from host: <188.184.90.241:9618?addrs=188.184.90.241-9618+[2001-1458-201-e4--100-2eb]-9618&alias=bigbird15.cern.ch&noUDP&sock=schedd_3150_376a>
...
040 (16690473.010.000) 08/07 21:12:19 Started transferring input files
	Transferring to host: <188.185.211.172:9618?addrs=188.185.211.172-9618+[2001-1458-303-17--100-28]-9618&alias=b9p24p8652.cern.ch&noUDP&sock=slot1_10_778538_3364_22743>
...
040 (16690473.010.000) 08/07 21:12:19 Finished transferring input files
...
001 (16690473.010.000) 08/07 21:12:20 Job executing on host: <188.185.211.172:9618?addrs=188.185.211.172-9618+[2001-1458-303-17--100-28]-9618&alias=b9p24p8652.cern.ch&noUDP&sock=startd_3823_d6a7>
	SlotName: slot1_10@b9p24p8652.cern.ch
	CondorScratchDir = "/pool/condor/dir_2741297"
	Cpus = 1
	Disk = 3822
	GPUs = 0
	Memory = 3000
...
006 (16690473.010.000) 08/07 21:12:29 Image size of job updated: 2392
	3  -  MemoryUsage of job (MB)
	2252  -  ResidentSetSize of job (KB)
...
006 (16690473.010.000) 08/07 21:17:30 Image size of job updated: 279344
	273  -  MemoryUsage of job (MB)
	279344  -  ResidentSetSize of job (KB)
...
006 (16690473.010.000) 08/07 21:20:24 Image size of job updated: 279348
	273  -  MemoryUsage of job (MB)
	279344  -  ResidentSetSize of job (KB)
...
040 (16690473.010.000) 08/07 21:20:24 Started transferring output files
...
040 (16690473.010.000) 08/07 21:20:24 Finished transferring output files
...
005 (16690473.010.000) 08/07 21:20:24 Job terminated.
	(1) Normal termination (return value 0)
		Usr 0 00:06:36, Sys 0 00:00:17  -  Run Remote Usage
		Usr 0 00:00:00, Sys 0 00:00:00  -  Run Local Usage
		Usr 0 00:06:36, Sys 0 00:00:17  -  Total Remote Usage
		Usr 0 00:00:00, Sys 0 00:00:00  -  Total Local Usage
	13073  -  Run Bytes Sent By Job
	853  -  Run Bytes Received By Job
	13073  -  Total Bytes Sent By Job
	853  -  Total Bytes Received By Job
	Partitionable Resources :    Usage  Request Allocated 
	   Cpus                 :     0.87        1         1 
	   Disk (KB)            :    62           1      3822 
	   GPUs                 :                           0 
	   Memory (MB)          :   273        3000      3000 
	   TimeExecute (s)      :   484                       
	   TimeSlotBusy (s)     :   486                       
...
000 (16827608.010.000) 09/22 12:58:51 Job submitted from host: <188.184.90.241:9618?addrs=188.184.90.241-9618+[2001-1458-201-e4--100-2eb]-9618&alias=bigbird15.cern.ch&noUDP&sock=schedd_3150_376a>
...
040 (16827608.010.000) 09/22 13:00:56 Started transferring input files
	Transferring to host: <188.185.206.161:9618?addrs=188.185.206.161-9618+[2001-1458-303-c--100-1e]-9618&alias=b9p06p4981.cern.ch&noUDP&sock=slot1_31_12098_e2a5_70269>
...
040 (16827608.010.000) 09/22 13:00:57 Finished transferring input files
...
001 (16827608.010.000) 09/22 13:00:57 Job executing on host: <188.185.206.161:9618?addrs=188.185.206.161-9618+[2001-1458-303-c--100-1e]-9618&alias=b9p06p4981.cern.ch&noUDP&sock=startd_11660_5e5f>
	SlotName: slot1_31@b9p06p4981.cern.ch
	CondorScratchDir = "/pool/condor/dir_471161"
	Cpus = 1
	Disk = 3527
	GPUs = 0
	Memory = 3000
...
006 (16827608.010.000) 09/22 13:01:06 Image size of job updated: 1392
	2  -  MemoryUsage of job (MB)
	1392  -  ResidentSetSize of job (KB)
...
006 (16827608.010.000) 09/22 13:04:17 Image size of job updated: 307900
	2  -  MemoryUsage of job (MB)
	1392  -  ResidentSetSize of job (KB)
...
040 (16827608.010.000) 09/22 13:04:17 Started transferring output files
...
040 (16827608.010.000) 09/22 13:04:17 Finished transferring output files
...
005 (16827608.010.000) 09/22 13:04:17 Job terminated.
	(1) Normal termination (return value 0)
		Usr 0 00:02:38, Sys 0 00:00:10  -  Run Remote Usage
		Usr 0 00:00:00, Sys 0 00:00:00  -  Run Local Usage
		Usr 0 00:02:38, Sys 0 00:00:10  -  Total Remote Usage
		Usr 0 00:00:00, Sys 0 00:00:00  -  Total Local Usage
	11906  -  Run Bytes Sent By Job
	853  -  Run Bytes Received By Job
	11906  -  Total Bytes Sent By Job
	853  -  Total Bytes Received By Job
	Partitionable Resources :    Usage  Request Allocated 
	   Cpus                 :                 1         1 
	   Disk (KB)            :       59        1      3527 
	   GPUs                 :                           0 
	   Memory (MB)          :        2     3000      3000 
	   TimeExecute (s)      :      200                    
	   TimeSlotBusy (s)     :      202                    
...
000 (16827633.010.000) 09/22 16:48:51 Job submitted from host: <188.184.90.241:9618?addrs=188.184.90.241-9618+[2001-1458-201-e4--100-2eb]-9618&alias=bigbird15.cern.ch&noUDP&sock=schedd_3150_376a>
...
040 (16827633.010.000) 09/22 16:56:45 Started transferring input files
	Transferring to host: <188.185.210.208:9618?addrs=188.185.210.208-9618+[2001-1458-303-15--100-4c]-9618&alias=b9p22p0624.cern.ch&noUDP&sock=slot1_50_5776_76e4_68229>
...
040 (16827633.010.000) 09/22 16:56:45 Finished transferring input files
...
001 (16827633.010.000) 09/22 16:56:46 Job executing on host: <188.185.210.208:9618?addrs=188.185.210.208-9618+[2001-1458-303-15--100-4c]-9618&alias=b9p22p0624.cern.ch&noUDP&sock=startd_4738_73cf>
	SlotName: slot1_50@b9p22p0624.cern.ch
	CondorScratchDir = "/pool/condor/dir_3858734"
	Cpus = 1
	Disk = 3638
	GPUs = 0
	Memory = 3000
...
006 (16827633.010.000) 09/22 16:56:54 Image size of job updated: 2304
	3  -  MemoryUsage of job (MB)
	2304  -  ResidentSetSize of job (KB)
...
006 (16827633.010.000) 09/22 17:00:37 Image size of job updated: 318024
	3  -  MemoryUsage of job (MB)
	2356  -  ResidentSetSize of job (KB)
...
040 (16827633.010.000) 09/22 17:00:37 Started transferring output files
...
040 (16827633.010.000) 09/22 17:00:37 Finished transferring output files
...
005 (16827633.010.000) 09/22 17:00:37 Job terminated.
	(1) Normal termination (return value 0)
		Usr 0 00:02:54, Sys 0 00:00:12  -  Run Remote Usage
		Usr 0 00:00:00, Sys 0 00:00:00  -  Run Local Usage
		Usr 0 00:02:54, Sys 0 00:00:12  -  Total Remote Usage
		Usr 0 00:00:00, Sys 0 00:00:00  -  Total Local Usage
	10923  -  Run Bytes Sent By Job
	853  -  Run Bytes Received By Job
	10923  -  Total Bytes Sent By Job
	853  -  Total Bytes Received By Job
	Partitionable Resources :    Usage  Request Allocated 
	   Cpus                 :                 1         1 
	   Disk (KB)            :       48        1      3638 
	   GPUs                 :                           0 
	   Memory (MB)          :        3     3000      3000 
	   TimeExecute (s)      :      231                    
	   TimeSlotBusy (s)     :      233                    
...
