000 (16690473.003.000) 08/07 21:10:36 Job submitted from host: <188.184.90.241:9618?addrs=188.184.90.241-9618+[2001-1458-201-e4--100-2eb]-9618&alias=bigbird15.cern.ch&noUDP&sock=schedd_3150_376a>
...
040 (16690473.003.000) 08/07 21:12:15 Started transferring input files
	Transferring to host: <188.185.213.150:9618?addrs=188.185.213.150-9618+[2001-1458-303-1b--100-12]-9618&alias=b9p28p4011.cern.ch&noUDP&sock=slot1_1_4248_d9a6_30027>
...
040 (16690473.003.000) 08/07 21:12:15 Finished transferring input files
...
001 (16690473.003.000) 08/07 21:12:16 Job executing on host: <188.185.213.150:9618?addrs=188.185.213.150-9618+[2001-1458-303-1b--100-12]-9618&alias=b9p28p4011.cern.ch&noUDP&sock=startd_3550_954c>
	SlotName: slot1_1@b9p28p4011.cern.ch
	CondorScratchDir = "/pool/condor/dir_1419681"
	Cpus = 1
	Disk = 3847
	GPUs = 0
	Memory = 3000
...
006 (16690473.003.000) 08/07 21:12:24 Image size of job updated: 2416
	2  -  MemoryUsage of job (MB)
	1848  -  ResidentSetSize of job (KB)
...
006 (16690473.003.000) 08/07 21:17:24 Image size of job updated: 285008
	279  -  MemoryUsage of job (MB)
	285008  -  ResidentSetSize of job (KB)
...
006 (16690473.003.000) 08/07 21:19:09 Image size of job updated: 285132
	279  -  MemoryUsage of job (MB)
	285008  -  ResidentSetSize of job (KB)
...
040 (16690473.003.000) 08/07 21:19:09 Started transferring output files
...
040 (16690473.003.000) 08/07 21:19:09 Finished transferring output files
...
005 (16690473.003.000) 08/07 21:19:09 Job terminated.
	(1) Normal termination (return value 0)
		Usr 0 00:05:50, Sys 0 00:00:16  -  Run Remote Usage
		Usr 0 00:00:00, Sys 0 00:00:00  -  Run Local Usage
		Usr 0 00:05:50, Sys 0 00:00:16  -  Total Remote Usage
		Usr 0 00:00:00, Sys 0 00:00:00  -  Total Local Usage
	13502  -  Run Bytes Sent By Job
	853  -  Run Bytes Received By Job
	13502  -  Total Bytes Sent By Job
	853  -  Total Bytes Received By Job
	Partitionable Resources :    Usage  Request Allocated 
	   Cpus                 :                 1         1 
	   Disk (KB)            :       54        1      3847 
	   GPUs                 :                           0 
	   Memory (MB)          :      279     3000      3000 
	   TimeExecute (s)      :      413                    
	   TimeSlotBusy (s)     :      415                    
...
000 (16827608.003.000) 09/22 12:58:51 Job submitted from host: <188.184.90.241:9618?addrs=188.184.90.241-9618+[2001-1458-201-e4--100-2eb]-9618&alias=bigbird15.cern.ch&noUDP&sock=schedd_3150_376a>
...
040 (16827608.003.000) 09/22 13:00:56 Started transferring input files
	Transferring to host: <128.142.132.149:9618?addrs=128.142.132.149-9618+[2001-1458-301-5a--100-89]-9618&alias=b9g12p2095.cern.ch&noUDP&sock=slot1_36_6540_c583_65093>
...
040 (16827608.003.000) 09/22 13:00:56 Finished transferring input files
...
001 (16827608.003.000) 09/22 13:00:57 Job executing on host: <128.142.132.149:9618?addrs=128.142.132.149-9618+[2001-1458-301-5a--100-89]-9618&alias=b9g12p2095.cern.ch&noUDP&sock=startd_5754_5808>
	SlotName: slot1_36@b9g12p2095.cern.ch
	CondorScratchDir = "/pool/condor/dir_847391"
	Cpus = 1
	Disk = 2606
	GPUs = 0
	Memory = 3000
...
006 (16827608.003.000) 09/22 13:01:06 Image size of job updated: 3908
	4  -  MemoryUsage of job (MB)
	3908  -  ResidentSetSize of job (KB)
...
006 (16827608.003.000) 09/22 13:06:07 Image size of job updated: 307732
	301  -  MemoryUsage of job (MB)
	307732  -  ResidentSetSize of job (KB)
...
006 (16827608.003.000) 09/22 13:07:11 Image size of job updated: 311072
	301  -  MemoryUsage of job (MB)
	307732  -  ResidentSetSize of job (KB)
...
040 (16827608.003.000) 09/22 13:07:11 Started transferring output files
...
040 (16827608.003.000) 09/22 13:07:11 Finished transferring output files
...
005 (16827608.003.000) 09/22 13:07:12 Job terminated.
	(1) Normal termination (return value 0)
		Usr 0 00:04:35, Sys 0 00:00:13  -  Run Remote Usage
		Usr 0 00:00:00, Sys 0 00:00:00  -  Run Local Usage
		Usr 0 00:04:35, Sys 0 00:00:13  -  Total Remote Usage
		Usr 0 00:00:00, Sys 0 00:00:00  -  Total Local Usage
	11906  -  Run Bytes Sent By Job
	853  -  Run Bytes Received By Job
	11906  -  Total Bytes Sent By Job
	853  -  Total Bytes Received By Job
	Partitionable Resources :    Usage  Request Allocated 
	   Cpus                 :     0.81        1         1 
	   Disk (KB)            :    57           1      2606 
	   GPUs                 :                           0 
	   Memory (MB)          :   301        3000      3000 
	   TimeExecute (s)      :   374                       
	   TimeSlotBusy (s)     :   377                       
...
000 (16827633.003.000) 09/22 16:48:51 Job submitted from host: <188.184.90.241:9618?addrs=188.184.90.241-9618+[2001-1458-201-e4--100-2eb]-9618&alias=bigbird15.cern.ch&noUDP&sock=schedd_3150_376a>
...
040 (16827633.003.000) 09/22 16:51:01 Started transferring input files
	Transferring to host: <188.185.214.35:9618?addrs=188.185.214.35-9618+[2001-1458-303-1c--100-1f]-9618&alias=b9p29p9581.cern.ch&noUDP&sock=slot1_29_4761_4e1b_68078>
...
040 (16827633.003.000) 09/22 16:51:01 Finished transferring input files
...
001 (16827633.003.000) 09/22 16:51:02 Job executing on host: <188.185.214.35:9618?addrs=188.185.214.35-9618+[2001-1458-303-1c--100-1f]-9618&alias=b9p29p9581.cern.ch&noUDP&sock=startd_4113_c11e>
	SlotName: slot1_29@b9p29p9581.cern.ch
	CondorScratchDir = "/pool/condor/dir_1706639"
	Cpus = 1
	Disk = 3604
	GPUs = 0
	Memory = 3000
...
006 (16827633.003.000) 09/22 16:51:10 Image size of job updated: 2332
	3  -  MemoryUsage of job (MB)
	2332  -  ResidentSetSize of job (KB)
...
006 (16827633.003.000) 09/22 16:55:01 Image size of job updated: 310192
	3  -  MemoryUsage of job (MB)
	2456  -  ResidentSetSize of job (KB)
...
040 (16827633.003.000) 09/22 16:55:01 Started transferring output files
...
040 (16827633.003.000) 09/22 16:55:01 Finished transferring output files
...
005 (16827633.003.000) 09/22 16:55:01 Job terminated.
	(1) Normal termination (return value 0)
		Usr 0 00:02:53, Sys 0 00:00:14  -  Run Remote Usage
		Usr 0 00:00:00, Sys 0 00:00:00  -  Run Local Usage
		Usr 0 00:02:53, Sys 0 00:00:14  -  Total Remote Usage
		Usr 0 00:00:00, Sys 0 00:00:00  -  Total Local Usage
	10923  -  Run Bytes Sent By Job
	853  -  Run Bytes Received By Job
	10923  -  Total Bytes Sent By Job
	853  -  Total Bytes Received By Job
	Partitionable Resources :    Usage  Request Allocated 
	   Cpus                 :        0        1         1 
	   Disk (KB)            :       41        1      3604 
	   GPUs                 :                           0 
	   Memory (MB)          :        3     3000      3000 
	   TimeExecute (s)      :      239                    
	   TimeSlotBusy (s)     :      252                    
...
000 (16828034.003.000) 09/22 17:37:17 Job submitted from host: <188.184.90.241:9618?addrs=188.184.90.241-9618+[2001-1458-201-e4--100-2eb]-9618&alias=bigbird15.cern.ch&noUDP&sock=schedd_3150_376a>
...
040 (16828034.003.000) 09/22 17:39:29 Started transferring input files
	Transferring to host: <188.185.213.233:9618?addrs=188.185.213.233-9618+[2001-1458-303-1b--100-65]-9618&alias=b9p28p1176.cern.ch&noUDP&sock=slot1_26_5874_83a8_72848>
...
040 (16828034.003.000) 09/22 17:39:30 Finished transferring input files
...
001 (16828034.003.000) 09/22 17:39:30 Job executing on host: <188.185.213.233:9618?addrs=188.185.213.233-9618+[2001-1458-303-1b--100-65]-9618&alias=b9p28p1176.cern.ch&noUDP&sock=startd_4973_a491>
	SlotName: slot1_26@b9p28p1176.cern.ch
	CondorScratchDir = "/pool/condor/dir_1754100"
	Cpus = 1
	Disk = 3848
	GPUs = 0
	Memory = 3000
...
006 (16828034.003.000) 09/22 17:39:40 Image size of job updated: 2744
	3  -  MemoryUsage of job (MB)
	2744  -  ResidentSetSize of job (KB)
...
006 (16828034.003.000) 09/22 17:43:32 Image size of job updated: 301024
	3  -  MemoryUsage of job (MB)
	2744  -  ResidentSetSize of job (KB)
...
040 (16828034.003.000) 09/22 17:43:33 Started transferring output files
...
040 (16828034.003.000) 09/22 17:43:33 Finished transferring output files
...
005 (16828034.003.000) 09/22 17:43:33 Job terminated.
	(1) Normal termination (return value 0)
		Usr 0 00:02:34, Sys 0 00:00:09  -  Run Remote Usage
		Usr 0 00:00:00, Sys 0 00:00:00  -  Run Local Usage
		Usr 0 00:02:34, Sys 0 00:00:09  -  Total Remote Usage
		Usr 0 00:00:00, Sys 0 00:00:00  -  Total Local Usage
	10923  -  Run Bytes Sent By Job
	853  -  Run Bytes Received By Job
	10923  -  Total Bytes Sent By Job
	853  -  Total Bytes Received By Job
	Partitionable Resources :    Usage  Request Allocated 
	   Cpus                 :        0        1         1 
	   Disk (KB)            :       41        1      3848 
	   GPUs                 :                           0 
	   Memory (MB)          :        3     3000      3000 
	   TimeExecute (s)      :      242                    
	   TimeSlotBusy (s)     :      244                    
...
