000 (16690473.005.000) 08/07 21:10:36 Job submitted from host: <188.184.90.241:9618?addrs=188.184.90.241-9618+[2001-1458-201-e4--100-2eb]-9618&alias=bigbird15.cern.ch&noUDP&sock=schedd_3150_376a>
...
040 (16690473.005.000) 08/07 21:12:17 Started transferring input files
	Transferring to host: <188.185.213.235:9618?addrs=188.185.213.235-9618+[2001-1458-303-1b--100-67]-9618&alias=b9p28p1439.cern.ch&noUDP&sock=slot1_23_4587_b4d4_25934>
...
040 (16690473.005.000) 08/07 21:12:17 Finished transferring input files
...
001 (16690473.005.000) 08/07 21:12:18 Job executing on host: <188.185.213.235:9618?addrs=188.185.213.235-9618+[2001-1458-303-1b--100-67]-9618&alias=b9p28p1439.cern.ch&noUDP&sock=startd_4015_88d6>
	SlotName: slot1_23@b9p28p1439.cern.ch
	CondorScratchDir = "/pool/condor/dir_2370490"
	Cpus = 1
	Disk = 3770
	GPUs = 0
	Memory = 3000
...
006 (16690473.005.000) 08/07 21:12:27 Image size of job updated: 3904
	4  -  MemoryUsage of job (MB)
	3904  -  ResidentSetSize of job (KB)
...
006 (16690473.005.000) 08/07 21:17:28 Image size of job updated: 286340
	280  -  MemoryUsage of job (MB)
	286340  -  ResidentSetSize of job (KB)
...
006 (16690473.005.000) 08/07 21:22:28 Image size of job updated: 286372
	280  -  MemoryUsage of job (MB)
	286372  -  ResidentSetSize of job (KB)
...
006 (16690473.005.000) 08/07 21:23:27 Image size of job updated: 290228
	280  -  MemoryUsage of job (MB)
	286372  -  ResidentSetSize of job (KB)
...
040 (16690473.005.000) 08/07 21:23:27 Started transferring output files
...
040 (16690473.005.000) 08/07 21:23:27 Finished transferring output files
...
005 (16690473.005.000) 08/07 21:23:27 Job terminated.
	(1) Normal termination (return value 0)
		Usr 0 00:07:41, Sys 0 00:00:21  -  Run Remote Usage
		Usr 0 00:00:00, Sys 0 00:00:00  -  Run Local Usage
		Usr 0 00:07:41, Sys 0 00:00:21  -  Total Remote Usage
		Usr 0 00:00:00, Sys 0 00:00:00  -  Total Local Usage
	13535  -  Run Bytes Sent By Job
	853  -  Run Bytes Received By Job
	13535  -  Total Bytes Sent By Job
	853  -  Total Bytes Received By Job
	Partitionable Resources :    Usage  Request Allocated 
	   Cpus                 :     0.22        1         1 
	   Disk (KB)            :    63           1      3770 
	   GPUs                 :                           0 
	   Memory (MB)          :   280        3000      3000 
	   TimeExecute (s)      :   669                       
	   TimeSlotBusy (s)     :   671                       
...
000 (16827608.005.000) 09/22 12:58:51 Job submitted from host: <188.184.90.241:9618?addrs=188.184.90.241-9618+[2001-1458-201-e4--100-2eb]-9618&alias=bigbird15.cern.ch&noUDP&sock=schedd_3150_376a>
...
040 (16827608.005.000) 09/22 13:00:56 Started transferring input files
	Transferring to host: <128.142.137.202:9618?addrs=128.142.137.202-9618+[2001-1458-301-5e--100-be]-9618&alias=b9g19p5651.cern.ch&noUDP&sock=slot1_21_3005_0b53_65864>
...
040 (16827608.005.000) 09/22 13:00:56 Finished transferring input files
...
001 (16827608.005.000) 09/22 13:00:57 Job executing on host: <128.142.137.202:9618?addrs=128.142.137.202-9618+[2001-1458-301-5e--100-be]-9618&alias=b9g19p5651.cern.ch&noUDP&sock=startd_2518_b78f>
	SlotName: slot1_21@b9g19p5651.cern.ch
	CondorScratchDir = "/pool/condor/dir_61309"
	Cpus = 1
	Disk = 2744
	GPUs = 0
	Memory = 3000
...
006 (16827608.005.000) 09/22 13:01:06 Image size of job updated: 3920
	4  -  MemoryUsage of job (MB)
	3920  -  ResidentSetSize of job (KB)
...
006 (16827608.005.000) 09/22 13:06:07 Image size of job updated: 321752
	315  -  MemoryUsage of job (MB)
	321752  -  ResidentSetSize of job (KB)
...
040 (16827608.005.000) 09/22 13:06:23 Started transferring output files
...
040 (16827608.005.000) 09/22 13:06:23 Finished transferring output files
...
005 (16827608.005.000) 09/22 13:06:23 Job terminated.
	(1) Normal termination (return value 0)
		Usr 0 00:04:33, Sys 0 00:00:13  -  Run Remote Usage
		Usr 0 00:00:00, Sys 0 00:00:00  -  Run Local Usage
		Usr 0 00:04:33, Sys 0 00:00:13  -  Total Remote Usage
		Usr 0 00:00:00, Sys 0 00:00:00  -  Total Local Usage
	11940  -  Run Bytes Sent By Job
	853  -  Run Bytes Received By Job
	11940  -  Total Bytes Sent By Job
	853  -  Total Bytes Received By Job
	Partitionable Resources :    Usage  Request Allocated 
	   Cpus                 :     0.93        1         1 
	   Disk (KB)            :    57           1      2744 
	   GPUs                 :                           0 
	   Memory (MB)          :   315        3000      3000 
	   TimeExecute (s)      :   326                       
	   TimeSlotBusy (s)     :   328                       
...
000 (16827633.005.000) 09/22 16:48:51 Job submitted from host: <188.184.90.241:9618?addrs=188.184.90.241-9618+[2001-1458-201-e4--100-2eb]-9618&alias=bigbird15.cern.ch&noUDP&sock=schedd_3150_376a>
...
040 (16827633.005.000) 09/22 16:54:53 Started transferring input files
	Transferring to host: <188.185.214.35:9618?addrs=188.185.214.35-9618+[2001-1458-303-1c--100-1f]-9618&alias=b9p29p9581.cern.ch&noUDP&sock=slot1_23_4761_4e1b_68081>
...
040 (16827633.005.000) 09/22 16:54:53 Finished transferring input files
...
001 (16827633.005.000) 09/22 16:54:54 Job executing on host: <188.185.214.35:9618?addrs=188.185.214.35-9618+[2001-1458-303-1c--100-1f]-9618&alias=b9p29p9581.cern.ch&noUDP&sock=startd_4113_c11e>
	SlotName: slot1_23@b9p29p9581.cern.ch
	CondorScratchDir = "/pool/condor/dir_1720799"
	Cpus = 1
	Disk = 3603
	GPUs = 0
	Memory = 3000
...
006 (16827633.005.000) 09/22 16:55:03 Image size of job updated: 2352
	2  -  MemoryUsage of job (MB)
	1136  -  ResidentSetSize of job (KB)
...
006 (16827633.005.000) 09/22 16:58:28 Image size of job updated: 322704
	2  -  MemoryUsage of job (MB)
	1136  -  ResidentSetSize of job (KB)
...
040 (16827633.005.000) 09/22 16:58:28 Started transferring output files
...
040 (16827633.005.000) 09/22 16:58:28 Finished transferring output files
...
005 (16827633.005.000) 09/22 16:58:29 Job terminated.
	(1) Normal termination (return value 0)
		Usr 0 00:02:59, Sys 0 00:00:13  -  Run Remote Usage
		Usr 0 00:00:00, Sys 0 00:00:00  -  Run Local Usage
		Usr 0 00:02:59, Sys 0 00:00:13  -  Total Remote Usage
		Usr 0 00:00:00, Sys 0 00:00:00  -  Total Local Usage
	10957  -  Run Bytes Sent By Job
	853  -  Run Bytes Received By Job
	10957  -  Total Bytes Sent By Job
	853  -  Total Bytes Received By Job
	Partitionable Resources :    Usage  Request Allocated 
	   Cpus                 :        0        1         1 
	   Disk (KB)            :       42        1      3603 
	   GPUs                 :                           0 
	   Memory (MB)          :        2     3000      3000 
	   TimeExecute (s)      :      214                    
	   TimeSlotBusy (s)     :      215                    
...
000 (16828034.005.000) 09/22 17:37:18 Job submitted from host: <188.184.90.241:9618?addrs=188.184.90.241-9618+[2001-1458-201-e4--100-2eb]-9618&alias=bigbird15.cern.ch&noUDP&sock=schedd_3150_376a>
...
040 (16828034.005.000) 09/22 17:39:30 Started transferring input files
	Transferring to host: <188.185.213.204:9618?addrs=188.185.213.204-9618+[2001-1458-303-1b--100-48]-9618&alias=b9p28p7017.cern.ch&noUDP&sock=slot1_30_9006_4aa7_69343>
...
040 (16828034.005.000) 09/22 17:39:30 Finished transferring input files
...
001 (16828034.005.000) 09/22 17:39:31 Job executing on host: <188.185.213.204:9618?addrs=188.185.213.204-9618+[2001-1458-303-1b--100-48]-9618&alias=b9p28p7017.cern.ch&noUDP&sock=startd_7849_56f1>
	SlotName: slot1_30@b9p28p7017.cern.ch
	CondorScratchDir = "/pool/condor/dir_846031"
	Cpus = 1
	Disk = 3777
	GPUs = 0
	Memory = 3000
...
006 (16828034.005.000) 09/22 17:39:39 Image size of job updated: 3524
	3  -  MemoryUsage of job (MB)
	2636  -  ResidentSetSize of job (KB)
...
006 (16828034.005.000) 09/22 17:43:22 Image size of job updated: 323196
	3  -  MemoryUsage of job (MB)
	2636  -  ResidentSetSize of job (KB)
...
040 (16828034.005.000) 09/22 17:43:22 Started transferring output files
...
040 (16828034.005.000) 09/22 17:43:22 Finished transferring output files
...
005 (16828034.005.000) 09/22 17:43:22 Job terminated.
	(1) Normal termination (return value 0)
		Usr 0 00:02:59, Sys 0 00:00:12  -  Run Remote Usage
		Usr 0 00:00:00, Sys 0 00:00:00  -  Run Local Usage
		Usr 0 00:02:59, Sys 0 00:00:12  -  Total Remote Usage
		Usr 0 00:00:00, Sys 0 00:00:00  -  Total Local Usage
	10957  -  Run Bytes Sent By Job
	853  -  Run Bytes Received By Job
	10957  -  Total Bytes Sent By Job
	853  -  Total Bytes Received By Job
	Partitionable Resources :    Usage  Request Allocated 
	   Cpus                 :     0.47        1         1 
	   Disk (KB)            :    48           1      3777 
	   GPUs                 :                           0 
	   Memory (MB)          :     3        3000      3000 
	   TimeExecute (s)      :   231                       
	   TimeSlotBusy (s)     :   233                       
...
