Running on host b9p24p8652.cern.ch
Input file: /eos/user/m/masegret/PerfectAlignment/user.lucam.mc23_13p6TeV.601190.PhPy8EG_AZNLO_Zmumu.MCP_TESTNTUP.mc23e_ANALYSIS.root/user.lucam.51077380._000053.ANALYSIS.root
[7mlsetup              [0m lsetup <tool1> [ <tool2> ...] (see lsetup -h):
[7m lsetup asetup      [0m  (or asetup) to setup an Athena release
[7m lsetup astyle      [0m  ATLAS style macros
[7m lsetup atlantis    [0m  Atlantis: event display
[7m lsetup centralpage [0m  Find samples
[7m lsetup eiclient    [0m  Event Index 
[7m lsetup emi         [0m  EMI: grid middleware user interface 
[7m lsetup lcgenv      [0m  lcgenv: setup tools from cvmfs SFT repository
[7m lsetup panda       [0m  Panda: Production ANd Distributed Analysis
[7m lsetup pyami       [0m  pyAMI: ATLAS Metadata Interface python client
[7m lsetup root        [0m  ROOT data processing framework
[7m lsetup rucio       [0m  distributed data management system client
[7m lsetup scikit      [0m  python data analysis ecosystem
[7m lsetup views       [0m  Set up a full LCG release
[7m lsetup xcache      [0m  XRootD local proxy cache
[7m lsetup xrootd      [0m  XRootD data access
[7madvancedTools       [0m advanced tools menu
[7mdiagnostics         [0m diagnostic tools menu
[7mhelpMe              [0m more help
[7minstallPip          [0m install relocatable pip modules locally
[7minstallRpm          [0m install relocatable rpms locally
[7mprintMenu           [0m show this menu
[7mqueryC              [0m find / whatis container query
[7mshowVersions        [0m show versions of installed software

[1m[4m30 Nov 2023[0m 

A serious security issue in ROOT's web-based GUI has been identified:

  You should not use the web-based browser until further notice and instead 
  set the old-style TBrowser as the default. Please see the Twiki page linked 
  below for instructions on how to do this.

  https://twiki.cern.ch/twiki/bin/view/AtlasComputing/AtlasComputingArchive/RootBrowserSecurityIssue

  More details of this issue:
  https://root.cern/about/security/#2023-11-26-open-port-for-control-of-web-gui-allows-read-and-write-access-to-file-system

  [0;31mReason for this message: $HOME/.rootrc is missing[0m 


[1m[4m17 Mar 2026[0m

SSL_CERT_DIR is no longer defined by asetup, python or emi.
If you see SSL issues, read https://cern.ch/fudpr
or run in a container depending on which OS needed:
   setupATLAS -c el9 or setupATLAS -c centos7


"amsg seen" to mark as seen to suppress above messages


************************************************************************
Requested:  root ... 
 Setting up [4mroot 6.40.02-x86_64-el9-gcc15-opt[0m ... 
  ROOT is from lcgenv -p LCG_110_ATLAS_1 x86_64-el9-gcc15-opt ROOT
>>>>>>>>>>>>>>>>>>>>>>>>> Information for user <<<<<<<<<<<<<<<<<<<<<<<<<
 root:
   Tip for _this_ standalone ROOT and grid (ie prun) submission:
    avoid --athenaTag if you do not need athena
    use --rootVer=6.40.02 --cmtConfig=x86_64-el9-gcc15-opt
 root:
   Note this ROOT from lcgenv sets up a long list of library paths.
   This may slow down executables; they look at each library path item.
   A faster alternative - setup the entire LCG stack with views:
    lsetup "views LCG_110_ATLAS_1 x86_64-el9-gcc15-opt"
************************************************************************
[INFO] Aggiunto file singolo: /eos/user/m/masegret/PerfectAlignment/user.lucam.mc23_13p6TeV.601190.PhPy8EG_AZNLO_Zmumu.MCP_TESTNTUP.mc23e_ANALYSIS.root/user.lucam.51077380._000053.ANALYSIS.root
[INFO] Entries totali = 3748656

[INFO] Inizio loop eventi...

[INFO] Processati 0 eventi
[INFO] Processati 50000 eventi
[INFO] Processati 100000 eventi
[INFO] Processati 150000 eventi
[INFO] Processati 200000 eventi
[INFO] Processati 250000 eventi
[INFO] Processati 300000 eventi
[INFO] Processati 350000 eventi
[INFO] Processati 400000 eventi
[INFO] Processati 450000 eventi
[INFO] Processati 500000 eventi
[INFO] Processati 550000 eventi
[INFO] Processati 600000 eventi
[INFO] Processati 650000 eventi
[INFO] Processati 700000 eventi
[INFO] Processati 750000 eventi
[INFO] Processati 800000 eventi
[INFO] Processati 850000 eventi
[INFO] Processati 900000 eventi
[INFO] Processati 950000 eventi
[INFO] Processati 1000000 eventi
[INFO] Processati 1050000 eventi
[INFO] Processati 1100000 eventi
[INFO] Processati 1150000 eventi
[INFO] Processati 1200000 eventi
[INFO] Processati 1250000 eventi
[INFO] Processati 1300000 eventi
[INFO] Processati 1350000 eventi
[INFO] Processati 1400000 eventi
[INFO] Processati 1450000 eventi
[INFO] Processati 1500000 eventi
[INFO] Processati 1550000 eventi
[INFO] Processati 1600000 eventi
[INFO] Processati 1650000 eventi
[INFO] Processati 1700000 eventi
[INFO] Processati 1750000 eventi
[INFO] Processati 1800000 eventi
[INFO] Processati 1850000 eventi
[INFO] Processati 1900000 eventi
[INFO] Processati 1950000 eventi
[INFO] Processati 2000000 eventi
[INFO] Processati 2050000 eventi
[INFO] Processati 2100000 eventi
[INFO] Processati 2150000 eventi
[INFO] Processati 2200000 eventi
[INFO] Processati 2250000 eventi
[INFO] Processati 2300000 eventi
[INFO] Processati 2350000 eventi
[INFO] Processati 2400000 eventi
[INFO] Processati 2450000 eventi
[INFO] Processati 2500000 eventi
[INFO] Processati 2550000 eventi
[INFO] Processati 2600000 eventi
[INFO] Processati 2650000 eventi
[INFO] Processati 2700000 eventi
[INFO] Processati 2750000 eventi
[INFO] Processati 2800000 eventi
[INFO] Processati 2850000 eventi
[INFO] Processati 2900000 eventi
[INFO] Processati 2950000 eventi
[INFO] Processati 3000000 eventi
[INFO] Processati 3050000 eventi
[INFO] Processati 3100000 eventi
[INFO] Processati 3150000 eventi
[INFO] Processati 3200000 eventi
[INFO] Processati 3250000 eventi
[INFO] Processati 3300000 eventi
[INFO] Processati 3350000 eventi
[INFO] Processati 3400000 eventi
[INFO] Processati 3450000 eventi
[INFO] Processati 3500000 eventi
[INFO] Processati 3550000 eventi
[INFO] Processati 3600000 eventi
[INFO] Processati 3650000 eventi
[INFO] Processati 3700000 eventi

[INFO] Muoni prompt processati = 6100925
[INFO] Muoni riempiti negli istogrammi = 5293408
[INFO] 36 istogrammi salvati in output_eta.root

=== pT bin 20_30 ===
  eta 0.0-0.1: entries=43730, RMS=0.0213
  eta 0.1-1.01: entries=438164, RMS=0.0215
  eta 1.01-1.3: entries=134900, RMS=0.0253
  eta 1.3-1.7: entries=179745, RMS=0.0304
  eta 1.7-2.5: entries=324912, RMS=0.0304
  eta 2.5-2.8: entries=47485, RMS=0.0410

=== pT bin 30_40 ===
  eta 0.0-0.1: entries=67777, RMS=0.0236
  eta 0.1-1.01: entries=630357, RMS=0.0228
  eta 1.01-1.3: entries=193755, RMS=0.0258
  eta 1.3-1.7: entries=260832, RMS=0.0319
  eta 1.7-2.5: entries=484760, RMS=0.0312
  eta 2.5-2.8: entries=68072, RMS=0.0396

=== pT bin 40_50 ===
  eta 0.0-0.1: entries=64574, RMS=0.0261
  eta 0.1-1.01: entries=600180, RMS=0.0238
  eta 1.01-1.3: entries=186970, RMS=0.0266
  eta 1.3-1.7: entries=250890, RMS=0.0331
  eta 1.7-2.5: entries=472228, RMS=0.0319
  eta 2.5-2.8: entries=63209, RMS=0.0389

=== pT bin 50_80 ===
  eta 0.0-0.1: entries=27303, RMS=0.0294
  eta 0.1-1.01: entries=252963, RMS=0.0260
  eta 1.01-1.3: entries=76897, RMS=0.0278
  eta 1.3-1.7: entries=102069, RMS=0.0353
  eta 1.7-2.5: entries=180907, RMS=0.0334
  eta 2.5-2.8: entries=23337, RMS=0.0386

=== pT bin 80_120 ===
  eta 0.0-0.1: entries=3864, RMS=0.0393
  eta 0.1-1.01: entries=36291, RMS=0.0306
  eta 1.01-1.3: entries=10787, RMS=0.0316
  eta 1.3-1.7: entries=14341, RMS=0.0412
  eta 1.7-2.5: entries=23777, RMS=0.0367
  eta 2.5-2.8: entries=2827, RMS=0.0414

=== pT bin 120_500 ===
  eta 0.0-0.1: entries=1189, RMS=0.0501
  eta 0.1-1.01: entries=10428, RMS=0.0386
  eta 1.01-1.3: entries=3138, RMS=0.0394
  eta 1.3-1.7: entries=3947, RMS=0.0500
  eta 1.7-2.5: entries=6157, RMS=0.0411
  eta 2.5-2.8: entries=646, RMS=0.0431
[INFO] Tabella salvata in images/table_RMS_vs_eta.pdf

[INFO] Plot salvato in images/plot_RMS_vs_eta.png (.pdf)
[INFO] Tabella salvata in images/table_RMS_vs_eta.pdf
Exit code: 0
