000 (16690473.008.000) 08/07 21:10:36 Job submitted from host: <188.184.90.241:9618?addrs=188.184.90.241-9618+[2001-1458-201-e4--100-2eb]-9618&alias=bigbird15.cern.ch&noUDP&sock=schedd_3150_376a>
...
040 (16690473.008.000) 08/07 21:12:19 Started transferring input files
	Transferring to host: <188.185.207.181:9618?addrs=188.185.207.181-9618+[2001-1458-303-e--100-32]-9618&alias=b9p08p7128.cern.ch&noUDP&sock=slot1_15_7346_abe4_20973>
...
040 (16690473.008.000) 08/07 21:12:19 Finished transferring input files
...
001 (16690473.008.000) 08/07 21:12:20 Job executing on host: <188.185.207.181:9618?addrs=188.185.207.181-9618+[2001-1458-303-e--100-32]-9618&alias=b9p08p7128.cern.ch&noUDP&sock=startd_6582_4873>
	SlotName: slot1_15@b9p08p7128.cern.ch
	CondorScratchDir = "/pool/condor/dir_2865758"
	Cpus = 1
	Disk = 3857
	GPUs = 0
	Memory = 3000
...
006 (16690473.008.000) 08/07 21:12:28 Image size of job updated: 3904
	4  -  MemoryUsage of job (MB)
	3904  -  ResidentSetSize of job (KB)
...
006 (16690473.008.000) 08/07 21:17:28 Image size of job updated: 285272
	279  -  MemoryUsage of job (MB)
	285272  -  ResidentSetSize of job (KB)
...
006 (16690473.008.000) 08/07 21:22:29 Image size of job updated: 285300
	279  -  MemoryUsage of job (MB)
	285300  -  ResidentSetSize of job (KB)
...
006 (16690473.008.000) 08/07 21:24:14 Image size of job updated: 285440
	279  -  MemoryUsage of job (MB)
	285300  -  ResidentSetSize of job (KB)
...
040 (16690473.008.000) 08/07 21:24:14 Started transferring output files
...
040 (16690473.008.000) 08/07 21:24:14 Finished transferring output files
...
005 (16690473.008.000) 08/07 21:24:14 Job terminated.
	(1) Normal termination (return value 0)
		Usr 0 00:08:25, Sys 0 00:00:23  -  Run Remote Usage
		Usr 0 00:00:00, Sys 0 00:00:00  -  Run Local Usage
		Usr 0 00:08:25, Sys 0 00:00:23  -  Total Remote Usage
		Usr 0 00:00:00, Sys 0 00:00:00  -  Total Local Usage
	13799  -  Run Bytes Sent By Job
	853  -  Run Bytes Received By Job
	13799  -  Total Bytes Sent By Job
	853  -  Total Bytes Received By Job
	Partitionable Resources :    Usage  Request Allocated 
	   Cpus                 :     0.75        1         1 
	   Disk (KB)            :    65           1      3857 
	   GPUs                 :                           0 
	   Memory (MB)          :   279        3000      3000 
	   TimeExecute (s)      :   714                       
	   TimeSlotBusy (s)     :   717                       
...
000 (16827608.008.000) 09/22 12:58:51 Job submitted from host: <188.184.90.241:9618?addrs=188.184.90.241-9618+[2001-1458-201-e4--100-2eb]-9618&alias=bigbird15.cern.ch&noUDP&sock=schedd_3150_376a>
...
040 (16827608.008.000) 09/22 13:00:56 Started transferring input files
	Transferring to host: <188.185.213.146:9618?addrs=188.185.213.146-9618+[2001-1458-303-1b--100-e]-9618&alias=b9p28p9929.cern.ch&noUDP&sock=slot1_5_7660_e9b1_74478>
...
040 (16827608.008.000) 09/22 13:00:57 Finished transferring input files
...
001 (16827608.008.000) 09/22 13:00:57 Job executing on host: <188.185.213.146:9618?addrs=188.185.213.146-9618+[2001-1458-303-1b--100-e]-9618&alias=b9p28p9929.cern.ch&noUDP&sock=startd_6644_cf52>
	SlotName: slot1_5@b9p28p9929.cern.ch
	CondorScratchDir = "/pool/condor/dir_2243635"
	Cpus = 1
	Disk = 3734
	GPUs = 0
	Memory = 3000
...
006 (16827608.008.000) 09/22 13:01:06 Image size of job updated: 3916
	4  -  MemoryUsage of job (MB)
	3916  -  ResidentSetSize of job (KB)
...
006 (16827608.008.000) 09/22 13:04:35 Image size of job updated: 308556
	4  -  MemoryUsage of job (MB)
	3916  -  ResidentSetSize of job (KB)
...
040 (16827608.008.000) 09/22 13:04:35 Started transferring output files
...
040 (16827608.008.000) 09/22 13:04:35 Finished transferring output files
...
005 (16827608.008.000) 09/22 13:04:36 Job terminated.
	(1) Normal termination (return value 0)
		Usr 0 00:02:51, Sys 0 00:00:13  -  Run Remote Usage
		Usr 0 00:00:00, Sys 0 00:00:00  -  Run Local Usage
		Usr 0 00:02:51, Sys 0 00:00:13  -  Total Remote Usage
		Usr 0 00:00:00, Sys 0 00:00:00  -  Total Local Usage
	11906  -  Run Bytes Sent By Job
	853  -  Run Bytes Received By Job
	11906  -  Total Bytes Sent By Job
	853  -  Total Bytes Received By Job
	Partitionable Resources :    Usage  Request Allocated 
	   Cpus                 :                 1         1 
	   Disk (KB)            :       57        1      3734 
	   GPUs                 :                           0 
	   Memory (MB)          :        4     3000      3000 
	   TimeExecute (s)      :      218                    
	   TimeSlotBusy (s)     :      220                    
...
000 (16827633.008.000) 09/22 16:48:51 Job submitted from host: <188.184.90.241:9618?addrs=188.184.90.241-9618+[2001-1458-201-e4--100-2eb]-9618&alias=bigbird15.cern.ch&noUDP&sock=schedd_3150_376a>
...
040 (16827633.008.000) 09/22 16:56:45 Started transferring input files
	Transferring to host: <188.185.210.208:9618?addrs=188.185.210.208-9618+[2001-1458-303-15--100-4c]-9618&alias=b9p22p0624.cern.ch&noUDP&sock=slot1_12_5776_76e4_68227>
...
040 (16827633.008.000) 09/22 16:56:45 Finished transferring input files
...
001 (16827633.008.000) 09/22 16:56:46 Job executing on host: <188.185.210.208:9618?addrs=188.185.210.208-9618+[2001-1458-303-15--100-4c]-9618&alias=b9p22p0624.cern.ch&noUDP&sock=startd_4738_73cf>
	SlotName: slot1_12@b9p22p0624.cern.ch
	CondorScratchDir = "/pool/condor/dir_3858732"
	Cpus = 1
	Disk = 3638
	GPUs = 0
	Memory = 3000
...
006 (16827633.008.000) 09/22 16:56:54 Image size of job updated: 10616
	11  -  MemoryUsage of job (MB)
	10616  -  ResidentSetSize of job (KB)
...
006 (16827633.008.000) 09/22 17:00:55 Image size of job updated: 310276
	11  -  MemoryUsage of job (MB)
	10616  -  ResidentSetSize of job (KB)
...
040 (16827633.008.000) 09/22 17:00:55 Started transferring output files
...
040 (16827633.008.000) 09/22 17:00:55 Finished transferring output files
...
005 (16827633.008.000) 09/22 17:00:55 Job terminated.
	(1) Normal termination (return value 0)
		Usr 0 00:03:01, Sys 0 00:00:12  -  Run Remote Usage
		Usr 0 00:00:00, Sys 0 00:00:00  -  Run Local Usage
		Usr 0 00:03:01, Sys 0 00:00:12  -  Total Remote Usage
		Usr 0 00:00:00, Sys 0 00:00:00  -  Total Local Usage
	10923  -  Run Bytes Sent By Job
	853  -  Run Bytes Received By Job
	10923  -  Total Bytes Sent By Job
	853  -  Total Bytes Received By Job
	Partitionable Resources :    Usage  Request Allocated 
	   Cpus                 :                 1         1 
	   Disk (KB)            :       33        1      3638 
	   GPUs                 :                           0 
	   Memory (MB)          :       11     3000      3000 
	   TimeExecute (s)      :      249                    
	   TimeSlotBusy (s)     :      251                    
...
000 (16828034.008.000) 09/22 17:37:18 Job submitted from host: <188.184.90.241:9618?addrs=188.184.90.241-9618+[2001-1458-201-e4--100-2eb]-9618&alias=bigbird15.cern.ch&noUDP&sock=schedd_3150_376a>
...
040 (16828034.008.000) 09/22 17:39:41 Started transferring input files
	Transferring to host: <188.185.213.229:9618?addrs=188.185.213.229-9618+[2001-1458-303-1b--100-61]-9618&alias=b9p28p7463.cern.ch&noUDP&sock=slot1_31_4202_7064_69244>
...
040 (16828034.008.000) 09/22 17:39:41 Finished transferring input files
...
001 (16828034.008.000) 09/22 17:39:42 Job executing on host: <188.185.213.229:9618?addrs=188.185.213.229-9618+[2001-1458-303-1b--100-61]-9618&alias=b9p28p7463.cern.ch&noUDP&sock=startd_3502_a8c0>
	SlotName: slot1_31@b9p28p7463.cern.ch
	CondorScratchDir = "/pool/condor/dir_1231757"
	Cpus = 1
	Disk = 3588
	GPUs = 0
	Memory = 3000
...
006 (16828034.008.000) 09/22 17:39:51 Image size of job updated: 3848
	4  -  MemoryUsage of job (MB)
	3848  -  ResidentSetSize of job (KB)
...
006 (16828034.008.000) 09/22 17:43:55 Image size of job updated: 308416
	4  -  MemoryUsage of job (MB)
	3848  -  ResidentSetSize of job (KB)
...
040 (16828034.008.000) 09/22 17:43:55 Started transferring output files
...
040 (16828034.008.000) 09/22 17:43:55 Finished transferring output files
...
005 (16828034.008.000) 09/22 17:43:55 Job terminated.
	(1) Normal termination (return value 0)
		Usr 0 00:03:02, Sys 0 00:00:12  -  Run Remote Usage
		Usr 0 00:00:00, Sys 0 00:00:00  -  Run Local Usage
		Usr 0 00:03:02, Sys 0 00:00:12  -  Total Remote Usage
		Usr 0 00:00:00, Sys 0 00:00:00  -  Total Local Usage
	10923  -  Run Bytes Sent By Job
	853  -  Run Bytes Received By Job
	10923  -  Total Bytes Sent By Job
	853  -  Total Bytes Received By Job
	Partitionable Resources :    Usage  Request Allocated 
	   Cpus                 :     0.87        1         1 
	   Disk (KB)            :    56           1      3588 
	   GPUs                 :                           0 
	   Memory (MB)          :     4        3000      3000 
	   TimeExecute (s)      :   253                       
	   TimeSlotBusy (s)     :   265                       
...
