000 (16690473.009.000) 08/07 21:10:36 Job submitted from host: <188.184.90.241:9618?addrs=188.184.90.241-9618+[2001-1458-201-e4--100-2eb]-9618&alias=bigbird15.cern.ch&noUDP&sock=schedd_3150_376a>
...
040 (16690473.009.000) 08/07 21:12:19 Started transferring input files
	Transferring to host: <188.185.196.70:9618?addrs=188.185.196.70-9618+[2001-1458-303-23--100-42]-9618&alias=b9p16p4422.cern.ch&noUDP&sock=slot1_4_3378_db42_23695>
...
040 (16690473.009.000) 08/07 21:12:19 Finished transferring input files
...
001 (16690473.009.000) 08/07 21:12:20 Job executing on host: <188.185.196.70:9618?addrs=188.185.196.70-9618+[2001-1458-303-23--100-42]-9618&alias=b9p16p4422.cern.ch&noUDP&sock=startd_2616_efd7>
	SlotName: slot1_4@b9p16p4422.cern.ch
	CondorScratchDir = "/pool/condor/dir_4152606"
	Cpus = 1
	Disk = 3981
	GPUs = 0
	Memory = 3000
...
006 (16690473.009.000) 08/07 21:12:28 Image size of job updated: 3904
	4  -  MemoryUsage of job (MB)
	3904  -  ResidentSetSize of job (KB)
...
006 (16690473.009.000) 08/07 21:17:28 Image size of job updated: 285216
	279  -  MemoryUsage of job (MB)
	285216  -  ResidentSetSize of job (KB)
...
006 (16690473.009.000) 08/07 21:22:29 Image size of job updated: 285224
	279  -  MemoryUsage of job (MB)
	285224  -  ResidentSetSize of job (KB)
...
006 (16690473.009.000) 08/07 21:24:37 Image size of job updated: 292256
	279  -  MemoryUsage of job (MB)
	285224  -  ResidentSetSize of job (KB)
...
040 (16690473.009.000) 08/07 21:24:37 Started transferring output files
...
040 (16690473.009.000) 08/07 21:24:37 Finished transferring output files
...
005 (16690473.009.000) 08/07 21:24:37 Job terminated.
	(1) Normal termination (return value 0)
		Usr 0 00:10:24, Sys 0 00:00:18  -  Run Remote Usage
		Usr 0 00:00:00, Sys 0 00:00:00  -  Run Local Usage
		Usr 0 00:10:24, Sys 0 00:00:18  -  Total Remote Usage
		Usr 0 00:00:00, Sys 0 00:00:00  -  Total Local Usage
	13799  -  Run Bytes Sent By Job
	853  -  Run Bytes Received By Job
	13799  -  Total Bytes Sent By Job
	853  -  Total Bytes Received By Job
	Partitionable Resources :    Usage  Request Allocated 
	   Cpus                 :     0.90        1         1 
	   Disk (KB)            :    63           1      3981 
	   GPUs                 :                           0 
	   Memory (MB)          :   279        3000      3000 
	   TimeExecute (s)      :   737                       
	   TimeSlotBusy (s)     :   739                       
...
000 (16827608.009.000) 09/22 12:58:51 Job submitted from host: <188.184.90.241:9618?addrs=188.184.90.241-9618+[2001-1458-201-e4--100-2eb]-9618&alias=bigbird15.cern.ch&noUDP&sock=schedd_3150_376a>
...
040 (16827608.009.000) 09/22 13:00:56 Started transferring input files
	Transferring to host: <128.142.132.186:9618?addrs=128.142.132.186-9618+[2001-1458-301-5a--100-ae]-9618&alias=b9g12p0354.cern.ch&noUDP&sock=slot1_37_2770_772a_12383>
...
040 (16827608.009.000) 09/22 13:00:57 Finished transferring input files
...
001 (16827608.009.000) 09/22 13:00:57 Job executing on host: <128.142.132.186:9618?addrs=128.142.132.186-9618+[2001-1458-301-5a--100-ae]-9618&alias=b9g12p0354.cern.ch&noUDP&sock=startd_2420_7f47>
	SlotName: slot1_37@b9g12p0354.cern.ch
	CondorScratchDir = "/pool/condor/dir_3278334"
	Cpus = 1
	Disk = 2517
	GPUs = 0
	Memory = 3000
...
006 (16827608.009.000) 09/22 13:01:07 Image size of job updated: 3920
	4  -  MemoryUsage of job (MB)
	3920  -  ResidentSetSize of job (KB)
...
006 (16827608.009.000) 09/22 13:06:07 Image size of job updated: 305104
	298  -  MemoryUsage of job (MB)
	305104  -  ResidentSetSize of job (KB)
...
006 (16827608.009.000) 09/22 13:06:20 Image size of job updated: 305108
	298  -  MemoryUsage of job (MB)
	305104  -  ResidentSetSize of job (KB)
...
040 (16827608.009.000) 09/22 13:06:20 Started transferring output files
...
040 (16827608.009.000) 09/22 13:06:20 Finished transferring output files
...
005 (16827608.009.000) 09/22 13:06:20 Job terminated.
	(1) Normal termination (return value 0)
		Usr 0 00:04:38, Sys 0 00:00:13  -  Run Remote Usage
		Usr 0 00:00:00, Sys 0 00:00:00  -  Run Local Usage
		Usr 0 00:04:38, Sys 0 00:00:13  -  Total Remote Usage
		Usr 0 00:00:00, Sys 0 00:00:00  -  Total Local Usage
	11907  -  Run Bytes Sent By Job
	853  -  Run Bytes Received By Job
	11907  -  Total Bytes Sent By Job
	853  -  Total Bytes Received By Job
	Partitionable Resources :    Usage  Request Allocated 
	   Cpus                 :     0.93        1         1 
	   Disk (KB)            :    57           1      2517 
	   GPUs                 :                           0 
	   Memory (MB)          :   298        3000      3000 
	   TimeExecute (s)      :   323                       
	   TimeSlotBusy (s)     :   325                       
...
000 (16827633.009.000) 09/22 16:48:51 Job submitted from host: <188.184.90.241:9618?addrs=188.184.90.241-9618+[2001-1458-201-e4--100-2eb]-9618&alias=bigbird15.cern.ch&noUDP&sock=schedd_3150_376a>
...
040 (16827633.009.000) 09/22 16:56:45 Started transferring input files
	Transferring to host: <188.185.210.208:9618?addrs=188.185.210.208-9618+[2001-1458-303-15--100-4c]-9618&alias=b9p22p0624.cern.ch&noUDP&sock=slot1_49_5776_76e4_68228>
...
040 (16827633.009.000) 09/22 16:56:45 Finished transferring input files
...
001 (16827633.009.000) 09/22 16:56:46 Job executing on host: <188.185.210.208:9618?addrs=188.185.210.208-9618+[2001-1458-303-15--100-4c]-9618&alias=b9p22p0624.cern.ch&noUDP&sock=startd_4738_73cf>
	SlotName: slot1_49@b9p22p0624.cern.ch
	CondorScratchDir = "/pool/condor/dir_3858733"
	Cpus = 1
	Disk = 3638
	GPUs = 0
	Memory = 3000
...
006 (16827633.009.000) 09/22 16:56:54 Image size of job updated: 10620
	11  -  MemoryUsage of job (MB)
	10620  -  ResidentSetSize of job (KB)
...
006 (16827633.009.000) 09/22 17:00:30 Image size of job updated: 302456
	11  -  MemoryUsage of job (MB)
	10620  -  ResidentSetSize of job (KB)
...
040 (16827633.009.000) 09/22 17:00:30 Started transferring output files
...
040 (16827633.009.000) 09/22 17:00:30 Finished transferring output files
...
005 (16827633.009.000) 09/22 17:00:30 Job terminated.
	(1) Normal termination (return value 0)
		Usr 0 00:03:03, Sys 0 00:00:12  -  Run Remote Usage
		Usr 0 00:00:00, Sys 0 00:00:00  -  Run Local Usage
		Usr 0 00:03:03, Sys 0 00:00:12  -  Total Remote Usage
		Usr 0 00:00:00, Sys 0 00:00:00  -  Total Local Usage
	10924  -  Run Bytes Sent By Job
	853  -  Run Bytes Received By Job
	10924  -  Total Bytes Sent By Job
	853  -  Total Bytes Received By Job
	Partitionable Resources :    Usage  Request Allocated 
	   Cpus                 :                 1         1 
	   Disk (KB)            :       33        1      3638 
	   GPUs                 :                           0 
	   Memory (MB)          :       11     3000      3000 
	   TimeExecute (s)      :      224                    
	   TimeSlotBusy (s)     :      226                    
...
000 (16828034.009.000) 09/22 17:37:18 Job submitted from host: <188.184.90.241:9618?addrs=188.184.90.241-9618+[2001-1458-201-e4--100-2eb]-9618&alias=bigbird15.cern.ch&noUDP&sock=schedd_3150_376a>
...
040 (16828034.009.000) 09/22 17:41:55 Started transferring input files
	Transferring to host: <188.185.214.96:9618?addrs=188.185.214.96-9618+[2001-1458-303-1c--100-5c]-9618&alias=b9p29p1112.cern.ch&noUDP&sock=slot1_29_6218_e4b6_69360>
...
040 (16828034.009.000) 09/22 17:41:55 Finished transferring input files
...
001 (16828034.009.000) 09/22 17:41:56 Job executing on host: <188.185.214.96:9618?addrs=188.185.214.96-9618+[2001-1458-303-1c--100-5c]-9618&alias=b9p29p1112.cern.ch&noUDP&sock=startd_5499_6f61>
	SlotName: slot1_29@b9p29p1112.cern.ch
	CondorScratchDir = "/pool/condor/dir_629215"
	Cpus = 1
	Disk = 3769
	GPUs = 0
	Memory = 3000
...
006 (16828034.009.000) 09/22 17:42:05 Image size of job updated: 4088
	4  -  MemoryUsage of job (MB)
	4088  -  ResidentSetSize of job (KB)
...
006 (16828034.009.000) 09/22 17:46:19 Image size of job updated: 301144
	4  -  MemoryUsage of job (MB)
	4096  -  ResidentSetSize of job (KB)
...
040 (16828034.009.000) 09/22 17:46:19 Started transferring output files
...
040 (16828034.009.000) 09/22 17:46:19 Finished transferring output files
...
005 (16828034.009.000) 09/22 17:46:19 Job terminated.
	(1) Normal termination (return value 0)
		Usr 0 00:03:03, Sys 0 00:00:09  -  Run Remote Usage
		Usr 0 00:00:00, Sys 0 00:00:00  -  Run Local Usage
		Usr 0 00:03:03, Sys 0 00:00:09  -  Total Remote Usage
		Usr 0 00:00:00, Sys 0 00:00:00  -  Total Local Usage
	10924  -  Run Bytes Sent By Job
	853  -  Run Bytes Received By Job
	10924  -  Total Bytes Sent By Job
	853  -  Total Bytes Received By Job
	Partitionable Resources :    Usage  Request Allocated 
	   Cpus                 :        0        1         1 
	   Disk (KB)            :       69        1      3769 
	   GPUs                 :                           0 
	   Memory (MB)          :        4     3000      3000 
	   TimeExecute (s)      :      263                    
	   TimeSlotBusy (s)     :      264                    
...
