Running on host b9p18p7089.cern.ch
Input file: /eos/user/m/masegret/PerfectAlignment/user.lucam.mc23_13p6TeV.601190.PhPy8EG_AZNLO_Zmumu.MCP_TESTNTUP.mc23e_ANALYSIS.root/user.lucam.51077380._000013.ANALYSIS.root
[7mlsetup              [0m lsetup <tool1> [ <tool2> ...] (see lsetup -h):
[7m lsetup asetup      [0m  (or asetup) to setup an Athena release
[7m lsetup astyle      [0m  ATLAS style macros
[7m lsetup atlantis    [0m  Atlantis: event display
[7m lsetup centralpage [0m  Find samples
[7m lsetup eiclient    [0m  Event Index 
[7m lsetup emi         [0m  EMI: grid middleware user interface 
[7m lsetup lcgenv      [0m  lcgenv: setup tools from cvmfs SFT repository
[7m lsetup panda       [0m  Panda: Production ANd Distributed Analysis
[7m lsetup pyami       [0m  pyAMI: ATLAS Metadata Interface python client
[7m lsetup root        [0m  ROOT data processing framework
[7m lsetup rucio       [0m  distributed data management system client
[7m lsetup scikit      [0m  python data analysis ecosystem
[7m lsetup views       [0m  Set up a full LCG release
[7m lsetup xcache      [0m  XRootD local proxy cache
[7m lsetup xrootd      [0m  XRootD data access
[7madvancedTools       [0m advanced tools menu
[7mdiagnostics         [0m diagnostic tools menu
[7mhelpMe              [0m more help
[7minstallPip          [0m install relocatable pip modules locally
[7minstallRpm          [0m install relocatable rpms locally
[7mprintMenu           [0m show this menu
[7mqueryC              [0m find / whatis container query
[7mshowVersions        [0m show versions of installed software

************************************************************************
Requested:  root ... 
 Setting up [4mroot 6.40.02-x86_64-el9-gcc15-opt[0m ... 
  ROOT is from lcgenv -p LCG_110_ATLAS_1 x86_64-el9-gcc15-opt ROOT
>>>>>>>>>>>>>>>>>>>>>>>>> Information for user <<<<<<<<<<<<<<<<<<<<<<<<<
 root:
   Tip for _this_ standalone ROOT and grid (ie prun) submission:
    avoid --athenaTag if you do not need athena
    use --rootVer=6.40.02 --cmtConfig=x86_64-el9-gcc15-opt
 root:
   Note this ROOT from lcgenv sets up a long list of library paths.
   This may slow down executables; they look at each library path item.
   A faster alternative - setup the entire LCG stack with views:
    lsetup "views LCG_110_ATLAS_1 x86_64-el9-gcc15-opt"
************************************************************************
[INFO] Aggiunto file singolo: /eos/user/m/masegret/PerfectAlignment/user.lucam.mc23_13p6TeV.601190.PhPy8EG_AZNLO_Zmumu.MCP_TESTNTUP.mc23e_ANALYSIS.root/user.lucam.51077380._000013.ANALYSIS.root
[INFO] Entries totali = 1606755

[INFO] Inizio loop eventi...

[INFO] Processati 0 eventi
[INFO] Processati 50000 eventi
[INFO] Processati 100000 eventi
[INFO] Processati 150000 eventi
[INFO] Processati 200000 eventi
[INFO] Processati 250000 eventi
[INFO] Processati 300000 eventi
[INFO] Processati 350000 eventi
[INFO] Processati 400000 eventi
[INFO] Processati 450000 eventi
[INFO] Processati 500000 eventi
[INFO] Processati 550000 eventi
[INFO] Processati 600000 eventi
[INFO] Processati 650000 eventi
[INFO] Processati 700000 eventi
[INFO] Processati 750000 eventi
[INFO] Processati 800000 eventi
[INFO] Processati 850000 eventi
[INFO] Processati 900000 eventi
[INFO] Processati 950000 eventi
[INFO] Processati 1000000 eventi
[INFO] Processati 1050000 eventi
[INFO] Processati 1100000 eventi
[INFO] Processati 1150000 eventi
[INFO] Processati 1200000 eventi
[INFO] Processati 1250000 eventi
[INFO] Processati 1300000 eventi
[INFO] Processati 1350000 eventi
[INFO] Processati 1400000 eventi
[INFO] Processati 1450000 eventi
[INFO] Processati 1500000 eventi
[INFO] Processati 1550000 eventi
[INFO] Processati 1600000 eventi

[INFO] Muoni prompt processati = 2614961
[INFO] Muoni riempiti negli istogrammi = 2267909
[INFO] 36 istogrammi salvati in output_eta.root

=== pT bin 20_30 ===
  eta 0.0-0.1: entries=19001, RMS=0.0226
  eta 0.1-1.01: entries=187192, RMS=0.0223
  eta 1.01-1.3: entries=57782, RMS=0.0262
  eta 1.3-1.7: entries=77624, RMS=0.0319
  eta 1.7-2.5: entries=139657, RMS=0.0366
  eta 2.5-2.8: entries=20148, RMS=0.0595

=== pT bin 30_40 ===
  eta 0.0-0.1: entries=28949, RMS=0.0246
  eta 0.1-1.01: entries=269074, RMS=0.0242
  eta 1.01-1.3: entries=83180, RMS=0.0282
  eta 1.3-1.7: entries=111984, RMS=0.0332
  eta 1.7-2.5: entries=207511, RMS=0.0368
  eta 2.5-2.8: entries=29400, RMS=0.0588

=== pT bin 40_50 ===
  eta 0.0-0.1: entries=27623, RMS=0.0270
  eta 0.1-1.01: entries=257213, RMS=0.0261
  eta 1.01-1.3: entries=79551, RMS=0.0291
  eta 1.3-1.7: entries=107865, RMS=0.0346
  eta 1.7-2.5: entries=202301, RMS=0.0382
  eta 2.5-2.8: entries=26868, RMS=0.0556

=== pT bin 50_80 ===
  eta 0.0-0.1: entries=11689, RMS=0.0315
  eta 0.1-1.01: entries=108727, RMS=0.0281
  eta 1.01-1.3: entries=32857, RMS=0.0311
  eta 1.3-1.7: entries=43428, RMS=0.0369
  eta 1.7-2.5: entries=77569, RMS=0.0398
  eta 2.5-2.8: entries=9903, RMS=0.0554

=== pT bin 80_120 ===
  eta 0.0-0.1: entries=1733, RMS=0.0441
  eta 0.1-1.01: entries=15809, RMS=0.0342
  eta 1.01-1.3: entries=4704, RMS=0.0360
  eta 1.3-1.7: entries=6076, RMS=0.0436
  eta 1.7-2.5: entries=10289, RMS=0.0447
  eta 2.5-2.8: entries=1249, RMS=0.0606

=== pT bin 120_500 ===
  eta 0.0-0.1: entries=461, RMS=0.0656
  eta 0.1-1.01: entries=4616, RMS=0.0421
  eta 1.01-1.3: entries=1271, RMS=0.0471
  eta 1.3-1.7: entries=1711, RMS=0.0585
  eta 1.7-2.5: entries=2637, RMS=0.0510
  eta 2.5-2.8: entries=257, RMS=0.0524
[INFO] Tabella salvata in images/table_RMS_vs_eta.pdf

[INFO] Plot salvato in images/plot_RMS_vs_eta.png (.pdf)
[INFO] Plot overlay eta salvato in images/plot_eta_overlay.png (.pdf)
[INFO] Tabella salvata in images/table_RMS_vs_eta.pdf
Exit code: 0
