000 (16690473.002.000) 08/07 21:10:36 Job submitted from host: <188.184.90.241:9618?addrs=188.184.90.241-9618+[2001-1458-201-e4--100-2eb]-9618&alias=bigbird15.cern.ch&noUDP&sock=schedd_3150_376a>
...
040 (16690473.002.000) 08/07 21:12:16 Started transferring input files
	Transferring to host: <188.185.196.33:9618?addrs=188.185.196.33-9618+[2001-1458-303-23--100-1d]-9618&alias=b9p16p1711.cern.ch&noUDP&sock=slot1_3_4896_6cc0_21844>
...
040 (16690473.002.000) 08/07 21:12:16 Finished transferring input files
...
001 (16690473.002.000) 08/07 21:12:18 Job executing on host: <188.185.196.33:9618?addrs=188.185.196.33-9618+[2001-1458-303-23--100-1d]-9618&alias=b9p16p1711.cern.ch&noUDP&sock=startd_3739_38b2>
	SlotName: slot1_3@b9p16p1711.cern.ch
	CondorScratchDir = "/pool/condor/dir_2697531"
	Cpus = 1
	Disk = 3946
	GPUs = 0
	Memory = 3000
...
006 (16690473.002.000) 08/07 21:12:26 Image size of job updated: 8020
	4  -  MemoryUsage of job (MB)
	3896  -  ResidentSetSize of job (KB)
...
006 (16690473.002.000) 08/07 21:16:37 Image size of job updated: 298348
	4  -  MemoryUsage of job (MB)
	3896  -  ResidentSetSize of job (KB)
...
040 (16690473.002.000) 08/07 21:16:37 Started transferring output files
...
040 (16690473.002.000) 08/07 21:16:37 Finished transferring output files
...
005 (16690473.002.000) 08/07 21:16:37 Job terminated.
	(1) Normal termination (return value 0)
		Usr 0 00:03:36, Sys 0 00:00:12  -  Run Remote Usage
		Usr 0 00:00:00, Sys 0 00:00:00  -  Run Local Usage
		Usr 0 00:03:36, Sys 0 00:00:12  -  Total Remote Usage
		Usr 0 00:00:00, Sys 0 00:00:00  -  Total Local Usage
	11609  -  Run Bytes Sent By Job
	853  -  Run Bytes Received By Job
	11609  -  Total Bytes Sent By Job
	853  -  Total Bytes Received By Job
	Partitionable Resources :    Usage  Request Allocated 
	   Cpus                 :        0        1         1 
	   Disk (KB)            :       63        1      3946 
	   GPUs                 :                           0 
	   Memory (MB)          :        4     3000      3000 
	   TimeExecute (s)      :      260                    
	   TimeSlotBusy (s)     :      262                    
...
000 (16827608.002.000) 09/22 12:58:51 Job submitted from host: <188.184.90.241:9618?addrs=188.184.90.241-9618+[2001-1458-201-e4--100-2eb]-9618&alias=bigbird15.cern.ch&noUDP&sock=schedd_3150_376a>
...
040 (16827608.002.000) 09/22 13:00:58 Started transferring input files
	Transferring to host: <188.185.206.161:9618?addrs=188.185.206.161-9618+[2001-1458-303-c--100-1e]-9618&alias=b9p06p4981.cern.ch&noUDP&sock=slot1_32_12098_e2a5_70270>
...
040 (16827608.002.000) 09/22 13:00:58 Finished transferring input files
...
001 (16827608.002.000) 09/22 13:00:59 Job executing on host: <188.185.206.161:9618?addrs=188.185.206.161-9618+[2001-1458-303-c--100-1e]-9618&alias=b9p06p4981.cern.ch&noUDP&sock=startd_11660_5e5f>
	SlotName: slot1_32@b9p06p4981.cern.ch
	CondorScratchDir = "/pool/condor/dir_471300"
	Cpus = 1
	Disk = 3527
	GPUs = 0
	Memory = 3000
...
006 (16827608.002.000) 09/22 13:01:08 Image size of job updated: 11072
	2  -  MemoryUsage of job (MB)
	1188  -  ResidentSetSize of job (KB)
...
006 (16827608.002.000) 09/22 13:05:15 Image size of job updated: 314308
	2  -  MemoryUsage of job (MB)
	1188  -  ResidentSetSize of job (KB)
...
040 (16827608.002.000) 09/22 13:05:15 Started transferring output files
...
040 (16827608.002.000) 09/22 13:05:15 Finished transferring output files
...
005 (16827608.002.000) 09/22 13:05:16 Job terminated.
	(1) Normal termination (return value 0)
		Usr 0 00:02:45, Sys 0 00:00:11  -  Run Remote Usage
		Usr 0 00:00:00, Sys 0 00:00:00  -  Run Local Usage
		Usr 0 00:02:45, Sys 0 00:00:11  -  Total Remote Usage
		Usr 0 00:00:00, Sys 0 00:00:00  -  Total Local Usage
	11907  -  Run Bytes Sent By Job
	853  -  Run Bytes Received By Job
	11907  -  Total Bytes Sent By Job
	853  -  Total Bytes Received By Job
	Partitionable Resources :    Usage  Request Allocated 
	   Cpus                 :     0.85        1         1 
	   Disk (KB)            :    54           1      3527 
	   GPUs                 :                           0 
	   Memory (MB)          :     2        3000      3000 
	   TimeExecute (s)      :   256                       
	   TimeSlotBusy (s)     :   257                       
...
000 (16827633.002.000) 09/22 16:48:51 Job submitted from host: <188.184.90.241:9618?addrs=188.184.90.241-9618+[2001-1458-201-e4--100-2eb]-9618&alias=bigbird15.cern.ch&noUDP&sock=schedd_3150_376a>
...
040 (16827633.002.000) 09/22 16:51:00 Started transferring input files
	Transferring to host: <188.185.214.35:9618?addrs=188.185.214.35-9618+[2001-1458-303-1c--100-1f]-9618&alias=b9p29p9581.cern.ch&noUDP&sock=slot1_27_4761_4e1b_68077>
...
040 (16827633.002.000) 09/22 16:51:00 Finished transferring input files
...
001 (16827633.002.000) 09/22 16:51:01 Job executing on host: <188.185.214.35:9618?addrs=188.185.214.35-9618+[2001-1458-303-1c--100-1f]-9618&alias=b9p29p9581.cern.ch&noUDP&sock=startd_4113_c11e>
	SlotName: slot1_27@b9p29p9581.cern.ch
	CondorScratchDir = "/pool/condor/dir_1706638"
	Cpus = 1
	Disk = 3604
	GPUs = 0
	Memory = 3000
...
006 (16827633.002.000) 09/22 16:51:10 Image size of job updated: 2868
	3  -  MemoryUsage of job (MB)
	2456  -  ResidentSetSize of job (KB)
...
006 (16827633.002.000) 09/22 16:54:52 Image size of job updated: 310780
	3  -  MemoryUsage of job (MB)
	2456  -  ResidentSetSize of job (KB)
...
040 (16827633.002.000) 09/22 16:54:52 Started transferring output files
...
040 (16827633.002.000) 09/22 16:54:52 Finished transferring output files
...
005 (16827633.002.000) 09/22 16:54:52 Job terminated.
	(1) Normal termination (return value 0)
		Usr 0 00:02:56, Sys 0 00:00:16  -  Run Remote Usage
		Usr 0 00:00:00, Sys 0 00:00:00  -  Run Local Usage
		Usr 0 00:02:56, Sys 0 00:00:16  -  Total Remote Usage
		Usr 0 00:00:00, Sys 0 00:00:00  -  Total Local Usage
	10924  -  Run Bytes Sent By Job
	853  -  Run Bytes Received By Job
	10924  -  Total Bytes Sent By Job
	853  -  Total Bytes Received By Job
	Partitionable Resources :    Usage  Request Allocated 
	   Cpus                 :        0        1         1 
	   Disk (KB)            :       41        1      3604 
	   GPUs                 :                           0 
	   Memory (MB)          :        3     3000      3000 
	   TimeExecute (s)      :      231                    
	   TimeSlotBusy (s)     :      243                    
...
000 (16828034.002.000) 09/22 17:37:17 Job submitted from host: <188.184.90.241:9618?addrs=188.184.90.241-9618+[2001-1458-201-e4--100-2eb]-9618&alias=bigbird15.cern.ch&noUDP&sock=schedd_3150_376a>
...
040 (16828034.002.000) 09/22 17:39:29 Started transferring input files
	Transferring to host: <188.185.212.232:9618?addrs=188.185.212.232-9618+[2001-1458-303-19--100-64]-9618&alias=b9p26p1694.cern.ch&noUDP&sock=slot1_33_4568_51b3_67291>
...
040 (16828034.002.000) 09/22 17:39:29 Finished transferring input files
...
001 (16828034.002.000) 09/22 17:39:30 Job executing on host: <188.185.212.232:9618?addrs=188.185.212.232-9618+[2001-1458-303-19--100-64]-9618&alias=b9p26p1694.cern.ch&noUDP&sock=startd_3927_2c80>
	SlotName: slot1_33@b9p26p1694.cern.ch
	CondorScratchDir = "/pool/condor/dir_2496822"
	Cpus = 1
	Disk = 3661
	GPUs = 0
	Memory = 3000
...
006 (16828034.002.000) 09/22 17:39:39 Image size of job updated: 2676
	2  -  MemoryUsage of job (MB)
	1044  -  ResidentSetSize of job (KB)
...
006 (16828034.002.000) 09/22 17:43:19 Image size of job updated: 314392
	2  -  MemoryUsage of job (MB)
	1044  -  ResidentSetSize of job (KB)
...
040 (16828034.002.000) 09/22 17:43:19 Started transferring output files
...
040 (16828034.002.000) 09/22 17:43:19 Finished transferring output files
...
005 (16828034.002.000) 09/22 17:43:19 Job terminated.
	(1) Normal termination (return value 0)
		Usr 0 00:02:59, Sys 0 00:00:11  -  Run Remote Usage
		Usr 0 00:00:00, Sys 0 00:00:00  -  Run Local Usage
		Usr 0 00:02:59, Sys 0 00:00:11  -  Total Remote Usage
		Usr 0 00:00:00, Sys 0 00:00:00  -  Total Local Usage
	10924  -  Run Bytes Sent By Job
	853  -  Run Bytes Received By Job
	10924  -  Total Bytes Sent By Job
	853  -  Total Bytes Received By Job
	Partitionable Resources :    Usage  Request Allocated 
	   Cpus                 :     0.87        1         1 
	   Disk (KB)            :    42           1      3661 
	   GPUs                 :                           0 
	   Memory (MB)          :     2        3000      3000 
	   TimeExecute (s)      :   229                       
	   TimeSlotBusy (s)     :   230                       
...
