000 (16690473.004.000) 08/07 21:10:36 Job submitted from host: <188.184.90.241:9618?addrs=188.184.90.241-9618+[2001-1458-201-e4--100-2eb]-9618&alias=bigbird15.cern.ch&noUDP&sock=schedd_3150_376a>
...
040 (16690473.004.000) 08/07 21:12:17 Started transferring input files
	Transferring to host: <188.185.215.186:9618?addrs=188.185.215.186-9618+[2001-1458-303-26--100-36]-9618&alias=b9p18p2250.cern.ch&noUDP&sock=slot1_16_9123_ba8c_22633>
...
040 (16690473.004.000) 08/07 21:12:17 Finished transferring input files
...
001 (16690473.004.000) 08/07 21:12:18 Job executing on host: <188.185.215.186:9618?addrs=188.185.215.186-9618+[2001-1458-303-26--100-36]-9618&alias=b9p18p2250.cern.ch&noUDP&sock=startd_7749_bf79>
	SlotName: slot1_16@b9p18p2250.cern.ch
	CondorScratchDir = "/pool/condor/dir_3312498"
	Cpus = 1
	Disk = 3773
	GPUs = 0
	Memory = 3000
...
006 (16690473.004.000) 08/07 21:12:27 Image size of job updated: 3904
	4  -  MemoryUsage of job (MB)
	3904  -  ResidentSetSize of job (KB)
...
006 (16690473.004.000) 08/07 21:17:28 Image size of job updated: 284808
	279  -  MemoryUsage of job (MB)
	284808  -  ResidentSetSize of job (KB)
...
006 (16690473.004.000) 08/07 21:22:02 Image size of job updated: 284828
	279  -  MemoryUsage of job (MB)
	284808  -  ResidentSetSize of job (KB)
...
040 (16690473.004.000) 08/07 21:22:02 Started transferring output files
...
040 (16690473.004.000) 08/07 21:22:02 Finished transferring output files
...
005 (16690473.004.000) 08/07 21:22:02 Job terminated.
	(1) Normal termination (return value 0)
		Usr 0 00:08:15, Sys 0 00:00:23  -  Run Remote Usage
		Usr 0 00:00:00, Sys 0 00:00:00  -  Run Local Usage
		Usr 0 00:08:15, Sys 0 00:00:23  -  Total Remote Usage
		Usr 0 00:00:00, Sys 0 00:00:00  -  Total Local Usage
	13535  -  Run Bytes Sent By Job
	853  -  Run Bytes Received By Job
	13535  -  Total Bytes Sent By Job
	853  -  Total Bytes Received By Job
	Partitionable Resources :    Usage  Request Allocated 
	   Cpus                 :     0.91        1         1 
	   Disk (KB)            :    63           1      3773 
	   GPUs                 :                           0 
	   Memory (MB)          :   279        3000      3000 
	   TimeExecute (s)      :   584                       
	   TimeSlotBusy (s)     :   586                       
...
000 (16827608.004.000) 09/22 12:58:51 Job submitted from host: <188.184.90.241:9618?addrs=188.184.90.241-9618+[2001-1458-201-e4--100-2eb]-9618&alias=bigbird15.cern.ch&noUDP&sock=schedd_3150_376a>
...
040 (16827608.004.000) 09/22 13:00:56 Started transferring input files
	Transferring to host: <128.142.137.97:9618?addrs=128.142.137.97-9618+[2001-1458-301-5e--100-55]-9618&alias=b9g19p5682.cern.ch&noUDP&sock=slot1_18_3050_c035_66338>
...
040 (16827608.004.000) 09/22 13:00:56 Finished transferring input files
...
001 (16827608.004.000) 09/22 13:00:57 Job executing on host: <128.142.137.97:9618?addrs=128.142.137.97-9618+[2001-1458-301-5e--100-55]-9618&alias=b9g19p5682.cern.ch&noUDP&sock=startd_2503_6da4>
	SlotName: slot1_18@b9g19p5682.cern.ch
	CondorScratchDir = "/pool/condor/dir_867780"
	Cpus = 1
	Disk = 2691
	GPUs = 0
	Memory = 3000
...
006 (16827608.004.000) 09/22 13:01:06 Image size of job updated: 3916
	4  -  MemoryUsage of job (MB)
	3916  -  ResidentSetSize of job (KB)
...
006 (16827608.004.000) 09/22 13:06:07 Image size of job updated: 307192
	300  -  MemoryUsage of job (MB)
	307192  -  ResidentSetSize of job (KB)
...
006 (16827608.004.000) 09/22 13:06:19 Image size of job updated: 315468
	300  -  MemoryUsage of job (MB)
	307192  -  ResidentSetSize of job (KB)
...
040 (16827608.004.000) 09/22 13:06:19 Started transferring output files
...
040 (16827608.004.000) 09/22 13:06:19 Finished transferring output files
...
005 (16827608.004.000) 09/22 13:06:20 Job terminated.
	(1) Normal termination (return value 0)
		Usr 0 00:04:34, Sys 0 00:00:14  -  Run Remote Usage
		Usr 0 00:00:00, Sys 0 00:00:00  -  Run Local Usage
		Usr 0 00:04:34, Sys 0 00:00:14  -  Total Remote Usage
		Usr 0 00:00:00, Sys 0 00:00:00  -  Total Local Usage
	11906  -  Run Bytes Sent By Job
	853  -  Run Bytes Received By Job
	11906  -  Total Bytes Sent By Job
	853  -  Total Bytes Received By Job
	Partitionable Resources :    Usage  Request Allocated 
	   Cpus                 :     0.93        1         1 
	   Disk (KB)            :    57           1      2691 
	   GPUs                 :                           0 
	   Memory (MB)          :   300        3000      3000 
	   TimeExecute (s)      :   322                       
	   TimeSlotBusy (s)     :   325                       
...
000 (16827633.004.000) 09/22 16:48:51 Job submitted from host: <188.184.90.241:9618?addrs=188.184.90.241-9618+[2001-1458-201-e4--100-2eb]-9618&alias=bigbird15.cern.ch&noUDP&sock=schedd_3150_376a>
...
040 (16827633.004.000) 09/22 16:54:53 Started transferring input files
	Transferring to host: <188.185.214.35:9618?addrs=188.185.214.35-9618+[2001-1458-303-1c--100-1f]-9618&alias=b9p29p9581.cern.ch&noUDP&sock=slot1_27_4761_4e1b_68080>
...
040 (16827633.004.000) 09/22 16:54:53 Finished transferring input files
...
001 (16827633.004.000) 09/22 16:54:54 Job executing on host: <188.185.214.35:9618?addrs=188.185.214.35-9618+[2001-1458-303-1c--100-1f]-9618&alias=b9p29p9581.cern.ch&noUDP&sock=startd_4113_c11e>
	SlotName: slot1_27@b9p29p9581.cern.ch
	CondorScratchDir = "/pool/condor/dir_1720791"
	Cpus = 1
	Disk = 3603
	GPUs = 0
	Memory = 3000
...
006 (16827633.004.000) 09/22 16:55:02 Image size of job updated: 1564
	2  -  MemoryUsage of job (MB)
	1564  -  ResidentSetSize of job (KB)
...
006 (16827633.004.000) 09/22 16:58:27 Image size of job updated: 304964
	2  -  MemoryUsage of job (MB)
	1564  -  ResidentSetSize of job (KB)
...
040 (16827633.004.000) 09/22 16:58:27 Started transferring output files
...
040 (16827633.004.000) 09/22 16:58:27 Finished transferring output files
...
005 (16827633.004.000) 09/22 16:58:27 Job terminated.
	(1) Normal termination (return value 0)
		Usr 0 00:02:48, Sys 0 00:00:14  -  Run Remote Usage
		Usr 0 00:00:00, Sys 0 00:00:00  -  Run Local Usage
		Usr 0 00:02:48, Sys 0 00:00:14  -  Total Remote Usage
		Usr 0 00:00:00, Sys 0 00:00:00  -  Total Local Usage
	10923  -  Run Bytes Sent By Job
	853  -  Run Bytes Received By Job
	10923  -  Total Bytes Sent By Job
	853  -  Total Bytes Received By Job
	Partitionable Resources :    Usage  Request Allocated 
	   Cpus                 :        0        1         1 
	   Disk (KB)            :       57        1      3603 
	   GPUs                 :                           0 
	   Memory (MB)          :        2     3000      3000 
	   TimeExecute (s)      :      213                    
	   TimeSlotBusy (s)     :      215                    
...
000 (16828034.004.000) 09/22 17:37:17 Job submitted from host: <188.184.90.241:9618?addrs=188.184.90.241-9618+[2001-1458-201-e4--100-2eb]-9618&alias=bigbird15.cern.ch&noUDP&sock=schedd_3150_376a>
...
040 (16828034.004.000) 09/22 17:39:30 Started transferring input files
	Transferring to host: <188.185.215.178:9618?addrs=188.185.215.178-9618+[2001-1458-303-26--100-2e]-9618&alias=b9p18p7089.cern.ch&noUDP&sock=slot1_18_6545_4b63_69897>
...
040 (16828034.004.000) 09/22 17:39:30 Finished transferring input files
...
001 (16828034.004.000) 09/22 17:39:31 Job executing on host: <188.185.215.178:9618?addrs=188.185.215.178-9618+[2001-1458-303-26--100-2e]-9618&alias=b9p18p7089.cern.ch&noUDP&sock=startd_5685_03ff>
	SlotName: slot1_18@b9p18p7089.cern.ch
	CondorScratchDir = "/pool/condor/dir_2592795"
	Cpus = 1
	Disk = 3733
	GPUs = 0
	Memory = 3000
...
006 (16828034.004.000) 09/22 17:39:39 Image size of job updated: 2496
	3  -  MemoryUsage of job (MB)
	2496  -  ResidentSetSize of job (KB)
...
006 (16828034.004.000) 09/22 17:43:15 Image size of job updated: 309512
	3  -  MemoryUsage of job (MB)
	2496  -  ResidentSetSize of job (KB)
...
040 (16828034.004.000) 09/22 17:43:15 Started transferring output files
...
040 (16828034.004.000) 09/22 17:43:15 Finished transferring output files
...
005 (16828034.004.000) 09/22 17:43:16 Job terminated.
	(1) Normal termination (return value 0)
		Usr 0 00:02:50, Sys 0 00:00:13  -  Run Remote Usage
		Usr 0 00:00:00, Sys 0 00:00:00  -  Run Local Usage
		Usr 0 00:02:50, Sys 0 00:00:13  -  Total Remote Usage
		Usr 0 00:00:00, Sys 0 00:00:00  -  Total Local Usage
	10923  -  Run Bytes Sent By Job
	853  -  Run Bytes Received By Job
	10923  -  Total Bytes Sent By Job
	853  -  Total Bytes Received By Job
	Partitionable Resources :    Usage  Request Allocated 
	   Cpus                 :     0.73        1         1 
	   Disk (KB)            :    56           1      3733 
	   GPUs                 :                           0 
	   Memory (MB)          :     3        3000      3000 
	   TimeExecute (s)      :   224                       
	   TimeSlotBusy (s)     :   226                       
...
