000 (16690473.006.000) 08/07 21:10:36 Job submitted from host: <188.184.90.241:9618?addrs=188.184.90.241-9618+[2001-1458-201-e4--100-2eb]-9618&alias=bigbird15.cern.ch&noUDP&sock=schedd_3150_376a>
...
040 (16690473.006.000) 08/07 21:12:18 Started transferring input files
	Transferring to host: <128.142.248.23:9618?addrs=128.142.248.23-9618+[2001-1458-301-73--100-107]-9618&alias=b9g23p0265.cern.ch&noUDP&sock=slot1_36_5632_00de_14284>
...
040 (16690473.006.000) 08/07 21:12:18 Finished transferring input files
...
001 (16690473.006.000) 08/07 21:12:19 Job executing on host: <128.142.248.23:9618?addrs=128.142.248.23-9618+[2001-1458-301-73--100-107]-9618&alias=b9g23p0265.cern.ch&noUDP&sock=startd_4366_4a94>
	SlotName: slot1_36@b9g23p0265.cern.ch
	CondorScratchDir = "/pool/condor/dir_1949720"
	Cpus = 1
	Disk = 3934
	GPUs = 0
	Memory = 3000
...
006 (16690473.006.000) 08/07 21:12:29 Image size of job updated: 11048
	2  -  MemoryUsage of job (MB)
	1464  -  ResidentSetSize of job (KB)
...
006 (16690473.006.000) 08/07 21:17:29 Image size of job updated: 286748
	281  -  MemoryUsage of job (MB)
	286748  -  ResidentSetSize of job (KB)
...
006 (16690473.006.000) 08/07 21:22:29 Image size of job updated: 286752
	281  -  MemoryUsage of job (MB)
	286752  -  ResidentSetSize of job (KB)
...
006 (16690473.006.000) 08/07 21:27:30 Image size of job updated: 286764
	281  -  MemoryUsage of job (MB)
	286764  -  ResidentSetSize of job (KB)
...
006 (16690473.006.000) 08/07 21:27:36 Image size of job updated: 299224
	281  -  MemoryUsage of job (MB)
	286764  -  ResidentSetSize of job (KB)
...
040 (16690473.006.000) 08/07 21:27:36 Started transferring output files
...
040 (16690473.006.000) 08/07 21:27:36 Finished transferring output files
...
005 (16690473.006.000) 08/07 21:27:36 Job terminated.
	(1) Normal termination (return value 0)
		Usr 0 00:11:24, Sys 0 00:00:16  -  Run Remote Usage
		Usr 0 00:00:00, Sys 0 00:00:00  -  Run Local Usage
		Usr 0 00:11:24, Sys 0 00:00:16  -  Total Remote Usage
		Usr 0 00:00:00, Sys 0 00:00:00  -  Total Local Usage
	13766  -  Run Bytes Sent By Job
	853  -  Run Bytes Received By Job
	13766  -  Total Bytes Sent By Job
	853  -  Total Bytes Received By Job
	Partitionable Resources :    Usage  Request Allocated 
	   Cpus                 :     0.86        1         1 
	   Disk (KB)            :    63           1      3934 
	   GPUs                 :                           0 
	   Memory (MB)          :   281        3000      3000 
	   TimeExecute (s)      :   917                       
	   TimeSlotBusy (s)     :   919                       
...
000 (16827608.006.000) 09/22 12:58:51 Job submitted from host: <188.184.90.241:9618?addrs=188.184.90.241-9618+[2001-1458-201-e4--100-2eb]-9618&alias=bigbird15.cern.ch&noUDP&sock=schedd_3150_376a>
...
040 (16827608.006.000) 09/22 13:00:58 Started transferring input files
	Transferring to host: <188.185.209.193:9618?addrs=188.185.209.193-9618+[2001-1458-303-12--100-3e]-9618&alias=b9p12p5505.cern.ch&noUDP&sock=slot1_39_6294_7139_68721>
...
040 (16827608.006.000) 09/22 13:00:58 Finished transferring input files
...
001 (16827608.006.000) 09/22 13:00:59 Job executing on host: <188.185.209.193:9618?addrs=188.185.209.193-9618+[2001-1458-303-12--100-3e]-9618&alias=b9p12p5505.cern.ch&noUDP&sock=startd_5297_e140>
	SlotName: slot1_39@b9p12p5505.cern.ch
	CondorScratchDir = "/pool/condor/dir_1928850"
	Cpus = 1
	Disk = 3614
	GPUs = 0
	Memory = 3000
...
006 (16827608.006.000) 09/22 13:01:08 Image size of job updated: 10784
	11  -  MemoryUsage of job (MB)
	10784  -  ResidentSetSize of job (KB)
...
006 (16827608.006.000) 09/22 13:04:21 Image size of job updated: 301928
	11  -  MemoryUsage of job (MB)
	10792  -  ResidentSetSize of job (KB)
...
040 (16827608.006.000) 09/22 13:04:21 Started transferring output files
...
040 (16827608.006.000) 09/22 13:04:21 Finished transferring output files
...
005 (16827608.006.000) 09/22 13:04:21 Job terminated.
	(1) Normal termination (return value 0)
		Usr 0 00:02:19, Sys 0 00:00:10  -  Run Remote Usage
		Usr 0 00:00:00, Sys 0 00:00:00  -  Run Local Usage
		Usr 0 00:02:19, Sys 0 00:00:10  -  Total Remote Usage
		Usr 0 00:00:00, Sys 0 00:00:00  -  Total Local Usage
	11839  -  Run Bytes Sent By Job
	853  -  Run Bytes Received By Job
	11839  -  Total Bytes Sent By Job
	853  -  Total Bytes Received By Job
	Partitionable Resources :    Usage  Request Allocated 
	   Cpus                 :     0.73        1         1 
	   Disk (KB)            :    54           1      3614 
	   GPUs                 :                           0 
	   Memory (MB)          :    11        3000      3000 
	   TimeExecute (s)      :   202                       
	   TimeSlotBusy (s)     :   203                       
...
000 (16827633.006.000) 09/22 16:48:51 Job submitted from host: <188.184.90.241:9618?addrs=188.184.90.241-9618+[2001-1458-201-e4--100-2eb]-9618&alias=bigbird15.cern.ch&noUDP&sock=schedd_3150_376a>
...
040 (16827633.006.000) 09/22 16:55:01 Started transferring input files
	Transferring to host: <188.185.214.35:9618?addrs=188.185.214.35-9618+[2001-1458-303-1c--100-1f]-9618&alias=b9p29p9581.cern.ch&noUDP&sock=slot1_29_4761_4e1b_68082>
...
040 (16827633.006.000) 09/22 16:55:01 Finished transferring input files
...
001 (16827633.006.000) 09/22 16:55:02 Job executing on host: <188.185.214.35:9618?addrs=188.185.214.35-9618+[2001-1458-303-1c--100-1f]-9618&alias=b9p29p9581.cern.ch&noUDP&sock=startd_4113_c11e>
	SlotName: slot1_29@b9p29p9581.cern.ch
	CondorScratchDir = "/pool/condor/dir_1725731"
	Cpus = 1
	Disk = 3603
	GPUs = 0
	Memory = 3000
...
006 (16827633.006.000) 09/22 16:55:11 Image size of job updated: 10620
	2  -  MemoryUsage of job (MB)
	1604  -  ResidentSetSize of job (KB)
...
006 (16827633.006.000) 09/22 16:58:26 Image size of job updated: 300020
	2  -  MemoryUsage of job (MB)
	1604  -  ResidentSetSize of job (KB)
...
040 (16827633.006.000) 09/22 16:58:26 Started transferring output files
...
040 (16827633.006.000) 09/22 16:58:26 Finished transferring output files
...
005 (16827633.006.000) 09/22 16:58:26 Job terminated.
	(1) Normal termination (return value 0)
		Usr 0 00:02:46, Sys 0 00:00:13  -  Run Remote Usage
		Usr 0 00:00:00, Sys 0 00:00:00  -  Run Local Usage
		Usr 0 00:02:46, Sys 0 00:00:13  -  Total Remote Usage
		Usr 0 00:00:00, Sys 0 00:00:00  -  Total Local Usage
	10856  -  Run Bytes Sent By Job
	853  -  Run Bytes Received By Job
	10856  -  Total Bytes Sent By Job
	853  -  Total Bytes Received By Job
	Partitionable Resources :    Usage  Request Allocated 
	   Cpus                 :        0        1         1 
	   Disk (KB)            :       42        1      3603 
	   GPUs                 :                           0 
	   Memory (MB)          :        2     3000      3000 
	   TimeExecute (s)      :      204                    
	   TimeSlotBusy (s)     :      205                    
...
