Running on host b9p30p2789.cern.ch
Input file: /eos/user/m/masegret/PerfectAlignment/user.lucam.mc23_13p6TeV.601190.PhPy8EG_AZNLO_Zmumu.MCP_TESTNTUP.mc23e_ANALYSIS.root/user.lucam.51077380._000074.ANALYSIS.root
[7mlsetup              [0m lsetup <tool1> [ <tool2> ...] (see lsetup -h):
[7m lsetup asetup      [0m  (or asetup) to setup an Athena release
[7m lsetup astyle      [0m  ATLAS style macros
[7m lsetup atlantis    [0m  Atlantis: event display
[7m lsetup centralpage [0m  Find samples
[7m lsetup eiclient    [0m  Event Index 
[7m lsetup emi         [0m  EMI: grid middleware user interface 
[7m lsetup lcgenv      [0m  lcgenv: setup tools from cvmfs SFT repository
[7m lsetup panda       [0m  Panda: Production ANd Distributed Analysis
[7m lsetup pyami       [0m  pyAMI: ATLAS Metadata Interface python client
[7m lsetup root        [0m  ROOT data processing framework
[7m lsetup rucio       [0m  distributed data management system client
[7m lsetup scikit      [0m  python data analysis ecosystem
[7m lsetup views       [0m  Set up a full LCG release
[7m lsetup xcache      [0m  XRootD local proxy cache
[7m lsetup xrootd      [0m  XRootD data access
[7madvancedTools       [0m advanced tools menu
[7mdiagnostics         [0m diagnostic tools menu
[7mhelpMe              [0m more help
[7minstallPip          [0m install relocatable pip modules locally
[7minstallRpm          [0m install relocatable rpms locally
[7mprintMenu           [0m show this menu
[7mqueryC              [0m find / whatis container query
[7mshowVersions        [0m show versions of installed software

[1m[4m30 Nov 2023[0m 

A serious security issue in ROOT's web-based GUI has been identified:

  You should not use the web-based browser until further notice and instead 
  set the old-style TBrowser as the default. Please see the Twiki page linked 
  below for instructions on how to do this.

  https://twiki.cern.ch/twiki/bin/view/AtlasComputing/AtlasComputingArchive/RootBrowserSecurityIssue

  More details of this issue:
  https://root.cern/about/security/#2023-11-26-open-port-for-control-of-web-gui-allows-read-and-write-access-to-file-system

  [0;31mReason for this message: $HOME/.rootrc is missing[0m 


[1m[4m17 Mar 2026[0m

SSL_CERT_DIR is no longer defined by asetup, python or emi.
If you see SSL issues, read https://cern.ch/fudpr
or run in a container depending on which OS needed:
   setupATLAS -c el9 or setupATLAS -c centos7


"amsg seen" to mark as seen to suppress above messages


************************************************************************
Requested:  root ... 
 Setting up [4mroot 6.40.02-x86_64-el9-gcc15-opt[0m ... 
  ROOT is from lcgenv -p LCG_110_ATLAS_1 x86_64-el9-gcc15-opt ROOT
>>>>>>>>>>>>>>>>>>>>>>>>> Information for user <<<<<<<<<<<<<<<<<<<<<<<<<
 root:
   Tip for _this_ standalone ROOT and grid (ie prun) submission:
    avoid --athenaTag if you do not need athena
    use --rootVer=6.40.02 --cmtConfig=x86_64-el9-gcc15-opt
 root:
   Note this ROOT from lcgenv sets up a long list of library paths.
   This may slow down executables; they look at each library path item.
   A faster alternative - setup the entire LCG stack with views:
    lsetup "views LCG_110_ATLAS_1 x86_64-el9-gcc15-opt"
************************************************************************
[INFO] Aggiunto file singolo: /eos/user/m/masegret/PerfectAlignment/user.lucam.mc23_13p6TeV.601190.PhPy8EG_AZNLO_Zmumu.MCP_TESTNTUP.mc23e_ANALYSIS.root/user.lucam.51077380._000074.ANALYSIS.root
[INFO] Entries totali = 204363

[INFO] Inizio loop eventi...

[INFO] Processati 0 eventi
[INFO] Processati 50000 eventi
[INFO] Processati 100000 eventi
[INFO] Processati 150000 eventi
[INFO] Processati 200000 eventi

[INFO] Muoni prompt processati = 332387
[INFO] Muoni riempiti negli istogrammi = 288332
[INFO] 36 istogrammi salvati in output_eta.root

=== pT bin 20_30 ===
  eta 0.0-0.1: entries=2398, RMS=0.0217
  eta 0.1-1.01: entries=23498, RMS=0.0214
  eta 1.01-1.3: entries=7366, RMS=0.0252
  eta 1.3-1.7: entries=9681, RMS=0.0305
  eta 1.7-2.5: entries=17606, RMS=0.0302
  eta 2.5-2.8: entries=2586, RMS=0.0418

=== pT bin 30_40 ===
  eta 0.0-0.1: entries=3626, RMS=0.0240
  eta 0.1-1.01: entries=34312, RMS=0.0231
  eta 1.01-1.3: entries=10758, RMS=0.0261
  eta 1.3-1.7: entries=13996, RMS=0.0319
  eta 1.7-2.5: entries=26464, RMS=0.0317
  eta 2.5-2.8: entries=3746, RMS=0.0395

=== pT bin 40_50 ===
  eta 0.0-0.1: entries=3607, RMS=0.0258
  eta 0.1-1.01: entries=32663, RMS=0.0242
  eta 1.01-1.3: entries=10246, RMS=0.0261
  eta 1.3-1.7: entries=13855, RMS=0.0333
  eta 1.7-2.5: entries=25873, RMS=0.0323
  eta 2.5-2.8: entries=3478, RMS=0.0379

=== pT bin 50_80 ===
  eta 0.0-0.1: entries=1565, RMS=0.0285
  eta 0.1-1.01: entries=13619, RMS=0.0262
  eta 1.01-1.3: entries=4292, RMS=0.0273
  eta 1.3-1.7: entries=5578, RMS=0.0352
  eta 1.7-2.5: entries=9881, RMS=0.0335
  eta 2.5-2.8: entries=1298, RMS=0.0384

=== pT bin 80_120 ===
  eta 0.0-0.1: entries=213, RMS=0.0422
  eta 0.1-1.01: entries=1899, RMS=0.0315
  eta 1.01-1.3: entries=590, RMS=0.0344
  eta 1.3-1.7: entries=803, RMS=0.0417
  eta 1.7-2.5: entries=1318, RMS=0.0361
  eta 2.5-2.8: entries=136, RMS=0.0444

=== pT bin 120_500 ===
  eta 0.0-0.1: entries=66, RMS=0.0580
  eta 0.1-1.01: entries=592, RMS=0.0370
  eta 1.01-1.3: entries=139, RMS=0.0350
  eta 1.3-1.7: entries=223, RMS=0.0574
  eta 1.7-2.5: entries=319, RMS=0.0401
  eta 2.5-2.8: entries=42, RMS=0.0485
[INFO] Tabella salvata in images/table_RMS_vs_eta.pdf

[INFO] Plot salvato in images/plot_RMS_vs_eta.png (.pdf)
[INFO] Tabella salvata in images/table_RMS_vs_eta.pdf
Exit code: 0
