Running on host b9p22p0624.cern.ch
Input file: /eos/user/m/masegret/PerfectAlignment/user.lucam.mc23_13p6TeV.601190.PhPy8EG_AZNLO_Zmumu.MCP_TESTNTUP.mc23e_ANALYSIS.root/user.lucam.51077380._000027.ANALYSIS.root
[7mlsetup              [0m lsetup <tool1> [ <tool2> ...] (see lsetup -h):
[7m lsetup asetup      [0m  (or asetup) to setup an Athena release
[7m lsetup astyle      [0m  ATLAS style macros
[7m lsetup atlantis    [0m  Atlantis: event display
[7m lsetup centralpage [0m  Find samples
[7m lsetup eiclient    [0m  Event Index 
[7m lsetup emi         [0m  EMI: grid middleware user interface 
[7m lsetup lcgenv      [0m  lcgenv: setup tools from cvmfs SFT repository
[7m lsetup panda       [0m  Panda: Production ANd Distributed Analysis
[7m lsetup pyami       [0m  pyAMI: ATLAS Metadata Interface python client
[7m lsetup root        [0m  ROOT data processing framework
[7m lsetup rucio       [0m  distributed data management system client
[7m lsetup scikit      [0m  python data analysis ecosystem
[7m lsetup views       [0m  Set up a full LCG release
[7m lsetup xcache      [0m  XRootD local proxy cache
[7m lsetup xrootd      [0m  XRootD data access
[7madvancedTools       [0m advanced tools menu
[7mdiagnostics         [0m diagnostic tools menu
[7mhelpMe              [0m more help
[7minstallPip          [0m install relocatable pip modules locally
[7minstallRpm          [0m install relocatable rpms locally
[7mprintMenu           [0m show this menu
[7mqueryC              [0m find / whatis container query
[7mshowVersions        [0m show versions of installed software

************************************************************************
Requested:  root ... 
 Setting up [4mroot 6.40.02-x86_64-el9-gcc15-opt[0m ... 
  ROOT is from lcgenv -p LCG_110_ATLAS_1 x86_64-el9-gcc15-opt ROOT
>>>>>>>>>>>>>>>>>>>>>>>>> Information for user <<<<<<<<<<<<<<<<<<<<<<<<<
 root:
   Tip for _this_ standalone ROOT and grid (ie prun) submission:
    avoid --athenaTag if you do not need athena
    use --rootVer=6.40.02 --cmtConfig=x86_64-el9-gcc15-opt
 root:
   Note this ROOT from lcgenv sets up a long list of library paths.
   This may slow down executables; they look at each library path item.
   A faster alternative - setup the entire LCG stack with views:
    lsetup "views LCG_110_ATLAS_1 x86_64-el9-gcc15-opt"
************************************************************************
[INFO] Aggiunto file singolo: /eos/user/m/masegret/PerfectAlignment/user.lucam.mc23_13p6TeV.601190.PhPy8EG_AZNLO_Zmumu.MCP_TESTNTUP.mc23e_ANALYSIS.root/user.lucam.51077380._000027.ANALYSIS.root
[INFO] Entries totali = 1912436

[INFO] Inizio loop eventi...

[INFO] Processati 0 eventi
[INFO] Processati 50000 eventi
[INFO] Processati 100000 eventi
[INFO] Processati 150000 eventi
[INFO] Processati 200000 eventi
[INFO] Processati 250000 eventi
[INFO] Processati 300000 eventi
[INFO] Processati 350000 eventi
[INFO] Processati 400000 eventi
[INFO] Processati 450000 eventi
[INFO] Processati 500000 eventi
[INFO] Processati 550000 eventi
[INFO] Processati 600000 eventi
[INFO] Processati 650000 eventi
[INFO] Processati 700000 eventi
[INFO] Processati 750000 eventi
[INFO] Processati 800000 eventi
[INFO] Processati 850000 eventi
[INFO] Processati 900000 eventi
[INFO] Processati 950000 eventi
[INFO] Processati 1000000 eventi
[INFO] Processati 1050000 eventi
[INFO] Processati 1100000 eventi
[INFO] Processati 1150000 eventi
[INFO] Processati 1200000 eventi
[INFO] Processati 1250000 eventi
[INFO] Processati 1300000 eventi
[INFO] Processati 1350000 eventi
[INFO] Processati 1400000 eventi
[INFO] Processati 1450000 eventi
[INFO] Processati 1500000 eventi
[INFO] Processati 1550000 eventi
[INFO] Processati 1600000 eventi
[INFO] Processati 1650000 eventi
[INFO] Processati 1700000 eventi
[INFO] Processati 1750000 eventi
[INFO] Processati 1800000 eventi
[INFO] Processati 1850000 eventi
[INFO] Processati 1900000 eventi

[INFO] Muoni prompt processati = 3111667
[INFO] Muoni riempiti negli istogrammi = 2699585
[INFO] 36 istogrammi salvati in output_eta.root

=== pT bin 20_30 ===
  eta 0.0-0.1: entries=22374, RMS=0.0215
  eta 0.1-1.01: entries=223344, RMS=0.0216
  eta 1.01-1.3: entries=69055, RMS=0.0252
  eta 1.3-1.7: entries=91726, RMS=0.0304
  eta 1.7-2.5: entries=165985, RMS=0.0304
  eta 2.5-2.8: entries=24045, RMS=0.0406

=== pT bin 30_40 ===
  eta 0.0-0.1: entries=34487, RMS=0.0235
  eta 0.1-1.01: entries=319771, RMS=0.0227
  eta 1.01-1.3: entries=99227, RMS=0.0258
  eta 1.3-1.7: entries=133525, RMS=0.0318
  eta 1.7-2.5: entries=247617, RMS=0.0311
  eta 2.5-2.8: entries=34721, RMS=0.0392

=== pT bin 40_50 ===
  eta 0.0-0.1: entries=33111, RMS=0.0260
  eta 0.1-1.01: entries=306497, RMS=0.0240
  eta 1.01-1.3: entries=94569, RMS=0.0266
  eta 1.3-1.7: entries=128174, RMS=0.0332
  eta 1.7-2.5: entries=240391, RMS=0.0321
  eta 2.5-2.8: entries=32161, RMS=0.0385

=== pT bin 50_80 ===
  eta 0.0-0.1: entries=13993, RMS=0.0296
  eta 0.1-1.01: entries=129221, RMS=0.0258
  eta 1.01-1.3: entries=39054, RMS=0.0281
  eta 1.3-1.7: entries=51785, RMS=0.0356
  eta 1.7-2.5: entries=92900, RMS=0.0332
  eta 2.5-2.8: entries=11817, RMS=0.0390

=== pT bin 80_120 ===
  eta 0.0-0.1: entries=2032, RMS=0.0381
  eta 0.1-1.01: entries=18548, RMS=0.0307
  eta 1.01-1.3: entries=5529, RMS=0.0316
  eta 1.3-1.7: entries=7236, RMS=0.0419
  eta 1.7-2.5: entries=12217, RMS=0.0360
  eta 2.5-2.8: entries=1521, RMS=0.0388

=== pT bin 120_500 ===
  eta 0.0-0.1: entries=609, RMS=0.0513
  eta 0.1-1.01: entries=5332, RMS=0.0385
  eta 1.01-1.3: entries=1566, RMS=0.0378
  eta 1.3-1.7: entries=2029, RMS=0.0506
  eta 1.7-2.5: entries=3116, RMS=0.0410
  eta 2.5-2.8: entries=300, RMS=0.0406
[INFO] Tabella salvata in images/table_RMS_vs_eta.pdf

[INFO] Plot salvato in images/plot_RMS_vs_eta.png (.pdf)
[INFO] Plot overlay eta salvato in images/plot_eta_overlay.png (.pdf)
[INFO] Tabella salvata in images/table_RMS_vs_eta.pdf
Exit code: 0
