Running on host b9p28p7017.cern.ch
Input file: /eos/user/m/masegret/PerfectAlignment/user.lucam.mc23_13p6TeV.601190.PhPy8EG_AZNLO_Zmumu.MCP_TESTNTUP.mc23e_ANALYSIS.root/user.lucam.51077380._000022.ANALYSIS.root
[7mlsetup              [0m lsetup <tool1> [ <tool2> ...] (see lsetup -h):
[7m lsetup asetup      [0m  (or asetup) to setup an Athena release
[7m lsetup astyle      [0m  ATLAS style macros
[7m lsetup atlantis    [0m  Atlantis: event display
[7m lsetup centralpage [0m  Find samples
[7m lsetup eiclient    [0m  Event Index 
[7m lsetup emi         [0m  EMI: grid middleware user interface 
[7m lsetup lcgenv      [0m  lcgenv: setup tools from cvmfs SFT repository
[7m lsetup panda       [0m  Panda: Production ANd Distributed Analysis
[7m lsetup pyami       [0m  pyAMI: ATLAS Metadata Interface python client
[7m lsetup root        [0m  ROOT data processing framework
[7m lsetup rucio       [0m  distributed data management system client
[7m lsetup scikit      [0m  python data analysis ecosystem
[7m lsetup views       [0m  Set up a full LCG release
[7m lsetup xcache      [0m  XRootD local proxy cache
[7m lsetup xrootd      [0m  XRootD data access
[7madvancedTools       [0m advanced tools menu
[7mdiagnostics         [0m diagnostic tools menu
[7mhelpMe              [0m more help
[7minstallPip          [0m install relocatable pip modules locally
[7minstallRpm          [0m install relocatable rpms locally
[7mprintMenu           [0m show this menu
[7mqueryC              [0m find / whatis container query
[7mshowVersions        [0m show versions of installed software

************************************************************************
Requested:  root ... 
 Setting up [4mroot 6.40.02-x86_64-el9-gcc15-opt[0m ... 
  ROOT is from lcgenv -p LCG_110_ATLAS_1 x86_64-el9-gcc15-opt ROOT
>>>>>>>>>>>>>>>>>>>>>>>>> Information for user <<<<<<<<<<<<<<<<<<<<<<<<<
 root:
   Tip for _this_ standalone ROOT and grid (ie prun) submission:
    avoid --athenaTag if you do not need athena
    use --rootVer=6.40.02 --cmtConfig=x86_64-el9-gcc15-opt
 root:
   Note this ROOT from lcgenv sets up a long list of library paths.
   This may slow down executables; they look at each library path item.
   A faster alternative - setup the entire LCG stack with views:
    lsetup "views LCG_110_ATLAS_1 x86_64-el9-gcc15-opt"
************************************************************************
[INFO] Aggiunto file singolo: /eos/user/m/masegret/PerfectAlignment/user.lucam.mc23_13p6TeV.601190.PhPy8EG_AZNLO_Zmumu.MCP_TESTNTUP.mc23e_ANALYSIS.root/user.lucam.51077380._000022.ANALYSIS.root
[INFO] Entries totali = 1547607

[INFO] Inizio loop eventi...

[INFO] Processati 0 eventi
[INFO] Processati 50000 eventi
[INFO] Processati 100000 eventi
[INFO] Processati 150000 eventi
[INFO] Processati 200000 eventi
[INFO] Processati 250000 eventi
[INFO] Processati 300000 eventi
[INFO] Processati 350000 eventi
[INFO] Processati 400000 eventi
[INFO] Processati 450000 eventi
[INFO] Processati 500000 eventi
[INFO] Processati 550000 eventi
[INFO] Processati 600000 eventi
[INFO] Processati 650000 eventi
[INFO] Processati 700000 eventi
[INFO] Processati 750000 eventi
[INFO] Processati 800000 eventi
[INFO] Processati 850000 eventi
[INFO] Processati 900000 eventi
[INFO] Processati 950000 eventi
[INFO] Processati 1000000 eventi
[INFO] Processati 1050000 eventi
[INFO] Processati 1100000 eventi
[INFO] Processati 1150000 eventi
[INFO] Processati 1200000 eventi
[INFO] Processati 1250000 eventi
[INFO] Processati 1300000 eventi
[INFO] Processati 1350000 eventi
[INFO] Processati 1400000 eventi
[INFO] Processati 1450000 eventi
[INFO] Processati 1500000 eventi

[INFO] Muoni prompt processati = 2517140
[INFO] Muoni riempiti negli istogrammi = 2184115
[INFO] 36 istogrammi salvati in output_eta.root

=== pT bin 20_30 ===
  eta 0.0-0.1: entries=18207, RMS=0.0212
  eta 0.1-1.01: entries=180412, RMS=0.0216
  eta 1.01-1.3: entries=55444, RMS=0.0253
  eta 1.3-1.7: entries=74387, RMS=0.0304
  eta 1.7-2.5: entries=134886, RMS=0.0302
  eta 2.5-2.8: entries=19520, RMS=0.0410

=== pT bin 30_40 ===
  eta 0.0-0.1: entries=27943, RMS=0.0237
  eta 0.1-1.01: entries=259435, RMS=0.0227
  eta 1.01-1.3: entries=80471, RMS=0.0259
  eta 1.3-1.7: entries=107942, RMS=0.0319
  eta 1.7-2.5: entries=200249, RMS=0.0310
  eta 2.5-2.8: entries=28327, RMS=0.0393

=== pT bin 40_50 ===
  eta 0.0-0.1: entries=26272, RMS=0.0259
  eta 0.1-1.01: entries=247447, RMS=0.0239
  eta 1.01-1.3: entries=76518, RMS=0.0266
  eta 1.3-1.7: entries=103622, RMS=0.0331
  eta 1.7-2.5: entries=194593, RMS=0.0320
  eta 2.5-2.8: entries=25858, RMS=0.0382

=== pT bin 50_80 ===
  eta 0.0-0.1: entries=11268, RMS=0.0299
  eta 0.1-1.01: entries=104810, RMS=0.0260
  eta 1.01-1.3: entries=31969, RMS=0.0277
  eta 1.3-1.7: entries=41785, RMS=0.0358
  eta 1.7-2.5: entries=74709, RMS=0.0335
  eta 2.5-2.8: entries=9629, RMS=0.0388

=== pT bin 80_120 ===
  eta 0.0-0.1: entries=1601, RMS=0.0384
  eta 0.1-1.01: entries=14883, RMS=0.0303
  eta 1.01-1.3: entries=4501, RMS=0.0318
  eta 1.3-1.7: entries=5810, RMS=0.0414
  eta 1.7-2.5: entries=9790, RMS=0.0362
  eta 2.5-2.8: entries=1233, RMS=0.0410

=== pT bin 120_500 ===
  eta 0.0-0.1: entries=463, RMS=0.0513
  eta 0.1-1.01: entries=4311, RMS=0.0389
  eta 1.01-1.3: entries=1330, RMS=0.0374
  eta 1.3-1.7: entries=1601, RMS=0.0517
  eta 1.7-2.5: entries=2605, RMS=0.0389
  eta 2.5-2.8: entries=284, RMS=0.0416
[INFO] Tabella salvata in images/table_RMS_vs_eta.pdf

[INFO] Plot salvato in images/plot_RMS_vs_eta.png (.pdf)
[INFO] Plot overlay eta salvato in images/plot_eta_overlay.png (.pdf)
[INFO] Tabella salvata in images/table_RMS_vs_eta.pdf
Exit code: 0
