000 (16690473.015.000) 08/07 21:10:36 Job submitted from host: <188.184.90.241:9618?addrs=188.184.90.241-9618+[2001-1458-201-e4--100-2eb]-9618&alias=bigbird15.cern.ch&noUDP&sock=schedd_3150_376a>
...
040 (16690473.015.000) 08/07 21:12:21 Started transferring input files
	Transferring to host: <188.185.207.180:9618?addrs=188.185.207.180-9618+[2001-1458-303-e--100-31]-9618&alias=b9p08p9471.cern.ch&noUDP&sock=slot1_12_3967_dc3a_21044>
...
040 (16690473.015.000) 08/07 21:12:21 Finished transferring input files
...
001 (16690473.015.000) 08/07 21:12:22 Job executing on host: <188.185.207.180:9618?addrs=188.185.207.180-9618+[2001-1458-303-e--100-31]-9618&alias=b9p08p9471.cern.ch&noUDP&sock=startd_3415_fc03>
	SlotName: slot1_12@b9p08p9471.cern.ch
	CondorScratchDir = "/pool/condor/dir_746262"
	Cpus = 1
	Disk = 3709
	GPUs = 0
	Memory = 3000
...
006 (16690473.015.000) 08/07 21:12:30 Image size of job updated: 3892
	2  -  MemoryUsage of job (MB)
	1932  -  ResidentSetSize of job (KB)
...
006 (16690473.015.000) 08/07 21:17:30 Image size of job updated: 284296
	278  -  MemoryUsage of job (MB)
	284296  -  ResidentSetSize of job (KB)
...
006 (16690473.015.000) 08/07 21:22:31 Image size of job updated: 284300
	278  -  MemoryUsage of job (MB)
	284300  -  ResidentSetSize of job (KB)
...
006 (16690473.015.000) 08/07 21:23:59 Image size of job updated: 292760
	278  -  MemoryUsage of job (MB)
	284300  -  ResidentSetSize of job (KB)
...
040 (16690473.015.000) 08/07 21:24:00 Started transferring output files
...
040 (16690473.015.000) 08/07 21:24:00 Finished transferring output files
...
005 (16690473.015.000) 08/07 21:24:00 Job terminated.
	(1) Normal termination (return value 0)
		Usr 0 00:07:46, Sys 0 00:00:17  -  Run Remote Usage
		Usr 0 00:00:00, Sys 0 00:00:00  -  Run Local Usage
		Usr 0 00:07:46, Sys 0 00:00:17  -  Total Remote Usage
		Usr 0 00:00:00, Sys 0 00:00:00  -  Total Local Usage
	13832  -  Run Bytes Sent By Job
	853  -  Run Bytes Received By Job
	13832  -  Total Bytes Sent By Job
	853  -  Total Bytes Received By Job
	Partitionable Resources :    Usage  Request Allocated 
	   Cpus                 :     0.90        1         1 
	   Disk (KB)            :    64           1      3709 
	   GPUs                 :                           0 
	   Memory (MB)          :   278        3000      3000 
	   TimeExecute (s)      :   697                       
	   TimeSlotBusy (s)     :   700                       
...
000 (16827608.015.000) 09/22 12:58:51 Job submitted from host: <188.184.90.241:9618?addrs=188.184.90.241-9618+[2001-1458-201-e4--100-2eb]-9618&alias=bigbird15.cern.ch&noUDP&sock=schedd_3150_376a>
...
040 (16827608.015.000) 09/22 13:00:56 Started transferring input files
	Transferring to host: <188.185.207.154:9618?addrs=188.185.207.154-9618+[2001-1458-303-e--100-17]-9618&alias=b9p08p0597.cern.ch&noUDP&sock=slot1_33_4059_aebe_65356>
...
040 (16827608.015.000) 09/22 13:00:57 Finished transferring input files
...
001 (16827608.015.000) 09/22 13:00:57 Job executing on host: <188.185.207.154:9618?addrs=188.185.207.154-9618+[2001-1458-303-e--100-17]-9618&alias=b9p08p0597.cern.ch&noUDP&sock=startd_3700_7881>
	SlotName: slot1_33@b9p08p0597.cern.ch
	CondorScratchDir = "/pool/condor/dir_2108795"
	Cpus = 1
	Disk = 3681
	GPUs = 0
	Memory = 3000
...
006 (16827608.015.000) 09/22 13:01:07 Image size of job updated: 3916
	4  -  MemoryUsage of job (MB)
	3916  -  ResidentSetSize of job (KB)
...
006 (16827608.015.000) 09/22 13:03:23 Image size of job updated: 320728
	4  -  MemoryUsage of job (MB)
	3916  -  ResidentSetSize of job (KB)
...
040 (16827608.015.000) 09/22 13:03:23 Started transferring output files
...
040 (16827608.015.000) 09/22 13:03:23 Finished transferring output files
...
005 (16827608.015.000) 09/22 13:03:23 Job terminated.
	(1) Normal termination (return value 0)
		Usr 0 00:01:50, Sys 0 00:00:10  -  Run Remote Usage
		Usr 0 00:00:00, Sys 0 00:00:00  -  Run Local Usage
		Usr 0 00:01:50, Sys 0 00:00:10  -  Total Remote Usage
		Usr 0 00:00:00, Sys 0 00:00:00  -  Total Local Usage
	11840  -  Run Bytes Sent By Job
	853  -  Run Bytes Received By Job
	11840  -  Total Bytes Sent By Job
	853  -  Total Bytes Received By Job
	Partitionable Resources :    Usage  Request Allocated 
	   Cpus                 :                 1         1 
	   Disk (KB)            :       59        1      3681 
	   GPUs                 :                           0 
	   Memory (MB)          :        4     3000      3000 
	   TimeExecute (s)      :      146                    
	   TimeSlotBusy (s)     :      148                    
...
000 (16827633.015.000) 09/22 16:48:51 Job submitted from host: <188.184.90.241:9618?addrs=188.184.90.241-9618+[2001-1458-201-e4--100-2eb]-9618&alias=bigbird15.cern.ch&noUDP&sock=schedd_3150_376a>
...
040 (16827633.015.000) 09/22 16:59:26 Started transferring input files
	Transferring to host: <188.185.214.35:9618?addrs=188.185.214.35-9618+[2001-1458-303-1c--100-1f]-9618&alias=b9p29p9581.cern.ch&noUDP&sock=slot1_1_4761_4e1b_68088>
...
040 (16827633.015.000) 09/22 16:59:26 Finished transferring input files
...
001 (16827633.015.000) 09/22 16:59:27 Job executing on host: <188.185.214.35:9618?addrs=188.185.214.35-9618+[2001-1458-303-1c--100-1f]-9618&alias=b9p29p9581.cern.ch&noUDP&sock=startd_4113_c11e>
	SlotName: slot1_1@b9p29p9581.cern.ch
	CondorScratchDir = "/pool/condor/dir_1731997"
	Cpus = 1
	Disk = 3603
	GPUs = 0
	Memory = 3000
...
006 (16827633.015.000) 09/22 16:59:36 Image size of job updated: 2264
	2  -  MemoryUsage of job (MB)
	1624  -  ResidentSetSize of job (KB)
...
006 (16827633.015.000) 09/22 17:02:48 Image size of job updated: 321604
	2  -  MemoryUsage of job (MB)
	1668  -  ResidentSetSize of job (KB)
...
040 (16827633.015.000) 09/22 17:02:49 Started transferring output files
...
040 (16827633.015.000) 09/22 17:02:49 Finished transferring output files
...
005 (16827633.015.000) 09/22 17:02:49 Job terminated.
	(1) Normal termination (return value 0)
		Usr 0 00:02:46, Sys 0 00:00:13  -  Run Remote Usage
		Usr 0 00:00:00, Sys 0 00:00:00  -  Run Local Usage
		Usr 0 00:02:46, Sys 0 00:00:13  -  Total Remote Usage
		Usr 0 00:00:00, Sys 0 00:00:00  -  Total Local Usage
	10857  -  Run Bytes Sent By Job
	853  -  Run Bytes Received By Job
	10857  -  Total Bytes Sent By Job
	853  -  Total Bytes Received By Job
	Partitionable Resources :    Usage  Request Allocated 
	   Cpus                 :     0.93        1         1 
	   Disk (KB)            :    56           1      3603 
	   GPUs                 :                           0 
	   Memory (MB)          :     2        3000      3000 
	   TimeExecute (s)      :   201                       
	   TimeSlotBusy (s)     :   203                       
...
000 (16828034.015.000) 09/22 17:37:17 Job submitted from host: <188.184.90.241:9618?addrs=188.184.90.241-9618+[2001-1458-201-e4--100-2eb]-9618&alias=bigbird15.cern.ch&noUDP&sock=schedd_3150_376a>
...
040 (16828034.015.000) 09/22 17:41:56 Started transferring input files
	Transferring to host: <188.185.212.232:9618?addrs=188.185.212.232-9618+[2001-1458-303-19--100-64]-9618&alias=b9p26p1694.cern.ch&noUDP&sock=slot1_12_4568_51b3_67293>
...
040 (16828034.015.000) 09/22 17:41:56 Finished transferring input files
...
001 (16828034.015.000) 09/22 17:41:57 Job executing on host: <188.185.212.232:9618?addrs=188.185.212.232-9618+[2001-1458-303-19--100-64]-9618&alias=b9p26p1694.cern.ch&noUDP&sock=startd_3927_2c80>
	SlotName: slot1_12@b9p26p1694.cern.ch
	CondorScratchDir = "/pool/condor/dir_2499891"
	Cpus = 1
	Disk = 3661
	GPUs = 0
	Memory = 3000
...
006 (16828034.015.000) 09/22 17:42:06 Image size of job updated: 24144
	24  -  MemoryUsage of job (MB)
	24144  -  ResidentSetSize of job (KB)
...
006 (16828034.015.000) 09/22 17:45:13 Image size of job updated: 309104
	24  -  MemoryUsage of job (MB)
	24308  -  ResidentSetSize of job (KB)
...
040 (16828034.015.000) 09/22 17:45:13 Started transferring output files
...
040 (16828034.015.000) 09/22 17:45:13 Finished transferring output files
...
005 (16828034.015.000) 09/22 17:45:13 Job terminated.
	(1) Normal termination (return value 0)
		Usr 0 00:02:46, Sys 0 00:00:11  -  Run Remote Usage
		Usr 0 00:00:00, Sys 0 00:00:00  -  Run Local Usage
		Usr 0 00:02:46, Sys 0 00:00:11  -  Total Remote Usage
		Usr 0 00:00:00, Sys 0 00:00:00  -  Total Local Usage
	10857  -  Run Bytes Sent By Job
	853  -  Run Bytes Received By Job
	10857  -  Total Bytes Sent By Job
	853  -  Total Bytes Received By Job
	Partitionable Resources :    Usage  Request Allocated 
	   Cpus                 :                 1         1 
	   Disk (KB)            :       62        1      3661 
	   GPUs                 :                           0 
	   Memory (MB)          :       24     3000      3000 
	   TimeExecute (s)      :      196                    
	   TimeSlotBusy (s)     :      197                    
...
