000 (16690473.021.000) 08/07 21:10:36 Job submitted from host: <188.184.90.241:9618?addrs=188.184.90.241-9618+[2001-1458-201-e4--100-2eb]-9618&alias=bigbird15.cern.ch&noUDP&sock=schedd_3150_376a>
...
040 (16690473.021.000) 08/07 21:12:23 Started transferring input files
	Transferring to host: <188.185.214.158:9618?addrs=188.185.214.158-9618+[2001-1458-303-1d--100-1a]-9618&alias=b9p30p2789.cern.ch&noUDP&sock=slot1_20_5786_82a4_23912>
...
040 (16690473.021.000) 08/07 21:12:23 Finished transferring input files
...
001 (16690473.021.000) 08/07 21:12:25 Job executing on host: <188.185.214.158:9618?addrs=188.185.214.158-9618+[2001-1458-303-1d--100-1a]-9618&alias=b9p30p2789.cern.ch&noUDP&sock=startd_4915_dc12>
	SlotName: slot1_20@b9p30p2789.cern.ch
	CondorScratchDir = "/pool/condor/dir_1512020"
	Cpus = 1
	Disk = 3744
	GPUs = 0
	Memory = 3000
...
006 (16690473.021.000) 08/07 21:12:33 Image size of job updated: 11040
	11  -  MemoryUsage of job (MB)
	11040  -  ResidentSetSize of job (KB)
...
006 (16690473.021.000) 08/07 21:13:19 Image size of job updated: 282544
	11  -  MemoryUsage of job (MB)
	11040  -  ResidentSetSize of job (KB)
...
040 (16690473.021.000) 08/07 21:13:19 Started transferring output files
...
040 (16690473.021.000) 08/07 21:13:20 Finished transferring output files
...
005 (16690473.021.000) 08/07 21:13:20 Job terminated.
	(1) Normal termination (return value 0)
		Usr 0 00:00:27, Sys 0 00:00:10  -  Run Remote Usage
		Usr 0 00:00:00, Sys 0 00:00:00  -  Run Local Usage
		Usr 0 00:00:27, Sys 0 00:00:10  -  Total Remote Usage
		Usr 0 00:00:00, Sys 0 00:00:00  -  Total Local Usage
	10731  -  Run Bytes Sent By Job
	853  -  Run Bytes Received By Job
	10731  -  Total Bytes Sent By Job
	853  -  Total Bytes Received By Job
	Partitionable Resources :    Usage  Request Allocated 
	   Cpus                 :                 1         1 
	   Disk (KB)            :       40        1      3744 
	   GPUs                 :                           0 
	   Memory (MB)          :       11     3000      3000 
	   TimeExecute (s)      :       55                    
	   TimeSlotBusy (s)     :       57                    
...
000 (16827608.021.000) 09/22 12:58:51 Job submitted from host: <188.184.90.241:9618?addrs=188.184.90.241-9618+[2001-1458-201-e4--100-2eb]-9618&alias=bigbird15.cern.ch&noUDP&sock=schedd_3150_376a>
...
040 (16827608.021.000) 09/22 13:00:57 Started transferring input files
	Transferring to host: <188.185.208.16:9618?addrs=188.185.208.16-9618+[2001-1458-303-f--100-d]-9618&alias=b9p09p0086.cern.ch&noUDP&sock=slot1_29_6706_bbca_68376>
...
040 (16827608.021.000) 09/22 13:00:57 Finished transferring input files
...
001 (16827608.021.000) 09/22 13:00:58 Job executing on host: <188.185.208.16:9618?addrs=188.185.208.16-9618+[2001-1458-303-f--100-d]-9618&alias=b9p09p0086.cern.ch&noUDP&sock=startd_5736_ff54>
	SlotName: slot1_29@b9p09p0086.cern.ch
	CondorScratchDir = "/pool/condor/dir_190794"
	Cpus = 1
	Disk = 3650
	GPUs = 0
	Memory = 3000
...
006 (16827608.021.000) 09/22 13:01:07 Image size of job updated: 3888
	2  -  MemoryUsage of job (MB)
	1792  -  ResidentSetSize of job (KB)
...
006 (16827608.021.000) 09/22 13:06:08 Image size of job updated: 285064
	279  -  MemoryUsage of job (MB)
	285064  -  ResidentSetSize of job (KB)
...
006 (16827608.021.000) 09/22 13:11:08 Image size of job updated: 285068
	279  -  MemoryUsage of job (MB)
	285068  -  ResidentSetSize of job (KB)
...
006 (16827608.021.000) 09/22 13:12:13 Image size of job updated: 285076
	279  -  MemoryUsage of job (MB)
	285068  -  ResidentSetSize of job (KB)
...
040 (16827608.021.000) 09/22 13:12:13 Started transferring output files
...
040 (16827608.021.000) 09/22 13:12:13 Finished transferring output files
...
005 (16827608.021.000) 09/22 13:12:14 Job terminated.
	(1) Normal termination (return value 0)
		Usr 0 00:04:57, Sys 0 00:00:21  -  Run Remote Usage
		Usr 0 00:00:00, Sys 0 00:00:00  -  Run Local Usage
		Usr 0 00:04:57, Sys 0 00:00:21  -  Total Remote Usage
		Usr 0 00:00:00, Sys 0 00:00:00  -  Total Local Usage
	13732  -  Run Bytes Sent By Job
	853  -  Run Bytes Received By Job
	13732  -  Total Bytes Sent By Job
	853  -  Total Bytes Received By Job
	Partitionable Resources :    Usage  Request Allocated 
	   Cpus                 :     0.83        1         1 
	   Disk (KB)            :    56           1      3650 
	   GPUs                 :                           0 
	   Memory (MB)          :   279        3000      3000 
	   TimeExecute (s)      :   675                       
	   TimeSlotBusy (s)     :   677                       
...
000 (16827633.021.000) 09/22 16:48:51 Job submitted from host: <188.184.90.241:9618?addrs=188.184.90.241-9618+[2001-1458-201-e4--100-2eb]-9618&alias=bigbird15.cern.ch&noUDP&sock=schedd_3150_376a>
...
040 (16827633.021.000) 09/22 17:00:38 Started transferring input files
	Transferring to host: <188.185.210.208:9618?addrs=188.185.210.208-9618+[2001-1458-303-15--100-4c]-9618&alias=b9p22p0624.cern.ch&noUDP&sock=slot1_50_5776_76e4_68237>
...
040 (16827633.021.000) 09/22 17:00:38 Finished transferring input files
...
001 (16827633.021.000) 09/22 17:00:39 Job executing on host: <188.185.210.208:9618?addrs=188.185.210.208-9618+[2001-1458-303-15--100-4c]-9618&alias=b9p22p0624.cern.ch&noUDP&sock=startd_4738_73cf>
	SlotName: slot1_50@b9p22p0624.cern.ch
	CondorScratchDir = "/pool/condor/dir_3876620"
	Cpus = 1
	Disk = 3638
	GPUs = 0
	Memory = 3000
...
006 (16827633.021.000) 09/22 17:00:47 Image size of job updated: 3460
	3  -  MemoryUsage of job (MB)
	2496  -  ResidentSetSize of job (KB)
...
006 (16827633.021.000) 09/22 17:05:47 Image size of job updated: 285024
	279  -  MemoryUsage of job (MB)
	285024  -  ResidentSetSize of job (KB)
...
006 (16827633.021.000) 09/22 17:10:28 Image size of job updated: 285032
	279  -  MemoryUsage of job (MB)
	285024  -  ResidentSetSize of job (KB)
...
040 (16827633.021.000) 09/22 17:10:28 Started transferring output files
...
040 (16827633.021.000) 09/22 17:10:28 Finished transferring output files
...
005 (16827633.021.000) 09/22 17:10:29 Job terminated.
	(1) Normal termination (return value 0)
		Usr 0 00:08:05, Sys 0 00:00:17  -  Run Remote Usage
		Usr 0 00:00:00, Sys 0 00:00:00  -  Run Local Usage
		Usr 0 00:08:05, Sys 0 00:00:17  -  Total Remote Usage
		Usr 0 00:00:00, Sys 0 00:00:00  -  Total Local Usage
	12749  -  Run Bytes Sent By Job
	853  -  Run Bytes Received By Job
	12749  -  Total Bytes Sent By Job
	853  -  Total Bytes Received By Job
	Partitionable Resources :    Usage  Request Allocated 
	   Cpus                 :     0.87        1         1 
	   Disk (KB)            :    55           1      3638 
	   GPUs                 :                           0 
	   Memory (MB)          :   279        3000      3000 
	   TimeExecute (s)      :   589                       
	   TimeSlotBusy (s)     :   591                       
...
000 (16828034.021.000) 09/22 17:37:17 Job submitted from host: <188.184.90.241:9618?addrs=188.184.90.241-9618+[2001-1458-201-e4--100-2eb]-9618&alias=bigbird15.cern.ch&noUDP&sock=schedd_3150_376a>
...
040 (16828034.021.000) 09/22 17:41:55 Started transferring input files
	Transferring to host: <188.185.214.97:9618?addrs=188.185.214.97-9618+[2001-1458-303-1c--100-5d]-9618&alias=b9p29p0113.cern.ch&noUDP&sock=slot1_2_8447_6cf1_68766>
...
040 (16828034.021.000) 09/22 17:41:56 Finished transferring input files
...
001 (16828034.021.000) 09/22 17:41:57 Job executing on host: <188.185.214.97:9618?addrs=188.185.214.97-9618+[2001-1458-303-1c--100-5d]-9618&alias=b9p29p0113.cern.ch&noUDP&sock=startd_7603_9aa5>
	SlotName: slot1_2@b9p29p0113.cern.ch
	CondorScratchDir = "/pool/condor/dir_2100842"
	Cpus = 1
	Disk = 3794
	GPUs = 0
	Memory = 3000
...
006 (16828034.021.000) 09/22 17:42:05 Image size of job updated: 2492
	3  -  MemoryUsage of job (MB)
	2492  -  ResidentSetSize of job (KB)
...
006 (16828034.021.000) 09/22 17:47:05 Image size of job updated: 285752
	280  -  MemoryUsage of job (MB)
	285752  -  ResidentSetSize of job (KB)
...
006 (16828034.021.000) 09/22 17:51:21 Image size of job updated: 285760
	280  -  MemoryUsage of job (MB)
	285752  -  ResidentSetSize of job (KB)
...
040 (16828034.021.000) 09/22 17:51:21 Started transferring output files
...
040 (16828034.021.000) 09/22 17:51:21 Finished transferring output files
...
005 (16828034.021.000) 09/22 17:51:22 Job terminated.
	(1) Normal termination (return value 0)
		Usr 0 00:08:08, Sys 0 00:00:26  -  Run Remote Usage
		Usr 0 00:00:00, Sys 0 00:00:00  -  Run Local Usage
		Usr 0 00:08:08, Sys 0 00:00:26  -  Total Remote Usage
		Usr 0 00:00:00, Sys 0 00:00:00  -  Total Local Usage
	12749  -  Run Bytes Sent By Job
	853  -  Run Bytes Received By Job
	12749  -  Total Bytes Sent By Job
	853  -  Total Bytes Received By Job
	Partitionable Resources :    Usage  Request Allocated 
	   Cpus                 :     0.93        1         1 
	   Disk (KB)            :    56           1      3794 
	   GPUs                 :                           0 
	   Memory (MB)          :   280        3000      3000 
	   TimeExecute (s)      :   565                       
	   TimeSlotBusy (s)     :   566                       
...
