Running on host b9p29p9581.cern.ch
Input file: /eos/user/m/masegret/PerfectAlignment/user.lucam.mc23_13p6TeV.601190.PhPy8EG_AZNLO_Zmumu.MCP_TESTNTUP.mc23e_ANALYSIS.root/user.lucam.51077380._000023.ANALYSIS.root
[7mlsetup              [0m lsetup <tool1> [ <tool2> ...] (see lsetup -h):
[7m lsetup asetup      [0m  (or asetup) to setup an Athena release
[7m lsetup astyle      [0m  ATLAS style macros
[7m lsetup atlantis    [0m  Atlantis: event display
[7m lsetup centralpage [0m  Find samples
[7m lsetup eiclient    [0m  Event Index 
[7m lsetup emi         [0m  EMI: grid middleware user interface 
[7m lsetup lcgenv      [0m  lcgenv: setup tools from cvmfs SFT repository
[7m lsetup panda       [0m  Panda: Production ANd Distributed Analysis
[7m lsetup pyami       [0m  pyAMI: ATLAS Metadata Interface python client
[7m lsetup root        [0m  ROOT data processing framework
[7m lsetup rucio       [0m  distributed data management system client
[7m lsetup scikit      [0m  python data analysis ecosystem
[7m lsetup views       [0m  Set up a full LCG release
[7m lsetup xcache      [0m  XRootD local proxy cache
[7m lsetup xrootd      [0m  XRootD data access
[7madvancedTools       [0m advanced tools menu
[7mdiagnostics         [0m diagnostic tools menu
[7mhelpMe              [0m more help
[7minstallPip          [0m install relocatable pip modules locally
[7minstallRpm          [0m install relocatable rpms locally
[7mprintMenu           [0m show this menu
[7mqueryC              [0m find / whatis container query
[7mshowVersions        [0m show versions of installed software

************************************************************************
Requested:  root ... 
 Setting up [4mroot 6.40.02-x86_64-el9-gcc15-opt[0m ... 
  ROOT is from lcgenv -p LCG_110_ATLAS_1 x86_64-el9-gcc15-opt ROOT
>>>>>>>>>>>>>>>>>>>>>>>>> Information for user <<<<<<<<<<<<<<<<<<<<<<<<<
 root:
   Tip for _this_ standalone ROOT and grid (ie prun) submission:
    avoid --athenaTag if you do not need athena
    use --rootVer=6.40.02 --cmtConfig=x86_64-el9-gcc15-opt
 root:
   Note this ROOT from lcgenv sets up a long list of library paths.
   This may slow down executables; they look at each library path item.
   A faster alternative - setup the entire LCG stack with views:
    lsetup "views LCG_110_ATLAS_1 x86_64-el9-gcc15-opt"
************************************************************************
[INFO] Aggiunto file singolo: /eos/user/m/masegret/PerfectAlignment/user.lucam.mc23_13p6TeV.601190.PhPy8EG_AZNLO_Zmumu.MCP_TESTNTUP.mc23e_ANALYSIS.root/user.lucam.51077380._000023.ANALYSIS.root
[INFO] Entries totali = 1530438

[INFO] Inizio loop eventi...

[INFO] Processati 0 eventi
[INFO] Processati 50000 eventi
[INFO] Processati 100000 eventi
[INFO] Processati 150000 eventi
[INFO] Processati 200000 eventi
[INFO] Processati 250000 eventi
[INFO] Processati 300000 eventi
[INFO] Processati 350000 eventi
[INFO] Processati 400000 eventi
[INFO] Processati 450000 eventi
[INFO] Processati 500000 eventi
[INFO] Processati 550000 eventi
[INFO] Processati 600000 eventi
[INFO] Processati 650000 eventi
[INFO] Processati 700000 eventi
[INFO] Processati 750000 eventi
[INFO] Processati 800000 eventi
[INFO] Processati 850000 eventi
[INFO] Processati 900000 eventi
[INFO] Processati 950000 eventi
[INFO] Processati 1000000 eventi
[INFO] Processati 1050000 eventi
[INFO] Processati 1100000 eventi
[INFO] Processati 1150000 eventi
[INFO] Processati 1200000 eventi
[INFO] Processati 1250000 eventi
[INFO] Processati 1300000 eventi
[INFO] Processati 1350000 eventi
[INFO] Processati 1400000 eventi
[INFO] Processati 1450000 eventi
[INFO] Processati 1500000 eventi

[INFO] Muoni prompt processati = 2489518
[INFO] Muoni riempiti negli istogrammi = 2159672
[INFO] 36 istogrammi salvati in output_eta.root

=== pT bin 20_30 ===
  eta 0.0-0.1: entries=17910, RMS=0.0214
  eta 0.1-1.01: entries=178050, RMS=0.0216
  eta 1.01-1.3: entries=54814, RMS=0.0252
  eta 1.3-1.7: entries=73502, RMS=0.0303
  eta 1.7-2.5: entries=132556, RMS=0.0303
  eta 2.5-2.8: entries=19501, RMS=0.0407

=== pT bin 30_40 ===
  eta 0.0-0.1: entries=27566, RMS=0.0239
  eta 0.1-1.01: entries=256296, RMS=0.0228
  eta 1.01-1.3: entries=79346, RMS=0.0258
  eta 1.3-1.7: entries=106417, RMS=0.0319
  eta 1.7-2.5: entries=198374, RMS=0.0310
  eta 2.5-2.8: entries=27718, RMS=0.0391

=== pT bin 40_50 ===
  eta 0.0-0.1: entries=26603, RMS=0.0261
  eta 0.1-1.01: entries=244822, RMS=0.0241
  eta 1.01-1.3: entries=75691, RMS=0.0266
  eta 1.3-1.7: entries=102391, RMS=0.0330
  eta 1.7-2.5: entries=192672, RMS=0.0321
  eta 2.5-2.8: entries=25872, RMS=0.0384

=== pT bin 50_80 ===
  eta 0.0-0.1: entries=11117, RMS=0.0302
  eta 0.1-1.01: entries=103833, RMS=0.0260
  eta 1.01-1.3: entries=31553, RMS=0.0277
  eta 1.3-1.7: entries=41090, RMS=0.0355
  eta 1.7-2.5: entries=74208, RMS=0.0332
  eta 2.5-2.8: entries=9522, RMS=0.0386

=== pT bin 80_120 ===
  eta 0.0-0.1: entries=1618, RMS=0.0401
  eta 0.1-1.01: entries=14726, RMS=0.0306
  eta 1.01-1.3: entries=4409, RMS=0.0322
  eta 1.3-1.7: entries=5702, RMS=0.0420
  eta 1.7-2.5: entries=10010, RMS=0.0363
  eta 2.5-2.8: entries=1173, RMS=0.0398

=== pT bin 120_500 ===
  eta 0.0-0.1: entries=518, RMS=0.0525
  eta 0.1-1.01: entries=4247, RMS=0.0388
  eta 1.01-1.3: entries=1256, RMS=0.0402
  eta 1.3-1.7: entries=1743, RMS=0.0509
  eta 1.7-2.5: entries=2573, RMS=0.0397
  eta 2.5-2.8: entries=273, RMS=0.0448
[INFO] Tabella salvata in images/table_RMS_vs_eta.pdf

[INFO] Plot salvato in images/plot_RMS_vs_eta.png (.pdf)
[INFO] Plot overlay eta salvato in images/plot_eta_overlay.png (.pdf)
[INFO] Tabella salvata in images/table_RMS_vs_eta.pdf
Exit code: 0
