000 (16690473.014.000) 08/07 21:10:36 Job submitted from host: <188.184.90.241:9618?addrs=188.184.90.241-9618+[2001-1458-201-e4--100-2eb]-9618&alias=bigbird15.cern.ch&noUDP&sock=schedd_3150_376a>
...
040 (16690473.014.000) 08/07 21:12:17 Started transferring input files
	Transferring to host: <188.185.193.160:9618?addrs=188.185.193.160-9618+[2001-1458-303-20--100-9c]-9618&alias=b9p19p5184.cern.ch&noUDP&sock=slot1_7_5870_b228_20697>
...
040 (16690473.014.000) 08/07 21:12:17 Finished transferring input files
...
001 (16690473.014.000) 08/07 21:12:18 Job executing on host: <188.185.193.160:9618?addrs=188.185.193.160-9618+[2001-1458-303-20--100-9c]-9618&alias=b9p19p5184.cern.ch&noUDP&sock=startd_4697_546d>
	SlotName: slot1_7@b9p19p5184.cern.ch
	CondorScratchDir = "/pool/condor/dir_3452767"
	Cpus = 1
	Disk = 3906
	GPUs = 0
	Memory = 3000
...
006 (16690473.014.000) 08/07 21:12:27 Image size of job updated: 11048
	4  -  MemoryUsage of job (MB)
	3908  -  ResidentSetSize of job (KB)
...
006 (16690473.014.000) 08/07 21:17:28 Image size of job updated: 285304
	279  -  MemoryUsage of job (MB)
	285304  -  ResidentSetSize of job (KB)
...
006 (16690473.014.000) 08/07 21:22:29 Image size of job updated: 285324
	279  -  MemoryUsage of job (MB)
	285324  -  ResidentSetSize of job (KB)
...
006 (16690473.014.000) 08/07 21:24:35 Image size of job updated: 295584
	279  -  MemoryUsage of job (MB)
	285324  -  ResidentSetSize of job (KB)
...
040 (16690473.014.000) 08/07 21:24:35 Started transferring output files
...
040 (16690473.014.000) 08/07 21:24:35 Finished transferring output files
...
005 (16690473.014.000) 08/07 21:24:35 Job terminated.
	(1) Normal termination (return value 0)
		Usr 0 00:10:31, Sys 0 00:00:16  -  Run Remote Usage
		Usr 0 00:00:00, Sys 0 00:00:00  -  Run Local Usage
		Usr 0 00:10:31, Sys 0 00:00:16  -  Total Remote Usage
		Usr 0 00:00:00, Sys 0 00:00:00  -  Total Local Usage
	13832  -  Run Bytes Sent By Job
	853  -  Run Bytes Received By Job
	13832  -  Total Bytes Sent By Job
	853  -  Total Bytes Received By Job
	Partitionable Resources :    Usage  Request Allocated 
	   Cpus                 :     0.91        1         1 
	   Disk (KB)            :    63           1      3906 
	   GPUs                 :                           0 
	   Memory (MB)          :   279        3000      3000 
	   TimeExecute (s)      :   737                       
	   TimeSlotBusy (s)     :   739                       
...
000 (16827608.014.000) 09/22 12:58:51 Job submitted from host: <188.184.90.241:9618?addrs=188.184.90.241-9618+[2001-1458-201-e4--100-2eb]-9618&alias=bigbird15.cern.ch&noUDP&sock=schedd_3150_376a>
...
040 (16827608.014.000) 09/22 13:00:58 Started transferring input files
	Transferring to host: <188.185.207.154:9618?addrs=188.185.207.154-9618+[2001-1458-303-e--100-17]-9618&alias=b9p08p0597.cern.ch&noUDP&sock=slot1_34_4059_aebe_65357>
...
040 (16827608.014.000) 09/22 13:00:58 Finished transferring input files
...
001 (16827608.014.000) 09/22 13:00:59 Job executing on host: <188.185.207.154:9618?addrs=188.185.207.154-9618+[2001-1458-303-e--100-17]-9618&alias=b9p08p0597.cern.ch&noUDP&sock=startd_3700_7881>
	SlotName: slot1_34@b9p08p0597.cern.ch
	CondorScratchDir = "/pool/condor/dir_2112159"
	Cpus = 1
	Disk = 3681
	GPUs = 0
	Memory = 3000
...
006 (16827608.014.000) 09/22 13:01:08 Image size of job updated: 2284
	2  -  MemoryUsage of job (MB)
	1648  -  ResidentSetSize of job (KB)
...
006 (16827608.014.000) 09/22 13:04:08 Image size of job updated: 305884
	2  -  MemoryUsage of job (MB)
	1648  -  ResidentSetSize of job (KB)
...
040 (16827608.014.000) 09/22 13:04:08 Started transferring output files
...
040 (16827608.014.000) 09/22 13:04:08 Finished transferring output files
...
005 (16827608.014.000) 09/22 13:04:08 Job terminated.
	(1) Normal termination (return value 0)
		Usr 0 00:01:54, Sys 0 00:00:10  -  Run Remote Usage
		Usr 0 00:00:00, Sys 0 00:00:00  -  Run Local Usage
		Usr 0 00:01:54, Sys 0 00:00:10  -  Total Remote Usage
		Usr 0 00:00:00, Sys 0 00:00:00  -  Total Local Usage
	11839  -  Run Bytes Sent By Job
	853  -  Run Bytes Received By Job
	11839  -  Total Bytes Sent By Job
	853  -  Total Bytes Received By Job
	Partitionable Resources :    Usage  Request Allocated 
	   Cpus                 :        0        1         1 
	   Disk (KB)            :       69        1      3681 
	   GPUs                 :                           0 
	   Memory (MB)          :        2     3000      3000 
	   TimeExecute (s)      :      189                    
	   TimeSlotBusy (s)     :      190                    
...
000 (16827633.014.000) 09/22 16:48:51 Job submitted from host: <188.184.90.241:9618?addrs=188.184.90.241-9618+[2001-1458-201-e4--100-2eb]-9618&alias=bigbird15.cern.ch&noUDP&sock=schedd_3150_376a>
...
040 (16827633.014.000) 09/22 16:59:27 Started transferring input files
	Transferring to host: <188.185.213.204:9618?addrs=188.185.213.204-9618+[2001-1458-303-1b--100-48]-9618&alias=b9p28p7017.cern.ch&noUDP&sock=slot1_29_9006_4aa7_69307>
...
040 (16827633.014.000) 09/22 16:59:27 Finished transferring input files
...
001 (16827633.014.000) 09/22 16:59:28 Job executing on host: <188.185.213.204:9618?addrs=188.185.213.204-9618+[2001-1458-303-1b--100-48]-9618&alias=b9p28p7017.cern.ch&noUDP&sock=startd_7849_56f1>
	SlotName: slot1_29@b9p28p7017.cern.ch
	CondorScratchDir = "/pool/condor/dir_778674"
	Cpus = 1
	Disk = 3778
	GPUs = 0
	Memory = 3000
...
006 (16827633.014.000) 09/22 16:59:37 Image size of job updated: 3856
	4  -  MemoryUsage of job (MB)
	3856  -  ResidentSetSize of job (KB)
...
006 (16827633.014.000) 09/22 17:03:25 Image size of job updated: 311604
	4  -  MemoryUsage of job (MB)
	3856  -  ResidentSetSize of job (KB)
...
040 (16827633.014.000) 09/22 17:03:25 Started transferring output files
...
040 (16827633.014.000) 09/22 17:03:25 Finished transferring output files
...
005 (16827633.014.000) 09/22 17:03:26 Job terminated.
	(1) Normal termination (return value 0)
		Usr 0 00:02:46, Sys 0 00:00:16  -  Run Remote Usage
		Usr 0 00:00:00, Sys 0 00:00:00  -  Run Local Usage
		Usr 0 00:02:46, Sys 0 00:00:16  -  Total Remote Usage
		Usr 0 00:00:00, Sys 0 00:00:00  -  Total Local Usage
	10856  -  Run Bytes Sent By Job
	853  -  Run Bytes Received By Job
	10856  -  Total Bytes Sent By Job
	853  -  Total Bytes Received By Job
	Partitionable Resources :    Usage  Request Allocated 
	   Cpus                 :     0.78        1         1 
	   Disk (KB)            :    56           1      3778 
	   GPUs                 :                           0 
	   Memory (MB)          :     4        3000      3000 
	   TimeExecute (s)      :   237                       
	   TimeSlotBusy (s)     :   239                       
...
