Running on host b9p26p6528.cern.ch
Input file: /eos/user/m/masegret/PerfectAlignment/user.lucam.mc23_13p6TeV.601190.PhPy8EG_AZNLO_Zmumu.MCP_TESTNTUP.mc23e_ANALYSIS.root/user.lucam.51077380._000003.ANALYSIS.root
[7mlsetup              [0m lsetup <tool1> [ <tool2> ...] (see lsetup -h):
[7m lsetup asetup      [0m  (or asetup) to setup an Athena release
[7m lsetup astyle      [0m  ATLAS style macros
[7m lsetup atlantis    [0m  Atlantis: event display
[7m lsetup centralpage [0m  Find samples
[7m lsetup eiclient    [0m  Event Index 
[7m lsetup emi         [0m  EMI: grid middleware user interface 
[7m lsetup lcgenv      [0m  lcgenv: setup tools from cvmfs SFT repository
[7m lsetup panda       [0m  Panda: Production ANd Distributed Analysis
[7m lsetup pyami       [0m  pyAMI: ATLAS Metadata Interface python client
[7m lsetup root        [0m  ROOT data processing framework
[7m lsetup rucio       [0m  distributed data management system client
[7m lsetup scikit      [0m  python data analysis ecosystem
[7m lsetup views       [0m  Set up a full LCG release
[7m lsetup xcache      [0m  XRootD local proxy cache
[7m lsetup xrootd      [0m  XRootD data access
[7madvancedTools       [0m advanced tools menu
[7mdiagnostics         [0m diagnostic tools menu
[7mhelpMe              [0m more help
[7minstallPip          [0m install relocatable pip modules locally
[7minstallRpm          [0m install relocatable rpms locally
[7mprintMenu           [0m show this menu
[7mqueryC              [0m find / whatis container query
[7mshowVersions        [0m show versions of installed software

************************************************************************
Requested:  root ... 
 Setting up [4mroot 6.40.02-x86_64-el9-gcc15-opt[0m ... 
  ROOT is from lcgenv -p LCG_110_ATLAS_1 x86_64-el9-gcc15-opt ROOT
>>>>>>>>>>>>>>>>>>>>>>>>> Information for user <<<<<<<<<<<<<<<<<<<<<<<<<
 root:
   Tip for _this_ standalone ROOT and grid (ie prun) submission:
    avoid --athenaTag if you do not need athena
    use --rootVer=6.40.02 --cmtConfig=x86_64-el9-gcc15-opt
 root:
   Note this ROOT from lcgenv sets up a long list of library paths.
   This may slow down executables; they look at each library path item.
   A faster alternative - setup the entire LCG stack with views:
    lsetup "views LCG_110_ATLAS_1 x86_64-el9-gcc15-opt"
************************************************************************
[INFO] Aggiunto file singolo: /eos/user/m/masegret/PerfectAlignment/user.lucam.mc23_13p6TeV.601190.PhPy8EG_AZNLO_Zmumu.MCP_TESTNTUP.mc23e_ANALYSIS.root/user.lucam.51077380._000003.ANALYSIS.root
[INFO] Entries totali = 1606777

[INFO] Inizio loop eventi...

[INFO] Processati 0 eventi
[INFO] Processati 50000 eventi
[INFO] Processati 100000 eventi
[INFO] Processati 150000 eventi
[INFO] Processati 200000 eventi
[INFO] Processati 250000 eventi
[INFO] Processati 300000 eventi
[INFO] Processati 350000 eventi
[INFO] Processati 400000 eventi
[INFO] Processati 450000 eventi
[INFO] Processati 500000 eventi
[INFO] Processati 550000 eventi
[INFO] Processati 600000 eventi
[INFO] Processati 650000 eventi
[INFO] Processati 700000 eventi
[INFO] Processati 750000 eventi
[INFO] Processati 800000 eventi
[INFO] Processati 850000 eventi
[INFO] Processati 900000 eventi
[INFO] Processati 950000 eventi
[INFO] Processati 1000000 eventi
[INFO] Processati 1050000 eventi
[INFO] Processati 1100000 eventi
[INFO] Processati 1150000 eventi
[INFO] Processati 1200000 eventi
[INFO] Processati 1250000 eventi
[INFO] Processati 1300000 eventi
[INFO] Processati 1350000 eventi
[INFO] Processati 1400000 eventi
[INFO] Processati 1450000 eventi
[INFO] Processati 1500000 eventi
[INFO] Processati 1550000 eventi
[INFO] Processati 1600000 eventi

[INFO] Muoni prompt processati = 2614956
[INFO] Muoni riempiti negli istogrammi = 2268457
[INFO] 36 istogrammi salvati in output_eta.root

=== pT bin 20_30 ===
  eta 0.0-0.1: entries=18709, RMS=0.0222
  eta 0.1-1.01: entries=187433, RMS=0.0223
  eta 1.01-1.3: entries=58022, RMS=0.0267
  eta 1.3-1.7: entries=77110, RMS=0.0318
  eta 1.7-2.5: entries=139422, RMS=0.0359
  eta 2.5-2.8: entries=20326, RMS=0.0588

=== pT bin 30_40 ===
  eta 0.0-0.1: entries=28948, RMS=0.0247
  eta 0.1-1.01: entries=269361, RMS=0.0243
  eta 1.01-1.3: entries=83548, RMS=0.0283
  eta 1.3-1.7: entries=111667, RMS=0.0336
  eta 1.7-2.5: entries=207576, RMS=0.0370
  eta 2.5-2.8: entries=29186, RMS=0.0572

=== pT bin 40_50 ===
  eta 0.0-0.1: entries=27499, RMS=0.0274
  eta 0.1-1.01: entries=257022, RMS=0.0261
  eta 1.01-1.3: entries=80209, RMS=0.0289
  eta 1.3-1.7: entries=107857, RMS=0.0348
  eta 1.7-2.5: entries=202580, RMS=0.0382
  eta 2.5-2.8: entries=26764, RMS=0.0557

=== pT bin 50_80 ===
  eta 0.0-0.1: entries=11896, RMS=0.0320
  eta 0.1-1.01: entries=108597, RMS=0.0284
  eta 1.01-1.3: entries=33070, RMS=0.0307
  eta 1.3-1.7: entries=43267, RMS=0.0371
  eta 1.7-2.5: entries=78187, RMS=0.0401
  eta 2.5-2.8: entries=10039, RMS=0.0565

=== pT bin 80_120 ===
  eta 0.0-0.1: entries=1683, RMS=0.0439
  eta 0.1-1.01: entries=15341, RMS=0.0331
  eta 1.01-1.3: entries=4645, RMS=0.0368
  eta 1.3-1.7: entries=6089, RMS=0.0435
  eta 1.7-2.5: entries=10190, RMS=0.0443
  eta 2.5-2.8: entries=1263, RMS=0.0532

=== pT bin 120_500 ===
  eta 0.0-0.1: entries=483, RMS=0.0542
  eta 0.1-1.01: entries=4507, RMS=0.0408
  eta 1.01-1.3: entries=1333, RMS=0.0428
  eta 1.3-1.7: entries=1728, RMS=0.0583
  eta 1.7-2.5: entries=2622, RMS=0.0523
  eta 2.5-2.8: entries=278, RMS=0.0629
[INFO] Tabella salvata in images/table_RMS_vs_eta.pdf

[INFO] Plot salvato in images/plot_RMS_vs_eta.png (.pdf)
[INFO] Plot overlay eta salvato in images/plot_eta_overlay.png (.pdf)
[INFO] Tabella salvata in images/table_RMS_vs_eta.pdf
Exit code: 0
