000 (16690473.018.000) 08/07 21:10:36 Job submitted from host: <188.184.90.241:9618?addrs=188.184.90.241-9618+[2001-1458-201-e4--100-2eb]-9618&alias=bigbird15.cern.ch&noUDP&sock=schedd_3150_376a>
...
040 (16690473.018.000) 08/07 21:12:22 Started transferring input files
	Transferring to host: <188.185.193.100:9618?addrs=188.185.193.100-9618+[2001-1458-303-20--100-60]-9618&alias=b9p19p9278.cern.ch&noUDP&sock=slot1_7_4445_a78e_21977>
...
040 (16690473.018.000) 08/07 21:12:22 Finished transferring input files
...
001 (16690473.018.000) 08/07 21:12:23 Job executing on host: <188.185.193.100:9618?addrs=188.185.193.100-9618+[2001-1458-303-20--100-60]-9618&alias=b9p19p9278.cern.ch&noUDP&sock=startd_3330_ae76>
	SlotName: slot1_7@b9p19p9278.cern.ch
	CondorScratchDir = "/pool/condor/dir_1697133"
	Cpus = 1
	Disk = 3805
	GPUs = 0
	Memory = 3000
...
006 (16690473.018.000) 08/07 21:12:32 Image size of job updated: 3912
	4  -  MemoryUsage of job (MB)
	3912  -  ResidentSetSize of job (KB)
...
006 (16690473.018.000) 08/07 21:17:33 Image size of job updated: 280916
	275  -  MemoryUsage of job (MB)
	280916  -  ResidentSetSize of job (KB)
...
006 (16690473.018.000) 08/07 21:22:33 Image size of job updated: 280944
	275  -  MemoryUsage of job (MB)
	280944  -  ResidentSetSize of job (KB)
...
006 (16690473.018.000) 08/07 21:27:33 Image size of job updated: 280948
	275  -  MemoryUsage of job (MB)
	280948  -  ResidentSetSize of job (KB)
...
006 (16690473.018.000) 08/07 21:29:37 Image size of job updated: 285908
	275  -  MemoryUsage of job (MB)
	280948  -  ResidentSetSize of job (KB)
...
040 (16690473.018.000) 08/07 21:29:37 Started transferring output files
...
040 (16690473.018.000) 08/07 21:29:37 Finished transferring output files
...
005 (16690473.018.000) 08/07 21:29:37 Job terminated.
	(1) Normal termination (return value 0)
		Usr 0 00:11:15, Sys 0 00:00:18  -  Run Remote Usage
		Usr 0 00:00:00, Sys 0 00:00:00  -  Run Local Usage
		Usr 0 00:11:15, Sys 0 00:00:18  -  Total Remote Usage
		Usr 0 00:00:00, Sys 0 00:00:00  -  Total Local Usage
	13799  -  Run Bytes Sent By Job
	853  -  Run Bytes Received By Job
	13799  -  Total Bytes Sent By Job
	853  -  Total Bytes Received By Job
	Partitionable Resources :    Usage  Request Allocated 
	   Cpus                 :     0.66        1         1 
	   Disk (KB)            :    63           1      3805 
	   GPUs                 :                           0 
	   Memory (MB)          :   275        3000      3000 
	   TimeExecute (s)      :  1034                       
	   TimeSlotBusy (s)     :  1036                       
...
000 (16827608.018.000) 09/22 12:58:51 Job submitted from host: <188.184.90.241:9618?addrs=188.184.90.241-9618+[2001-1458-201-e4--100-2eb]-9618&alias=bigbird15.cern.ch&noUDP&sock=schedd_3150_376a>
...
040 (16827608.018.000) 09/22 13:00:56 Started transferring input files
	Transferring to host: <188.185.205.225:9618?addrs=188.185.205.225-9618+[2001-1458-303-a--100-5e]-9618&alias=b9p04p9649.cern.ch&noUDP&sock=slot1_13_10839_ce52_68592>
...
040 (16827608.018.000) 09/22 13:00:57 Finished transferring input files
...
001 (16827608.018.000) 09/22 13:00:57 Job executing on host: <188.185.205.225:9618?addrs=188.185.205.225-9618+[2001-1458-303-a--100-5e]-9618&alias=b9p04p9649.cern.ch&noUDP&sock=startd_9920_df94>
	SlotName: slot1_13@b9p04p9649.cern.ch
	CondorScratchDir = "/pool/condor/dir_4069728"
	Cpus = 1
	Disk = 3545
	GPUs = 0
	Memory = 3000
...
006 (16827608.018.000) 09/22 13:01:06 Image size of job updated: 1436
	2  -  MemoryUsage of job (MB)
	1300  -  ResidentSetSize of job (KB)
...
006 (16827608.018.000) 09/22 13:04:54 Image size of job updated: 303500
	2  -  MemoryUsage of job (MB)
	1300  -  ResidentSetSize of job (KB)
...
040 (16827608.018.000) 09/22 13:04:54 Started transferring output files
...
040 (16827608.018.000) 09/22 13:04:54 Finished transferring output files
...
005 (16827608.018.000) 09/22 13:04:55 Job terminated.
	(1) Normal termination (return value 0)
		Usr 0 00:02:32, Sys 0 00:00:11  -  Run Remote Usage
		Usr 0 00:00:00, Sys 0 00:00:00  -  Run Local Usage
		Usr 0 00:02:32, Sys 0 00:00:11  -  Total Remote Usage
		Usr 0 00:00:00, Sys 0 00:00:00  -  Total Local Usage
	11839  -  Run Bytes Sent By Job
	853  -  Run Bytes Received By Job
	11839  -  Total Bytes Sent By Job
	853  -  Total Bytes Received By Job
	Partitionable Resources :    Usage  Request Allocated 
	   Cpus                 :                 1         1 
	   Disk (KB)            :       59        1      3545 
	   GPUs                 :                           0 
	   Memory (MB)          :        2     3000      3000 
	   TimeExecute (s)      :      237                    
	   TimeSlotBusy (s)     :      239                    
...
000 (16827633.018.000) 09/22 16:48:51 Job submitted from host: <188.184.90.241:9618?addrs=188.184.90.241-9618+[2001-1458-201-e4--100-2eb]-9618&alias=bigbird15.cern.ch&noUDP&sock=schedd_3150_376a>
...
040 (16827633.018.000) 09/22 16:59:27 Started transferring input files
	Transferring to host: <188.185.214.35:9618?addrs=188.185.214.35-9618+[2001-1458-303-1c--100-1f]-9618&alias=b9p29p9581.cern.ch&noUDP&sock=slot1_29_4761_4e1b_68091>
...
040 (16827633.018.000) 09/22 16:59:27 Finished transferring input files
...
001 (16827633.018.000) 09/22 16:59:28 Job executing on host: <188.185.214.35:9618?addrs=188.185.214.35-9618+[2001-1458-303-1c--100-1f]-9618&alias=b9p29p9581.cern.ch&noUDP&sock=startd_4113_c11e>
	SlotName: slot1_29@b9p29p9581.cern.ch
	CondorScratchDir = "/pool/condor/dir_1732000"
	Cpus = 1
	Disk = 3603
	GPUs = 0
	Memory = 3000
...
006 (16827633.018.000) 09/22 16:59:36 Image size of job updated: 3092
	2  -  MemoryUsage of job (MB)
	2048  -  ResidentSetSize of job (KB)
...
006 (16827633.018.000) 09/22 17:03:32 Image size of job updated: 300732
	2  -  MemoryUsage of job (MB)
	2048  -  ResidentSetSize of job (KB)
...
040 (16827633.018.000) 09/22 17:03:32 Started transferring output files
...
040 (16827633.018.000) 09/22 17:03:32 Finished transferring output files
...
005 (16827633.018.000) 09/22 17:03:32 Job terminated.
	(1) Normal termination (return value 0)
		Usr 0 00:02:44, Sys 0 00:00:14  -  Run Remote Usage
		Usr 0 00:00:00, Sys 0 00:00:00  -  Run Local Usage
		Usr 0 00:02:44, Sys 0 00:00:14  -  Total Remote Usage
		Usr 0 00:00:00, Sys 0 00:00:00  -  Total Local Usage
	10856  -  Run Bytes Sent By Job
	853  -  Run Bytes Received By Job
	10856  -  Total Bytes Sent By Job
	853  -  Total Bytes Received By Job
	Partitionable Resources :    Usage  Request Allocated 
	   Cpus                 :     0.84        1         1 
	   Disk (KB)            :    56           1      3603 
	   GPUs                 :                           0 
	   Memory (MB)          :     2        3000      3000 
	   TimeExecute (s)      :   244                       
	   TimeSlotBusy (s)     :   246                       
...
