Running on host b9p26p6221.cern.ch
Input file: /eos/user/m/masegret/PerfectAlignment/user.lucam.mc23_13p6TeV.601190.PhPy8EG_AZNLO_Zmumu.MCP_TESTNTUP.mc23e_ANALYSIS.root/user.lucam.51077380._000076.ANALYSIS.root
[7mlsetup              [0m lsetup <tool1> [ <tool2> ...] (see lsetup -h):
[7m lsetup asetup      [0m  (or asetup) to setup an Athena release
[7m lsetup astyle      [0m  ATLAS style macros
[7m lsetup atlantis    [0m  Atlantis: event display
[7m lsetup centralpage [0m  Find samples
[7m lsetup eiclient    [0m  Event Index 
[7m lsetup emi         [0m  EMI: grid middleware user interface 
[7m lsetup lcgenv      [0m  lcgenv: setup tools from cvmfs SFT repository
[7m lsetup panda       [0m  Panda: Production ANd Distributed Analysis
[7m lsetup pyami       [0m  pyAMI: ATLAS Metadata Interface python client
[7m lsetup root        [0m  ROOT data processing framework
[7m lsetup rucio       [0m  distributed data management system client
[7m lsetup scikit      [0m  python data analysis ecosystem
[7m lsetup views       [0m  Set up a full LCG release
[7m lsetup xcache      [0m  XRootD local proxy cache
[7m lsetup xrootd      [0m  XRootD data access
[7madvancedTools       [0m advanced tools menu
[7mdiagnostics         [0m diagnostic tools menu
[7mhelpMe              [0m more help
[7minstallPip          [0m install relocatable pip modules locally
[7minstallRpm          [0m install relocatable rpms locally
[7mprintMenu           [0m show this menu
[7mqueryC              [0m find / whatis container query
[7mshowVersions        [0m show versions of installed software

[1m[4m30 Nov 2023[0m 

A serious security issue in ROOT's web-based GUI has been identified:

  You should not use the web-based browser until further notice and instead 
  set the old-style TBrowser as the default. Please see the Twiki page linked 
  below for instructions on how to do this.

  https://twiki.cern.ch/twiki/bin/view/AtlasComputing/AtlasComputingArchive/RootBrowserSecurityIssue

  More details of this issue:
  https://root.cern/about/security/#2023-11-26-open-port-for-control-of-web-gui-allows-read-and-write-access-to-file-system

  [0;31mReason for this message: $HOME/.rootrc is missing[0m 


[1m[4m17 Mar 2026[0m

SSL_CERT_DIR is no longer defined by asetup, python or emi.
If you see SSL issues, read https://cern.ch/fudpr
or run in a container depending on which OS needed:
   setupATLAS -c el9 or setupATLAS -c centos7


"amsg seen" to mark as seen to suppress above messages


************************************************************************
Requested:  root ... 
 Setting up [4mroot 6.40.02-x86_64-el9-gcc15-opt[0m ... 
  ROOT is from lcgenv -p LCG_110_ATLAS_1 x86_64-el9-gcc15-opt ROOT
>>>>>>>>>>>>>>>>>>>>>>>>> Information for user <<<<<<<<<<<<<<<<<<<<<<<<<
 root:
   Tip for _this_ standalone ROOT and grid (ie prun) submission:
    avoid --athenaTag if you do not need athena
    use --rootVer=6.40.02 --cmtConfig=x86_64-el9-gcc15-opt
 root:
   Note this ROOT from lcgenv sets up a long list of library paths.
   This may slow down executables; they look at each library path item.
   A faster alternative - setup the entire LCG stack with views:
    lsetup "views LCG_110_ATLAS_1 x86_64-el9-gcc15-opt"
************************************************************************
[INFO] Aggiunto file singolo: /eos/user/m/masegret/PerfectAlignment/user.lucam.mc23_13p6TeV.601190.PhPy8EG_AZNLO_Zmumu.MCP_TESTNTUP.mc23e_ANALYSIS.root/user.lucam.51077380._000076.ANALYSIS.root
[INFO] Entries totali = 1223817

[INFO] Inizio loop eventi...

[INFO] Processati 0 eventi
[INFO] Processati 50000 eventi
[INFO] Processati 100000 eventi
[INFO] Processati 150000 eventi
[INFO] Processati 200000 eventi
[INFO] Processati 250000 eventi
[INFO] Processati 300000 eventi
[INFO] Processati 350000 eventi
[INFO] Processati 400000 eventi
[INFO] Processati 450000 eventi
[INFO] Processati 500000 eventi
[INFO] Processati 550000 eventi
[INFO] Processati 600000 eventi
[INFO] Processati 650000 eventi
[INFO] Processati 700000 eventi
[INFO] Processati 750000 eventi
[INFO] Processati 800000 eventi
[INFO] Processati 850000 eventi
[INFO] Processati 900000 eventi
[INFO] Processati 950000 eventi
[INFO] Processati 1000000 eventi
[INFO] Processati 1050000 eventi
[INFO] Processati 1100000 eventi
[INFO] Processati 1150000 eventi
[INFO] Processati 1200000 eventi

[INFO] Muoni prompt processati = 1990817
[INFO] Muoni riempiti negli istogrammi = 1727397
[INFO] 36 istogrammi salvati in output_eta.root

=== pT bin 20_30 ===
  eta 0.0-0.1: entries=14223, RMS=0.0215
  eta 0.1-1.01: entries=142523, RMS=0.0216
  eta 1.01-1.3: entries=44025, RMS=0.0253
  eta 1.3-1.7: entries=59028, RMS=0.0304
  eta 1.7-2.5: entries=106499, RMS=0.0304
  eta 2.5-2.8: entries=15472, RMS=0.0416

=== pT bin 30_40 ===
  eta 0.0-0.1: entries=22150, RMS=0.0238
  eta 0.1-1.01: entries=205270, RMS=0.0228
  eta 1.01-1.3: entries=63247, RMS=0.0258
  eta 1.3-1.7: entries=84663, RMS=0.0316
  eta 1.7-2.5: entries=158758, RMS=0.0312
  eta 2.5-2.8: entries=22319, RMS=0.0395

=== pT bin 40_50 ===
  eta 0.0-0.1: entries=21039, RMS=0.0263
  eta 0.1-1.01: entries=195489, RMS=0.0239
  eta 1.01-1.3: entries=60711, RMS=0.0267
  eta 1.3-1.7: entries=82040, RMS=0.0333
  eta 1.7-2.5: entries=154099, RMS=0.0319
  eta 2.5-2.8: entries=20495, RMS=0.0387

=== pT bin 50_80 ===
  eta 0.0-0.1: entries=9117, RMS=0.0302
  eta 0.1-1.01: entries=82566, RMS=0.0259
  eta 1.01-1.3: entries=25334, RMS=0.0280
  eta 1.3-1.7: entries=33081, RMS=0.0354
  eta 1.7-2.5: entries=59155, RMS=0.0334
  eta 2.5-2.8: entries=7694, RMS=0.0386

=== pT bin 80_120 ===
  eta 0.0-0.1: entries=1309, RMS=0.0396
  eta 0.1-1.01: entries=11840, RMS=0.0310
  eta 1.01-1.3: entries=3431, RMS=0.0308
  eta 1.3-1.7: entries=4640, RMS=0.0421
  eta 1.7-2.5: entries=7839, RMS=0.0365
  eta 2.5-2.8: entries=942, RMS=0.0400

=== pT bin 120_500 ===
  eta 0.0-0.1: entries=354, RMS=0.0472
  eta 0.1-1.01: entries=3467, RMS=0.0379
  eta 1.01-1.3: entries=1029, RMS=0.0379
  eta 1.3-1.7: entries=1378, RMS=0.0510
  eta 1.7-2.5: entries=1943, RMS=0.0401
  eta 2.5-2.8: entries=228, RMS=0.0395
[INFO] Tabella salvata in images/table_RMS_vs_eta.pdf

[INFO] Plot salvato in images/plot_RMS_vs_eta.png (.pdf)
[INFO] Tabella salvata in images/table_RMS_vs_eta.pdf
Exit code: 0
