000 (16690473.016.000) 08/07 21:10:36 Job submitted from host: <188.184.90.241:9618?addrs=188.184.90.241-9618+[2001-1458-201-e4--100-2eb]-9618&alias=bigbird15.cern.ch&noUDP&sock=schedd_3150_376a>
...
040 (16690473.016.000) 08/07 21:12:21 Started transferring input files
	Transferring to host: <188.185.212.151:9618?addrs=188.185.212.151-9618+[2001-1458-303-19--100-13]-9618&alias=b9p26p7183.cern.ch&noUDP&sock=slot1_5_4565_3493_23206>
...
040 (16690473.016.000) 08/07 21:12:21 Finished transferring input files
...
001 (16690473.016.000) 08/07 21:12:22 Job executing on host: <188.185.212.151:9618?addrs=188.185.212.151-9618+[2001-1458-303-19--100-13]-9618&alias=b9p26p7183.cern.ch&noUDP&sock=startd_3933_4a12>
	SlotName: slot1_5@b9p26p7183.cern.ch
	CondorScratchDir = "/pool/condor/dir_3376207"
	Cpus = 1
	Disk = 3783
	GPUs = 0
	Memory = 3000
...
006 (16690473.016.000) 08/07 21:12:30 Image size of job updated: 3904
	4  -  MemoryUsage of job (MB)
	3904  -  ResidentSetSize of job (KB)
...
006 (16690473.016.000) 08/07 21:17:30 Image size of job updated: 285516
	279  -  MemoryUsage of job (MB)
	285516  -  ResidentSetSize of job (KB)
...
006 (16690473.016.000) 08/07 21:22:31 Image size of job updated: 285520
	279  -  MemoryUsage of job (MB)
	285520  -  ResidentSetSize of job (KB)
...
040 (16690473.016.000) 08/07 21:23:02 Started transferring output files
...
040 (16690473.016.000) 08/07 21:23:02 Finished transferring output files
...
005 (16690473.016.000) 08/07 21:23:03 Job terminated.
	(1) Normal termination (return value 0)
		Usr 0 00:08:41, Sys 0 00:00:22  -  Run Remote Usage
		Usr 0 00:00:00, Sys 0 00:00:00  -  Run Local Usage
		Usr 0 00:08:41, Sys 0 00:00:22  -  Total Remote Usage
		Usr 0 00:00:00, Sys 0 00:00:00  -  Total Local Usage
	13833  -  Run Bytes Sent By Job
	853  -  Run Bytes Received By Job
	13833  -  Total Bytes Sent By Job
	853  -  Total Bytes Received By Job
	Partitionable Resources :    Usage  Request Allocated 
	   Cpus                 :     0.83        1         1 
	   Disk (KB)            :    63           1      3783 
	   GPUs                 :                           0 
	   Memory (MB)          :   279        3000      3000 
	   TimeExecute (s)      :   640                       
	   TimeSlotBusy (s)     :   642                       
...
000 (16827608.016.000) 09/22 12:58:51 Job submitted from host: <188.184.90.241:9618?addrs=188.184.90.241-9618+[2001-1458-201-e4--100-2eb]-9618&alias=bigbird15.cern.ch&noUDP&sock=schedd_3150_376a>
...
040 (16827608.016.000) 09/22 13:00:56 Started transferring input files
	Transferring to host: <188.185.209.189:9618?addrs=188.185.209.189-9618+[2001-1458-303-12--100-3a]-9618&alias=b9p12p5961.cern.ch&noUDP&sock=slot1_15_4001_d0fc_71781>
...
040 (16827608.016.000) 09/22 13:00:57 Finished transferring input files
...
001 (16827608.016.000) 09/22 13:00:57 Job executing on host: <188.185.209.189:9618?addrs=188.185.209.189-9618+[2001-1458-303-12--100-3a]-9618&alias=b9p12p5961.cern.ch&noUDP&sock=startd_3400_b217>
	SlotName: slot1_15@b9p12p5961.cern.ch
	CondorScratchDir = "/pool/condor/dir_1677923"
	Cpus = 1
	Disk = 3568
	GPUs = 0
	Memory = 3000
...
006 (16827608.016.000) 09/22 13:01:06 Image size of job updated: 3924
	2  -  MemoryUsage of job (MB)
	1984  -  ResidentSetSize of job (KB)
...
006 (16827608.016.000) 09/22 13:03:45 Image size of job updated: 321824
	2  -  MemoryUsage of job (MB)
	1984  -  ResidentSetSize of job (KB)
...
040 (16827608.016.000) 09/22 13:03:45 Started transferring output files
...
040 (16827608.016.000) 09/22 13:03:45 Finished transferring output files
...
005 (16827608.016.000) 09/22 13:03:46 Job terminated.
	(1) Normal termination (return value 0)
		Usr 0 00:01:50, Sys 0 00:00:09  -  Run Remote Usage
		Usr 0 00:00:00, Sys 0 00:00:00  -  Run Local Usage
		Usr 0 00:01:50, Sys 0 00:00:09  -  Total Remote Usage
		Usr 0 00:00:00, Sys 0 00:00:00  -  Total Local Usage
	11906  -  Run Bytes Sent By Job
	853  -  Run Bytes Received By Job
	11906  -  Total Bytes Sent By Job
	853  -  Total Bytes Received By Job
	Partitionable Resources :    Usage  Request Allocated 
	   Cpus                 :                 1         1 
	   Disk (KB)            :       44        1      3568 
	   GPUs                 :                           0 
	   Memory (MB)          :        2     3000      3000 
	   TimeExecute (s)      :      168                    
	   TimeSlotBusy (s)     :      170                    
...
000 (16827633.016.000) 09/22 16:48:51 Job submitted from host: <188.184.90.241:9618?addrs=188.184.90.241-9618+[2001-1458-201-e4--100-2eb]-9618&alias=bigbird15.cern.ch&noUDP&sock=schedd_3150_376a>
...
040 (16827633.016.000) 09/22 16:59:26 Started transferring input files
	Transferring to host: <188.185.214.35:9618?addrs=188.185.214.35-9618+[2001-1458-303-1c--100-1f]-9618&alias=b9p29p9581.cern.ch&noUDP&sock=slot1_23_4761_4e1b_68089>
...
040 (16827633.016.000) 09/22 16:59:26 Finished transferring input files
...
001 (16827633.016.000) 09/22 16:59:27 Job executing on host: <188.185.214.35:9618?addrs=188.185.214.35-9618+[2001-1458-303-1c--100-1f]-9618&alias=b9p29p9581.cern.ch&noUDP&sock=startd_4113_c11e>
	SlotName: slot1_23@b9p29p9581.cern.ch
	CondorScratchDir = "/pool/condor/dir_1731998"
	Cpus = 1
	Disk = 3603
	GPUs = 0
	Memory = 3000
...
006 (16827633.016.000) 09/22 16:59:36 Image size of job updated: 2248
	2  -  MemoryUsage of job (MB)
	1900  -  ResidentSetSize of job (KB)
...
006 (16827633.016.000) 09/22 17:02:59 Image size of job updated: 324696
	2  -  MemoryUsage of job (MB)
	1900  -  ResidentSetSize of job (KB)
...
040 (16827633.016.000) 09/22 17:02:59 Started transferring output files
...
040 (16827633.016.000) 09/22 17:02:59 Finished transferring output files
...
005 (16827633.016.000) 09/22 17:02:59 Job terminated.
	(1) Normal termination (return value 0)
		Usr 0 00:02:55, Sys 0 00:00:13  -  Run Remote Usage
		Usr 0 00:00:00, Sys 0 00:00:00  -  Run Local Usage
		Usr 0 00:02:55, Sys 0 00:00:13  -  Total Remote Usage
		Usr 0 00:00:00, Sys 0 00:00:00  -  Total Local Usage
	10923  -  Run Bytes Sent By Job
	853  -  Run Bytes Received By Job
	10923  -  Total Bytes Sent By Job
	853  -  Total Bytes Received By Job
	Partitionable Resources :    Usage  Request Allocated 
	   Cpus                 :     0.92        1         1 
	   Disk (KB)            :    56           1      3603 
	   GPUs                 :                           0 
	   Memory (MB)          :     2        3000      3000 
	   TimeExecute (s)      :   212                       
	   TimeSlotBusy (s)     :   213                       
...
