000 (16690473.020.000) 08/07 21:10:36 Job submitted from host: <188.184.90.241:9618?addrs=188.184.90.241-9618+[2001-1458-201-e4--100-2eb]-9618&alias=bigbird15.cern.ch&noUDP&sock=schedd_3150_376a>
...
040 (16690473.020.000) 08/07 21:12:22 Started transferring input files
	Transferring to host: <128.142.192.136:9618?addrs=128.142.192.136-9618+[2001-1458-301-56--100-4]-9618&alias=b9g18p1082.cern.ch&noUDP&sock=slot1_14_2629307_63c1_16733>
...
040 (16690473.020.000) 08/07 21:12:22 Finished transferring input files
...
001 (16690473.020.000) 08/07 21:12:23 Job executing on host: <128.142.192.136:9618?addrs=128.142.192.136-9618+[2001-1458-301-56--100-4]-9618&alias=b9g18p1082.cern.ch&noUDP&sock=startd_7129_7ac1>
	SlotName: slot1_14@b9g18p1082.cern.ch
	CondorScratchDir = "/pool/condor/dir_1677371"
	Cpus = 1
	Disk = 3840
	GPUs = 0
	Memory = 3000
...
006 (16690473.020.000) 08/07 21:12:32 Image size of job updated: 11052
	5  -  MemoryUsage of job (MB)
	4104  -  ResidentSetSize of job (KB)
...
006 (16690473.020.000) 08/07 21:17:33 Image size of job updated: 284136
	278  -  MemoryUsage of job (MB)
	284136  -  ResidentSetSize of job (KB)
...
006 (16690473.020.000) 08/07 21:22:31 Image size of job updated: 291216
	278  -  MemoryUsage of job (MB)
	284136  -  ResidentSetSize of job (KB)
...
040 (16690473.020.000) 08/07 21:22:31 Started transferring output files
...
040 (16690473.020.000) 08/07 21:22:31 Finished transferring output files
...
005 (16690473.020.000) 08/07 21:22:31 Job terminated.
	(1) Normal termination (return value 0)
		Usr 0 00:09:04, Sys 0 00:00:16  -  Run Remote Usage
		Usr 0 00:00:00, Sys 0 00:00:00  -  Run Local Usage
		Usr 0 00:09:04, Sys 0 00:00:16  -  Total Remote Usage
		Usr 0 00:00:00, Sys 0 00:00:00  -  Total Local Usage
	13039  -  Run Bytes Sent By Job
	853  -  Run Bytes Received By Job
	13039  -  Total Bytes Sent By Job
	853  -  Total Bytes Received By Job
	Partitionable Resources :    Usage  Request Allocated 
	   Cpus                 :     0.95        1         1 
	   Disk (KB)            :    63           1      3840 
	   GPUs                 :                           0 
	   Memory (MB)          :   278        3000      3000 
	   TimeExecute (s)      :   608                       
	   TimeSlotBusy (s)     :   610                       
...
000 (16827608.020.000) 09/22 12:58:51 Job submitted from host: <188.184.90.241:9618?addrs=188.184.90.241-9618+[2001-1458-201-e4--100-2eb]-9618&alias=bigbird15.cern.ch&noUDP&sock=schedd_3150_376a>
...
040 (16827608.020.000) 09/22 13:00:57 Started transferring input files
	Transferring to host: <188.185.207.185:9618?addrs=188.185.207.185-9618+[2001-1458-303-e--100-36]-9618&alias=b9p08p1505.cern.ch&noUDP&sock=slot1_17_7393_c986_71760>
...
040 (16827608.020.000) 09/22 13:00:57 Finished transferring input files
...
001 (16827608.020.000) 09/22 13:00:58 Job executing on host: <188.185.207.185:9618?addrs=188.185.207.185-9618+[2001-1458-303-e--100-36]-9618&alias=b9p08p1505.cern.ch&noUDP&sock=startd_6306_f84f>
	SlotName: slot1_17@b9p08p1505.cern.ch
	CondorScratchDir = "/pool/condor/dir_1553161"
	Cpus = 1
	Disk = 3750
	GPUs = 0
	Memory = 3000
...
006 (16827608.020.000) 09/22 13:01:07 Image size of job updated: 39220
	39  -  MemoryUsage of job (MB)
	39220  -  ResidentSetSize of job (KB)
...
006 (16827608.020.000) 09/22 13:06:08 Image size of job updated: 285040
	279  -  MemoryUsage of job (MB)
	285040  -  ResidentSetSize of job (KB)
...
006 (16827608.020.000) 09/22 13:08:07 Image size of job updated: 285048
	279  -  MemoryUsage of job (MB)
	285040  -  ResidentSetSize of job (KB)
...
040 (16827608.020.000) 09/22 13:08:07 Started transferring output files
...
040 (16827608.020.000) 09/22 13:08:07 Finished transferring output files
...
005 (16827608.020.000) 09/22 13:08:07 Job terminated.
	(1) Normal termination (return value 0)
		Usr 0 00:05:47, Sys 0 00:00:16  -  Run Remote Usage
		Usr 0 00:00:00, Sys 0 00:00:00  -  Run Local Usage
		Usr 0 00:05:47, Sys 0 00:00:16  -  Total Remote Usage
		Usr 0 00:00:00, Sys 0 00:00:00  -  Total Local Usage
	13732  -  Run Bytes Sent By Job
	853  -  Run Bytes Received By Job
	13732  -  Total Bytes Sent By Job
	853  -  Total Bytes Received By Job
	Partitionable Resources :    Usage  Request Allocated 
	   Cpus                 :     0.83        1         1 
	   Disk (KB)            :    69           1      3750 
	   GPUs                 :                           0 
	   Memory (MB)          :   279        3000      3000 
	   TimeExecute (s)      :   429                       
	   TimeSlotBusy (s)     :   431                       
...
000 (16827633.020.000) 09/22 16:48:51 Job submitted from host: <188.184.90.241:9618?addrs=188.184.90.241-9618+[2001-1458-201-e4--100-2eb]-9618&alias=bigbird15.cern.ch&noUDP&sock=schedd_3150_376a>
...
040 (16827633.020.000) 09/22 17:00:31 Started transferring input files
	Transferring to host: <188.185.210.208:9618?addrs=188.185.210.208-9618+[2001-1458-303-15--100-4c]-9618&alias=b9p22p0624.cern.ch&noUDP&sock=slot1_49_5776_76e4_68236>
...
040 (16827633.020.000) 09/22 17:00:31 Finished transferring input files
...
001 (16827633.020.000) 09/22 17:00:32 Job executing on host: <188.185.210.208:9618?addrs=188.185.210.208-9618+[2001-1458-303-15--100-4c]-9618&alias=b9p22p0624.cern.ch&noUDP&sock=startd_4738_73cf>
	SlotName: slot1_49@b9p22p0624.cern.ch
	CondorScratchDir = "/pool/condor/dir_3872373"
	Cpus = 1
	Disk = 3638
	GPUs = 0
	Memory = 3000
...
006 (16827633.020.000) 09/22 17:00:40 Image size of job updated: 2468
	3  -  MemoryUsage of job (MB)
	2468  -  ResidentSetSize of job (KB)
...
006 (16827633.020.000) 09/22 17:05:40 Image size of job updated: 285400
	279  -  MemoryUsage of job (MB)
	285400  -  ResidentSetSize of job (KB)
...
006 (16827633.020.000) 09/22 17:09:57 Image size of job updated: 285436
	279  -  MemoryUsage of job (MB)
	285400  -  ResidentSetSize of job (KB)
...
040 (16827633.020.000) 09/22 17:09:57 Started transferring output files
...
040 (16827633.020.000) 09/22 17:09:57 Finished transferring output files
...
005 (16827633.020.000) 09/22 17:09:57 Job terminated.
	(1) Normal termination (return value 0)
		Usr 0 00:08:02, Sys 0 00:00:18  -  Run Remote Usage
		Usr 0 00:00:00, Sys 0 00:00:00  -  Run Local Usage
		Usr 0 00:08:02, Sys 0 00:00:18  -  Total Remote Usage
		Usr 0 00:00:00, Sys 0 00:00:00  -  Total Local Usage
	12749  -  Run Bytes Sent By Job
	853  -  Run Bytes Received By Job
	12749  -  Total Bytes Sent By Job
	853  -  Total Bytes Received By Job
	Partitionable Resources :    Usage  Request Allocated 
	   Cpus                 :     0.91        1         1 
	   Disk (KB)            :    55           1      3638 
	   GPUs                 :                           0 
	   Memory (MB)          :   279        3000      3000 
	   TimeExecute (s)      :   565                       
	   TimeSlotBusy (s)     :   567                       
...
000 (16828034.020.000) 09/22 17:37:17 Job submitted from host: <188.184.90.241:9618?addrs=188.184.90.241-9618+[2001-1458-201-e4--100-2eb]-9618&alias=bigbird15.cern.ch&noUDP&sock=schedd_3150_376a>
...
040 (16828034.020.000) 09/22 17:41:57 Started transferring input files
	Transferring to host: <188.185.210.208:9618?addrs=188.185.210.208-9618+[2001-1458-303-15--100-4c]-9618&alias=b9p22p0624.cern.ch&noUDP&sock=slot1_16_5776_76e4_68272>
...
040 (16828034.020.000) 09/22 17:41:57 Finished transferring input files
...
001 (16828034.020.000) 09/22 17:41:58 Job executing on host: <188.185.210.208:9618?addrs=188.185.210.208-9618+[2001-1458-303-15--100-4c]-9618&alias=b9p22p0624.cern.ch&noUDP&sock=startd_4738_73cf>
	SlotName: slot1_16@b9p22p0624.cern.ch
	CondorScratchDir = "/pool/condor/dir_3925550"
	Cpus = 1
	Disk = 3637
	GPUs = 0
	Memory = 3000
...
006 (16828034.020.000) 09/22 17:42:07 Image size of job updated: 2512
	3  -  MemoryUsage of job (MB)
	2512  -  ResidentSetSize of job (KB)
...
006 (16828034.020.000) 09/22 17:47:08 Image size of job updated: 283512
	277  -  MemoryUsage of job (MB)
	283512  -  ResidentSetSize of job (KB)
...
006 (16828034.020.000) 09/22 17:51:48 Image size of job updated: 283532
	277  -  MemoryUsage of job (MB)
	283512  -  ResidentSetSize of job (KB)
...
040 (16828034.020.000) 09/22 17:51:48 Started transferring output files
...
040 (16828034.020.000) 09/22 17:51:48 Finished transferring output files
...
005 (16828034.020.000) 09/22 17:51:49 Job terminated.
	(1) Normal termination (return value 0)
		Usr 0 00:08:05, Sys 0 00:00:18  -  Run Remote Usage
		Usr 0 00:00:00, Sys 0 00:00:00  -  Run Local Usage
		Usr 0 00:08:05, Sys 0 00:00:18  -  Total Remote Usage
		Usr 0 00:00:00, Sys 0 00:00:00  -  Total Local Usage
	12749  -  Run Bytes Sent By Job
	853  -  Run Bytes Received By Job
	12749  -  Total Bytes Sent By Job
	853  -  Total Bytes Received By Job
	Partitionable Resources :    Usage  Request Allocated 
	   Cpus                 :     0.90        1         1 
	   Disk (KB)            :    56           1      3637 
	   GPUs                 :                           0 
	   Memory (MB)          :   277        3000      3000 
	   TimeExecute (s)      :   590                       
	   TimeSlotBusy (s)     :   592                       
...
