000 (16690473.012.000) 08/07 21:10:36 Job submitted from host: <188.184.90.241:9618?addrs=188.184.90.241-9618+[2001-1458-201-e4--100-2eb]-9618&alias=bigbird15.cern.ch&noUDP&sock=schedd_3150_376a>
...
040 (16690473.012.000) 08/07 21:12:20 Started transferring input files
	Transferring to host: <188.185.195.109:9618?addrs=188.185.195.109-9618+[2001-1458-303-22--100-69]-9618&alias=b9p17p6101.cern.ch&noUDP&sock=slot1_22_5028_6e46_17687>
...
040 (16690473.012.000) 08/07 21:12:20 Finished transferring input files
...
001 (16690473.012.000) 08/07 21:12:21 Job executing on host: <188.185.195.109:9618?addrs=188.185.195.109-9618+[2001-1458-303-22--100-69]-9618&alias=b9p17p6101.cern.ch&noUDP&sock=startd_4150_221f>
	SlotName: slot1_22@b9p17p6101.cern.ch
	CondorScratchDir = "/pool/condor/dir_1985566"
	Cpus = 1
	Disk = 3821
	GPUs = 0
	Memory = 3000
...
006 (16690473.012.000) 08/07 21:12:29 Image size of job updated: 3900
	1  -  MemoryUsage of job (MB)
	904  -  ResidentSetSize of job (KB)
...
006 (16690473.012.000) 08/07 21:16:02 Image size of job updated: 310980
	1  -  MemoryUsage of job (MB)
	920  -  ResidentSetSize of job (KB)
...
040 (16690473.012.000) 08/07 21:16:02 Started transferring output files
...
040 (16690473.012.000) 08/07 21:16:02 Finished transferring output files
...
005 (16690473.012.000) 08/07 21:16:02 Job terminated.
	(1) Normal termination (return value 0)
		Usr 0 00:02:44, Sys 0 00:00:09  -  Run Remote Usage
		Usr 0 00:00:00, Sys 0 00:00:00  -  Run Local Usage
		Usr 0 00:02:44, Sys 0 00:00:09  -  Total Remote Usage
		Usr 0 00:00:00, Sys 0 00:00:00  -  Total Local Usage
	11677  -  Run Bytes Sent By Job
	852  -  Run Bytes Received By Job
	11677  -  Total Bytes Sent By Job
	852  -  Total Bytes Received By Job
	Partitionable Resources :    Usage  Request Allocated 
	   Cpus                 :        0        1         1 
	   Disk (KB)            :       63        1      3821 
	   GPUs                 :                           0 
	   Memory (MB)          :        1     3000      3000 
	   TimeExecute (s)      :      221                    
	   TimeSlotBusy (s)     :      223                    
...
000 (16827608.012.000) 09/22 12:58:51 Job submitted from host: <188.184.90.241:9618?addrs=188.184.90.241-9618+[2001-1458-201-e4--100-2eb]-9618&alias=bigbird15.cern.ch&noUDP&sock=schedd_3150_376a>
...
040 (16827608.012.000) 09/22 13:00:56 Started transferring input files
	Transferring to host: <188.185.209.56:9618?addrs=188.185.209.56-9618+[2001-1458-303-11--100-35]-9618&alias=b9p11p3792.cern.ch&noUDP&sock=slot1_29_5369_b233_65597>
...
040 (16827608.012.000) 09/22 13:00:57 Finished transferring input files
...
001 (16827608.012.000) 09/22 13:00:57 Job executing on host: <188.185.209.56:9618?addrs=188.185.209.56-9618+[2001-1458-303-11--100-35]-9618&alias=b9p11p3792.cern.ch&noUDP&sock=startd_4574_f647>
	SlotName: slot1_29@b9p11p3792.cern.ch
	CondorScratchDir = "/pool/condor/dir_2234011"
	Cpus = 1
	Disk = 3521
	GPUs = 0
	Memory = 3000
...
006 (16827608.012.000) 09/22 13:01:06 Image size of job updated: 2620
	3  -  MemoryUsage of job (MB)
	2620  -  ResidentSetSize of job (KB)
...
006 (16827608.012.000) 09/22 13:04:01 Image size of job updated: 302336
	3  -  MemoryUsage of job (MB)
	2688  -  ResidentSetSize of job (KB)
...
040 (16827608.012.000) 09/22 13:04:01 Started transferring output files
...
040 (16827608.012.000) 09/22 13:04:01 Finished transferring output files
...
005 (16827608.012.000) 09/22 13:04:01 Job terminated.
	(1) Normal termination (return value 0)
		Usr 0 00:02:24, Sys 0 00:00:10  -  Run Remote Usage
		Usr 0 00:00:00, Sys 0 00:00:00  -  Run Local Usage
		Usr 0 00:02:24, Sys 0 00:00:10  -  Total Remote Usage
		Usr 0 00:00:00, Sys 0 00:00:00  -  Total Local Usage
	11907  -  Run Bytes Sent By Job
	852  -  Run Bytes Received By Job
	11907  -  Total Bytes Sent By Job
	852  -  Total Bytes Received By Job
	Partitionable Resources :    Usage  Request Allocated 
	   Cpus                 :                 1         1 
	   Disk (KB)            :       59        1      3521 
	   GPUs                 :                           0 
	   Memory (MB)          :        3     3000      3000 
	   TimeExecute (s)      :      184                    
	   TimeSlotBusy (s)     :      186                    
...
000 (16827633.012.000) 09/22 16:48:51 Job submitted from host: <188.184.90.241:9618?addrs=188.184.90.241-9618+[2001-1458-201-e4--100-2eb]-9618&alias=bigbird15.cern.ch&noUDP&sock=schedd_3150_376a>
...
040 (16827633.012.000) 09/22 16:59:27 Started transferring input files
	Transferring to host: <188.185.213.178:9618?addrs=188.185.213.178-9618+[2001-1458-303-1b--100-2e]-9618&alias=b9p28p3786.cern.ch&noUDP&sock=slot1_43_10018_5650_70938>
...
040 (16827633.012.000) 09/22 16:59:27 Finished transferring input files
...
001 (16827633.012.000) 09/22 16:59:28 Job executing on host: <188.185.213.178:9618?addrs=188.185.213.178-9618+[2001-1458-303-1b--100-2e]-9618&alias=b9p28p3786.cern.ch&noUDP&sock=startd_9216_fce8>
	SlotName: slot1_43@b9p28p3786.cern.ch
	CondorScratchDir = "/pool/condor/dir_3841638"
	Cpus = 1
	Disk = 3712
	GPUs = 0
	Memory = 3000
...
006 (16827633.012.000) 09/22 16:59:37 Image size of job updated: 3848
	4  -  MemoryUsage of job (MB)
	3848  -  ResidentSetSize of job (KB)
...
006 (16827633.012.000) 09/22 17:03:05 Image size of job updated: 304788
	4  -  MemoryUsage of job (MB)
	3848  -  ResidentSetSize of job (KB)
...
040 (16827633.012.000) 09/22 17:03:05 Started transferring output files
...
040 (16827633.012.000) 09/22 17:03:05 Finished transferring output files
...
005 (16827633.012.000) 09/22 17:03:05 Job terminated.
	(1) Normal termination (return value 0)
		Usr 0 00:02:50, Sys 0 00:00:12  -  Run Remote Usage
		Usr 0 00:00:00, Sys 0 00:00:00  -  Run Local Usage
		Usr 0 00:02:50, Sys 0 00:00:12  -  Total Remote Usage
		Usr 0 00:00:00, Sys 0 00:00:00  -  Total Local Usage
	10924  -  Run Bytes Sent By Job
	852  -  Run Bytes Received By Job
	10924  -  Total Bytes Sent By Job
	852  -  Total Bytes Received By Job
	Partitionable Resources :    Usage  Request Allocated 
	   Cpus                 :        0        1         1 
	   Disk (KB)            :       57        1      3712 
	   GPUs                 :                           0 
	   Memory (MB)          :        4     3000      3000 
	   TimeExecute (s)      :      217                    
	   TimeSlotBusy (s)     :      219                    
...
