000 (16690473.019.000) 08/07 21:10:36 Job submitted from host: <188.184.90.241:9618?addrs=188.184.90.241-9618+[2001-1458-201-e4--100-2eb]-9618&alias=bigbird15.cern.ch&noUDP&sock=schedd_3150_376a>
...
040 (16690473.019.000) 08/07 21:12:22 Started transferring input files
	Transferring to host: <188.185.213.21:9618?addrs=188.185.213.21-9618+[2001-1458-303-1a--100-11]-9618&alias=b9p27p9231.cern.ch&noUDP&sock=slot1_5_6718_304a_23441>
...
040 (16690473.019.000) 08/07 21:12:22 Finished transferring input files
...
001 (16690473.019.000) 08/07 21:12:23 Job executing on host: <188.185.213.21:9618?addrs=188.185.213.21-9618+[2001-1458-303-1a--100-11]-9618&alias=b9p27p9231.cern.ch&noUDP&sock=startd_5897_6e13>
	SlotName: slot1_5@b9p27p9231.cern.ch
	CondorScratchDir = "/pool/condor/dir_2954589"
	Cpus = 1
	Disk = 3743
	GPUs = 0
	Memory = 3000
...
006 (16690473.019.000) 08/07 21:12:32 Image size of job updated: 11056
	2  -  MemoryUsage of job (MB)
	1660  -  ResidentSetSize of job (KB)
...
006 (16690473.019.000) 08/07 21:17:33 Image size of job updated: 283700
	278  -  MemoryUsage of job (MB)
	283700  -  ResidentSetSize of job (KB)
...
006 (16690473.019.000) 08/07 21:21:47 Image size of job updated: 283708
	278  -  MemoryUsage of job (MB)
	283700  -  ResidentSetSize of job (KB)
...
040 (16690473.019.000) 08/07 21:21:47 Started transferring output files
...
040 (16690473.019.000) 08/07 21:21:47 Finished transferring output files
...
005 (16690473.019.000) 08/07 21:21:48 Job terminated.
	(1) Normal termination (return value 0)
		Usr 0 00:08:18, Sys 0 00:00:19  -  Run Remote Usage
		Usr 0 00:00:00, Sys 0 00:00:00  -  Run Local Usage
		Usr 0 00:08:18, Sys 0 00:00:19  -  Total Remote Usage
		Usr 0 00:00:00, Sys 0 00:00:00  -  Total Local Usage
	13799  -  Run Bytes Sent By Job
	853  -  Run Bytes Received By Job
	13799  -  Total Bytes Sent By Job
	853  -  Total Bytes Received By Job
	Partitionable Resources :    Usage  Request Allocated 
	   Cpus                 :     0.93        1         1 
	   Disk (KB)            :    63           1      3743 
	   GPUs                 :                           0 
	   Memory (MB)          :   278        3000      3000 
	   TimeExecute (s)      :   564                       
	   TimeSlotBusy (s)     :   566                       
...
000 (16827608.019.000) 09/22 12:58:51 Job submitted from host: <188.184.90.241:9618?addrs=188.184.90.241-9618+[2001-1458-201-e4--100-2eb]-9618&alias=bigbird15.cern.ch&noUDP&sock=schedd_3150_376a>
...
040 (16827608.019.000) 09/22 13:00:56 Started transferring input files
	Transferring to host: <188.185.209.69:9618?addrs=188.185.209.69-9618+[2001-1458-303-11--100-42]-9618&alias=b9p11p5306.cern.ch&noUDP&sock=slot1_22_6862_a650_67562>
...
040 (16827608.019.000) 09/22 13:00:57 Finished transferring input files
...
001 (16827608.019.000) 09/22 13:00:57 Job executing on host: <188.185.209.69:9618?addrs=188.185.209.69-9618+[2001-1458-303-11--100-42]-9618&alias=b9p11p5306.cern.ch&noUDP&sock=startd_6201_f2dd>
	SlotName: slot1_22@b9p11p5306.cern.ch
	CondorScratchDir = "/pool/condor/dir_1544613"
	Cpus = 1
	Disk = 3471
	GPUs = 0
	Memory = 3000
...
006 (16827608.019.000) 09/22 13:01:06 Image size of job updated: 3920
	4  -  MemoryUsage of job (MB)
	3920  -  ResidentSetSize of job (KB)
...
006 (16827608.019.000) 09/22 13:05:28 Image size of job updated: 308096
	4  -  MemoryUsage of job (MB)
	3920  -  ResidentSetSize of job (KB)
...
040 (16827608.019.000) 09/22 13:05:28 Started transferring output files
...
040 (16827608.019.000) 09/22 13:05:28 Finished transferring output files
...
005 (16827608.019.000) 09/22 13:05:29 Job terminated.
	(1) Normal termination (return value 0)
		Usr 0 00:02:47, Sys 0 00:00:16  -  Run Remote Usage
		Usr 0 00:00:00, Sys 0 00:00:00  -  Run Local Usage
		Usr 0 00:02:47, Sys 0 00:00:16  -  Total Remote Usage
		Usr 0 00:00:00, Sys 0 00:00:00  -  Total Local Usage
	12105  -  Run Bytes Sent By Job
	853  -  Run Bytes Received By Job
	12105  -  Total Bytes Sent By Job
	853  -  Total Bytes Received By Job
	Partitionable Resources :    Usage  Request Allocated 
	   Cpus                 :     0.60        1         1 
	   Disk (KB)            :    59           1      3471 
	   GPUs                 :                           0 
	   Memory (MB)          :     4        3000      3000 
	   TimeExecute (s)      :   271                       
	   TimeSlotBusy (s)     :   273                       
...
000 (16827633.019.000) 09/22 16:48:51 Job submitted from host: <188.184.90.241:9618?addrs=188.184.90.241-9618+[2001-1458-201-e4--100-2eb]-9618&alias=bigbird15.cern.ch&noUDP&sock=schedd_3150_376a>
...
040 (16827633.019.000) 09/22 17:00:29 Started transferring input files
	Transferring to host: <188.185.210.208:9618?addrs=188.185.210.208-9618+[2001-1458-303-15--100-4c]-9618&alias=b9p22p0624.cern.ch&noUDP&sock=slot1_51_5776_76e4_68235>
...
040 (16827633.019.000) 09/22 17:00:29 Finished transferring input files
...
001 (16827633.019.000) 09/22 17:00:30 Job executing on host: <188.185.210.208:9618?addrs=188.185.210.208-9618+[2001-1458-303-15--100-4c]-9618&alias=b9p22p0624.cern.ch&noUDP&sock=startd_4738_73cf>
	SlotName: slot1_51@b9p22p0624.cern.ch
	CondorScratchDir = "/pool/condor/dir_3872342"
	Cpus = 1
	Disk = 3638
	GPUs = 0
	Memory = 3000
...
006 (16827633.019.000) 09/22 17:00:38 Image size of job updated: 3844
	4  -  MemoryUsage of job (MB)
	3844  -  ResidentSetSize of job (KB)
...
006 (16827633.019.000) 09/22 17:05:14 Image size of job updated: 311020
	4  -  MemoryUsage of job (MB)
	3844  -  ResidentSetSize of job (KB)
...
040 (16827633.019.000) 09/22 17:05:14 Started transferring output files
...
040 (16827633.019.000) 09/22 17:05:14 Finished transferring output files
...
005 (16827633.019.000) 09/22 17:05:14 Job terminated.
	(1) Normal termination (return value 0)
		Usr 0 00:03:34, Sys 0 00:00:12  -  Run Remote Usage
		Usr 0 00:00:00, Sys 0 00:00:00  -  Run Local Usage
		Usr 0 00:03:34, Sys 0 00:00:12  -  Total Remote Usage
		Usr 0 00:00:00, Sys 0 00:00:00  -  Total Local Usage
	11122  -  Run Bytes Sent By Job
	853  -  Run Bytes Received By Job
	11122  -  Total Bytes Sent By Job
	853  -  Total Bytes Received By Job
	Partitionable Resources :    Usage  Request Allocated 
	   Cpus                 :     0.88        1         1 
	   Disk (KB)            :    49           1      3638 
	   GPUs                 :                           0 
	   Memory (MB)          :     4        3000      3000 
	   TimeExecute (s)      :   284                       
	   TimeSlotBusy (s)     :   285                       
...
