000 (16690473.017.000) 08/07 21:10:36 Job submitted from host: <188.184.90.241:9618?addrs=188.184.90.241-9618+[2001-1458-201-e4--100-2eb]-9618&alias=bigbird15.cern.ch&noUDP&sock=schedd_3150_376a>
...
040 (16690473.017.000) 08/07 21:12:21 Started transferring input files
	Transferring to host: <188.185.197.152:9618?addrs=188.185.197.152-9618+[2001-1458-303-24--100-94]-9618&alias=b9p14p4063.cern.ch&noUDP&sock=slot1_3_5625_123e_14398>
...
040 (16690473.017.000) 08/07 21:12:21 Finished transferring input files
...
001 (16690473.017.000) 08/07 21:12:22 Job executing on host: <188.185.197.152:9618?addrs=188.185.197.152-9618+[2001-1458-303-24--100-94]-9618&alias=b9p14p4063.cern.ch&noUDP&sock=startd_4484_3ac1>
	SlotName: slot1_3@b9p14p4063.cern.ch
	CondorScratchDir = "/pool/condor/dir_3661556"
	Cpus = 1
	Disk = 3869
	GPUs = 0
	Memory = 3000
...
006 (16690473.017.000) 08/07 21:12:31 Image size of job updated: 11032
	4  -  MemoryUsage of job (MB)
	3908  -  ResidentSetSize of job (KB)
...
006 (16690473.017.000) 08/07 21:17:32 Image size of job updated: 285384
	279  -  MemoryUsage of job (MB)
	285384  -  ResidentSetSize of job (KB)
...
006 (16690473.017.000) 08/07 21:22:33 Image size of job updated: 285404
	279  -  MemoryUsage of job (MB)
	285404  -  ResidentSetSize of job (KB)
...
006 (16690473.017.000) 08/07 21:24:03 Image size of job updated: 302688
	279  -  MemoryUsage of job (MB)
	285404  -  ResidentSetSize of job (KB)
...
040 (16690473.017.000) 08/07 21:24:03 Started transferring output files
...
040 (16690473.017.000) 08/07 21:24:03 Finished transferring output files
...
005 (16690473.017.000) 08/07 21:24:04 Job terminated.
	(1) Normal termination (return value 0)
		Usr 0 00:10:25, Sys 0 00:00:16  -  Run Remote Usage
		Usr 0 00:00:00, Sys 0 00:00:00  -  Run Local Usage
		Usr 0 00:10:25, Sys 0 00:00:16  -  Total Remote Usage
		Usr 0 00:00:00, Sys 0 00:00:00  -  Total Local Usage
	13799  -  Run Bytes Sent By Job
	853  -  Run Bytes Received By Job
	13799  -  Total Bytes Sent By Job
	853  -  Total Bytes Received By Job
	Partitionable Resources :    Usage  Request Allocated 
	   Cpus                 :     0.94        1         1 
	   Disk (KB)            :    63           1      3869 
	   GPUs                 :                           0 
	   Memory (MB)          :   279        3000      3000 
	   TimeExecute (s)      :   701                       
	   TimeSlotBusy (s)     :   703                       
...
000 (16827608.017.000) 09/22 12:58:51 Job submitted from host: <188.184.90.241:9618?addrs=188.184.90.241-9618+[2001-1458-201-e4--100-2eb]-9618&alias=bigbird15.cern.ch&noUDP&sock=schedd_3150_376a>
...
040 (16827608.017.000) 09/22 13:00:56 Started transferring input files
	Transferring to host: <188.185.209.20:9618?addrs=188.185.209.20-9618+[2001-1458-303-11--100-11]-9618&alias=b9p11p8179.cern.ch&noUDP&sock=slot1_12_7055_a2b8_69969>
...
040 (16827608.017.000) 09/22 13:00:57 Finished transferring input files
...
001 (16827608.017.000) 09/22 13:00:57 Job executing on host: <188.185.209.20:9618?addrs=188.185.209.20-9618+[2001-1458-303-11--100-11]-9618&alias=b9p11p8179.cern.ch&noUDP&sock=startd_6064_fa64>
	SlotName: slot1_12@b9p11p8179.cern.ch
	CondorScratchDir = "/pool/condor/dir_3532079"
	Cpus = 1
	Disk = 3677
	GPUs = 0
	Memory = 3000
...
006 (16827608.017.000) 09/22 13:01:06 Image size of job updated: 3916
	4  -  MemoryUsage of job (MB)
	3916  -  ResidentSetSize of job (KB)
...
006 (16827608.017.000) 09/22 13:04:11 Image size of job updated: 307496
	4  -  MemoryUsage of job (MB)
	3916  -  ResidentSetSize of job (KB)
...
040 (16827608.017.000) 09/22 13:04:11 Started transferring output files
...
040 (16827608.017.000) 09/22 13:04:11 Finished transferring output files
...
005 (16827608.017.000) 09/22 13:04:12 Job terminated.
	(1) Normal termination (return value 0)
		Usr 0 00:02:35, Sys 0 00:00:11  -  Run Remote Usage
		Usr 0 00:00:00, Sys 0 00:00:00  -  Run Local Usage
		Usr 0 00:02:35, Sys 0 00:00:11  -  Total Remote Usage
		Usr 0 00:00:00, Sys 0 00:00:00  -  Total Local Usage
	11906  -  Run Bytes Sent By Job
	853  -  Run Bytes Received By Job
	11906  -  Total Bytes Sent By Job
	853  -  Total Bytes Received By Job
	Partitionable Resources :    Usage  Request Allocated 
	   Cpus                 :                 1         1 
	   Disk (KB)            :       59        1      3677 
	   GPUs                 :                           0 
	   Memory (MB)          :        4     3000      3000 
	   TimeExecute (s)      :      194                    
	   TimeSlotBusy (s)     :      196                    
...
000 (16827633.017.000) 09/22 16:48:51 Job submitted from host: <188.184.90.241:9618?addrs=188.184.90.241-9618+[2001-1458-201-e4--100-2eb]-9618&alias=bigbird15.cern.ch&noUDP&sock=schedd_3150_376a>
...
040 (16827633.017.000) 09/22 16:59:26 Started transferring input files
	Transferring to host: <188.185.214.35:9618?addrs=188.185.214.35-9618+[2001-1458-303-1c--100-1f]-9618&alias=b9p29p9581.cern.ch&noUDP&sock=slot1_27_4761_4e1b_68090>
...
040 (16827633.017.000) 09/22 16:59:26 Finished transferring input files
...
001 (16827633.017.000) 09/22 16:59:28 Job executing on host: <188.185.214.35:9618?addrs=188.185.214.35-9618+[2001-1458-303-1c--100-1f]-9618&alias=b9p29p9581.cern.ch&noUDP&sock=startd_4113_c11e>
	SlotName: slot1_27@b9p29p9581.cern.ch
	CondorScratchDir = "/pool/condor/dir_1731999"
	Cpus = 1
	Disk = 3603
	GPUs = 0
	Memory = 3000
...
006 (16827633.017.000) 09/22 16:59:36 Image size of job updated: 2336
	2  -  MemoryUsage of job (MB)
	1868  -  ResidentSetSize of job (KB)
...
006 (16827633.017.000) 09/22 17:03:05 Image size of job updated: 308652
	2  -  MemoryUsage of job (MB)
	1884  -  ResidentSetSize of job (KB)
...
040 (16827633.017.000) 09/22 17:03:05 Started transferring output files
...
040 (16827633.017.000) 09/22 17:03:05 Finished transferring output files
...
005 (16827633.017.000) 09/22 17:03:06 Job terminated.
	(1) Normal termination (return value 0)
		Usr 0 00:02:55, Sys 0 00:00:15  -  Run Remote Usage
		Usr 0 00:00:00, Sys 0 00:00:00  -  Run Local Usage
		Usr 0 00:02:55, Sys 0 00:00:15  -  Total Remote Usage
		Usr 0 00:00:00, Sys 0 00:00:00  -  Total Local Usage
	10923  -  Run Bytes Sent By Job
	853  -  Run Bytes Received By Job
	10923  -  Total Bytes Sent By Job
	853  -  Total Bytes Received By Job
	Partitionable Resources :    Usage  Request Allocated 
	   Cpus                 :     0.88        1         1 
	   Disk (KB)            :    56           1      3603 
	   GPUs                 :                           0 
	   Memory (MB)          :     2        3000      3000 
	   TimeExecute (s)      :   217                       
	   TimeSlotBusy (s)     :   219                       
...
000 (16828034.017.000) 09/22 17:37:17 Job submitted from host: <188.184.90.241:9618?addrs=188.184.90.241-9618+[2001-1458-201-e4--100-2eb]-9618&alias=bigbird15.cern.ch&noUDP&sock=schedd_3150_376a>
...
040 (16828034.017.000) 09/22 17:41:56 Started transferring input files
	Transferring to host: <188.185.213.214:9618?addrs=188.185.213.214-9618+[2001-1458-303-1b--100-52]-9618&alias=b9p28p1203.cern.ch&noUDP&sock=slot1_28_4082_e35f_69737>
...
040 (16828034.017.000) 09/22 17:41:57 Finished transferring input files
...
001 (16828034.017.000) 09/22 17:41:57 Job executing on host: <188.185.213.214:9618?addrs=188.185.213.214-9618+[2001-1458-303-1b--100-52]-9618&alias=b9p28p1203.cern.ch&noUDP&sock=startd_3301_ca37>
	SlotName: slot1_28@b9p28p1203.cern.ch
	CondorScratchDir = "/pool/condor/dir_567339"
	Cpus = 1
	Disk = 3768
	GPUs = 0
	Memory = 3000
...
006 (16828034.017.000) 09/22 17:42:06 Image size of job updated: 3856
	4  -  MemoryUsage of job (MB)
	3856  -  ResidentSetSize of job (KB)
...
006 (16828034.017.000) 09/22 17:45:39 Image size of job updated: 303712
	4  -  MemoryUsage of job (MB)
	3856  -  ResidentSetSize of job (KB)
...
040 (16828034.017.000) 09/22 17:45:39 Started transferring output files
...
040 (16828034.017.000) 09/22 17:45:39 Finished transferring output files
...
005 (16828034.017.000) 09/22 17:45:39 Job terminated.
	(1) Normal termination (return value 0)
		Usr 0 00:03:00, Sys 0 00:00:12  -  Run Remote Usage
		Usr 0 00:00:00, Sys 0 00:00:00  -  Run Local Usage
		Usr 0 00:03:00, Sys 0 00:00:12  -  Total Remote Usage
		Usr 0 00:00:00, Sys 0 00:00:00  -  Total Local Usage
	10923  -  Run Bytes Sent By Job
	853  -  Run Bytes Received By Job
	10923  -  Total Bytes Sent By Job
	853  -  Total Bytes Received By Job
	Partitionable Resources :    Usage  Request Allocated 
	   Cpus                 :        0        1         1 
	   Disk (KB)            :       56        1      3768 
	   GPUs                 :                           0 
	   Memory (MB)          :        4     3000      3000 
	   TimeExecute (s)      :      222                    
	   TimeSlotBusy (s)     :      224                    
...
