000 (16827608.029.000) 09/22 12:58:51 Job submitted from host: <188.184.90.241:9618?addrs=188.184.90.241-9618+[2001-1458-201-e4--100-2eb]-9618&alias=bigbird15.cern.ch&noUDP&sock=schedd_3150_376a>
...
040 (16827608.029.000) 09/22 13:00:59 Started transferring input files
	Transferring to host: <188.185.208.82:9618?addrs=188.185.208.82-9618+[2001-1458-303-f--100-4f]-9618&alias=b9p09p8175.cern.ch&noUDP&sock=slot1_44_6144_c0f3_68594>
...
040 (16827608.029.000) 09/22 13:00:59 Finished transferring input files
...
001 (16827608.029.000) 09/22 13:01:00 Job executing on host: <188.185.208.82:9618?addrs=188.185.208.82-9618+[2001-1458-303-f--100-4f]-9618&alias=b9p09p8175.cern.ch&noUDP&sock=startd_5109_ed72>
	SlotName: slot1_44@b9p09p8175.cern.ch
	CondorScratchDir = "/pool/condor/dir_2932501"
	Cpus = 1
	Disk = 3398
	GPUs = 0
	Memory = 3000
...
006 (16827608.029.000) 09/22 13:01:08 Image size of job updated: 3920
	4  -  MemoryUsage of job (MB)
	3920  -  ResidentSetSize of job (KB)
...
006 (16827608.029.000) 09/22 13:06:08 Image size of job updated: 281760
	276  -  MemoryUsage of job (MB)
	281760  -  ResidentSetSize of job (KB)
...
006 (16827608.029.000) 09/22 13:10:56 Image size of job updated: 281772
	276  -  MemoryUsage of job (MB)
	281760  -  ResidentSetSize of job (KB)
...
040 (16827608.029.000) 09/22 13:10:56 Started transferring output files
...
040 (16827608.029.000) 09/22 13:10:56 Finished transferring output files
...
005 (16827608.029.000) 09/22 13:10:56 Job terminated.
	(1) Normal termination (return value 0)
		Usr 0 00:07:38, Sys 0 00:00:16  -  Run Remote Usage
		Usr 0 00:00:00, Sys 0 00:00:00  -  Run Local Usage
		Usr 0 00:07:38, Sys 0 00:00:16  -  Total Remote Usage
		Usr 0 00:00:00, Sys 0 00:00:00  -  Total Local Usage
	14029  -  Run Bytes Sent By Job
	853  -  Run Bytes Received By Job
	14029  -  Total Bytes Sent By Job
	853  -  Total Bytes Received By Job
	Partitionable Resources :    Usage  Request Allocated 
	   Cpus                 :     0.82        1         1 
	   Disk (KB)            :    70           1      3398 
	   GPUs                 :                           0 
	   Memory (MB)          :   276        3000      3000 
	   TimeExecute (s)      :   596                       
	   TimeSlotBusy (s)     :   599                       
...
000 (16827633.029.000) 09/22 16:48:51 Job submitted from host: <188.184.90.241:9618?addrs=188.184.90.241-9618+[2001-1458-201-e4--100-2eb]-9618&alias=bigbird15.cern.ch&noUDP&sock=schedd_3150_376a>
...
040 (16827633.029.000) 09/22 17:03:20 Started transferring input files
	Transferring to host: <188.185.213.178:9618?addrs=188.185.213.178-9618+[2001-1458-303-1b--100-2e]-9618&alias=b9p28p3786.cern.ch&noUDP&sock=slot1_13_10018_5650_70941>
...
040 (16827633.029.000) 09/22 17:03:20 Finished transferring input files
...
001 (16827633.029.000) 09/22 17:03:21 Job executing on host: <188.185.213.178:9618?addrs=188.185.213.178-9618+[2001-1458-303-1b--100-2e]-9618&alias=b9p28p3786.cern.ch&noUDP&sock=startd_9216_fce8>
	SlotName: slot1_13@b9p28p3786.cern.ch
	CondorScratchDir = "/pool/condor/dir_3847150"
	Cpus = 1
	Disk = 3712
	GPUs = 0
	Memory = 3000
...
006 (16827633.029.000) 09/22 17:03:30 Image size of job updated: 3212
	2  -  MemoryUsage of job (MB)
	1328  -  ResidentSetSize of job (KB)
...
006 (16827633.029.000) 09/22 17:08:31 Image size of job updated: 280732
	275  -  MemoryUsage of job (MB)
	280732  -  ResidentSetSize of job (KB)
...
006 (16827633.029.000) 09/22 17:15:10 Image size of job updated: 289776
	275  -  MemoryUsage of job (MB)
	280732  -  ResidentSetSize of job (KB)
...
040 (16827633.029.000) 09/22 17:15:10 Started transferring output files
...
040 (16827633.029.000) 09/22 17:15:10 Finished transferring output files
...
005 (16827633.029.000) 09/22 17:15:10 Job terminated.
	(1) Normal termination (return value 0)
		Usr 0 00:09:01, Sys 0 00:00:18  -  Run Remote Usage
		Usr 0 00:00:00, Sys 0 00:00:00  -  Run Local Usage
		Usr 0 00:09:01, Sys 0 00:00:18  -  Total Remote Usage
		Usr 0 00:00:00, Sys 0 00:00:00  -  Total Local Usage
	13046  -  Run Bytes Sent By Job
	853  -  Run Bytes Received By Job
	13046  -  Total Bytes Sent By Job
	853  -  Total Bytes Received By Job
	Partitionable Resources :    Usage  Request Allocated 
	   Cpus                 :     0.67        1         1 
	   Disk (KB)            :    54           1      3712 
	   GPUs                 :                           0 
	   Memory (MB)          :   275        3000      3000 
	   TimeExecute (s)      :   709                       
	   TimeSlotBusy (s)     :   710                       
...
000 (16828034.029.000) 09/22 17:37:17 Job submitted from host: <188.184.90.241:9618?addrs=188.184.90.241-9618+[2001-1458-201-e4--100-2eb]-9618&alias=bigbird15.cern.ch&noUDP&sock=schedd_3150_376a>
...
040 (16828034.029.000) 09/22 17:43:16 Started transferring input files
	Transferring to host: <188.185.215.178:9618?addrs=188.185.215.178-9618+[2001-1458-303-26--100-2e]-9618&alias=b9p18p7089.cern.ch&noUDP&sock=slot1_18_6545_4b63_69905>
...
040 (16828034.029.000) 09/22 17:43:16 Finished transferring input files
...
001 (16828034.029.000) 09/22 17:43:17 Job executing on host: <188.185.215.178:9618?addrs=188.185.215.178-9618+[2001-1458-303-26--100-2e]-9618&alias=b9p18p7089.cern.ch&noUDP&sock=startd_5685_03ff>
	SlotName: slot1_18@b9p18p7089.cern.ch
	CondorScratchDir = "/pool/condor/dir_2610848"
	Cpus = 1
	Disk = 3733
	GPUs = 0
	Memory = 3000
...
006 (16828034.029.000) 09/22 17:43:26 Image size of job updated: 1504
	2  -  MemoryUsage of job (MB)
	1504  -  ResidentSetSize of job (KB)
...
006 (16828034.029.000) 09/22 17:48:27 Image size of job updated: 285588
	279  -  MemoryUsage of job (MB)
	285588  -  ResidentSetSize of job (KB)
...
006 (16828034.029.000) 09/22 17:53:27 Image size of job updated: 285608
	279  -  MemoryUsage of job (MB)
	285608  -  ResidentSetSize of job (KB)
...
040 (16828034.029.000) 09/22 17:54:38 Started transferring output files
...
040 (16828034.029.000) 09/22 17:54:38 Finished transferring output files
...
005 (16828034.029.000) 09/22 17:54:38 Job terminated.
	(1) Normal termination (return value 0)
		Usr 0 00:08:37, Sys 0 00:00:22  -  Run Remote Usage
		Usr 0 00:00:00, Sys 0 00:00:00  -  Run Local Usage
		Usr 0 00:08:37, Sys 0 00:00:22  -  Total Remote Usage
		Usr 0 00:00:00, Sys 0 00:00:00  -  Total Local Usage
	13046  -  Run Bytes Sent By Job
	853  -  Run Bytes Received By Job
	13046  -  Total Bytes Sent By Job
	853  -  Total Bytes Received By Job
	Partitionable Resources :    Usage  Request Allocated 
	   Cpus                 :     0.79        1         1 
	   Disk (KB)            :    45           1      3733 
	   GPUs                 :                           0 
	   Memory (MB)          :   279        3000      3000 
	   TimeExecute (s)      :   681                       
	   TimeSlotBusy (s)     :   682                       
...
