000 (16827608.032.000) 09/22 12:58:51 Job submitted from host: <188.184.90.241:9618?addrs=188.184.90.241-9618+[2001-1458-201-e4--100-2eb]-9618&alias=bigbird15.cern.ch&noUDP&sock=schedd_3150_376a>
...
040 (16827608.032.000) 09/22 13:00:59 Started transferring input files
	Transferring to host: <188.185.208.96:9618?addrs=188.185.208.96-9618+[2001-1458-303-f--100-5d]-9618&alias=b9p09p9864.cern.ch&noUDP&sock=slot1_20_9188_86ef_67340>
...
040 (16827608.032.000) 09/22 13:00:59 Finished transferring input files
...
001 (16827608.032.000) 09/22 13:01:00 Job executing on host: <188.185.208.96:9618?addrs=188.185.208.96-9618+[2001-1458-303-f--100-5d]-9618&alias=b9p09p9864.cern.ch&noUDP&sock=startd_7709_4faf>
	SlotName: slot1_20@b9p09p9864.cern.ch
	CondorScratchDir = "/pool/condor/dir_3355922"
	Cpus = 1
	Disk = 3637
	GPUs = 0
	Memory = 3000
...
006 (16827608.032.000) 09/22 13:01:08 Image size of job updated: 3904
	4  -  MemoryUsage of job (MB)
	3904  -  ResidentSetSize of job (KB)
...
006 (16827608.032.000) 09/22 13:06:08 Image size of job updated: 286772
	281  -  MemoryUsage of job (MB)
	286772  -  ResidentSetSize of job (KB)
...
006 (16827608.032.000) 09/22 13:10:04 Image size of job updated: 286788
	281  -  MemoryUsage of job (MB)
	286772  -  ResidentSetSize of job (KB)
...
040 (16827608.032.000) 09/22 13:10:04 Started transferring output files
...
040 (16827608.032.000) 09/22 13:10:04 Finished transferring output files
...
005 (16827608.032.000) 09/22 13:10:05 Job terminated.
	(1) Normal termination (return value 0)
		Usr 0 00:07:24, Sys 0 00:00:18  -  Run Remote Usage
		Usr 0 00:00:00, Sys 0 00:00:00  -  Run Local Usage
		Usr 0 00:07:24, Sys 0 00:00:18  -  Total Remote Usage
		Usr 0 00:00:00, Sys 0 00:00:00  -  Total Local Usage
	13996  -  Run Bytes Sent By Job
	853  -  Run Bytes Received By Job
	13996  -  Total Bytes Sent By Job
	853  -  Total Bytes Received By Job
	Partitionable Resources :    Usage  Request Allocated 
	   Cpus                 :     0.89        1         1 
	   Disk (KB)            :    70           1      3637 
	   GPUs                 :                           0 
	   Memory (MB)          :   281        3000      3000 
	   TimeExecute (s)      :   544                       
	   TimeSlotBusy (s)     :   547                       
...
000 (16827633.032.000) 09/22 16:48:51 Job submitted from host: <188.184.90.241:9618?addrs=188.184.90.241-9618+[2001-1458-201-e4--100-2eb]-9618&alias=bigbird15.cern.ch&noUDP&sock=schedd_3150_376a>
...
040 (16827633.032.000) 09/22 17:03:26 Started transferring input files
	Transferring to host: <188.185.213.204:9618?addrs=188.185.213.204-9618+[2001-1458-303-1b--100-48]-9618&alias=b9p28p7017.cern.ch&noUDP&sock=slot1_29_9006_4aa7_69308>
...
040 (16827633.032.000) 09/22 17:03:26 Finished transferring input files
...
001 (16827633.032.000) 09/22 17:03:27 Job executing on host: <188.185.213.204:9618?addrs=188.185.213.204-9618+[2001-1458-303-1b--100-48]-9618&alias=b9p28p7017.cern.ch&noUDP&sock=startd_7849_56f1>
	SlotName: slot1_29@b9p28p7017.cern.ch
	CondorScratchDir = "/pool/condor/dir_781775"
	Cpus = 1
	Disk = 3778
	GPUs = 0
	Memory = 3000
...
006 (16827633.032.000) 09/22 17:03:36 Image size of job updated: 2444
	2  -  MemoryUsage of job (MB)
	1408  -  ResidentSetSize of job (KB)
...
006 (16827633.032.000) 09/22 17:08:37 Image size of job updated: 284804
	279  -  MemoryUsage of job (MB)
	284804  -  ResidentSetSize of job (KB)
...
006 (16827633.032.000) 09/22 17:13:37 Image size of job updated: 284816
	279  -  MemoryUsage of job (MB)
	284816  -  ResidentSetSize of job (KB)
...
006 (16827633.032.000) 09/22 17:14:53 Image size of job updated: 284824
	279  -  MemoryUsage of job (MB)
	284816  -  ResidentSetSize of job (KB)
...
040 (16827633.032.000) 09/22 17:14:53 Started transferring output files
...
040 (16827633.032.000) 09/22 17:14:53 Finished transferring output files
...
005 (16827633.032.000) 09/22 17:14:53 Job terminated.
	(1) Normal termination (return value 0)
		Usr 0 00:08:21, Sys 0 00:00:22  -  Run Remote Usage
		Usr 0 00:00:00, Sys 0 00:00:00  -  Run Local Usage
		Usr 0 00:08:21, Sys 0 00:00:22  -  Total Remote Usage
		Usr 0 00:00:00, Sys 0 00:00:00  -  Total Local Usage
	13013  -  Run Bytes Sent By Job
	853  -  Run Bytes Received By Job
	13013  -  Total Bytes Sent By Job
	853  -  Total Bytes Received By Job
	Partitionable Resources :    Usage  Request Allocated 
	   Cpus                 :        0        1         1 
	   Disk (KB)            :       45        1      3778 
	   GPUs                 :                           0 
	   Memory (MB)          :      279     3000      3000 
	   TimeExecute (s)      :      686                    
	   TimeSlotBusy (s)     :      687                    
...
