000 (16827608.031.000) 09/22 12:58:51 Job submitted from host: <188.184.90.241:9618?addrs=188.184.90.241-9618+[2001-1458-201-e4--100-2eb]-9618&alias=bigbird15.cern.ch&noUDP&sock=schedd_3150_376a>
...
040 (16827608.031.000) 09/22 13:00:59 Started transferring input files
	Transferring to host: <188.185.206.205:9618?addrs=188.185.206.205-9618+[2001-1458-303-c--100-4a]-9618&alias=b9p06p1318.cern.ch&noUDP&sock=slot1_23_10848_25b2_68532>
...
040 (16827608.031.000) 09/22 13:00:59 Finished transferring input files
...
001 (16827608.031.000) 09/22 13:01:00 Job executing on host: <188.185.206.205:9618?addrs=188.185.206.205-9618+[2001-1458-303-c--100-4a]-9618&alias=b9p06p1318.cern.ch&noUDP&sock=startd_9763_2f36>
	SlotName: slot1_23@b9p06p1318.cern.ch
	CondorScratchDir = "/pool/condor/dir_528757"
	Cpus = 1
	Disk = 3629
	GPUs = 0
	Memory = 3000
...
006 (16827608.031.000) 09/22 13:01:08 Image size of job updated: 3912
	4  -  MemoryUsage of job (MB)
	3912  -  ResidentSetSize of job (KB)
...
006 (16827608.031.000) 09/22 13:06:08 Image size of job updated: 282440
	276  -  MemoryUsage of job (MB)
	282440  -  ResidentSetSize of job (KB)
...
006 (16827608.031.000) 09/22 13:10:12 Image size of job updated: 291168
	276  -  MemoryUsage of job (MB)
	282440  -  ResidentSetSize of job (KB)
...
040 (16827608.031.000) 09/22 13:10:12 Started transferring output files
...
040 (16827608.031.000) 09/22 13:10:12 Finished transferring output files
...
005 (16827608.031.000) 09/22 13:10:12 Job terminated.
	(1) Normal termination (return value 0)
		Usr 0 00:06:44, Sys 0 00:00:14  -  Run Remote Usage
		Usr 0 00:00:00, Sys 0 00:00:00  -  Run Local Usage
		Usr 0 00:06:44, Sys 0 00:00:14  -  Total Remote Usage
		Usr 0 00:00:00, Sys 0 00:00:00  -  Total Local Usage
	14029  -  Run Bytes Sent By Job
	853  -  Run Bytes Received By Job
	14029  -  Total Bytes Sent By Job
	853  -  Total Bytes Received By Job
	Partitionable Resources :    Usage  Request Allocated 
	   Cpus                 :     0.89        1         1 
	   Disk (KB)            :    68           1      3629 
	   GPUs                 :                           0 
	   Memory (MB)          :   276        3000      3000 
	   TimeExecute (s)      :   552                       
	   TimeSlotBusy (s)     :   555                       
...
000 (16827633.031.000) 09/22 16:48:51 Job submitted from host: <188.184.90.241:9618?addrs=188.184.90.241-9618+[2001-1458-201-e4--100-2eb]-9618&alias=bigbird15.cern.ch&noUDP&sock=schedd_3150_376a>
...
040 (16827633.031.000) 09/22 17:03:21 Started transferring input files
	Transferring to host: <188.185.213.198:9618?addrs=188.185.213.198-9618+[2001-1458-303-1b--100-42]-9618&alias=b9p28p6148.cern.ch&noUDP&sock=slot1_14_9732_d305_67462>
...
040 (16827633.031.000) 09/22 17:03:21 Finished transferring input files
...
001 (16827633.031.000) 09/22 17:03:22 Job executing on host: <188.185.213.198:9618?addrs=188.185.213.198-9618+[2001-1458-303-1b--100-42]-9618&alias=b9p28p6148.cern.ch&noUDP&sock=startd_8956_a648>
	SlotName: slot1_14@b9p28p6148.cern.ch
	CondorScratchDir = "/pool/condor/dir_3585988"
	Cpus = 1
	Disk = 3761
	GPUs = 0
	Memory = 3000
...
006 (16827633.031.000) 09/22 17:03:31 Image size of job updated: 2332
	1  -  MemoryUsage of job (MB)
	760  -  ResidentSetSize of job (KB)
...
006 (16827633.031.000) 09/22 17:08:32 Image size of job updated: 285776
	280  -  MemoryUsage of job (MB)
	285776  -  ResidentSetSize of job (KB)
...
006 (16827633.031.000) 09/22 17:13:32 Image size of job updated: 285784
	280  -  MemoryUsage of job (MB)
	285784  -  ResidentSetSize of job (KB)
...
006 (16827633.031.000) 09/22 17:15:16 Image size of job updated: 294148
	280  -  MemoryUsage of job (MB)
	285784  -  ResidentSetSize of job (KB)
...
040 (16827633.031.000) 09/22 17:15:16 Started transferring output files
...
040 (16827633.031.000) 09/22 17:15:16 Finished transferring output files
...
005 (16827633.031.000) 09/22 17:15:17 Job terminated.
	(1) Normal termination (return value 0)
		Usr 0 00:09:07, Sys 0 00:00:17  -  Run Remote Usage
		Usr 0 00:00:00, Sys 0 00:00:00  -  Run Local Usage
		Usr 0 00:09:07, Sys 0 00:00:17  -  Total Remote Usage
		Usr 0 00:00:00, Sys 0 00:00:00  -  Total Local Usage
	13046  -  Run Bytes Sent By Job
	853  -  Run Bytes Received By Job
	13046  -  Total Bytes Sent By Job
	853  -  Total Bytes Received By Job
	Partitionable Resources :    Usage  Request Allocated 
	   Cpus                 :     0.85        1         1 
	   Disk (KB)            :    44           1      3761 
	   GPUs                 :                           0 
	   Memory (MB)          :   280        3000      3000 
	   TimeExecute (s)      :   714                       
	   TimeSlotBusy (s)     :   716                       
...
