000 (16690473.023.000) 08/07 21:10:36 Job submitted from host: <188.184.90.241:9618?addrs=188.184.90.241-9618+[2001-1458-201-e4--100-2eb]-9618&alias=bigbird15.cern.ch&noUDP&sock=schedd_3150_376a>
...
040 (16690473.023.000) 08/07 21:12:23 Started transferring input files
	Transferring to host: <188.185.212.156:9618?addrs=188.185.212.156-9618+[2001-1458-303-19--100-18]-9618&alias=b9p26p0537.cern.ch&noUDP&sock=slot1_12_7252_70a0_23776>
...
040 (16690473.023.000) 08/07 21:12:23 Finished transferring input files
...
001 (16690473.023.000) 08/07 21:12:25 Job executing on host: <188.185.212.156:9618?addrs=188.185.212.156-9618+[2001-1458-303-19--100-18]-9618&alias=b9p26p0537.cern.ch&noUDP&sock=startd_6269_974e>
	SlotName: slot1_12@b9p26p0537.cern.ch
	CondorScratchDir = "/pool/condor/dir_446626"
	Cpus = 1
	Disk = 3866
	GPUs = 0
	Memory = 3000
...
006 (16690473.023.000) 08/07 21:12:33 Image size of job updated: 11048
	3  -  MemoryUsage of job (MB)
	2608  -  ResidentSetSize of job (KB)
...
006 (16690473.023.000) 08/07 21:15:29 Image size of job updated: 300980
	3  -  MemoryUsage of job (MB)
	2608  -  ResidentSetSize of job (KB)
...
040 (16690473.023.000) 08/07 21:15:29 Started transferring output files
...
040 (16690473.023.000) 08/07 21:15:29 Finished transferring output files
...
005 (16690473.023.000) 08/07 21:15:30 Job terminated.
	(1) Normal termination (return value 0)
		Usr 0 00:02:12, Sys 0 00:00:10  -  Run Remote Usage
		Usr 0 00:00:00, Sys 0 00:00:00  -  Run Local Usage
		Usr 0 00:02:12, Sys 0 00:00:10  -  Total Remote Usage
		Usr 0 00:00:00, Sys 0 00:00:00  -  Total Local Usage
	11676  -  Run Bytes Sent By Job
	852  -  Run Bytes Received By Job
	11676  -  Total Bytes Sent By Job
	852  -  Total Bytes Received By Job
	Partitionable Resources :    Usage  Request Allocated 
	   Cpus                 :        0        1         1 
	   Disk (KB)            :       63        1      3866 
	   GPUs                 :                           0 
	   Memory (MB)          :        3     3000      3000 
	   TimeExecute (s)      :      185                    
	   TimeSlotBusy (s)     :      187                    
...
000 (16827608.023.000) 09/22 12:58:51 Job submitted from host: <188.184.90.241:9618?addrs=188.184.90.241-9618+[2001-1458-201-e4--100-2eb]-9618&alias=bigbird15.cern.ch&noUDP&sock=schedd_3150_376a>
...
040 (16827608.023.000) 09/22 13:00:59 Started transferring input files
	Transferring to host: <188.185.205.153:9618?addrs=188.185.205.153-9618+[2001-1458-303-a--100-16]-9618&alias=b9p04p2708.cern.ch&noUDP&sock=slot1_25_11599_4b71_69572>
...
040 (16827608.023.000) 09/22 13:00:59 Finished transferring input files
...
001 (16827608.023.000) 09/22 13:01:00 Job executing on host: <188.185.205.153:9618?addrs=188.185.205.153-9618+[2001-1458-303-a--100-16]-9618&alias=b9p04p2708.cern.ch&noUDP&sock=startd_10958_dae3>
	SlotName: slot1_25@b9p04p2708.cern.ch
	CondorScratchDir = "/pool/condor/dir_2565689"
	Cpus = 1
	Disk = 3294
	GPUs = 0
	Memory = 3000
...
006 (16827608.023.000) 09/22 13:01:09 Image size of job updated: 2832
	3  -  MemoryUsage of job (MB)
	2832  -  ResidentSetSize of job (KB)
...
006 (16827608.023.000) 09/22 13:04:56 Image size of job updated: 311320
	3  -  MemoryUsage of job (MB)
	2992  -  ResidentSetSize of job (KB)
...
040 (16827608.023.000) 09/22 13:04:56 Started transferring output files
...
040 (16827608.023.000) 09/22 13:04:56 Finished transferring output files
...
005 (16827608.023.000) 09/22 13:04:57 Job terminated.
	(1) Normal termination (return value 0)
		Usr 0 00:02:53, Sys 0 00:00:13  -  Run Remote Usage
		Usr 0 00:00:00, Sys 0 00:00:00  -  Run Local Usage
		Usr 0 00:02:53, Sys 0 00:00:13  -  Total Remote Usage
		Usr 0 00:00:00, Sys 0 00:00:00  -  Total Local Usage
	11906  -  Run Bytes Sent By Job
	852  -  Run Bytes Received By Job
	11906  -  Total Bytes Sent By Job
	852  -  Total Bytes Received By Job
	Partitionable Resources :    Usage  Request Allocated 
	   Cpus                 :     0.84        1         1 
	   Disk (KB)            :    69           1      3294 
	   GPUs                 :                           0 
	   Memory (MB)          :     3        3000      3000 
	   TimeExecute (s)      :   236                       
	   TimeSlotBusy (s)     :   238                       
...
000 (16827633.023.000) 09/22 16:48:51 Job submitted from host: <188.184.90.241:9618?addrs=188.184.90.241-9618+[2001-1458-201-e4--100-2eb]-9618&alias=bigbird15.cern.ch&noUDP&sock=schedd_3150_376a>
...
040 (16827633.023.000) 09/22 17:02:50 Started transferring input files
	Transferring to host: <188.185.214.35:9618?addrs=188.185.214.35-9618+[2001-1458-303-1c--100-1f]-9618&alias=b9p29p9581.cern.ch&noUDP&sock=slot1_1_4761_4e1b_68094>
...
040 (16827633.023.000) 09/22 17:02:50 Finished transferring input files
...
001 (16827633.023.000) 09/22 17:02:51 Job executing on host: <188.185.214.35:9618?addrs=188.185.214.35-9618+[2001-1458-303-1c--100-1f]-9618&alias=b9p29p9581.cern.ch&noUDP&sock=startd_4113_c11e>
	SlotName: slot1_1@b9p29p9581.cern.ch
	CondorScratchDir = "/pool/condor/dir_1742925"
	Cpus = 1
	Disk = 3602
	GPUs = 0
	Memory = 3000
...
006 (16827633.023.000) 09/22 17:03:00 Image size of job updated: 1892
	2  -  MemoryUsage of job (MB)
	1892  -  ResidentSetSize of job (KB)
...
006 (16827633.023.000) 09/22 17:06:20 Image size of job updated: 306704
	2  -  MemoryUsage of job (MB)
	1892  -  ResidentSetSize of job (KB)
...
040 (16827633.023.000) 09/22 17:06:20 Started transferring output files
...
040 (16827633.023.000) 09/22 17:06:20 Finished transferring output files
...
005 (16827633.023.000) 09/22 17:06:20 Job terminated.
	(1) Normal termination (return value 0)
		Usr 0 00:02:50, Sys 0 00:00:13  -  Run Remote Usage
		Usr 0 00:00:00, Sys 0 00:00:00  -  Run Local Usage
		Usr 0 00:02:50, Sys 0 00:00:13  -  Total Remote Usage
		Usr 0 00:00:00, Sys 0 00:00:00  -  Total Local Usage
	10923  -  Run Bytes Sent By Job
	852  -  Run Bytes Received By Job
	10923  -  Total Bytes Sent By Job
	852  -  Total Bytes Received By Job
	Partitionable Resources :    Usage  Request Allocated 
	   Cpus                 :                 1         1 
	   Disk (KB)            :       34        1      3602 
	   GPUs                 :                           0 
	   Memory (MB)          :        2     3000      3000 
	   TimeExecute (s)      :      209                    
	   TimeSlotBusy (s)     :      210                    
...
