000 (16827608.027.000) 09/22 12:58:51 Job submitted from host: <188.184.90.241:9618?addrs=188.184.90.241-9618+[2001-1458-201-e4--100-2eb]-9618&alias=bigbird15.cern.ch&noUDP&sock=schedd_3150_376a>
...
040 (16827608.027.000) 09/22 13:00:59 Started transferring input files
	Transferring to host: <188.185.214.200:9618?addrs=188.185.214.200-9618+[2001-1458-303-1d--100-44]-9618&alias=b9p30p1702.cern.ch&noUDP&sock=slot1_2_478321_2a54_73909>
...
040 (16827608.027.000) 09/22 13:00:59 Finished transferring input files
...
001 (16827608.027.000) 09/22 13:01:00 Job executing on host: <188.185.214.200:9618?addrs=188.185.214.200-9618+[2001-1458-303-1d--100-44]-9618&alias=b9p30p1702.cern.ch&noUDP&sock=startd_5864_cb73>
	SlotName: slot1_2@b9p30p1702.cern.ch
	CondorScratchDir = "/pool/condor/dir_544833"
	Cpus = 1
	Disk = 3662
	GPUs = 0
	Memory = 3000
...
006 (16827608.027.000) 09/22 13:01:08 Image size of job updated: 11068
	11  -  MemoryUsage of job (MB)
	11068  -  ResidentSetSize of job (KB)
...
006 (16827608.027.000) 09/22 13:06:08 Image size of job updated: 281912
	276  -  MemoryUsage of job (MB)
	281912  -  ResidentSetSize of job (KB)
...
006 (16827608.027.000) 09/22 13:11:09 Image size of job updated: 281920
	276  -  MemoryUsage of job (MB)
	281920  -  ResidentSetSize of job (KB)
...
006 (16827608.027.000) 09/22 13:16:03 Image size of job updated: 287796
	276  -  MemoryUsage of job (MB)
	281920  -  ResidentSetSize of job (KB)
...
040 (16827608.027.000) 09/22 13:16:04 Started transferring output files
...
040 (16827608.027.000) 09/22 13:16:04 Finished transferring output files
...
005 (16827608.027.000) 09/22 13:16:04 Job terminated.
	(1) Normal termination (return value 0)
		Usr 0 00:08:00, Sys 0 00:00:28  -  Run Remote Usage
		Usr 0 00:00:00, Sys 0 00:00:00  -  Run Local Usage
		Usr 0 00:08:00, Sys 0 00:00:28  -  Total Remote Usage
		Usr 0 00:00:00, Sys 0 00:00:00  -  Total Local Usage
	13765  -  Run Bytes Sent By Job
	853  -  Run Bytes Received By Job
	13765  -  Total Bytes Sent By Job
	853  -  Total Bytes Received By Job
	Partitionable Resources :    Usage  Request Allocated 
	   Cpus                 :     0.84        1         1 
	   Disk (KB)            :    53           1      3662 
	   GPUs                 :                           0 
	   Memory (MB)          :   276        3000      3000 
	   TimeExecute (s)      :   903                       
	   TimeSlotBusy (s)     :   907                       
...
000 (16827633.027.000) 09/22 16:48:51 Job submitted from host: <188.184.90.241:9618?addrs=188.184.90.241-9618+[2001-1458-201-e4--100-2eb]-9618&alias=bigbird15.cern.ch&noUDP&sock=schedd_3150_376a>
...
040 (16827633.027.000) 09/22 17:03:18 Started transferring input files
	Transferring to host: <188.185.210.208:9618?addrs=188.185.210.208-9618+[2001-1458-303-15--100-4c]-9618&alias=b9p22p0624.cern.ch&noUDP&sock=slot1_43_5776_76e4_68239>
...
040 (16827633.027.000) 09/22 17:03:18 Finished transferring input files
...
001 (16827633.027.000) 09/22 17:03:19 Job executing on host: <188.185.210.208:9618?addrs=188.185.210.208-9618+[2001-1458-303-15--100-4c]-9618&alias=b9p22p0624.cern.ch&noUDP&sock=startd_4738_73cf>
	SlotName: slot1_43@b9p22p0624.cern.ch
	CondorScratchDir = "/pool/condor/dir_3882880"
	Cpus = 1
	Disk = 3638
	GPUs = 0
	Memory = 3000
...
006 (16827633.027.000) 09/22 17:03:28 Image size of job updated: 2500
	3  -  MemoryUsage of job (MB)
	2500  -  ResidentSetSize of job (KB)
...
006 (16827633.027.000) 09/22 17:08:29 Image size of job updated: 286304
	280  -  MemoryUsage of job (MB)
	286304  -  ResidentSetSize of job (KB)
...
006 (16827633.027.000) 09/22 17:12:52 Image size of job updated: 293084
	280  -  MemoryUsage of job (MB)
	286304  -  ResidentSetSize of job (KB)
...
040 (16827633.027.000) 09/22 17:12:52 Started transferring output files
...
040 (16827633.027.000) 09/22 17:12:52 Finished transferring output files
...
005 (16827633.027.000) 09/22 17:12:52 Job terminated.
	(1) Normal termination (return value 0)
		Usr 0 00:08:10, Sys 0 00:00:17  -  Run Remote Usage
		Usr 0 00:00:00, Sys 0 00:00:00  -  Run Local Usage
		Usr 0 00:08:10, Sys 0 00:00:17  -  Total Remote Usage
		Usr 0 00:00:00, Sys 0 00:00:00  -  Total Local Usage
	12782  -  Run Bytes Sent By Job
	853  -  Run Bytes Received By Job
	12782  -  Total Bytes Sent By Job
	853  -  Total Bytes Received By Job
	Partitionable Resources :    Usage  Request Allocated 
	   Cpus                 :        0        1         1 
	   Disk (KB)            :       58        1      3638 
	   GPUs                 :                           0 
	   Memory (MB)          :      280     3000      3000 
	   TimeExecute (s)      :      573                    
	   TimeSlotBusy (s)     :      574                    
...
