000 (16827608.024.000) 09/22 12:58:51 Job submitted from host: <188.184.90.241:9618?addrs=188.184.90.241-9618+[2001-1458-201-e4--100-2eb]-9618&alias=bigbird15.cern.ch&noUDP&sock=schedd_3150_376a>
...
040 (16827608.024.000) 09/22 13:00:59 Started transferring input files
	Transferring to host: <188.185.209.219:9618?addrs=188.185.209.219-9618+[2001-1458-303-12--100-58]-9618&alias=b9p12p3924.cern.ch&noUDP&sock=slot1_10_9195_758f_70334>
...
040 (16827608.024.000) 09/22 13:00:59 Finished transferring input files
...
001 (16827608.024.000) 09/22 13:01:00 Job executing on host: <188.185.209.219:9618?addrs=188.185.209.219-9618+[2001-1458-303-12--100-58]-9618&alias=b9p12p3924.cern.ch&noUDP&sock=startd_7611_1767>
	SlotName: slot1_10@b9p12p3924.cern.ch
	CondorScratchDir = "/pool/condor/dir_3695308"
	Cpus = 1
	Disk = 3579
	GPUs = 0
	Memory = 3000
...
006 (16827608.024.000) 09/22 13:01:09 Image size of job updated: 2500
	2  -  MemoryUsage of job (MB)
	1280  -  ResidentSetSize of job (KB)
...
006 (16827608.024.000) 09/22 13:06:10 Image size of job updated: 285544
	279  -  MemoryUsage of job (MB)
	285544  -  ResidentSetSize of job (KB)
...
006 (16827608.024.000) 09/22 13:11:10 Image size of job updated: 285560
	279  -  MemoryUsage of job (MB)
	285560  -  ResidentSetSize of job (KB)
...
006 (16827608.024.000) 09/22 13:12:26 Image size of job updated: 285672
	279  -  MemoryUsage of job (MB)
	285560  -  ResidentSetSize of job (KB)
...
040 (16827608.024.000) 09/22 13:12:26 Started transferring output files
...
040 (16827608.024.000) 09/22 13:12:26 Finished transferring output files
...
005 (16827608.024.000) 09/22 13:12:26 Job terminated.
	(1) Normal termination (return value 0)
		Usr 0 00:06:59, Sys 0 00:00:17  -  Run Remote Usage
		Usr 0 00:00:00, Sys 0 00:00:00  -  Run Local Usage
		Usr 0 00:06:59, Sys 0 00:00:17  -  Total Remote Usage
		Usr 0 00:00:00, Sys 0 00:00:00  -  Total Local Usage
	13732  -  Run Bytes Sent By Job
	853  -  Run Bytes Received By Job
	13732  -  Total Bytes Sent By Job
	853  -  Total Bytes Received By Job
	Partitionable Resources :    Usage  Request Allocated 
	   Cpus                 :     0.76        1         1 
	   Disk (KB)            :    70           1      3579 
	   GPUs                 :                           0 
	   Memory (MB)          :   279        3000      3000 
	   TimeExecute (s)      :   686                       
	   TimeSlotBusy (s)     :   688                       
...
000 (16827633.024.000) 09/22 16:48:51 Job submitted from host: <188.184.90.241:9618?addrs=188.184.90.241-9618+[2001-1458-201-e4--100-2eb]-9618&alias=bigbird15.cern.ch&noUDP&sock=schedd_3150_376a>
...
040 (16827633.024.000) 09/22 17:03:00 Started transferring input files
	Transferring to host: <188.185.214.35:9618?addrs=188.185.214.35-9618+[2001-1458-303-1c--100-1f]-9618&alias=b9p29p9581.cern.ch&noUDP&sock=slot1_23_4761_4e1b_68095>
...
040 (16827633.024.000) 09/22 17:03:00 Finished transferring input files
...
001 (16827633.024.000) 09/22 17:03:01 Job executing on host: <188.185.214.35:9618?addrs=188.185.214.35-9618+[2001-1458-303-1c--100-1f]-9618&alias=b9p29p9581.cern.ch&noUDP&sock=startd_4113_c11e>
	SlotName: slot1_23@b9p29p9581.cern.ch
	CondorScratchDir = "/pool/condor/dir_1745418"
	Cpus = 1
	Disk = 3602
	GPUs = 0
	Memory = 3000
...
006 (16827633.024.000) 09/22 17:03:09 Image size of job updated: 2136
	2  -  MemoryUsage of job (MB)
	1572  -  ResidentSetSize of job (KB)
...
006 (16827633.024.000) 09/22 17:08:09 Image size of job updated: 286876
	281  -  MemoryUsage of job (MB)
	286876  -  ResidentSetSize of job (KB)
...
006 (16827633.024.000) 09/22 17:12:48 Image size of job updated: 297680
	281  -  MemoryUsage of job (MB)
	286876  -  ResidentSetSize of job (KB)
...
040 (16827633.024.000) 09/22 17:12:48 Started transferring output files
...
040 (16827633.024.000) 09/22 17:12:48 Finished transferring output files
...
005 (16827633.024.000) 09/22 17:12:48 Job terminated.
	(1) Normal termination (return value 0)
		Usr 0 00:07:47, Sys 0 00:00:24  -  Run Remote Usage
		Usr 0 00:00:00, Sys 0 00:00:00  -  Run Local Usage
		Usr 0 00:07:47, Sys 0 00:00:24  -  Total Remote Usage
		Usr 0 00:00:00, Sys 0 00:00:00  -  Total Local Usage
	12749  -  Run Bytes Sent By Job
	853  -  Run Bytes Received By Job
	12749  -  Total Bytes Sent By Job
	853  -  Total Bytes Received By Job
	Partitionable Resources :    Usage  Request Allocated 
	   Cpus                 :                 1         1 
	   Disk (KB)            :       36        1      3602 
	   GPUs                 :                           0 
	   Memory (MB)          :      281     3000      3000 
	   TimeExecute (s)      :      587                    
	   TimeSlotBusy (s)     :      588                    
...
