000 (16827608.025.000) 09/22 12:58:51 Job submitted from host: <188.184.90.241:9618?addrs=188.184.90.241-9618+[2001-1458-201-e4--100-2eb]-9618&alias=bigbird15.cern.ch&noUDP&sock=schedd_3150_376a>
...
040 (16827608.025.000) 09/22 13:00:58 Started transferring input files
	Transferring to host: <188.185.207.62:9618?addrs=188.185.207.62-9618+[2001-1458-303-d--100-3b]-9618&alias=b9p07p7998.cern.ch&noUDP&sock=slot1_19_5851_4f07_68917>
...
040 (16827608.025.000) 09/22 13:00:58 Finished transferring input files
...
001 (16827608.025.000) 09/22 13:01:00 Job executing on host: <188.185.207.62:9618?addrs=188.185.207.62-9618+[2001-1458-303-d--100-3b]-9618&alias=b9p07p7998.cern.ch&noUDP&sock=startd_4980_71ba>
	SlotName: slot1_19@b9p07p7998.cern.ch
	CondorScratchDir = "/pool/condor/dir_3943987"
	Cpus = 1
	Disk = 3699
	GPUs = 0
	Memory = 3000
...
006 (16827608.025.000) 09/22 13:01:08 Image size of job updated: 3948
	4  -  MemoryUsage of job (MB)
	3948  -  ResidentSetSize of job (KB)
...
006 (16827608.025.000) 09/22 13:06:08 Image size of job updated: 281856
	276  -  MemoryUsage of job (MB)
	281856  -  ResidentSetSize of job (KB)
...
006 (16827608.025.000) 09/22 13:11:09 Image size of job updated: 281872
	276  -  MemoryUsage of job (MB)
	281872  -  ResidentSetSize of job (KB)
...
006 (16827608.025.000) 09/22 13:12:47 Image size of job updated: 286616
	276  -  MemoryUsage of job (MB)
	281872  -  ResidentSetSize of job (KB)
...
040 (16827608.025.000) 09/22 13:12:47 Started transferring output files
...
040 (16827608.025.000) 09/22 13:12:47 Finished transferring output files
...
005 (16827608.025.000) 09/22 13:12:47 Job terminated.
	(1) Normal termination (return value 0)
		Usr 0 00:05:02, Sys 0 00:00:21  -  Run Remote Usage
		Usr 0 00:00:00, Sys 0 00:00:00  -  Run Local Usage
		Usr 0 00:05:02, Sys 0 00:00:21  -  Total Remote Usage
		Usr 0 00:00:00, Sys 0 00:00:00  -  Total Local Usage
	13765  -  Run Bytes Sent By Job
	853  -  Run Bytes Received By Job
	13765  -  Total Bytes Sent By Job
	853  -  Total Bytes Received By Job
	Partitionable Resources :    Usage  Request Allocated 
	   Cpus                 :     0.63        1         1 
	   Disk (KB)            :    59           1      3699 
	   GPUs                 :                           0 
	   Memory (MB)          :   276        3000      3000 
	   TimeExecute (s)      :   708                       
	   TimeSlotBusy (s)     :   711                       
...
000 (16827633.025.000) 09/22 16:48:51 Job submitted from host: <188.184.90.241:9618?addrs=188.184.90.241-9618+[2001-1458-201-e4--100-2eb]-9618&alias=bigbird15.cern.ch&noUDP&sock=schedd_3150_376a>
...
040 (16827633.025.000) 09/22 17:03:06 Started transferring input files
	Transferring to host: <188.185.213.178:9618?addrs=188.185.213.178-9618+[2001-1458-303-1b--100-2e]-9618&alias=b9p28p3786.cern.ch&noUDP&sock=slot1_43_10018_5650_70940>
...
040 (16827633.025.000) 09/22 17:03:06 Finished transferring input files
...
001 (16827633.025.000) 09/22 17:03:07 Job executing on host: <188.185.213.178:9618?addrs=188.185.213.178-9618+[2001-1458-303-1b--100-2e]-9618&alias=b9p28p3786.cern.ch&noUDP&sock=startd_9216_fce8>
	SlotName: slot1_43@b9p28p3786.cern.ch
	CondorScratchDir = "/pool/condor/dir_3844594"
	Cpus = 1
	Disk = 3712
	GPUs = 0
	Memory = 3000
...
006 (16827633.025.000) 09/22 17:03:15 Image size of job updated: 2356
	2  -  MemoryUsage of job (MB)
	1428  -  ResidentSetSize of job (KB)
...
006 (16827633.025.000) 09/22 17:08:15 Image size of job updated: 279808
	274  -  MemoryUsage of job (MB)
	279808  -  ResidentSetSize of job (KB)
...
006 (16827633.025.000) 09/22 17:12:08 Image size of job updated: 294352
	274  -  MemoryUsage of job (MB)
	279808  -  ResidentSetSize of job (KB)
...
040 (16827633.025.000) 09/22 17:12:08 Started transferring output files
...
040 (16827633.025.000) 09/22 17:12:08 Finished transferring output files
...
005 (16827633.025.000) 09/22 17:12:08 Job terminated.
	(1) Normal termination (return value 0)
		Usr 0 00:07:37, Sys 0 00:00:17  -  Run Remote Usage
		Usr 0 00:00:00, Sys 0 00:00:00  -  Run Local Usage
		Usr 0 00:07:37, Sys 0 00:00:17  -  Total Remote Usage
		Usr 0 00:00:00, Sys 0 00:00:00  -  Total Local Usage
	12782  -  Run Bytes Sent By Job
	853  -  Run Bytes Received By Job
	12782  -  Total Bytes Sent By Job
	853  -  Total Bytes Received By Job
	Partitionable Resources :    Usage  Request Allocated 
	   Cpus                 :     0.91        1         1 
	   Disk (KB)            :    58           1      3712 
	   GPUs                 :                           0 
	   Memory (MB)          :   274        3000      3000 
	   TimeExecute (s)      :   541                       
	   TimeSlotBusy (s)     :   543                       
...
000 (16828034.025.000) 09/22 17:37:17 Job submitted from host: <188.184.90.241:9618?addrs=188.184.90.241-9618+[2001-1458-201-e4--100-2eb]-9618&alias=bigbird15.cern.ch&noUDP&sock=schedd_3150_376a>
...
040 (16828034.025.000) 09/22 17:41:57 Started transferring input files
	Transferring to host: <188.185.210.208:9618?addrs=188.185.210.208-9618+[2001-1458-303-15--100-4c]-9618&alias=b9p22p0624.cern.ch&noUDP&sock=slot1_43_5776_76e4_68275>
...
040 (16828034.025.000) 09/22 17:41:57 Finished transferring input files
...
001 (16828034.025.000) 09/22 17:41:58 Job executing on host: <188.185.210.208:9618?addrs=188.185.210.208-9618+[2001-1458-303-15--100-4c]-9618&alias=b9p22p0624.cern.ch&noUDP&sock=startd_4738_73cf>
	SlotName: slot1_43@b9p22p0624.cern.ch
	CondorScratchDir = "/pool/condor/dir_3925641"
	Cpus = 1
	Disk = 3637
	GPUs = 0
	Memory = 3000
...
006 (16828034.025.000) 09/22 17:42:06 Image size of job updated: 3896
	4  -  MemoryUsage of job (MB)
	3896  -  ResidentSetSize of job (KB)
...
006 (16828034.025.000) 09/22 17:47:06 Image size of job updated: 286512
	280  -  MemoryUsage of job (MB)
	286512  -  ResidentSetSize of job (KB)
...
006 (16828034.025.000) 09/22 17:51:34 Image size of job updated: 286524
	280  -  MemoryUsage of job (MB)
	286512  -  ResidentSetSize of job (KB)
...
040 (16828034.025.000) 09/22 17:51:34 Started transferring output files
...
040 (16828034.025.000) 09/22 17:51:34 Finished transferring output files
...
005 (16828034.025.000) 09/22 17:51:35 Job terminated.
	(1) Normal termination (return value 0)
		Usr 0 00:08:07, Sys 0 00:00:18  -  Run Remote Usage
		Usr 0 00:00:00, Sys 0 00:00:00  -  Run Local Usage
		Usr 0 00:08:07, Sys 0 00:00:18  -  Total Remote Usage
		Usr 0 00:00:00, Sys 0 00:00:00  -  Total Local Usage
	12782  -  Run Bytes Sent By Job
	853  -  Run Bytes Received By Job
	12782  -  Total Bytes Sent By Job
	853  -  Total Bytes Received By Job
	Partitionable Resources :    Usage  Request Allocated 
	   Cpus                 :     0.90        1         1 
	   Disk (KB)            :    48           1      3637 
	   GPUs                 :                           0 
	   Memory (MB)          :   280        3000      3000 
	   TimeExecute (s)      :   576                       
	   TimeSlotBusy (s)     :   578                       
...
