000 (16827608.030.000) 09/22 12:58:51 Job submitted from host: <188.184.90.241:9618?addrs=188.184.90.241-9618+[2001-1458-201-e4--100-2eb]-9618&alias=bigbird15.cern.ch&noUDP&sock=schedd_3150_376a>
...
040 (16827608.030.000) 09/22 13:00:59 Started transferring input files
	Transferring to host: <188.185.211.209:9618?addrs=188.185.211.209-9618+[2001-1458-303-17--100-4d]-9618&alias=b9p24p0704.cern.ch&noUDP&sock=slot1_24_3259_029e_74153>
...
040 (16827608.030.000) 09/22 13:00:59 Finished transferring input files
...
001 (16827608.030.000) 09/22 13:01:00 Job executing on host: <188.185.211.209:9618?addrs=188.185.211.209-9618+[2001-1458-303-17--100-4d]-9618&alias=b9p24p0704.cern.ch&noUDP&sock=startd_2735_8f9c>
	SlotName: slot1_24@b9p24p0704.cern.ch
	CondorScratchDir = "/pool/condor/dir_2318783"
	Cpus = 1
	Disk = 3701
	GPUs = 0
	Memory = 3000
...
006 (16827608.030.000) 09/22 13:01:09 Image size of job updated: 11068
	11  -  MemoryUsage of job (MB)
	11068  -  ResidentSetSize of job (KB)
...
006 (16827608.030.000) 09/22 13:06:10 Image size of job updated: 285776
	280  -  MemoryUsage of job (MB)
	285776  -  ResidentSetSize of job (KB)
...
006 (16827608.030.000) 09/22 13:10:57 Image size of job updated: 303304
	280  -  MemoryUsage of job (MB)
	285776  -  ResidentSetSize of job (KB)
...
040 (16827608.030.000) 09/22 13:10:57 Started transferring output files
...
040 (16827608.030.000) 09/22 13:10:57 Finished transferring output files
...
005 (16827608.030.000) 09/22 13:10:57 Job terminated.
	(1) Normal termination (return value 0)
		Usr 0 00:08:30, Sys 0 00:00:21  -  Run Remote Usage
		Usr 0 00:00:00, Sys 0 00:00:00  -  Run Local Usage
		Usr 0 00:08:30, Sys 0 00:00:21  -  Total Remote Usage
		Usr 0 00:00:00, Sys 0 00:00:00  -  Total Local Usage
	14029  -  Run Bytes Sent By Job
	853  -  Run Bytes Received By Job
	14029  -  Total Bytes Sent By Job
	853  -  Total Bytes Received By Job
	Partitionable Resources :    Usage  Request Allocated 
	   Cpus                 :     0.92        1         1 
	   Disk (KB)            :    53           1      3701 
	   GPUs                 :                           0 
	   Memory (MB)          :   280        3000      3000 
	   TimeExecute (s)      :   597                       
	   TimeSlotBusy (s)     :   599                       
...
000 (16827633.030.000) 09/22 16:48:51 Job submitted from host: <188.184.90.241:9618?addrs=188.184.90.241-9618+[2001-1458-201-e4--100-2eb]-9618&alias=bigbird15.cern.ch&noUDP&sock=schedd_3150_376a>
...
040 (16827633.030.000) 09/22 17:03:21 Started transferring input files
	Transferring to host: <188.185.212.232:9618?addrs=188.185.212.232-9618+[2001-1458-303-19--100-64]-9618&alias=b9p26p1694.cern.ch&noUDP&sock=slot1_12_4568_51b3_67263>
...
040 (16827633.030.000) 09/22 17:03:21 Finished transferring input files
...
001 (16827633.030.000) 09/22 17:03:22 Job executing on host: <188.185.212.232:9618?addrs=188.185.212.232-9618+[2001-1458-303-19--100-64]-9618&alias=b9p26p1694.cern.ch&noUDP&sock=startd_3927_2c80>
	SlotName: slot1_12@b9p26p1694.cern.ch
	CondorScratchDir = "/pool/condor/dir_2459736"
	Cpus = 1
	Disk = 3664
	GPUs = 0
	Memory = 3000
...
006 (16827633.030.000) 09/22 17:03:31 Image size of job updated: 3848
	4  -  MemoryUsage of job (MB)
	3848  -  ResidentSetSize of job (KB)
...
006 (16827633.030.000) 09/22 17:08:32 Image size of job updated: 283504
	277  -  MemoryUsage of job (MB)
	283504  -  ResidentSetSize of job (KB)
...
006 (16827633.030.000) 09/22 17:13:32 Image size of job updated: 283520
	277  -  MemoryUsage of job (MB)
	283520  -  ResidentSetSize of job (KB)
...
040 (16827633.030.000) 09/22 17:13:48 Started transferring output files
...
040 (16827633.030.000) 09/22 17:13:48 Finished transferring output files
...
005 (16827633.030.000) 09/22 17:13:48 Job terminated.
	(1) Normal termination (return value 0)
		Usr 0 00:08:40, Sys 0 00:00:18  -  Run Remote Usage
		Usr 0 00:00:00, Sys 0 00:00:00  -  Run Local Usage
		Usr 0 00:08:40, Sys 0 00:00:18  -  Total Remote Usage
		Usr 0 00:00:00, Sys 0 00:00:00  -  Total Local Usage
	13046  -  Run Bytes Sent By Job
	853  -  Run Bytes Received By Job
	13046  -  Total Bytes Sent By Job
	853  -  Total Bytes Received By Job
	Partitionable Resources :    Usage  Request Allocated 
	   Cpus                 :     0.88        1         1 
	   Disk (KB)            :    56           1      3664 
	   GPUs                 :                           0 
	   Memory (MB)          :   277        3000      3000 
	   TimeExecute (s)      :   625                       
	   TimeSlotBusy (s)     :   628                       
...
000 (16828034.030.000) 09/22 17:37:17 Job submitted from host: <188.184.90.241:9618?addrs=188.184.90.241-9618+[2001-1458-201-e4--100-2eb]-9618&alias=bigbird15.cern.ch&noUDP&sock=schedd_3150_376a>
...
040 (16828034.030.000) 09/22 17:43:20 Started transferring input files
	Transferring to host: <188.185.212.232:9618?addrs=188.185.212.232-9618+[2001-1458-303-19--100-64]-9618&alias=b9p26p1694.cern.ch&noUDP&sock=slot1_33_4568_51b3_67294>
...
040 (16828034.030.000) 09/22 17:43:20 Finished transferring input files
...
001 (16828034.030.000) 09/22 17:43:21 Job executing on host: <188.185.212.232:9618?addrs=188.185.212.232-9618+[2001-1458-303-19--100-64]-9618&alias=b9p26p1694.cern.ch&noUDP&sock=startd_3927_2c80>
	SlotName: slot1_33@b9p26p1694.cern.ch
	CondorScratchDir = "/pool/condor/dir_2502694"
	Cpus = 1
	Disk = 3661
	GPUs = 0
	Memory = 3000
...
006 (16828034.030.000) 09/22 17:43:29 Image size of job updated: 34680
	34  -  MemoryUsage of job (MB)
	34680  -  ResidentSetSize of job (KB)
...
006 (16828034.030.000) 09/22 17:48:30 Image size of job updated: 285552
	279  -  MemoryUsage of job (MB)
	285552  -  ResidentSetSize of job (KB)
...
006 (16828034.030.000) 09/22 17:53:31 Image size of job updated: 285560
	279  -  MemoryUsage of job (MB)
	285560  -  ResidentSetSize of job (KB)
...
006 (16828034.030.000) 09/22 17:55:34 Image size of job updated: 293428
	279  -  MemoryUsage of job (MB)
	285560  -  ResidentSetSize of job (KB)
...
040 (16828034.030.000) 09/22 17:55:34 Started transferring output files
...
040 (16828034.030.000) 09/22 17:55:34 Finished transferring output files
...
005 (16828034.030.000) 09/22 17:55:35 Job terminated.
	(1) Normal termination (return value 0)
		Usr 0 00:08:48, Sys 0 00:00:18  -  Run Remote Usage
		Usr 0 00:00:00, Sys 0 00:00:00  -  Run Local Usage
		Usr 0 00:08:48, Sys 0 00:00:18  -  Total Remote Usage
		Usr 0 00:00:00, Sys 0 00:00:00  -  Total Local Usage
	13046  -  Run Bytes Sent By Job
	853  -  Run Bytes Received By Job
	13046  -  Total Bytes Sent By Job
	853  -  Total Bytes Received By Job
	Partitionable Resources :    Usage  Request Allocated 
	   Cpus                 :     0.89        1         1 
	   Disk (KB)            :    81           1      3661 
	   GPUs                 :                           0 
	   Memory (MB)          :   279        3000      3000 
	   TimeExecute (s)      :   733                       
	   TimeSlotBusy (s)     :   734                       
...
