000 (16827608.033.000) 09/22 12:58:51 Job submitted from host: <188.184.90.241:9618?addrs=188.184.90.241-9618+[2001-1458-201-e4--100-2eb]-9618&alias=bigbird15.cern.ch&noUDP&sock=schedd_3150_376a>
...
040 (16827608.033.000) 09/22 13:00:59 Started transferring input files
	Transferring to host: <188.185.215.84:9618?addrs=188.185.215.84-9618+[2001-1458-303-1e--100-50]-9618&alias=b9p31p8082.cern.ch&noUDP&sock=slot1_38_6028_056e_66114>
...
040 (16827608.033.000) 09/22 13:00:59 Finished transferring input files
...
001 (16827608.033.000) 09/22 13:01:00 Job executing on host: <188.185.215.84:9618?addrs=188.185.215.84-9618+[2001-1458-303-1e--100-50]-9618&alias=b9p31p8082.cern.ch&noUDP&sock=startd_5277_295b>
	SlotName: slot1_38@b9p31p8082.cern.ch
	CondorScratchDir = "/pool/condor/dir_4134667"
	Cpus = 1
	Disk = 3781
	GPUs = 0
	Memory = 3000
...
006 (16827608.033.000) 09/22 13:01:09 Image size of job updated: 3920
	4  -  MemoryUsage of job (MB)
	3920  -  ResidentSetSize of job (KB)
...
006 (16827608.033.000) 09/22 13:06:10 Image size of job updated: 286540
	280  -  MemoryUsage of job (MB)
	286540  -  ResidentSetSize of job (KB)
...
006 (16827608.033.000) 09/22 13:10:46 Image size of job updated: 299472
	280  -  MemoryUsage of job (MB)
	286540  -  ResidentSetSize of job (KB)
...
040 (16827608.033.000) 09/22 13:10:46 Started transferring output files
...
040 (16827608.033.000) 09/22 13:10:46 Finished transferring output files
...
005 (16827608.033.000) 09/22 13:10:47 Job terminated.
	(1) Normal termination (return value 0)
		Usr 0 00:08:23, Sys 0 00:00:21  -  Run Remote Usage
		Usr 0 00:00:00, Sys 0 00:00:00  -  Run Local Usage
		Usr 0 00:08:23, Sys 0 00:00:21  -  Total Remote Usage
		Usr 0 00:00:00, Sys 0 00:00:00  -  Total Local Usage
	13996  -  Run Bytes Sent By Job
	853  -  Run Bytes Received By Job
	13996  -  Total Bytes Sent By Job
	853  -  Total Bytes Received By Job
	Partitionable Resources :    Usage  Request Allocated 
	   Cpus                 :     0.93        1         1 
	   Disk (KB)            :    66           1      3781 
	   GPUs                 :                           0 
	   Memory (MB)          :   280        3000      3000 
	   TimeExecute (s)      :   586                       
	   TimeSlotBusy (s)     :   588                       
...
000 (16827633.033.000) 09/22 16:48:51 Job submitted from host: <188.184.90.241:9618?addrs=188.184.90.241-9618+[2001-1458-201-e4--100-2eb]-9618&alias=bigbird15.cern.ch&noUDP&sock=schedd_3150_376a>
...
040 (16827633.033.000) 09/22 17:03:33 Started transferring input files
	Transferring to host: <188.185.214.35:9618?addrs=188.185.214.35-9618+[2001-1458-303-1c--100-1f]-9618&alias=b9p29p9581.cern.ch&noUDP&sock=slot1_29_4761_4e1b_68098>
...
040 (16827633.033.000) 09/22 17:03:33 Finished transferring input files
...
001 (16827633.033.000) 09/22 17:03:34 Job executing on host: <188.185.214.35:9618?addrs=188.185.214.35-9618+[2001-1458-303-1c--100-1f]-9618&alias=b9p29p9581.cern.ch&noUDP&sock=startd_4113_c11e>
	SlotName: slot1_29@b9p29p9581.cern.ch
	CondorScratchDir = "/pool/condor/dir_1750965"
	Cpus = 1
	Disk = 3602
	GPUs = 0
	Memory = 3000
...
006 (16827633.033.000) 09/22 17:03:42 Image size of job updated: 2188
	2  -  MemoryUsage of job (MB)
	1572  -  ResidentSetSize of job (KB)
...
006 (16827633.033.000) 09/22 17:08:42 Image size of job updated: 285584
	279  -  MemoryUsage of job (MB)
	285584  -  ResidentSetSize of job (KB)
...
006 (16827633.033.000) 09/22 17:13:29 Image size of job updated: 285616
	279  -  MemoryUsage of job (MB)
	285584  -  ResidentSetSize of job (KB)
...
040 (16827633.033.000) 09/22 17:13:29 Started transferring output files
...
040 (16827633.033.000) 09/22 17:13:29 Finished transferring output files
...
005 (16827633.033.000) 09/22 17:13:29 Job terminated.
	(1) Normal termination (return value 0)
		Usr 0 00:08:35, Sys 0 00:00:24  -  Run Remote Usage
		Usr 0 00:00:00, Sys 0 00:00:00  -  Run Local Usage
		Usr 0 00:08:35, Sys 0 00:00:24  -  Total Remote Usage
		Usr 0 00:00:00, Sys 0 00:00:00  -  Total Local Usage
	13013  -  Run Bytes Sent By Job
	853  -  Run Bytes Received By Job
	13013  -  Total Bytes Sent By Job
	853  -  Total Bytes Received By Job
	Partitionable Resources :    Usage  Request Allocated 
	   Cpus                 :     0.92        1         1 
	   Disk (KB)            :    44           1      3602 
	   GPUs                 :                           0 
	   Memory (MB)          :   279        3000      3000 
	   TimeExecute (s)      :   595                       
	   TimeSlotBusy (s)     :   597                       
...
000 (16828034.033.000) 09/22 17:37:17 Job submitted from host: <188.184.90.241:9618?addrs=188.184.90.241-9618+[2001-1458-201-e4--100-2eb]-9618&alias=bigbird15.cern.ch&noUDP&sock=schedd_3150_376a>
...
040 (16828034.033.000) 09/22 17:43:41 Started transferring input files
	Transferring to host: <188.185.213.229:9618?addrs=188.185.213.229-9618+[2001-1458-303-1b--100-61]-9618&alias=b9p28p7463.cern.ch&noUDP&sock=slot1_29_4202_7064_69246>
...
040 (16828034.033.000) 09/22 17:43:41 Finished transferring input files
...
001 (16828034.033.000) 09/22 17:43:42 Job executing on host: <188.185.213.229:9618?addrs=188.185.213.229-9618+[2001-1458-303-1b--100-61]-9618&alias=b9p28p7463.cern.ch&noUDP&sock=startd_3502_a8c0>
	SlotName: slot1_29@b9p28p7463.cern.ch
	CondorScratchDir = "/pool/condor/dir_1241244"
	Cpus = 1
	Disk = 3587
	GPUs = 0
	Memory = 3000
...
006 (16828034.033.000) 09/22 17:43:50 Image size of job updated: 1048
	2  -  MemoryUsage of job (MB)
	1048  -  ResidentSetSize of job (KB)
...
006 (16828034.033.000) 09/22 17:48:51 Image size of job updated: 285848
	280  -  MemoryUsage of job (MB)
	285848  -  ResidentSetSize of job (KB)
...
006 (16828034.033.000) 09/22 17:53:34 Image size of job updated: 288244
	280  -  MemoryUsage of job (MB)
	285848  -  ResidentSetSize of job (KB)
...
040 (16828034.033.000) 09/22 17:53:34 Started transferring output files
...
040 (16828034.033.000) 09/22 17:53:34 Finished transferring output files
...
005 (16828034.033.000) 09/22 17:53:34 Job terminated.
	(1) Normal termination (return value 0)
		Usr 0 00:08:34, Sys 0 00:00:18  -  Run Remote Usage
		Usr 0 00:00:00, Sys 0 00:00:00  -  Run Local Usage
		Usr 0 00:08:34, Sys 0 00:00:18  -  Total Remote Usage
		Usr 0 00:00:00, Sys 0 00:00:00  -  Total Local Usage
	13013  -  Run Bytes Sent By Job
	853  -  Run Bytes Received By Job
	13013  -  Total Bytes Sent By Job
	853  -  Total Bytes Received By Job
	Partitionable Resources :    Usage  Request Allocated 
	   Cpus                 :                 1         1 
	   Disk (KB)            :       36        1      3587 
	   GPUs                 :                           0 
	   Memory (MB)          :      280     3000      3000 
	   TimeExecute (s)      :      592                    
	   TimeSlotBusy (s)     :      593                    
...
