000 (16827608.028.000) 09/22 12:58:51 Job submitted from host: <188.184.90.241:9618?addrs=188.184.90.241-9618+[2001-1458-201-e4--100-2eb]-9618&alias=bigbird15.cern.ch&noUDP&sock=schedd_3150_376a>
...
040 (16827608.028.000) 09/22 13:00:59 Started transferring input files
	Transferring to host: <188.185.206.213:9618?addrs=188.185.206.213-9618+[2001-1458-303-c--100-52]-9618&alias=b9p06p7091.cern.ch&noUDP&sock=slot1_22_8624_2358_69574>
...
040 (16827608.028.000) 09/22 13:00:59 Finished transferring input files
...
001 (16827608.028.000) 09/22 13:01:00 Job executing on host: <188.185.206.213:9618?addrs=188.185.206.213-9618+[2001-1458-303-c--100-52]-9618&alias=b9p06p7091.cern.ch&noUDP&sock=startd_7525_1a42>
	SlotName: slot1_22@b9p06p7091.cern.ch
	CondorScratchDir = "/pool/condor/dir_1351665"
	Cpus = 1
	Disk = 3629
	GPUs = 0
	Memory = 3000
...
006 (16827608.028.000) 09/22 13:01:08 Image size of job updated: 3924
	4  -  MemoryUsage of job (MB)
	3924  -  ResidentSetSize of job (KB)
...
006 (16827608.028.000) 09/22 13:06:08 Image size of job updated: 285776
	280  -  MemoryUsage of job (MB)
	285776  -  ResidentSetSize of job (KB)
...
006 (16827608.028.000) 09/22 13:07:37 Image size of job updated: 291364
	280  -  MemoryUsage of job (MB)
	285776  -  ResidentSetSize of job (KB)
...
040 (16827608.028.000) 09/22 13:07:37 Started transferring output files
...
040 (16827608.028.000) 09/22 13:07:37 Finished transferring output files
...
005 (16827608.028.000) 09/22 13:07:37 Job terminated.
	(1) Normal termination (return value 0)
		Usr 0 00:05:29, Sys 0 00:00:16  -  Run Remote Usage
		Usr 0 00:00:00, Sys 0 00:00:00  -  Run Local Usage
		Usr 0 00:05:29, Sys 0 00:00:16  -  Total Remote Usage
		Usr 0 00:00:00, Sys 0 00:00:00  -  Total Local Usage
	13765  -  Run Bytes Sent By Job
	853  -  Run Bytes Received By Job
	13765  -  Total Bytes Sent By Job
	853  -  Total Bytes Received By Job
	Partitionable Resources :    Usage  Request Allocated 
	   Cpus                 :     0.90        1         1 
	   Disk (KB)            :    69           1      3629 
	   GPUs                 :                           0 
	   Memory (MB)          :   280        3000      3000 
	   TimeExecute (s)      :   397                       
	   TimeSlotBusy (s)     :   400                       
...
000 (16827633.028.000) 09/22 16:48:51 Job submitted from host: <188.184.90.241:9618?addrs=188.184.90.241-9618+[2001-1458-201-e4--100-2eb]-9618&alias=bigbird15.cern.ch&noUDP&sock=schedd_3150_376a>
...
040 (16827633.028.000) 09/22 17:03:20 Started transferring input files
	Transferring to host: <188.185.196.31:9618?addrs=188.185.196.31-9618+[2001-1458-303-23--100-1b]-9618&alias=b9p16p0041.cern.ch&noUDP&sock=slot1_39_5555_bffb_63132>
...
040 (16827633.028.000) 09/22 17:03:20 Finished transferring input files
...
001 (16827633.028.000) 09/22 17:03:21 Job executing on host: <188.185.196.31:9618?addrs=188.185.196.31-9618+[2001-1458-303-23--100-1b]-9618&alias=b9p16p0041.cern.ch&noUDP&sock=startd_4366_4a94>
	SlotName: slot1_39@b9p16p0041.cern.ch
	CondorScratchDir = "/pool/condor/dir_2534401"
	Cpus = 1
	Disk = 3845
	GPUs = 0
	Memory = 3000
...
006 (16827633.028.000) 09/22 17:03:30 Image size of job updated: 2332
	2  -  MemoryUsage of job (MB)
	1436  -  ResidentSetSize of job (KB)
...
006 (16827633.028.000) 09/22 17:08:31 Image size of job updated: 285644
	279  -  MemoryUsage of job (MB)
	285644  -  ResidentSetSize of job (KB)
...
006 (16827633.028.000) 09/22 17:13:31 Image size of job updated: 285664
	279  -  MemoryUsage of job (MB)
	285664  -  ResidentSetSize of job (KB)
...
006 (16827633.028.000) 09/22 17:14:31 Image size of job updated: 289668
	279  -  MemoryUsage of job (MB)
	285664  -  ResidentSetSize of job (KB)
...
040 (16827633.028.000) 09/22 17:14:31 Started transferring output files
...
040 (16827633.028.000) 09/22 17:14:31 Finished transferring output files
...
005 (16827633.028.000) 09/22 17:14:31 Job terminated.
	(1) Normal termination (return value 0)
		Usr 0 00:09:42, Sys 0 00:00:15  -  Run Remote Usage
		Usr 0 00:00:00, Sys 0 00:00:00  -  Run Local Usage
		Usr 0 00:09:42, Sys 0 00:00:15  -  Total Remote Usage
		Usr 0 00:00:00, Sys 0 00:00:00  -  Total Local Usage
	12782  -  Run Bytes Sent By Job
	853  -  Run Bytes Received By Job
	12782  -  Total Bytes Sent By Job
	853  -  Total Bytes Received By Job
	Partitionable Resources :    Usage  Request Allocated 
	   Cpus                 :     0.89        1         1 
	   Disk (KB)            :    43           1      3845 
	   GPUs                 :                           0 
	   Memory (MB)          :   279        3000      3000 
	   TimeExecute (s)      :   670                       
	   TimeSlotBusy (s)     :   671                       
...
000 (16828034.028.000) 09/22 17:37:17 Job submitted from host: <188.184.90.241:9618?addrs=188.184.90.241-9618+[2001-1458-201-e4--100-2eb]-9618&alias=bigbird15.cern.ch&noUDP&sock=schedd_3150_376a>
...
040 (16828034.028.000) 09/22 17:43:11 Started transferring input files
	Transferring to host: <188.185.212.197:9618?addrs=188.185.212.197-9618+[2001-1458-303-19--100-41]-9618&alias=b9p26p6528.cern.ch&noUDP&sock=slot1_29_6348_7d7b_68924>
...
040 (16828034.028.000) 09/22 17:43:11 Finished transferring input files
...
001 (16828034.028.000) 09/22 17:43:12 Job executing on host: <188.185.212.197:9618?addrs=188.185.212.197-9618+[2001-1458-303-19--100-41]-9618&alias=b9p26p6528.cern.ch&noUDP&sock=startd_5430_1b59>
	SlotName: slot1_29@b9p26p6528.cern.ch
	CondorScratchDir = "/pool/condor/dir_3069829"
	Cpus = 1
	Disk = 3778
	GPUs = 0
	Memory = 3000
...
006 (16828034.028.000) 09/22 17:43:20 Image size of job updated: 1424
	2  -  MemoryUsage of job (MB)
	1424  -  ResidentSetSize of job (KB)
...
006 (16828034.028.000) 09/22 17:48:20 Image size of job updated: 282944
	277  -  MemoryUsage of job (MB)
	282944  -  ResidentSetSize of job (KB)
...
006 (16828034.028.000) 09/22 17:52:16 Image size of job updated: 287160
	277  -  MemoryUsage of job (MB)
	282944  -  ResidentSetSize of job (KB)
...
040 (16828034.028.000) 09/22 17:52:16 Started transferring output files
...
040 (16828034.028.000) 09/22 17:52:16 Finished transferring output files
...
005 (16828034.028.000) 09/22 17:52:17 Job terminated.
	(1) Normal termination (return value 0)
		Usr 0 00:07:45, Sys 0 00:00:18  -  Run Remote Usage
		Usr 0 00:00:00, Sys 0 00:00:00  -  Run Local Usage
		Usr 0 00:07:45, Sys 0 00:00:18  -  Total Remote Usage
		Usr 0 00:00:00, Sys 0 00:00:00  -  Total Local Usage
	12782  -  Run Bytes Sent By Job
	853  -  Run Bytes Received By Job
	12782  -  Total Bytes Sent By Job
	853  -  Total Bytes Received By Job
	Partitionable Resources :    Usage  Request Allocated 
	   Cpus                 :                 1         1 
	   Disk (KB)            :       36        1      3778 
	   GPUs                 :                           0 
	   Memory (MB)          :      277     3000      3000 
	   TimeExecute (s)      :      544                    
	   TimeSlotBusy (s)     :      545                    
...
