000 (16827608.026.000) 09/22 12:58:51 Job submitted from host: <188.184.90.241:9618?addrs=188.184.90.241-9618+[2001-1458-201-e4--100-2eb]-9618&alias=bigbird15.cern.ch&noUDP&sock=schedd_3150_376a>
...
040 (16827608.026.000) 09/22 13:00:58 Started transferring input files
	Transferring to host: <188.185.208.11:9618?addrs=188.185.208.11-9618+[2001-1458-303-f--100-8]-9618&alias=b9p09p2033.cern.ch&noUDP&sock=slot1_8_6337_bd5b_67553>
...
040 (16827608.026.000) 09/22 13:00:58 Finished transferring input files
...
001 (16827608.026.000) 09/22 13:01:00 Job executing on host: <188.185.208.11:9618?addrs=188.185.208.11-9618+[2001-1458-303-f--100-8]-9618&alias=b9p09p2033.cern.ch&noUDP&sock=startd_5457_a067>
	SlotName: slot1_8@b9p09p2033.cern.ch
	CondorScratchDir = "/pool/condor/dir_2838697"
	Cpus = 1
	Disk = 3422
	GPUs = 0
	Memory = 3000
...
006 (16827608.026.000) 09/22 13:01:08 Image size of job updated: 3920
	4  -  MemoryUsage of job (MB)
	3920  -  ResidentSetSize of job (KB)
...
006 (16827608.026.000) 09/22 13:06:08 Image size of job updated: 284536
	278  -  MemoryUsage of job (MB)
	284536  -  ResidentSetSize of job (KB)
...
006 (16827608.026.000) 09/22 13:11:09 Image size of job updated: 284540
	278  -  MemoryUsage of job (MB)
	284540  -  ResidentSetSize of job (KB)
...
006 (16827608.026.000) 09/22 13:12:29 Image size of job updated: 284544
	278  -  MemoryUsage of job (MB)
	284540  -  ResidentSetSize of job (KB)
...
040 (16827608.026.000) 09/22 13:12:29 Started transferring output files
...
040 (16827608.026.000) 09/22 13:12:29 Finished transferring output files
...
005 (16827608.026.000) 09/22 13:12:30 Job terminated.
	(1) Normal termination (return value 0)
		Usr 0 00:07:18, Sys 0 00:00:19  -  Run Remote Usage
		Usr 0 00:00:00, Sys 0 00:00:00  -  Run Local Usage
		Usr 0 00:07:18, Sys 0 00:00:19  -  Total Remote Usage
		Usr 0 00:00:00, Sys 0 00:00:00  -  Total Local Usage
	13765  -  Run Bytes Sent By Job
	853  -  Run Bytes Received By Job
	13765  -  Total Bytes Sent By Job
	853  -  Total Bytes Received By Job
	Partitionable Resources :    Usage  Request Allocated 
	   Cpus                 :     0.77        1         1 
	   Disk (KB)            :    59           1      3422 
	   GPUs                 :                           0 
	   Memory (MB)          :   278        3000      3000 
	   TimeExecute (s)      :   690                       
	   TimeSlotBusy (s)     :   693                       
...
000 (16827633.026.000) 09/22 16:48:51 Job submitted from host: <188.184.90.241:9618?addrs=188.184.90.241-9618+[2001-1458-201-e4--100-2eb]-9618&alias=bigbird15.cern.ch&noUDP&sock=schedd_3150_376a>
...
040 (16827633.026.000) 09/22 17:03:06 Started transferring input files
	Transferring to host: <188.185.214.35:9618?addrs=188.185.214.35-9618+[2001-1458-303-1c--100-1f]-9618&alias=b9p29p9581.cern.ch&noUDP&sock=slot1_27_4761_4e1b_68096>
...
040 (16827633.026.000) 09/22 17:03:06 Finished transferring input files
...
001 (16827633.026.000) 09/22 17:03:07 Job executing on host: <188.185.214.35:9618?addrs=188.185.214.35-9618+[2001-1458-303-1c--100-1f]-9618&alias=b9p29p9581.cern.ch&noUDP&sock=startd_4113_c11e>
	SlotName: slot1_27@b9p29p9581.cern.ch
	CondorScratchDir = "/pool/condor/dir_1747628"
	Cpus = 1
	Disk = 3603
	GPUs = 0
	Memory = 3000
...
006 (16827633.026.000) 09/22 17:03:16 Image size of job updated: 1320
	2  -  MemoryUsage of job (MB)
	1320  -  ResidentSetSize of job (KB)
...
006 (16827633.026.000) 09/22 17:08:17 Image size of job updated: 285988
	280  -  MemoryUsage of job (MB)
	285988  -  ResidentSetSize of job (KB)
...
006 (16827633.026.000) 09/22 17:12:28 Image size of job updated: 285996
	280  -  MemoryUsage of job (MB)
	285988  -  ResidentSetSize of job (KB)
...
040 (16827633.026.000) 09/22 17:12:28 Started transferring output files
...
040 (16827633.026.000) 09/22 17:12:28 Finished transferring output files
...
005 (16827633.026.000) 09/22 17:12:28 Job terminated.
	(1) Normal termination (return value 0)
		Usr 0 00:07:57, Sys 0 00:00:23  -  Run Remote Usage
		Usr 0 00:00:00, Sys 0 00:00:00  -  Run Local Usage
		Usr 0 00:07:57, Sys 0 00:00:23  -  Total Remote Usage
		Usr 0 00:00:00, Sys 0 00:00:00  -  Total Local Usage
	12782  -  Run Bytes Sent By Job
	853  -  Run Bytes Received By Job
	12782  -  Total Bytes Sent By Job
	853  -  Total Bytes Received By Job
	Partitionable Resources :    Usage  Request Allocated 
	   Cpus                 :        0        1         1 
	   Disk (KB)            :       44        1      3603 
	   GPUs                 :                           0 
	   Memory (MB)          :      280     3000      3000 
	   TimeExecute (s)      :      561                    
	   TimeSlotBusy (s)     :      562                    
...
000 (16828034.026.000) 09/22 17:37:17 Job submitted from host: <188.184.90.241:9618?addrs=188.184.90.241-9618+[2001-1458-201-e4--100-2eb]-9618&alias=bigbird15.cern.ch&noUDP&sock=schedd_3150_376a>
...
040 (16828034.026.000) 09/22 17:41:57 Started transferring input files
	Transferring to host: <188.185.214.97:9618?addrs=188.185.214.97-9618+[2001-1458-303-1c--100-5d]-9618&alias=b9p29p0113.cern.ch&noUDP&sock=slot1_25_8447_6cf1_68770>
...
040 (16828034.026.000) 09/22 17:41:57 Finished transferring input files
...
001 (16828034.026.000) 09/22 17:41:58 Job executing on host: <188.185.214.97:9618?addrs=188.185.214.97-9618+[2001-1458-303-1c--100-5d]-9618&alias=b9p29p0113.cern.ch&noUDP&sock=startd_7603_9aa5>
	SlotName: slot1_25@b9p29p0113.cern.ch
	CondorScratchDir = "/pool/condor/dir_2100858"
	Cpus = 1
	Disk = 3794
	GPUs = 0
	Memory = 3000
...
006 (16828034.026.000) 09/22 17:42:07 Image size of job updated: 2528
	3  -  MemoryUsage of job (MB)
	2528  -  ResidentSetSize of job (KB)
...
006 (16828034.026.000) 09/22 17:47:08 Image size of job updated: 285136
	279  -  MemoryUsage of job (MB)
	285136  -  ResidentSetSize of job (KB)
...
006 (16828034.026.000) 09/22 17:51:36 Image size of job updated: 293500
	279  -  MemoryUsage of job (MB)
	285136  -  ResidentSetSize of job (KB)
...
040 (16828034.026.000) 09/22 17:51:36 Started transferring output files
...
040 (16828034.026.000) 09/22 17:51:37 Finished transferring output files
...
005 (16828034.026.000) 09/22 17:51:37 Job terminated.
	(1) Normal termination (return value 0)
		Usr 0 00:08:15, Sys 0 00:00:26  -  Run Remote Usage
		Usr 0 00:00:00, Sys 0 00:00:00  -  Run Local Usage
		Usr 0 00:08:15, Sys 0 00:00:26  -  Total Remote Usage
		Usr 0 00:00:00, Sys 0 00:00:00  -  Total Local Usage
	12782  -  Run Bytes Sent By Job
	853  -  Run Bytes Received By Job
	12782  -  Total Bytes Sent By Job
	853  -  Total Bytes Received By Job
	Partitionable Resources :    Usage  Request Allocated 
	   Cpus                 :     0.92        1         1 
	   Disk (KB)            :    54           1      3794 
	   GPUs                 :                           0 
	   Memory (MB)          :   279        3000      3000 
	   TimeExecute (s)      :   578                       
	   TimeSlotBusy (s)     :   580                       
...
