000 (16827608.036.000) 09/22 12:58:51 Job submitted from host: <188.184.90.241:9618?addrs=188.184.90.241-9618+[2001-1458-201-e4--100-2eb]-9618&alias=bigbird15.cern.ch&noUDP&sock=schedd_3150_376a>
...
040 (16827608.036.000) 09/22 13:00:59 Started transferring input files
	Transferring to host: <188.185.215.102:9618?addrs=188.185.215.102-9618+[2001-1458-303-1e--100-62]-9618&alias=b9p31p8607.cern.ch&noUDP&sock=slot1_24_10298_9f5c_67924>
...
040 (16827608.036.000) 09/22 13:00:59 Finished transferring input files
...
001 (16827608.036.000) 09/22 13:01:00 Job executing on host: <188.185.215.102:9618?addrs=188.185.215.102-9618+[2001-1458-303-1e--100-62]-9618&alias=b9p31p8607.cern.ch&noUDP&sock=startd_9790_b445>
	SlotName: slot1_24@b9p31p8607.cern.ch
	CondorScratchDir = "/pool/condor/dir_3021826"
	Cpus = 1
	Disk = 3725
	GPUs = 0
	Memory = 3000
...
006 (16827608.036.000) 09/22 13:01:08 Image size of job updated: 3916
	4  -  MemoryUsage of job (MB)
	3916  -  ResidentSetSize of job (KB)
...
006 (16827608.036.000) 09/22 13:06:08 Image size of job updated: 285268
	279  -  MemoryUsage of job (MB)
	285268  -  ResidentSetSize of job (KB)
...
006 (16827608.036.000) 09/22 13:10:34 Image size of job updated: 295404
	279  -  MemoryUsage of job (MB)
	285268  -  ResidentSetSize of job (KB)
...
040 (16827608.036.000) 09/22 13:10:34 Started transferring output files
...
040 (16827608.036.000) 09/22 13:10:34 Finished transferring output files
...
005 (16827608.036.000) 09/22 13:10:34 Job terminated.
	(1) Normal termination (return value 0)
		Usr 0 00:08:01, Sys 0 00:00:21  -  Run Remote Usage
		Usr 0 00:00:00, Sys 0 00:00:00  -  Run Local Usage
		Usr 0 00:08:01, Sys 0 00:00:21  -  Total Remote Usage
		Usr 0 00:00:00, Sys 0 00:00:00  -  Total Local Usage
	13996  -  Run Bytes Sent By Job
	853  -  Run Bytes Received By Job
	13996  -  Total Bytes Sent By Job
	853  -  Total Bytes Received By Job
	Partitionable Resources :    Usage  Request Allocated 
	   Cpus                 :     0.26        1         1 
	   Disk (KB)            :    66           1      3725 
	   GPUs                 :                           0 
	   Memory (MB)          :   279        3000      3000 
	   TimeExecute (s)      :   574                       
	   TimeSlotBusy (s)     :   577                       
...
000 (16827633.036.000) 09/22 16:48:51 Job submitted from host: <188.184.90.241:9618?addrs=188.184.90.241-9618+[2001-1458-201-e4--100-2eb]-9618&alias=bigbird15.cern.ch&noUDP&sock=schedd_3150_376a>
...
040 (16827633.036.000) 09/22 17:13:40 Started transferring input files
	Transferring to host: <188.185.210.208:9618?addrs=188.185.210.208-9618+[2001-1458-303-15--100-4c]-9618&alias=b9p22p0624.cern.ch&noUDP&sock=slot1_32_5776_76e4_68246>
...
040 (16827633.036.000) 09/22 17:13:40 Finished transferring input files
...
001 (16827633.036.000) 09/22 17:13:41 Job executing on host: <188.185.210.208:9618?addrs=188.185.210.208-9618+[2001-1458-303-15--100-4c]-9618&alias=b9p22p0624.cern.ch&noUDP&sock=startd_4738_73cf>
	SlotName: slot1_32@b9p22p0624.cern.ch
	CondorScratchDir = "/pool/condor/dir_3886816"
	Cpus = 1
	Disk = 3639
	GPUs = 0
	Memory = 3000
...
006 (16827633.036.000) 09/22 17:13:49 Image size of job updated: 1772
	2  -  MemoryUsage of job (MB)
	1444  -  ResidentSetSize of job (KB)
...
006 (16827633.036.000) 09/22 17:18:49 Image size of job updated: 286980
	281  -  MemoryUsage of job (MB)
	286980  -  ResidentSetSize of job (KB)
...
006 (16827633.036.000) 09/22 17:23:50 Image size of job updated: 286992
	281  -  MemoryUsage of job (MB)
	286992  -  ResidentSetSize of job (KB)
...
006 (16827633.036.000) 09/22 17:24:46 Image size of job updated: 286996
	281  -  MemoryUsage of job (MB)
	286992  -  ResidentSetSize of job (KB)
...
040 (16827633.036.000) 09/22 17:24:46 Started transferring output files
...
040 (16827633.036.000) 09/22 17:24:46 Finished transferring output files
...
005 (16827633.036.000) 09/22 17:24:46 Job terminated.
	(1) Normal termination (return value 0)
		Usr 0 00:08:42, Sys 0 00:00:18  -  Run Remote Usage
		Usr 0 00:00:00, Sys 0 00:00:00  -  Run Local Usage
		Usr 0 00:08:42, Sys 0 00:00:18  -  Total Remote Usage
		Usr 0 00:00:00, Sys 0 00:00:00  -  Total Local Usage
	13013  -  Run Bytes Sent By Job
	853  -  Run Bytes Received By Job
	13013  -  Total Bytes Sent By Job
	853  -  Total Bytes Received By Job
	Partitionable Resources :    Usage  Request Allocated 
	   Cpus                 :        0        1         1 
	   Disk (KB)            :       56        1      3639 
	   GPUs                 :                           0 
	   Memory (MB)          :      281     3000      3000 
	   TimeExecute (s)      :      665                    
	   TimeSlotBusy (s)     :      667                    
...
000 (16828034.036.000) 09/22 17:37:17 Job submitted from host: <188.184.90.241:9618?addrs=188.184.90.241-9618+[2001-1458-201-e4--100-2eb]-9618&alias=bigbird15.cern.ch&noUDP&sock=schedd_3150_376a>
...
040 (16828034.036.000) 09/22 17:44:39 Started transferring input files
	Transferring to host: <188.185.213.204:9618?addrs=188.185.213.204-9618+[2001-1458-303-1b--100-48]-9618&alias=b9p28p7017.cern.ch&noUDP&sock=slot1_39_9006_4aa7_69353>
...
040 (16828034.036.000) 09/22 17:44:39 Finished transferring input files
...
001 (16828034.036.000) 09/22 17:44:40 Job executing on host: <188.185.213.204:9618?addrs=188.185.213.204-9618+[2001-1458-303-1b--100-48]-9618&alias=b9p28p7017.cern.ch&noUDP&sock=startd_7849_56f1>
	SlotName: slot1_39@b9p28p7017.cern.ch
	CondorScratchDir = "/pool/condor/dir_868319"
	Cpus = 1
	Disk = 3777
	GPUs = 0
	Memory = 3000
...
006 (16828034.036.000) 09/22 17:44:48 Image size of job updated: 1596
	2  -  MemoryUsage of job (MB)
	1596  -  ResidentSetSize of job (KB)
...
006 (16828034.036.000) 09/22 17:49:48 Image size of job updated: 284896
	279  -  MemoryUsage of job (MB)
	284896  -  ResidentSetSize of job (KB)
...
006 (16828034.036.000) 09/22 17:54:46 Image size of job updated: 297208
	279  -  MemoryUsage of job (MB)
	284896  -  ResidentSetSize of job (KB)
...
040 (16828034.036.000) 09/22 17:54:46 Started transferring output files
...
040 (16828034.036.000) 09/22 17:54:46 Finished transferring output files
...
005 (16828034.036.000) 09/22 17:54:47 Job terminated.
	(1) Normal termination (return value 0)
		Usr 0 00:08:17, Sys 0 00:00:19  -  Run Remote Usage
		Usr 0 00:00:00, Sys 0 00:00:00  -  Run Local Usage
		Usr 0 00:08:17, Sys 0 00:00:19  -  Total Remote Usage
		Usr 0 00:00:00, Sys 0 00:00:00  -  Total Local Usage
	13013  -  Run Bytes Sent By Job
	853  -  Run Bytes Received By Job
	13013  -  Total Bytes Sent By Job
	853  -  Total Bytes Received By Job
	Partitionable Resources :    Usage  Request Allocated 
	   Cpus                 :     0.87        1         1 
	   Disk (KB)            :    45           1      3777 
	   GPUs                 :                           0 
	   Memory (MB)          :   279        3000      3000 
	   TimeExecute (s)      :   606                       
	   TimeSlotBusy (s)     :   608                       
...
