000 (16827608.042.000) 09/22 12:58:51 Job submitted from host: <188.184.90.241:9618?addrs=188.184.90.241-9618+[2001-1458-201-e4--100-2eb]-9618&alias=bigbird15.cern.ch&noUDP&sock=schedd_3150_376a>
...
040 (16827608.042.000) 09/22 13:00:58 Started transferring input files
	Transferring to host: <188.185.212.150:9618?addrs=188.185.212.150-9618+[2001-1458-303-19--100-12]-9618&alias=b9p26p2685.cern.ch&noUDP&sock=slot1_32_8348_abcd_76672>
...
040 (16827608.042.000) 09/22 13:00:58 Finished transferring input files
...
001 (16827608.042.000) 09/22 13:00:59 Job executing on host: <188.185.212.150:9618?addrs=188.185.212.150-9618+[2001-1458-303-19--100-12]-9618&alias=b9p26p2685.cern.ch&noUDP&sock=startd_7657_a4c2>
	SlotName: slot1_32@b9p26p2685.cern.ch
	CondorScratchDir = "/pool/condor/dir_1010889"
	Cpus = 1
	Disk = 3738
	GPUs = 0
	Memory = 3000
...
006 (16827608.042.000) 09/22 13:01:08 Image size of job updated: 2532
	3  -  MemoryUsage of job (MB)
	2532  -  ResidentSetSize of job (KB)
...
006 (16827608.042.000) 09/22 13:06:09 Image size of job updated: 282152
	276  -  MemoryUsage of job (MB)
	282152  -  ResidentSetSize of job (KB)
...
006 (16827608.042.000) 09/22 13:11:05 Image size of job updated: 282212
	276  -  MemoryUsage of job (MB)
	282152  -  ResidentSetSize of job (KB)
...
040 (16827608.042.000) 09/22 13:11:05 Started transferring output files
...
040 (16827608.042.000) 09/22 13:11:05 Finished transferring output files
...
005 (16827608.042.000) 09/22 13:11:06 Job terminated.
	(1) Normal termination (return value 0)
		Usr 0 00:08:39, Sys 0 00:00:23  -  Run Remote Usage
		Usr 0 00:00:00, Sys 0 00:00:00  -  Run Local Usage
		Usr 0 00:08:39, Sys 0 00:00:23  -  Total Remote Usage
		Usr 0 00:00:00, Sys 0 00:00:00  -  Total Local Usage
	14029  -  Run Bytes Sent By Job
	853  -  Run Bytes Received By Job
	14029  -  Total Bytes Sent By Job
	853  -  Total Bytes Received By Job
	Partitionable Resources :    Usage  Request Allocated 
	   Cpus                 :        0        1         1 
	   Disk (KB)            :       66        1      3738 
	   GPUs                 :                           0 
	   Memory (MB)          :      276     3000      3000 
	   TimeExecute (s)      :      606                    
	   TimeSlotBusy (s)     :      607                    
...
000 (16827633.042.000) 09/22 16:48:51 Job submitted from host: <188.184.90.241:9618?addrs=188.184.90.241-9618+[2001-1458-201-e4--100-2eb]-9618&alias=bigbird15.cern.ch&noUDP&sock=schedd_3150_376a>
...
040 (16827633.042.000) 09/22 17:13:48 Started transferring input files
	Transferring to host: <188.185.212.232:9618?addrs=188.185.212.232-9618+[2001-1458-303-19--100-64]-9618&alias=b9p26p1694.cern.ch&noUDP&sock=slot1_12_4568_51b3_67269>
...
040 (16827633.042.000) 09/22 17:13:48 Finished transferring input files
...
001 (16827633.042.000) 09/22 17:13:49 Job executing on host: <188.185.212.232:9618?addrs=188.185.212.232-9618+[2001-1458-303-19--100-64]-9618&alias=b9p26p1694.cern.ch&noUDP&sock=startd_3927_2c80>
	SlotName: slot1_12@b9p26p1694.cern.ch
	CondorScratchDir = "/pool/condor/dir_2465584"
	Cpus = 1
	Disk = 3663
	GPUs = 0
	Memory = 3000
...
006 (16827633.042.000) 09/22 17:13:58 Image size of job updated: 2496
	3  -  MemoryUsage of job (MB)
	2496  -  ResidentSetSize of job (KB)
...
006 (16827633.042.000) 09/22 17:18:59 Image size of job updated: 280220
	274  -  MemoryUsage of job (MB)
	280220  -  ResidentSetSize of job (KB)
...
006 (16827633.042.000) 09/22 17:23:59 Image size of job updated: 280276
	274  -  MemoryUsage of job (MB)
	280276  -  ResidentSetSize of job (KB)
...
006 (16827633.042.000) 09/22 17:24:06 Image size of job updated: 290128
	274  -  MemoryUsage of job (MB)
	280276  -  ResidentSetSize of job (KB)
...
040 (16827633.042.000) 09/22 17:24:06 Started transferring output files
...
040 (16827633.042.000) 09/22 17:24:06 Finished transferring output files
...
005 (16827633.042.000) 09/22 17:24:06 Job terminated.
	(1) Normal termination (return value 0)
		Usr 0 00:08:38, Sys 0 00:00:19  -  Run Remote Usage
		Usr 0 00:00:00, Sys 0 00:00:00  -  Run Local Usage
		Usr 0 00:08:38, Sys 0 00:00:19  -  Total Remote Usage
		Usr 0 00:00:00, Sys 0 00:00:00  -  Total Local Usage
	13046  -  Run Bytes Sent By Job
	853  -  Run Bytes Received By Job
	13046  -  Total Bytes Sent By Job
	853  -  Total Bytes Received By Job
	Partitionable Resources :    Usage  Request Allocated 
	   Cpus                 :     0.79        1         1 
	   Disk (KB)            :    58           1      3663 
	   GPUs                 :                           0 
	   Memory (MB)          :   274        3000      3000 
	   TimeExecute (s)      :   617                       
	   TimeSlotBusy (s)     :   618                       
...
000 (16828034.042.000) 09/22 17:37:17 Job submitted from host: <188.184.90.241:9618?addrs=188.184.90.241-9618+[2001-1458-201-e4--100-2eb]-9618&alias=bigbird15.cern.ch&noUDP&sock=schedd_3150_376a>
...
040 (16828034.042.000) 09/22 17:44:58 Started transferring input files
	Transferring to host: <188.185.210.208:9618?addrs=188.185.210.208-9618+[2001-1458-303-15--100-4c]-9618&alias=b9p22p0624.cern.ch&noUDP&sock=slot1_50_5776_76e4_68278>
...
040 (16828034.042.000) 09/22 17:44:58 Finished transferring input files
...
001 (16828034.042.000) 09/22 17:44:59 Job executing on host: <188.185.210.208:9618?addrs=188.185.210.208-9618+[2001-1458-303-15--100-4c]-9618&alias=b9p22p0624.cern.ch&noUDP&sock=startd_4738_73cf>
	SlotName: slot1_50@b9p22p0624.cern.ch
	CondorScratchDir = "/pool/condor/dir_3936659"
	Cpus = 1
	Disk = 3638
	GPUs = 0
	Memory = 3000
...
006 (16828034.042.000) 09/22 17:45:07 Image size of job updated: 1568
	2  -  MemoryUsage of job (MB)
	1568  -  ResidentSetSize of job (KB)
...
006 (16828034.042.000) 09/22 17:50:07 Image size of job updated: 284672
	278  -  MemoryUsage of job (MB)
	284672  -  ResidentSetSize of job (KB)
...
006 (16828034.042.000) 09/22 17:55:08 Image size of job updated: 284724
	279  -  MemoryUsage of job (MB)
	284724  -  ResidentSetSize of job (KB)
...
006 (16828034.042.000) 09/22 17:55:30 Image size of job updated: 284728
	279  -  MemoryUsage of job (MB)
	284724  -  ResidentSetSize of job (KB)
...
040 (16828034.042.000) 09/22 17:55:30 Started transferring output files
...
040 (16828034.042.000) 09/22 17:55:30 Finished transferring output files
...
005 (16828034.042.000) 09/22 17:55:31 Job terminated.
	(1) Normal termination (return value 0)
		Usr 0 00:08:57, Sys 0 00:00:20  -  Run Remote Usage
		Usr 0 00:00:00, Sys 0 00:00:00  -  Run Local Usage
		Usr 0 00:08:57, Sys 0 00:00:20  -  Total Remote Usage
		Usr 0 00:00:00, Sys 0 00:00:00  -  Total Local Usage
	13046  -  Run Bytes Sent By Job
	853  -  Run Bytes Received By Job
	13046  -  Total Bytes Sent By Job
	853  -  Total Bytes Received By Job
	Partitionable Resources :    Usage  Request Allocated 
	   Cpus                 :     0.91        1         1 
	   Disk (KB)            :    48           1      3638 
	   GPUs                 :                           0 
	   Memory (MB)          :   279        3000      3000 
	   TimeExecute (s)      :   631                       
	   TimeSlotBusy (s)     :   632                       
...
