Running on host b9p29p0113.cern.ch
Input file: /eos/user/m/masegret/PerfectAlignment/user.lucam.mc23_13p6TeV.601190.PhPy8EG_AZNLO_Zmumu.MCP_TESTNTUP.mc23e_ANALYSIS.root/user.lucam.51077380._000005.ANALYSIS.root
[7mlsetup              [0m lsetup <tool1> [ <tool2> ...] (see lsetup -h):
[7m lsetup asetup      [0m  (or asetup) to setup an Athena release
[7m lsetup astyle      [0m  ATLAS style macros
[7m lsetup atlantis    [0m  Atlantis: event display
[7m lsetup centralpage [0m  Find samples
[7m lsetup eiclient    [0m  Event Index 
[7m lsetup emi         [0m  EMI: grid middleware user interface 
[7m lsetup lcgenv      [0m  lcgenv: setup tools from cvmfs SFT repository
[7m lsetup panda       [0m  Panda: Production ANd Distributed Analysis
[7m lsetup pyami       [0m  pyAMI: ATLAS Metadata Interface python client
[7m lsetup root        [0m  ROOT data processing framework
[7m lsetup rucio       [0m  distributed data management system client
[7m lsetup scikit      [0m  python data analysis ecosystem
[7m lsetup views       [0m  Set up a full LCG release
[7m lsetup xcache      [0m  XRootD local proxy cache
[7m lsetup xrootd      [0m  XRootD data access
[7madvancedTools       [0m advanced tools menu
[7mdiagnostics         [0m diagnostic tools menu
[7mhelpMe              [0m more help
[7minstallPip          [0m install relocatable pip modules locally
[7minstallRpm          [0m install relocatable rpms locally
[7mprintMenu           [0m show this menu
[7mqueryC              [0m find / whatis container query
[7mshowVersions        [0m show versions of installed software

************************************************************************
Requested:  root ... 
 Setting up [4mroot 6.40.02-x86_64-el9-gcc15-opt[0m ... 
  ROOT is from lcgenv -p LCG_110_ATLAS_1 x86_64-el9-gcc15-opt ROOT
>>>>>>>>>>>>>>>>>>>>>>>>> Information for user <<<<<<<<<<<<<<<<<<<<<<<<<
 root:
   Tip for _this_ standalone ROOT and grid (ie prun) submission:
    avoid --athenaTag if you do not need athena
    use --rootVer=6.40.02 --cmtConfig=x86_64-el9-gcc15-opt
 root:
   Note this ROOT from lcgenv sets up a long list of library paths.
   This may slow down executables; they look at each library path item.
   A faster alternative - setup the entire LCG stack with views:
    lsetup "views LCG_110_ATLAS_1 x86_64-el9-gcc15-opt"
************************************************************************
[INFO] Aggiunto file singolo: /eos/user/m/masegret/PerfectAlignment/user.lucam.mc23_13p6TeV.601190.PhPy8EG_AZNLO_Zmumu.MCP_TESTNTUP.mc23e_ANALYSIS.root/user.lucam.51077380._000005.ANALYSIS.root
[INFO] Entries totali = 612108

[INFO] Inizio loop eventi...

[INFO] Processati 0 eventi
[INFO] Processati 50000 eventi
[INFO] Processati 100000 eventi
[INFO] Processati 150000 eventi
[INFO] Processati 200000 eventi
[INFO] Processati 250000 eventi
[INFO] Processati 300000 eventi
[INFO] Processati 350000 eventi
[INFO] Processati 400000 eventi
[INFO] Processati 450000 eventi
[INFO] Processati 500000 eventi
[INFO] Processati 550000 eventi
[INFO] Processati 600000 eventi

[INFO] Muoni prompt processati = 996165
[INFO] Muoni riempiti negli istogrammi = 864490
[INFO] 36 istogrammi salvati in output_eta.root

=== pT bin 20_30 ===
  eta 0.0-0.1: entries=7240, RMS=0.0218
  eta 0.1-1.01: entries=71068, RMS=0.0217
  eta 1.01-1.3: entries=22080, RMS=0.0257
  eta 1.3-1.7: entries=29384, RMS=0.0307
  eta 1.7-2.5: entries=53084, RMS=0.0303
  eta 2.5-2.8: entries=7798, RMS=0.0405

=== pT bin 30_40 ===
  eta 0.0-0.1: entries=11129, RMS=0.0234
  eta 0.1-1.01: entries=103059, RMS=0.0228
  eta 1.01-1.3: entries=31770, RMS=0.0261
  eta 1.3-1.7: entries=42479, RMS=0.0317
  eta 1.7-2.5: entries=79215, RMS=0.0311
  eta 2.5-2.8: entries=11207, RMS=0.0393

=== pT bin 40_50 ===
  eta 0.0-0.1: entries=10671, RMS=0.0264
  eta 0.1-1.01: entries=97516, RMS=0.0239
  eta 1.01-1.3: entries=30438, RMS=0.0264
  eta 1.3-1.7: entries=41147, RMS=0.0331
  eta 1.7-2.5: entries=76862, RMS=0.0318
  eta 2.5-2.8: entries=10163, RMS=0.0387

=== pT bin 50_80 ===
  eta 0.0-0.1: entries=4490, RMS=0.0291
  eta 0.1-1.01: entries=41526, RMS=0.0260
  eta 1.01-1.3: entries=12594, RMS=0.0277
  eta 1.3-1.7: entries=16555, RMS=0.0352
  eta 1.7-2.5: entries=29806, RMS=0.0336
  eta 2.5-2.8: entries=3774, RMS=0.0385

=== pT bin 80_120 ===
  eta 0.0-0.1: entries=692, RMS=0.0371
  eta 0.1-1.01: entries=5987, RMS=0.0305
  eta 1.01-1.3: entries=1863, RMS=0.0330
  eta 1.3-1.7: entries=2355, RMS=0.0420
  eta 1.7-2.5: entries=3859, RMS=0.0357
  eta 2.5-2.8: entries=445, RMS=0.0382

=== pT bin 120_500 ===
  eta 0.0-0.1: entries=183, RMS=0.0568
  eta 0.1-1.01: entries=1739, RMS=0.0390
  eta 1.01-1.3: entries=542, RMS=0.0389
  eta 1.3-1.7: entries=674, RMS=0.0492
  eta 1.7-2.5: entries=997, RMS=0.0401
  eta 2.5-2.8: entries=99, RMS=0.0440
[INFO] Tabella salvata in images/table_RMS_vs_eta.pdf

[INFO] Plot salvato in images/plot_RMS_vs_eta.png (.pdf)
[INFO] Plot overlay eta salvato in images/plot_eta_overlay.png (.pdf)
[INFO] Tabella salvata in images/table_RMS_vs_eta.pdf
Exit code: 0
