000 (16827608.039.000) 09/22 12:58:51 Job submitted from host: <188.184.90.241:9618?addrs=188.184.90.241-9618+[2001-1458-201-e4--100-2eb]-9618&alias=bigbird15.cern.ch&noUDP&sock=schedd_3150_376a>
...
040 (16827608.039.000) 09/22 13:00:59 Started transferring input files
	Transferring to host: <188.185.211.217:9618?addrs=188.185.211.217-9618+[2001-1458-303-17--100-55]-9618&alias=b9p24p8616.cern.ch&noUDP&sock=slot1_21_3997_ff7c_76004>
...
040 (16827608.039.000) 09/22 13:00:59 Finished transferring input files
...
001 (16827608.039.000) 09/22 13:01:00 Job executing on host: <188.185.211.217:9618?addrs=188.185.211.217-9618+[2001-1458-303-17--100-55]-9618&alias=b9p24p8616.cern.ch&noUDP&sock=startd_3731_bbf0>
	SlotName: slot1_21@b9p24p8616.cern.ch
	CondorScratchDir = "/pool/condor/dir_93480"
	Cpus = 1
	Disk = 3840
	GPUs = 0
	Memory = 3000
...
006 (16827608.039.000) 09/22 13:01:09 Image size of job updated: 3920
	4  -  MemoryUsage of job (MB)
	3920  -  ResidentSetSize of job (KB)
...
006 (16827608.039.000) 09/22 13:06:10 Image size of job updated: 280620
	275  -  MemoryUsage of job (MB)
	280620  -  ResidentSetSize of job (KB)
...
006 (16827608.039.000) 09/22 13:09:49 Image size of job updated: 280624
	275  -  MemoryUsage of job (MB)
	280620  -  ResidentSetSize of job (KB)
...
040 (16827608.039.000) 09/22 13:09:49 Started transferring output files
...
040 (16827608.039.000) 09/22 13:09:49 Finished transferring output files
...
005 (16827608.039.000) 09/22 13:09:50 Job terminated.
	(1) Normal termination (return value 0)
		Usr 0 00:07:29, Sys 0 00:00:21  -  Run Remote Usage
		Usr 0 00:00:00, Sys 0 00:00:00  -  Run Local Usage
		Usr 0 00:07:29, Sys 0 00:00:21  -  Total Remote Usage
		Usr 0 00:00:00, Sys 0 00:00:00  -  Total Local Usage
	14029  -  Run Bytes Sent By Job
	853  -  Run Bytes Received By Job
	14029  -  Total Bytes Sent By Job
	853  -  Total Bytes Received By Job
	Partitionable Resources :    Usage  Request Allocated 
	   Cpus                 :     0.92        1         1 
	   Disk (KB)            :    66           1      3840 
	   GPUs                 :                           0 
	   Memory (MB)          :   275        3000      3000 
	   TimeExecute (s)      :   529                       
	   TimeSlotBusy (s)     :   531                       
...
000 (16827633.039.000) 09/22 16:48:51 Job submitted from host: <188.184.90.241:9618?addrs=188.184.90.241-9618+[2001-1458-201-e4--100-2eb]-9618&alias=bigbird15.cern.ch&noUDP&sock=schedd_3150_376a>
...
040 (16827633.039.000) 09/22 17:13:40 Started transferring input files
	Transferring to host: <188.185.214.35:9618?addrs=188.185.214.35-9618+[2001-1458-303-1c--100-1f]-9618&alias=b9p29p9581.cern.ch&noUDP&sock=slot1_23_4761_4e1b_68106>
...
040 (16827633.039.000) 09/22 17:13:40 Finished transferring input files
...
001 (16827633.039.000) 09/22 17:13:41 Job executing on host: <188.185.214.35:9618?addrs=188.185.214.35-9618+[2001-1458-303-1c--100-1f]-9618&alias=b9p29p9581.cern.ch&noUDP&sock=startd_4113_c11e>
	SlotName: slot1_23@b9p29p9581.cern.ch
	CondorScratchDir = "/pool/condor/dir_1755024"
	Cpus = 1
	Disk = 3601
	GPUs = 0
	Memory = 3000
...
006 (16827633.039.000) 09/22 17:13:49 Image size of job updated: 1484
	2  -  MemoryUsage of job (MB)
	1044  -  ResidentSetSize of job (KB)
...
006 (16827633.039.000) 09/22 17:18:49 Image size of job updated: 285736
	280  -  MemoryUsage of job (MB)
	285736  -  ResidentSetSize of job (KB)
...
006 (16827633.039.000) 09/22 17:23:50 Image size of job updated: 285744
	280  -  MemoryUsage of job (MB)
	285744  -  ResidentSetSize of job (KB)
...
040 (16827633.039.000) 09/22 17:24:06 Started transferring output files
...
040 (16827633.039.000) 09/22 17:24:06 Finished transferring output files
...
005 (16827633.039.000) 09/22 17:24:06 Job terminated.
	(1) Normal termination (return value 0)
		Usr 0 00:08:38, Sys 0 00:00:28  -  Run Remote Usage
		Usr 0 00:00:00, Sys 0 00:00:00  -  Run Local Usage
		Usr 0 00:08:38, Sys 0 00:00:28  -  Total Remote Usage
		Usr 0 00:00:00, Sys 0 00:00:00  -  Total Local Usage
	13046  -  Run Bytes Sent By Job
	853  -  Run Bytes Received By Job
	13046  -  Total Bytes Sent By Job
	853  -  Total Bytes Received By Job
	Partitionable Resources :    Usage  Request Allocated 
	   Cpus                 :                 1         1 
	   Disk (KB)            :       35        1      3601 
	   GPUs                 :                           0 
	   Memory (MB)          :      280     3000      3000 
	   TimeExecute (s)      :      625                    
	   TimeSlotBusy (s)     :      627                    
...
