Running on host b9p22p0624.cern.ch
Input file: /eos/user/m/masegret/PerfectAlignment/user.lucam.mc23_13p6TeV.601190.PhPy8EG_AZNLO_Zmumu.MCP_TESTNTUP.mc23e_ANALYSIS.root/user.lucam.51077380._000045.ANALYSIS.root
[7mlsetup              [0m lsetup <tool1> [ <tool2> ...] (see lsetup -h):
[7m lsetup asetup      [0m  (or asetup) to setup an Athena release
[7m lsetup astyle      [0m  ATLAS style macros
[7m lsetup atlantis    [0m  Atlantis: event display
[7m lsetup centralpage [0m  Find samples
[7m lsetup eiclient    [0m  Event Index 
[7m lsetup emi         [0m  EMI: grid middleware user interface 
[7m lsetup lcgenv      [0m  lcgenv: setup tools from cvmfs SFT repository
[7m lsetup panda       [0m  Panda: Production ANd Distributed Analysis
[7m lsetup pyami       [0m  pyAMI: ATLAS Metadata Interface python client
[7m lsetup root        [0m  ROOT data processing framework
[7m lsetup rucio       [0m  distributed data management system client
[7m lsetup scikit      [0m  python data analysis ecosystem
[7m lsetup views       [0m  Set up a full LCG release
[7m lsetup xcache      [0m  XRootD local proxy cache
[7m lsetup xrootd      [0m  XRootD data access
[7madvancedTools       [0m advanced tools menu
[7mdiagnostics         [0m diagnostic tools menu
[7mhelpMe              [0m more help
[7minstallPip          [0m install relocatable pip modules locally
[7minstallRpm          [0m install relocatable rpms locally
[7mprintMenu           [0m show this menu
[7mqueryC              [0m find / whatis container query
[7mshowVersions        [0m show versions of installed software

************************************************************************
Requested:  root ... 
 Setting up [4mroot 6.40.02-x86_64-el9-gcc15-opt[0m ... 
  ROOT is from lcgenv -p LCG_110_ATLAS_1 x86_64-el9-gcc15-opt ROOT
>>>>>>>>>>>>>>>>>>>>>>>>> Information for user <<<<<<<<<<<<<<<<<<<<<<<<<
 root:
   Tip for _this_ standalone ROOT and grid (ie prun) submission:
    avoid --athenaTag if you do not need athena
    use --rootVer=6.40.02 --cmtConfig=x86_64-el9-gcc15-opt
 root:
   Note this ROOT from lcgenv sets up a long list of library paths.
   This may slow down executables; they look at each library path item.
   A faster alternative - setup the entire LCG stack with views:
    lsetup "views LCG_110_ATLAS_1 x86_64-el9-gcc15-opt"
************************************************************************
[INFO] Aggiunto file singolo: /eos/user/m/masegret/PerfectAlignment/user.lucam.mc23_13p6TeV.601190.PhPy8EG_AZNLO_Zmumu.MCP_TESTNTUP.mc23e_ANALYSIS.root/user.lucam.51077380._000045.ANALYSIS.root
[INFO] Entries totali = 4845871

[INFO] Inizio loop eventi...

[INFO] Processati 0 eventi
[INFO] Processati 50000 eventi
[INFO] Processati 100000 eventi
[INFO] Processati 150000 eventi
[INFO] Processati 200000 eventi
[INFO] Processati 250000 eventi
[INFO] Processati 300000 eventi
[INFO] Processati 350000 eventi
[INFO] Processati 400000 eventi
[INFO] Processati 450000 eventi
[INFO] Processati 500000 eventi
[INFO] Processati 550000 eventi
[INFO] Processati 600000 eventi
[INFO] Processati 650000 eventi
[INFO] Processati 700000 eventi
[INFO] Processati 750000 eventi
[INFO] Processati 800000 eventi
[INFO] Processati 850000 eventi
[INFO] Processati 900000 eventi
[INFO] Processati 950000 eventi
[INFO] Processati 1000000 eventi
[INFO] Processati 1050000 eventi
[INFO] Processati 1100000 eventi
[INFO] Processati 1150000 eventi
[INFO] Processati 1200000 eventi
[INFO] Processati 1250000 eventi
[INFO] Processati 1300000 eventi
[INFO] Processati 1350000 eventi
[INFO] Processati 1400000 eventi
[INFO] Processati 1450000 eventi
[INFO] Processati 1500000 eventi
[INFO] Processati 1550000 eventi
[INFO] Processati 1600000 eventi
[INFO] Processati 1650000 eventi
[INFO] Processati 1700000 eventi
[INFO] Processati 1750000 eventi
[INFO] Processati 1800000 eventi
[INFO] Processati 1850000 eventi
[INFO] Processati 1900000 eventi
[INFO] Processati 1950000 eventi
[INFO] Processati 2000000 eventi
[INFO] Processati 2050000 eventi
[INFO] Processati 2100000 eventi
[INFO] Processati 2150000 eventi
[INFO] Processati 2200000 eventi
[INFO] Processati 2250000 eventi
[INFO] Processati 2300000 eventi
[INFO] Processati 2350000 eventi
[INFO] Processati 2400000 eventi
[INFO] Processati 2450000 eventi
[INFO] Processati 2500000 eventi
[INFO] Processati 2550000 eventi
[INFO] Processati 2600000 eventi
[INFO] Processati 2650000 eventi
[INFO] Processati 2700000 eventi
[INFO] Processati 2750000 eventi
[INFO] Processati 2800000 eventi
[INFO] Processati 2850000 eventi
[INFO] Processati 2900000 eventi
[INFO] Processati 2950000 eventi
[INFO] Processati 3000000 eventi
[INFO] Processati 3050000 eventi
[INFO] Processati 3100000 eventi
[INFO] Processati 3150000 eventi
[INFO] Processati 3200000 eventi
[INFO] Processati 3250000 eventi
[INFO] Processati 3300000 eventi
[INFO] Processati 3350000 eventi
[INFO] Processati 3400000 eventi
[INFO] Processati 3450000 eventi
[INFO] Processati 3500000 eventi
[INFO] Processati 3550000 eventi
[INFO] Processati 3600000 eventi
[INFO] Processati 3650000 eventi
[INFO] Processati 3700000 eventi
[INFO] Processati 3750000 eventi
[INFO] Processati 3800000 eventi
[INFO] Processati 3850000 eventi
[INFO] Processati 3900000 eventi
[INFO] Processati 3950000 eventi
[INFO] Processati 4000000 eventi
[INFO] Processati 4050000 eventi
[INFO] Processati 4100000 eventi
[INFO] Processati 4150000 eventi
[INFO] Processati 4200000 eventi
[INFO] Processati 4250000 eventi
[INFO] Processati 4300000 eventi
[INFO] Processati 4350000 eventi
[INFO] Processati 4400000 eventi
[INFO] Processati 4450000 eventi
[INFO] Processati 4500000 eventi
[INFO] Processati 4550000 eventi
[INFO] Processati 4600000 eventi
[INFO] Processati 4650000 eventi
[INFO] Processati 4700000 eventi
[INFO] Processati 4750000 eventi
[INFO] Processati 4800000 eventi

[INFO] Muoni prompt processati = 7884083
[INFO] Muoni riempiti negli istogrammi = 6840351
[INFO] 36 istogrammi salvati in output_eta.root

=== pT bin 20_30 ===
  eta 0.0-0.1: entries=56525, RMS=0.0221
  eta 0.1-1.01: entries=565409, RMS=0.0224
  eta 1.01-1.3: entries=174701, RMS=0.0265
  eta 1.3-1.7: entries=233795, RMS=0.0316
  eta 1.7-2.5: entries=421911, RMS=0.0360
  eta 2.5-2.8: entries=61055, RMS=0.0599

=== pT bin 30_40 ===
  eta 0.0-0.1: entries=87311, RMS=0.0252
  eta 0.1-1.01: entries=812046, RMS=0.0244
  eta 1.01-1.3: entries=251759, RMS=0.0280
  eta 1.3-1.7: entries=337628, RMS=0.0334
  eta 1.7-2.5: entries=626274, RMS=0.0372
  eta 2.5-2.8: entries=88639, RMS=0.0573

=== pT bin 40_50 ===
  eta 0.0-0.1: entries=83591, RMS=0.0271
  eta 0.1-1.01: entries=773409, RMS=0.0262
  eta 1.01-1.3: entries=240178, RMS=0.0296
  eta 1.3-1.7: entries=324114, RMS=0.0348
  eta 1.7-2.5: entries=609146, RMS=0.0382
  eta 2.5-2.8: entries=81355, RMS=0.0567

=== pT bin 50_80 ===
  eta 0.0-0.1: entries=35769, RMS=0.0316
  eta 0.1-1.01: entries=327538, RMS=0.0286
  eta 1.01-1.3: entries=99903, RMS=0.0313
  eta 1.3-1.7: entries=131895, RMS=0.0369
  eta 1.7-2.5: entries=233730, RMS=0.0398
  eta 2.5-2.8: entries=30279, RMS=0.0541

=== pT bin 80_120 ===
  eta 0.0-0.1: entries=5062, RMS=0.0410
  eta 0.1-1.01: entries=46553, RMS=0.0339
  eta 1.01-1.3: entries=14116, RMS=0.0357
  eta 1.3-1.7: entries=18077, RMS=0.0437
  eta 1.7-2.5: entries=31090, RMS=0.0443
  eta 2.5-2.8: entries=3834, RMS=0.0597

=== pT bin 120_500 ===
  eta 0.0-0.1: entries=1497, RMS=0.0643
  eta 0.1-1.01: entries=13905, RMS=0.0418
  eta 1.01-1.3: entries=4017, RMS=0.0460
  eta 1.3-1.7: entries=5284, RMS=0.0569
  eta 1.7-2.5: entries=8095, RMS=0.0517
  eta 2.5-2.8: entries=861, RMS=0.0587
[INFO] Tabella salvata in images/table_RMS_vs_eta.pdf

[INFO] Plot salvato in images/plot_RMS_vs_eta.png (.pdf)
[INFO] Plot overlay eta salvato in images/plot_eta_overlay.png (.pdf)
[INFO] Tabella salvata in images/table_RMS_vs_eta.pdf
Exit code: 0
