000 (16827608.044.000) 09/22 12:58:51 Job submitted from host: <188.184.90.241:9618?addrs=188.184.90.241-9618+[2001-1458-201-e4--100-2eb]-9618&alias=bigbird15.cern.ch&noUDP&sock=schedd_3150_376a>
...
040 (16827608.044.000) 09/22 13:00:59 Started transferring input files
	Transferring to host: <188.185.212.150:9618?addrs=188.185.212.150-9618+[2001-1458-303-19--100-12]-9618&alias=b9p26p2685.cern.ch&noUDP&sock=slot1_27_8348_abcd_76671>
...
040 (16827608.044.000) 09/22 13:00:59 Finished transferring input files
...
001 (16827608.044.000) 09/22 13:01:00 Job executing on host: <188.185.212.150:9618?addrs=188.185.212.150-9618+[2001-1458-303-19--100-12]-9618&alias=b9p26p2685.cern.ch&noUDP&sock=startd_7657_a4c2>
	SlotName: slot1_27@b9p26p2685.cern.ch
	CondorScratchDir = "/pool/condor/dir_1010883"
	Cpus = 1
	Disk = 3738
	GPUs = 0
	Memory = 3000
...
006 (16827608.044.000) 09/22 13:01:08 Image size of job updated: 11072
	11  -  MemoryUsage of job (MB)
	11072  -  ResidentSetSize of job (KB)
...
006 (16827608.044.000) 09/22 13:06:08 Image size of job updated: 284756
	279  -  MemoryUsage of job (MB)
	284756  -  ResidentSetSize of job (KB)
...
006 (16827608.044.000) 09/22 13:11:04 Image size of job updated: 284768
	279  -  MemoryUsage of job (MB)
	284756  -  ResidentSetSize of job (KB)
...
040 (16827608.044.000) 09/22 13:11:04 Started transferring output files
...
040 (16827608.044.000) 09/22 13:11:04 Finished transferring output files
...
005 (16827608.044.000) 09/22 13:11:05 Job terminated.
	(1) Normal termination (return value 0)
		Usr 0 00:08:39, Sys 0 00:00:21  -  Run Remote Usage
		Usr 0 00:00:00, Sys 0 00:00:00  -  Run Local Usage
		Usr 0 00:08:39, Sys 0 00:00:21  -  Total Remote Usage
		Usr 0 00:00:00, Sys 0 00:00:00  -  Total Local Usage
	14029  -  Run Bytes Sent By Job
	853  -  Run Bytes Received By Job
	14029  -  Total Bytes Sent By Job
	853  -  Total Bytes Received By Job
	Partitionable Resources :    Usage  Request Allocated 
	   Cpus                 :        0        1         1 
	   Disk (KB)            :       53        1      3738 
	   GPUs                 :                           0 
	   Memory (MB)          :      279     3000      3000 
	   TimeExecute (s)      :      604                    
	   TimeSlotBusy (s)     :      606                    
...
000 (16827633.044.000) 09/22 16:48:51 Job submitted from host: <188.184.90.241:9618?addrs=188.184.90.241-9618+[2001-1458-201-e4--100-2eb]-9618&alias=bigbird15.cern.ch&noUDP&sock=schedd_3150_376a>
...
040 (16827633.044.000) 09/22 17:15:11 Started transferring input files
	Transferring to host: <188.185.213.178:9618?addrs=188.185.213.178-9618+[2001-1458-303-1b--100-2e]-9618&alias=b9p28p3786.cern.ch&noUDP&sock=slot1_13_10018_5650_70947>
...
040 (16827633.044.000) 09/22 17:15:11 Finished transferring input files
...
001 (16827633.044.000) 09/22 17:15:12 Job executing on host: <188.185.213.178:9618?addrs=188.185.213.178-9618+[2001-1458-303-1b--100-2e]-9618&alias=b9p28p3786.cern.ch&noUDP&sock=startd_9216_fce8>
	SlotName: slot1_13@b9p28p3786.cern.ch
	CondorScratchDir = "/pool/condor/dir_3851093"
	Cpus = 1
	Disk = 3711
	GPUs = 0
	Memory = 3000
...
006 (16827633.044.000) 09/22 17:15:20 Image size of job updated: 3976
	4  -  MemoryUsage of job (MB)
	3976  -  ResidentSetSize of job (KB)
...
006 (16827633.044.000) 09/22 17:20:20 Image size of job updated: 280432
	274  -  MemoryUsage of job (MB)
	280432  -  ResidentSetSize of job (KB)
...
006 (16827633.044.000) 09/22 17:25:20 Image size of job updated: 280440
	274  -  MemoryUsage of job (MB)
	280440  -  ResidentSetSize of job (KB)
...
040 (16827633.044.000) 09/22 17:25:41 Started transferring output files
...
040 (16827633.044.000) 09/22 17:25:41 Finished transferring output files
...
005 (16827633.044.000) 09/22 17:25:42 Job terminated.
	(1) Normal termination (return value 0)
		Usr 0 00:09:07, Sys 0 00:00:18  -  Run Remote Usage
		Usr 0 00:00:00, Sys 0 00:00:00  -  Run Local Usage
		Usr 0 00:09:07, Sys 0 00:00:18  -  Total Remote Usage
		Usr 0 00:00:00, Sys 0 00:00:00  -  Total Local Usage
	13046  -  Run Bytes Sent By Job
	853  -  Run Bytes Received By Job
	13046  -  Total Bytes Sent By Job
	853  -  Total Bytes Received By Job
	Partitionable Resources :    Usage  Request Allocated 
	   Cpus                 :     0.93        1         1 
	   Disk (KB)            :    58           1      3711 
	   GPUs                 :                           0 
	   Memory (MB)          :   274        3000      3000 
	   TimeExecute (s)      :   629                       
	   TimeSlotBusy (s)     :   631                       
...
000 (16828034.044.000) 09/22 17:37:17 Job submitted from host: <188.184.90.241:9618?addrs=188.184.90.241-9618+[2001-1458-201-e4--100-2eb]-9618&alias=bigbird15.cern.ch&noUDP&sock=schedd_3150_376a>
...
040 (16828034.044.000) 09/22 17:45:37 Started transferring input files
	Transferring to host: <188.185.210.208:9618?addrs=188.185.210.208-9618+[2001-1458-303-15--100-4c]-9618&alias=b9p22p0624.cern.ch&noUDP&sock=slot1_41_5776_76e4_68284>
...
040 (16828034.044.000) 09/22 17:45:37 Finished transferring input files
...
001 (16828034.044.000) 09/22 17:45:38 Job executing on host: <188.185.210.208:9618?addrs=188.185.210.208-9618+[2001-1458-303-15--100-4c]-9618&alias=b9p22p0624.cern.ch&noUDP&sock=startd_4738_73cf>
	SlotName: slot1_41@b9p22p0624.cern.ch
	CondorScratchDir = "/pool/condor/dir_3944491"
	Cpus = 1
	Disk = 3638
	GPUs = 0
	Memory = 3000
...
006 (16828034.044.000) 09/22 17:45:46 Image size of job updated: 2296
	2  -  MemoryUsage of job (MB)
	1428  -  ResidentSetSize of job (KB)
...
006 (16828034.044.000) 09/22 17:50:46 Image size of job updated: 285172
	279  -  MemoryUsage of job (MB)
	285172  -  ResidentSetSize of job (KB)
...
006 (16828034.044.000) 09/22 17:55:47 Image size of job updated: 285192
	279  -  MemoryUsage of job (MB)
	285192  -  ResidentSetSize of job (KB)
...
040 (16828034.044.000) 09/22 17:56:08 Started transferring output files
...
040 (16828034.044.000) 09/22 17:56:08 Finished transferring output files
...
005 (16828034.044.000) 09/22 17:56:08 Job terminated.
	(1) Normal termination (return value 0)
		Usr 0 00:08:53, Sys 0 00:00:18  -  Run Remote Usage
		Usr 0 00:00:00, Sys 0 00:00:00  -  Run Local Usage
		Usr 0 00:08:53, Sys 0 00:00:18  -  Total Remote Usage
		Usr 0 00:00:00, Sys 0 00:00:00  -  Total Local Usage
	13046  -  Run Bytes Sent By Job
	853  -  Run Bytes Received By Job
	13046  -  Total Bytes Sent By Job
	853  -  Total Bytes Received By Job
	Partitionable Resources :    Usage  Request Allocated 
	   Cpus                 :     0.89        1         1 
	   Disk (KB)            :    57           1      3638 
	   GPUs                 :                           0 
	   Memory (MB)          :   279        3000      3000 
	   TimeExecute (s)      :   630                       
	   TimeSlotBusy (s)     :   632                       
...
