000 (16690473.024.000) 08/07 21:10:36 Job submitted from host: <188.184.90.241:9618?addrs=188.184.90.241-9618+[2001-1458-201-e4--100-2eb]-9618&alias=bigbird15.cern.ch&noUDP&sock=schedd_3150_376a>
...
040 (16690473.024.000) 08/07 21:12:24 Started transferring input files
	Transferring to host: <188.185.215.75:9618?addrs=188.185.215.75-9618+[2001-1458-303-1e--100-47]-9618&alias=b9p31p0608.cern.ch&noUDP&sock=slot1_16_9251_ea91_15308>
...
040 (16690473.024.000) 08/07 21:12:25 Finished transferring input files
...
001 (16690473.024.000) 08/07 21:12:25 Job executing on host: <188.185.215.75:9618?addrs=188.185.215.75-9618+[2001-1458-303-1e--100-47]-9618&alias=b9p31p0608.cern.ch&noUDP&sock=startd_8091_54dc>
	SlotName: slot1_16@b9p31p0608.cern.ch
	CondorScratchDir = "/pool/condor/dir_41339"
	Cpus = 1
	Disk = 3769
	GPUs = 0
	Memory = 3000
...
006 (16690473.024.000) 08/07 21:12:34 Image size of job updated: 3988
	4  -  MemoryUsage of job (MB)
	3988  -  ResidentSetSize of job (KB)
...
006 (16690473.024.000) 08/07 21:15:51 Image size of job updated: 311616
	4  -  MemoryUsage of job (MB)
	3992  -  ResidentSetSize of job (KB)
...
040 (16690473.024.000) 08/07 21:15:52 Started transferring output files
...
040 (16690473.024.000) 08/07 21:15:52 Finished transferring output files
...
005 (16690473.024.000) 08/07 21:15:52 Job terminated.
	(1) Normal termination (return value 0)
		Usr 0 00:02:50, Sys 0 00:00:13  -  Run Remote Usage
		Usr 0 00:00:00, Sys 0 00:00:00  -  Run Local Usage
		Usr 0 00:02:50, Sys 0 00:00:13  -  Total Remote Usage
		Usr 0 00:00:00, Sys 0 00:00:00  -  Total Local Usage
	11676  -  Run Bytes Sent By Job
	852  -  Run Bytes Received By Job
	11676  -  Total Bytes Sent By Job
	852  -  Total Bytes Received By Job
	Partitionable Resources :    Usage  Request Allocated 
	   Cpus                 :        0        1         1 
	   Disk (KB)            :       63        1      3769 
	   GPUs                 :                           0 
	   Memory (MB)          :        4     3000      3000 
	   TimeExecute (s)      :      206                    
	   TimeSlotBusy (s)     :      209                    
...
000 (16827608.034.000) 09/22 12:58:51 Job submitted from host: <188.184.90.241:9618?addrs=188.184.90.241-9618+[2001-1458-201-e4--100-2eb]-9618&alias=bigbird15.cern.ch&noUDP&sock=schedd_3150_376a>
...
040 (16827608.034.000) 09/22 13:00:59 Started transferring input files
	Transferring to host: <188.185.215.84:9618?addrs=188.185.215.84-9618+[2001-1458-303-1e--100-50]-9618&alias=b9p31p8082.cern.ch&noUDP&sock=slot1_37_6028_056e_66113>
...
040 (16827608.034.000) 09/22 13:00:59 Finished transferring input files
...
001 (16827608.034.000) 09/22 13:01:00 Job executing on host: <188.185.215.84:9618?addrs=188.185.215.84-9618+[2001-1458-303-1e--100-50]-9618&alias=b9p31p8082.cern.ch&noUDP&sock=startd_5277_295b>
	SlotName: slot1_37@b9p31p8082.cern.ch
	CondorScratchDir = "/pool/condor/dir_4134665"
	Cpus = 1
	Disk = 3781
	GPUs = 0
	Memory = 3000
...
006 (16827608.034.000) 09/22 13:01:08 Image size of job updated: 2436
	3  -  MemoryUsage of job (MB)
	2436  -  ResidentSetSize of job (KB)
...
006 (16827608.034.000) 09/22 13:02:37 Image size of job updated: 310428
	3  -  MemoryUsage of job (MB)
	2560  -  ResidentSetSize of job (KB)
...
040 (16827608.034.000) 09/22 13:02:37 Started transferring output files
...
040 (16827608.034.000) 09/22 13:02:37 Finished transferring output files
...
005 (16827608.034.000) 09/22 13:02:37 Job terminated.
	(1) Normal termination (return value 0)
		Usr 0 00:01:04, Sys 0 00:00:11  -  Run Remote Usage
		Usr 0 00:00:00, Sys 0 00:00:00  -  Run Local Usage
		Usr 0 00:01:04, Sys 0 00:00:11  -  Total Remote Usage
		Usr 0 00:00:00, Sys 0 00:00:00  -  Total Local Usage
	11231  -  Run Bytes Sent By Job
	852  -  Run Bytes Received By Job
	11231  -  Total Bytes Sent By Job
	852  -  Total Bytes Received By Job
	Partitionable Resources :    Usage  Request Allocated 
	   Cpus                 :        0        1         1 
	   Disk (KB)            :       66        1      3781 
	   GPUs                 :                           0 
	   Memory (MB)          :        3     3000      3000 
	   TimeExecute (s)      :       97                    
	   TimeSlotBusy (s)     :      100                    
...
000 (16827633.034.000) 09/22 16:48:51 Job submitted from host: <188.184.90.241:9618?addrs=188.184.90.241-9618+[2001-1458-201-e4--100-2eb]-9618&alias=bigbird15.cern.ch&noUDP&sock=schedd_3150_376a>
...
040 (16827633.034.000) 09/22 17:13:41 Started transferring input files
	Transferring to host: <188.185.214.97:9618?addrs=188.185.214.97-9618+[2001-1458-303-1c--100-5d]-9618&alias=b9p29p0113.cern.ch&noUDP&sock=slot1_7_8447_6cf1_68706>
...
040 (16827633.034.000) 09/22 17:13:41 Finished transferring input files
...
001 (16827633.034.000) 09/22 17:13:42 Job executing on host: <188.185.214.97:9618?addrs=188.185.214.97-9618+[2001-1458-303-1c--100-5d]-9618&alias=b9p29p0113.cern.ch&noUDP&sock=startd_7603_9aa5>
	SlotName: slot1_7@b9p29p0113.cern.ch
	CondorScratchDir = "/pool/condor/dir_1869398"
	Cpus = 1
	Disk = 3796
	GPUs = 0
	Memory = 3000
...
006 (16827633.034.000) 09/22 17:13:50 Image size of job updated: 10036
	10  -  MemoryUsage of job (MB)
	10036  -  ResidentSetSize of job (KB)
...
006 (16827633.034.000) 09/22 17:15:32 Image size of job updated: 303240
	12  -  MemoryUsage of job (MB)
	11768  -  ResidentSetSize of job (KB)
...
040 (16827633.034.000) 09/22 17:15:32 Started transferring output files
...
040 (16827633.034.000) 09/22 17:15:32 Finished transferring output files
...
005 (16827633.034.000) 09/22 17:15:32 Job terminated.
	(1) Normal termination (return value 0)
		Usr 0 00:01:12, Sys 0 00:00:09  -  Run Remote Usage
		Usr 0 00:00:00, Sys 0 00:00:00  -  Run Local Usage
		Usr 0 00:01:12, Sys 0 00:00:09  -  Total Remote Usage
		Usr 0 00:00:00, Sys 0 00:00:00  -  Total Local Usage
	10248  -  Run Bytes Sent By Job
	852  -  Run Bytes Received By Job
	10248  -  Total Bytes Sent By Job
	852  -  Total Bytes Received By Job
	Partitionable Resources :    Usage  Request Allocated 
	   Cpus                 :     0.08        1         1 
	   Disk (KB)            :    42           1      3796 
	   GPUs                 :                           0 
	   Memory (MB)          :    12        3000      3000 
	   TimeExecute (s)      :   110                       
	   TimeSlotBusy (s)     :   113                       
...
