000 (16827608.035.000) 09/22 12:58:51 Job submitted from host: <188.184.90.241:9618?addrs=188.184.90.241-9618+[2001-1458-201-e4--100-2eb]-9618&alias=bigbird15.cern.ch&noUDP&sock=schedd_3150_376a>
...
040 (16827608.035.000) 09/22 13:00:59 Started transferring input files
	Transferring to host: <188.185.214.230:9618?addrs=188.185.214.230-9618+[2001-1458-303-1d--100-62]-9618&alias=b9p30p8659.cern.ch&noUDP&sock=slot1_38_5831_3786_74882>
...
040 (16827608.035.000) 09/22 13:00:59 Finished transferring input files
...
001 (16827608.035.000) 09/22 13:01:00 Job executing on host: <188.185.214.230:9618?addrs=188.185.214.230-9618+[2001-1458-303-1d--100-62]-9618&alias=b9p30p8659.cern.ch&noUDP&sock=startd_4843_7941>
	SlotName: slot1_38@b9p30p8659.cern.ch
	CondorScratchDir = "/pool/condor/dir_1592574"
	Cpus = 1
	Disk = 3739
	GPUs = 0
	Memory = 3000
...
006 (16827608.035.000) 09/22 13:01:08 Image size of job updated: 3912
	4  -  MemoryUsage of job (MB)
	3912  -  ResidentSetSize of job (KB)
...
006 (16827608.035.000) 09/22 13:06:08 Image size of job updated: 285596
	279  -  MemoryUsage of job (MB)
	285596  -  ResidentSetSize of job (KB)
...
006 (16827608.035.000) 09/22 13:11:09 Image size of job updated: 285604
	279  -  MemoryUsage of job (MB)
	285604  -  ResidentSetSize of job (KB)
...
006 (16827608.035.000) 09/22 13:12:56 Image size of job updated: 285608
	279  -  MemoryUsage of job (MB)
	285604  -  ResidentSetSize of job (KB)
...
040 (16827608.035.000) 09/22 13:12:56 Started transferring output files
...
040 (16827608.035.000) 09/22 13:12:56 Finished transferring output files
...
005 (16827608.035.000) 09/22 13:12:56 Job terminated.
	(1) Normal termination (return value 0)
		Usr 0 00:08:24, Sys 0 00:00:20  -  Run Remote Usage
		Usr 0 00:00:00, Sys 0 00:00:00  -  Run Local Usage
		Usr 0 00:08:24, Sys 0 00:00:20  -  Total Remote Usage
		Usr 0 00:00:00, Sys 0 00:00:00  -  Total Local Usage
	13996  -  Run Bytes Sent By Job
	853  -  Run Bytes Received By Job
	13996  -  Total Bytes Sent By Job
	853  -  Total Bytes Received By Job
	Partitionable Resources :    Usage  Request Allocated 
	   Cpus                 :     0.88        1         1 
	   Disk (KB)            :    66           1      3739 
	   GPUs                 :                           0 
	   Memory (MB)          :   279        3000      3000 
	   TimeExecute (s)      :   716                       
	   TimeSlotBusy (s)     :   719                       
...
000 (16827633.035.000) 09/22 16:48:51 Job submitted from host: <188.184.90.241:9618?addrs=188.184.90.241-9618+[2001-1458-201-e4--100-2eb]-9618&alias=bigbird15.cern.ch&noUDP&sock=schedd_3150_376a>
...
040 (16827633.035.000) 09/22 17:13:40 Started transferring input files
	Transferring to host: <188.185.213.204:9618?addrs=188.185.213.204-9618+[2001-1458-303-1b--100-48]-9618&alias=b9p28p7017.cern.ch&noUDP&sock=slot1_30_9006_4aa7_69314>
...
040 (16827633.035.000) 09/22 17:13:40 Finished transferring input files
...
001 (16827633.035.000) 09/22 17:13:41 Job executing on host: <188.185.213.204:9618?addrs=188.185.213.204-9618+[2001-1458-303-1b--100-48]-9618&alias=b9p28p7017.cern.ch&noUDP&sock=startd_7849_56f1>
	SlotName: slot1_30@b9p28p7017.cern.ch
	CondorScratchDir = "/pool/condor/dir_785606"
	Cpus = 1
	Disk = 3777
	GPUs = 0
	Memory = 3000
...
006 (16827633.035.000) 09/22 17:13:49 Image size of job updated: 2324
	2  -  MemoryUsage of job (MB)
	1912  -  ResidentSetSize of job (KB)
...
006 (16827633.035.000) 09/22 17:18:49 Image size of job updated: 283176
	277  -  MemoryUsage of job (MB)
	283176  -  ResidentSetSize of job (KB)
...
006 (16827633.035.000) 09/22 17:23:50 Image size of job updated: 283188
	277  -  MemoryUsage of job (MB)
	283188  -  ResidentSetSize of job (KB)
...
040 (16827633.035.000) 09/22 17:24:21 Started transferring output files
...
040 (16827633.035.000) 09/22 17:24:21 Finished transferring output files
...
005 (16827633.035.000) 09/22 17:24:21 Job terminated.
	(1) Normal termination (return value 0)
		Usr 0 00:08:38, Sys 0 00:00:21  -  Run Remote Usage
		Usr 0 00:00:00, Sys 0 00:00:00  -  Run Local Usage
		Usr 0 00:08:38, Sys 0 00:00:21  -  Total Remote Usage
		Usr 0 00:00:00, Sys 0 00:00:00  -  Total Local Usage
	13013  -  Run Bytes Sent By Job
	853  -  Run Bytes Received By Job
	13013  -  Total Bytes Sent By Job
	853  -  Total Bytes Received By Job
	Partitionable Resources :    Usage  Request Allocated 
	   Cpus                 :     0.84        1         1 
	   Disk (KB)            :    56           1      3777 
	   GPUs                 :                           0 
	   Memory (MB)          :   277        3000      3000 
	   TimeExecute (s)      :   640                       
	   TimeSlotBusy (s)     :   642                       
...
000 (16828034.035.000) 09/22 17:37:17 Job submitted from host: <188.184.90.241:9618?addrs=188.184.90.241-9618+[2001-1458-201-e4--100-2eb]-9618&alias=bigbird15.cern.ch&noUDP&sock=schedd_3150_376a>
...
040 (16828034.035.000) 09/22 17:43:56 Started transferring input files
	Transferring to host: <188.185.213.229:9618?addrs=188.185.213.229-9618+[2001-1458-303-1b--100-61]-9618&alias=b9p28p7463.cern.ch&noUDP&sock=slot1_31_4202_7064_69248>
...
040 (16828034.035.000) 09/22 17:43:56 Finished transferring input files
...
001 (16828034.035.000) 09/22 17:43:57 Job executing on host: <188.185.213.229:9618?addrs=188.185.213.229-9618+[2001-1458-303-1b--100-61]-9618&alias=b9p28p7463.cern.ch&noUDP&sock=startd_3502_a8c0>
	SlotName: slot1_31@b9p28p7463.cern.ch
	CondorScratchDir = "/pool/condor/dir_1245921"
	Cpus = 1
	Disk = 3587
	GPUs = 0
	Memory = 3000
...
006 (16828034.035.000) 09/22 17:44:05 Image size of job updated: 2612
	2  -  MemoryUsage of job (MB)
	1748  -  ResidentSetSize of job (KB)
...
006 (16828034.035.000) 09/22 17:49:05 Image size of job updated: 280920
	275  -  MemoryUsage of job (MB)
	280920  -  ResidentSetSize of job (KB)
...
006 (16828034.035.000) 09/22 17:54:06 Image size of job updated: 280932
	275  -  MemoryUsage of job (MB)
	280932  -  ResidentSetSize of job (KB)
...
006 (16828034.035.000) 09/22 17:54:28 Image size of job updated: 280940
	275  -  MemoryUsage of job (MB)
	280932  -  ResidentSetSize of job (KB)
...
040 (16828034.035.000) 09/22 17:54:28 Started transferring output files
...
040 (16828034.035.000) 09/22 17:54:28 Finished transferring output files
...
005 (16828034.035.000) 09/22 17:54:28 Job terminated.
	(1) Normal termination (return value 0)
		Usr 0 00:08:30, Sys 0 00:00:20  -  Run Remote Usage
		Usr 0 00:00:00, Sys 0 00:00:00  -  Run Local Usage
		Usr 0 00:08:30, Sys 0 00:00:20  -  Total Remote Usage
		Usr 0 00:00:00, Sys 0 00:00:00  -  Total Local Usage
	13013  -  Run Bytes Sent By Job
	853  -  Run Bytes Received By Job
	13013  -  Total Bytes Sent By Job
	853  -  Total Bytes Received By Job
	Partitionable Resources :    Usage  Request Allocated 
	   Cpus                 :     0.87        1         1 
	   Disk (KB)            :    45           1      3587 
	   GPUs                 :                           0 
	   Memory (MB)          :   275        3000      3000 
	   TimeExecute (s)      :   631                       
	   TimeSlotBusy (s)     :   632                       
...
