000 (16827608.043.000) 09/22 12:58:51 Job submitted from host: <188.184.90.241:9618?addrs=188.184.90.241-9618+[2001-1458-201-e4--100-2eb]-9618&alias=bigbird15.cern.ch&noUDP&sock=schedd_3150_376a>
...
040 (16827608.043.000) 09/22 13:00:58 Started transferring input files
	Transferring to host: <188.185.210.105:9618?addrs=188.185.210.105-9618+[2001-1458-303-1--100-65]-9618&alias=b9p21p1603.cern.ch&noUDP&sock=slot1_35_5313_3d31_76256>
...
040 (16827608.043.000) 09/22 13:00:58 Finished transferring input files
...
001 (16827608.043.000) 09/22 13:00:59 Job executing on host: <188.185.210.105:9618?addrs=188.185.210.105-9618+[2001-1458-303-1--100-65]-9618&alias=b9p21p1603.cern.ch&noUDP&sock=startd_4329_e993>
	SlotName: slot1_35@b9p21p1603.cern.ch
	CondorScratchDir = "/pool/condor/dir_3951308"
	Cpus = 1
	Disk = 3795
	GPUs = 0
	Memory = 3000
...
006 (16827608.043.000) 09/22 13:01:08 Image size of job updated: 3924
	4  -  MemoryUsage of job (MB)
	3924  -  ResidentSetSize of job (KB)
...
006 (16827608.043.000) 09/22 13:06:09 Image size of job updated: 285312
	279  -  MemoryUsage of job (MB)
	285312  -  ResidentSetSize of job (KB)
...
006 (16827608.043.000) 09/22 13:11:09 Image size of job updated: 285392
	279  -  MemoryUsage of job (MB)
	285392  -  ResidentSetSize of job (KB)
...
006 (16827608.043.000) 09/22 13:12:29 Image size of job updated: 295448
	279  -  MemoryUsage of job (MB)
	285392  -  ResidentSetSize of job (KB)
...
040 (16827608.043.000) 09/22 13:12:29 Started transferring output files
...
040 (16827608.043.000) 09/22 13:12:29 Finished transferring output files
...
005 (16827608.043.000) 09/22 13:12:29 Job terminated.
	(1) Normal termination (return value 0)
		Usr 0 00:08:12, Sys 0 00:00:22  -  Run Remote Usage
		Usr 0 00:00:00, Sys 0 00:00:00  -  Run Local Usage
		Usr 0 00:08:12, Sys 0 00:00:22  -  Total Remote Usage
		Usr 0 00:00:00, Sys 0 00:00:00  -  Total Local Usage
	14063  -  Run Bytes Sent By Job
	853  -  Run Bytes Received By Job
	14063  -  Total Bytes Sent By Job
	853  -  Total Bytes Received By Job
	Partitionable Resources :    Usage  Request Allocated 
	   Cpus                 :     0.90        1         1 
	   Disk (KB)            :    66           1      3795 
	   GPUs                 :                           0 
	   Memory (MB)          :   279        3000      3000 
	   TimeExecute (s)      :   690                       
	   TimeSlotBusy (s)     :   691                       
...
000 (16827633.043.000) 09/22 16:48:51 Job submitted from host: <188.184.90.241:9618?addrs=188.184.90.241-9618+[2001-1458-201-e4--100-2eb]-9618&alias=bigbird15.cern.ch&noUDP&sock=schedd_3150_376a>
...
040 (16827633.043.000) 09/22 17:14:32 Started transferring input files
	Transferring to host: <188.185.196.31:9618?addrs=188.185.196.31-9618+[2001-1458-303-23--100-1b]-9618&alias=b9p16p0041.cern.ch&noUDP&sock=slot1_39_5555_bffb_63137>
...
040 (16827633.043.000) 09/22 17:14:32 Finished transferring input files
...
001 (16827633.043.000) 09/22 17:14:33 Job executing on host: <188.185.196.31:9618?addrs=188.185.196.31-9618+[2001-1458-303-23--100-1b]-9618&alias=b9p16p0041.cern.ch&noUDP&sock=startd_4366_4a94>
	SlotName: slot1_39@b9p16p0041.cern.ch
	CondorScratchDir = "/pool/condor/dir_2538110"
	Cpus = 1
	Disk = 3840
	GPUs = 0
	Memory = 3000
...
006 (16827633.043.000) 09/22 17:14:41 Image size of job updated: 2640
	2  -  MemoryUsage of job (MB)
	1480  -  ResidentSetSize of job (KB)
...
006 (16827633.043.000) 09/22 17:19:41 Image size of job updated: 283240
	277  -  MemoryUsage of job (MB)
	283240  -  ResidentSetSize of job (KB)
...
006 (16827633.043.000) 09/22 17:24:42 Image size of job updated: 283248
	277  -  MemoryUsage of job (MB)
	283248  -  ResidentSetSize of job (KB)
...
006 (16827633.043.000) 09/22 17:27:41 Image size of job updated: 293700
	277  -  MemoryUsage of job (MB)
	283248  -  ResidentSetSize of job (KB)
...
040 (16827633.043.000) 09/22 17:27:41 Started transferring output files
...
040 (16827633.043.000) 09/22 17:27:41 Finished transferring output files
...
005 (16827633.043.000) 09/22 17:27:41 Job terminated.
	(1) Normal termination (return value 0)
		Usr 0 00:10:46, Sys 0 00:00:15  -  Run Remote Usage
		Usr 0 00:00:00, Sys 0 00:00:00  -  Run Local Usage
		Usr 0 00:10:46, Sys 0 00:00:15  -  Total Remote Usage
		Usr 0 00:00:00, Sys 0 00:00:00  -  Total Local Usage
	13080  -  Run Bytes Sent By Job
	853  -  Run Bytes Received By Job
	13080  -  Total Bytes Sent By Job
	853  -  Total Bytes Received By Job
	Partitionable Resources :    Usage  Request Allocated 
	   Cpus                 :     0.76        1         1 
	   Disk (KB)            :    49           1      3840 
	   GPUs                 :                           0 
	   Memory (MB)          :   277        3000      3000 
	   TimeExecute (s)      :   788                       
	   TimeSlotBusy (s)     :   790                       
...
