000 (16827608.037.000) 09/22 12:58:51 Job submitted from host: <188.184.90.241:9618?addrs=188.184.90.241-9618+[2001-1458-201-e4--100-2eb]-9618&alias=bigbird15.cern.ch&noUDP&sock=schedd_3150_376a>
...
040 (16827608.037.000) 09/22 13:00:59 Started transferring input files
	Transferring to host: <188.185.215.81:9618?addrs=188.185.215.81-9618+[2001-1458-303-1e--100-4d]-9618&alias=b9p31p2056.cern.ch&noUDP&sock=slot1_40_9924_1b0d_68025>
...
040 (16827608.037.000) 09/22 13:00:59 Finished transferring input files
...
001 (16827608.037.000) 09/22 13:01:00 Job executing on host: <188.185.215.81:9618?addrs=188.185.215.81-9618+[2001-1458-303-1e--100-4d]-9618&alias=b9p31p2056.cern.ch&noUDP&sock=startd_9065_6a1b>
	SlotName: slot1_40@b9p31p2056.cern.ch
	CondorScratchDir = "/pool/condor/dir_1681358"
	Cpus = 1
	Disk = 3735
	GPUs = 0
	Memory = 3000
...
006 (16827608.037.000) 09/22 13:01:08 Image size of job updated: 2336
	3  -  MemoryUsage of job (MB)
	2336  -  ResidentSetSize of job (KB)
...
006 (16827608.037.000) 09/22 13:06:08 Image size of job updated: 281472
	275  -  MemoryUsage of job (MB)
	281472  -  ResidentSetSize of job (KB)
...
006 (16827608.037.000) 09/22 13:11:09 Image size of job updated: 281500
	275  -  MemoryUsage of job (MB)
	281500  -  ResidentSetSize of job (KB)
...
006 (16827608.037.000) 09/22 13:16:09 Image size of job updated: 281536
	275  -  MemoryUsage of job (MB)
	281536  -  ResidentSetSize of job (KB)
...
006 (16827608.037.000) 09/22 13:16:22 Image size of job updated: 292800
	275  -  MemoryUsage of job (MB)
	281536  -  ResidentSetSize of job (KB)
...
040 (16827608.037.000) 09/22 13:16:22 Started transferring output files
...
040 (16827608.037.000) 09/22 13:16:22 Finished transferring output files
...
005 (16827608.037.000) 09/22 13:16:22 Job terminated.
	(1) Normal termination (return value 0)
		Usr 0 00:08:33, Sys 0 00:00:27  -  Run Remote Usage
		Usr 0 00:00:00, Sys 0 00:00:00  -  Run Local Usage
		Usr 0 00:08:33, Sys 0 00:00:27  -  Total Remote Usage
		Usr 0 00:00:00, Sys 0 00:00:00  -  Total Local Usage
	14063  -  Run Bytes Sent By Job
	853  -  Run Bytes Received By Job
	14063  -  Total Bytes Sent By Job
	853  -  Total Bytes Received By Job
	Partitionable Resources :    Usage  Request Allocated 
	   Cpus                 :     0.22        1         1 
	   Disk (KB)            :    66           1      3735 
	   GPUs                 :                           0 
	   Memory (MB)          :   275        3000      3000 
	   TimeExecute (s)      :   922                       
	   TimeSlotBusy (s)     :   925                       
...
000 (16827633.037.000) 09/22 16:48:51 Job submitted from host: <188.184.90.241:9618?addrs=188.184.90.241-9618+[2001-1458-201-e4--100-2eb]-9618&alias=bigbird15.cern.ch&noUDP&sock=schedd_3150_376a>
...
040 (16827633.037.000) 09/22 17:13:40 Started transferring input files
	Transferring to host: <188.185.214.35:9618?addrs=188.185.214.35-9618+[2001-1458-303-1c--100-1f]-9618&alias=b9p29p9581.cern.ch&noUDP&sock=slot1_21_4761_4e1b_68105>
...
040 (16827633.037.000) 09/22 17:13:40 Finished transferring input files
...
001 (16827633.037.000) 09/22 17:13:41 Job executing on host: <188.185.214.35:9618?addrs=188.185.214.35-9618+[2001-1458-303-1c--100-1f]-9618&alias=b9p29p9581.cern.ch&noUDP&sock=startd_4113_c11e>
	SlotName: slot1_21@b9p29p9581.cern.ch
	CondorScratchDir = "/pool/condor/dir_1755023"
	Cpus = 1
	Disk = 3601
	GPUs = 0
	Memory = 3000
...
006 (16827633.037.000) 09/22 17:13:49 Image size of job updated: 1488
	1  -  MemoryUsage of job (MB)
	976  -  ResidentSetSize of job (KB)
...
006 (16827633.037.000) 09/22 17:18:49 Image size of job updated: 287124
	281  -  MemoryUsage of job (MB)
	287124  -  ResidentSetSize of job (KB)
...
006 (16827633.037.000) 09/22 17:23:50 Image size of job updated: 287156
	281  -  MemoryUsage of job (MB)
	287156  -  ResidentSetSize of job (KB)
...
006 (16827633.037.000) 09/22 17:25:01 Image size of job updated: 295348
	281  -  MemoryUsage of job (MB)
	287156  -  ResidentSetSize of job (KB)
...
040 (16827633.037.000) 09/22 17:25:01 Started transferring output files
...
040 (16827633.037.000) 09/22 17:25:01 Finished transferring output files
...
005 (16827633.037.000) 09/22 17:25:01 Job terminated.
	(1) Normal termination (return value 0)
		Usr 0 00:08:38, Sys 0 00:00:25  -  Run Remote Usage
		Usr 0 00:00:00, Sys 0 00:00:00  -  Run Local Usage
		Usr 0 00:08:38, Sys 0 00:00:25  -  Total Remote Usage
		Usr 0 00:00:00, Sys 0 00:00:00  -  Total Local Usage
	13080  -  Run Bytes Sent By Job
	853  -  Run Bytes Received By Job
	13080  -  Total Bytes Sent By Job
	853  -  Total Bytes Received By Job
	Partitionable Resources :    Usage  Request Allocated 
	   Cpus                 :     0.82        1         1 
	   Disk (KB)            :    44           1      3601 
	   GPUs                 :                           0 
	   Memory (MB)          :   281        3000      3000 
	   TimeExecute (s)      :   680                       
	   TimeSlotBusy (s)     :   682                       
...
000 (16828034.037.000) 09/22 17:37:17 Job submitted from host: <188.184.90.241:9618?addrs=188.184.90.241-9618+[2001-1458-201-e4--100-2eb]-9618&alias=bigbird15.cern.ch&noUDP&sock=schedd_3150_376a>
...
040 (16828034.037.000) 09/22 17:44:52 Started transferring input files
	Transferring to host: <188.185.213.233:9618?addrs=188.185.213.233-9618+[2001-1458-303-1b--100-65]-9618&alias=b9p28p1176.cern.ch&noUDP&sock=slot1_27_5874_83a8_72852>
...
040 (16828034.037.000) 09/22 17:44:52 Finished transferring input files
...
001 (16828034.037.000) 09/22 17:44:53 Job executing on host: <188.185.213.233:9618?addrs=188.185.213.233-9618+[2001-1458-303-1b--100-65]-9618&alias=b9p28p1176.cern.ch&noUDP&sock=startd_4973_a491>
	SlotName: slot1_27@b9p28p1176.cern.ch
	CondorScratchDir = "/pool/condor/dir_1767227"
	Cpus = 1
	Disk = 3848
	GPUs = 0
	Memory = 3000
...
006 (16828034.037.000) 09/22 17:45:01 Image size of job updated: 1016
	1  -  MemoryUsage of job (MB)
	1016  -  ResidentSetSize of job (KB)
...
006 (16828034.037.000) 09/22 17:50:01 Image size of job updated: 283200
	277  -  MemoryUsage of job (MB)
	283200  -  ResidentSetSize of job (KB)
...
006 (16828034.037.000) 09/22 17:55:02 Image size of job updated: 283240
	277  -  MemoryUsage of job (MB)
	283240  -  ResidentSetSize of job (KB)
...
006 (16828034.037.000) 09/22 17:55:12 Image size of job updated: 290692
	277  -  MemoryUsage of job (MB)
	283240  -  ResidentSetSize of job (KB)
...
040 (16828034.037.000) 09/22 17:55:12 Started transferring output files
...
040 (16828034.037.000) 09/22 17:55:12 Finished transferring output files
...
005 (16828034.037.000) 09/22 17:55:13 Job terminated.
	(1) Normal termination (return value 0)
		Usr 0 00:07:34, Sys 0 00:00:15  -  Run Remote Usage
		Usr 0 00:00:00, Sys 0 00:00:00  -  Run Local Usage
		Usr 0 00:07:34, Sys 0 00:00:15  -  Total Remote Usage
		Usr 0 00:00:00, Sys 0 00:00:00  -  Total Local Usage
	13080  -  Run Bytes Sent By Job
	853  -  Run Bytes Received By Job
	13080  -  Total Bytes Sent By Job
	853  -  Total Bytes Received By Job
	Partitionable Resources :    Usage  Request Allocated 
	   Cpus                 :     0.76        1         1 
	   Disk (KB)            :    45           1      3848 
	   GPUs                 :                           0 
	   Memory (MB)          :   277        3000      3000 
	   TimeExecute (s)      :   619                       
	   TimeSlotBusy (s)     :   620                       
...
