000 (16827608.048.000) 09/22 12:58:51 Job submitted from host: <188.184.90.241:9618?addrs=188.184.90.241-9618+[2001-1458-201-e4--100-2eb]-9618&alias=bigbird15.cern.ch&noUDP&sock=schedd_3150_376a>
...
040 (16827608.048.000) 09/22 13:00:59 Started transferring input files
	Transferring to host: <188.185.210.24:9618?addrs=188.185.210.24-9618+[2001-1458-303-1--100-14]-9618&alias=b9p21p2243.cern.ch&noUDP&sock=slot1_36_4669_7b97_92396>
...
040 (16827608.048.000) 09/22 13:00:59 Finished transferring input files
...
001 (16827608.048.000) 09/22 13:01:00 Job executing on host: <188.185.210.24:9618?addrs=188.185.210.24-9618+[2001-1458-303-1--100-14]-9618&alias=b9p21p2243.cern.ch&noUDP&sock=startd_4053_996f>
	SlotName: slot1_36@b9p21p2243.cern.ch
	CondorScratchDir = "/pool/condor/dir_1823829"
	Cpus = 1
	Disk = 3891
	GPUs = 0
	Memory = 3000
...
006 (16827608.048.000) 09/22 13:01:08 Image size of job updated: 3916
	4  -  MemoryUsage of job (MB)
	3916  -  ResidentSetSize of job (KB)
...
006 (16827608.048.000) 09/22 13:06:08 Image size of job updated: 279440
	273  -  MemoryUsage of job (MB)
	279440  -  ResidentSetSize of job (KB)
...
006 (16827608.048.000) 09/22 13:07:17 Image size of job updated: 286600
	273  -  MemoryUsage of job (MB)
	279440  -  ResidentSetSize of job (KB)
...
040 (16827608.048.000) 09/22 13:07:17 Started transferring output files
...
040 (16827608.048.000) 09/22 13:07:17 Finished transferring output files
...
005 (16827608.048.000) 09/22 13:07:17 Job terminated.
	(1) Normal termination (return value 0)
		Usr 0 00:05:19, Sys 0 00:00:16  -  Run Remote Usage
		Usr 0 00:00:00, Sys 0 00:00:00  -  Run Local Usage
		Usr 0 00:05:19, Sys 0 00:00:16  -  Total Remote Usage
		Usr 0 00:00:00, Sys 0 00:00:00  -  Total Local Usage
	13303  -  Run Bytes Sent By Job
	853  -  Run Bytes Received By Job
	13303  -  Total Bytes Sent By Job
	853  -  Total Bytes Received By Job
	Partitionable Resources :    Usage  Request Allocated 
	   Cpus                 :        0        1         1 
	   Disk (KB)            :       66        1      3891 
	   GPUs                 :                           0 
	   Memory (MB)          :      273     3000      3000 
	   TimeExecute (s)      :      377                    
	   TimeSlotBusy (s)     :      379                    
...
000 (16827633.048.000) 09/22 16:48:51 Job submitted from host: <188.184.90.241:9618?addrs=188.184.90.241-9618+[2001-1458-201-e4--100-2eb]-9618&alias=bigbird15.cern.ch&noUDP&sock=schedd_3150_376a>
...
040 (16827633.048.000) 09/22 17:18:48 Started transferring input files
	Transferring to host: <188.185.212.232:9618?addrs=188.185.212.232-9618+[2001-1458-303-19--100-64]-9618&alias=b9p26p1694.cern.ch&noUDP&sock=slot1_33_4568_51b3_67273>
...
040 (16827633.048.000) 09/22 17:18:48 Finished transferring input files
...
001 (16827633.048.000) 09/22 17:18:49 Job executing on host: <188.185.212.232:9618?addrs=188.185.212.232-9618+[2001-1458-303-19--100-64]-9618&alias=b9p26p1694.cern.ch&noUDP&sock=startd_3927_2c80>
	SlotName: slot1_33@b9p26p1694.cern.ch
	CondorScratchDir = "/pool/condor/dir_2468552"
	Cpus = 1
	Disk = 3663
	GPUs = 0
	Memory = 3000
...
006 (16827633.048.000) 09/22 17:18:58 Image size of job updated: 3104
	2  -  MemoryUsage of job (MB)
	1636  -  ResidentSetSize of job (KB)
...
006 (16827633.048.000) 09/22 17:23:59 Image size of job updated: 279964
	274  -  MemoryUsage of job (MB)
	279964  -  ResidentSetSize of job (KB)
...
006 (16827633.048.000) 09/22 17:27:39 Image size of job updated: 280000
	274  -  MemoryUsage of job (MB)
	279964  -  ResidentSetSize of job (KB)
...
040 (16827633.048.000) 09/22 17:27:39 Started transferring output files
...
040 (16827633.048.000) 09/22 17:27:39 Finished transferring output files
...
005 (16827633.048.000) 09/22 17:27:40 Job terminated.
	(1) Normal termination (return value 0)
		Usr 0 00:06:45, Sys 0 00:00:15  -  Run Remote Usage
		Usr 0 00:00:00, Sys 0 00:00:00  -  Run Local Usage
		Usr 0 00:06:45, Sys 0 00:00:15  -  Total Remote Usage
		Usr 0 00:00:00, Sys 0 00:00:00  -  Total Local Usage
	12320  -  Run Bytes Sent By Job
	853  -  Run Bytes Received By Job
	12320  -  Total Bytes Sent By Job
	853  -  Total Bytes Received By Job
	Partitionable Resources :    Usage  Request Allocated 
	   Cpus                 :        0        1         1 
	   Disk (KB)            :       56        1      3663 
	   GPUs                 :                           0 
	   Memory (MB)          :      274     3000      3000 
	   TimeExecute (s)      :      530                    
	   TimeSlotBusy (s)     :      531                    
...
000 (16828034.048.000) 09/22 17:37:18 Job submitted from host: <188.184.90.241:9618?addrs=188.184.90.241-9618+[2001-1458-201-e4--100-2eb]-9618&alias=bigbird15.cern.ch&noUDP&sock=schedd_3150_376a>
...
040 (16828034.048.000) 09/22 17:45:40 Started transferring input files
	Transferring to host: <188.185.213.214:9618?addrs=188.185.213.214-9618+[2001-1458-303-1b--100-52]-9618&alias=b9p28p1203.cern.ch&noUDP&sock=slot1_28_4082_e35f_69740>
...
040 (16828034.048.000) 09/22 17:45:40 Finished transferring input files
...
001 (16828034.048.000) 09/22 17:45:41 Job executing on host: <188.185.213.214:9618?addrs=188.185.213.214-9618+[2001-1458-303-1b--100-52]-9618&alias=b9p28p1203.cern.ch&noUDP&sock=startd_3301_ca37>
	SlotName: slot1_28@b9p28p1203.cern.ch
	CondorScratchDir = "/pool/condor/dir_570368"
	Cpus = 1
	Disk = 3768
	GPUs = 0
	Memory = 3000
...
006 (16828034.048.000) 09/22 17:45:49 Image size of job updated: 2480
	2  -  MemoryUsage of job (MB)
	1792  -  ResidentSetSize of job (KB)
...
006 (16828034.048.000) 09/22 17:50:49 Image size of job updated: 279464
	273  -  MemoryUsage of job (MB)
	279464  -  ResidentSetSize of job (KB)
...
006 (16828034.048.000) 09/22 17:53:36 Image size of job updated: 279476
	273  -  MemoryUsage of job (MB)
	279464  -  ResidentSetSize of job (KB)
...
040 (16828034.048.000) 09/22 17:53:36 Started transferring output files
...
040 (16828034.048.000) 09/22 17:53:36 Finished transferring output files
...
005 (16828034.048.000) 09/22 17:53:36 Job terminated.
	(1) Normal termination (return value 0)
		Usr 0 00:06:55, Sys 0 00:00:16  -  Run Remote Usage
		Usr 0 00:00:00, Sys 0 00:00:00  -  Run Local Usage
		Usr 0 00:06:55, Sys 0 00:00:16  -  Total Remote Usage
		Usr 0 00:00:00, Sys 0 00:00:00  -  Total Local Usage
	12320  -  Run Bytes Sent By Job
	853  -  Run Bytes Received By Job
	12320  -  Total Bytes Sent By Job
	853  -  Total Bytes Received By Job
	Partitionable Resources :    Usage  Request Allocated 
	   Cpus                 :     0.93        1         1 
	   Disk (KB)            :    49           1      3768 
	   GPUs                 :                           0 
	   Memory (MB)          :   273        3000      3000 
	   TimeExecute (s)      :   475                       
	   TimeSlotBusy (s)     :   476                       
...
