000 (16827608.052.000) 09/22 12:58:51 Job submitted from host: <188.184.90.241:9618?addrs=188.184.90.241-9618+[2001-1458-201-e4--100-2eb]-9618&alias=bigbird15.cern.ch&noUDP&sock=schedd_3150_376a>
...
040 (16827608.052.000) 09/22 13:00:59 Started transferring input files
	Transferring to host: <188.185.211.175:9618?addrs=188.185.211.175-9618+[2001-1458-303-17--100-2b]-9618&alias=b9p24p5604.cern.ch&noUDP&sock=slot1_27_4736_b0ba_72668>
...
040 (16827608.052.000) 09/22 13:00:59 Finished transferring input files
...
001 (16827608.052.000) 09/22 13:01:00 Job executing on host: <188.185.211.175:9618?addrs=188.185.211.175-9618+[2001-1458-303-17--100-2b]-9618&alias=b9p24p5604.cern.ch&noUDP&sock=startd_4053_996f>
	SlotName: slot1_27@b9p24p5604.cern.ch
	CondorScratchDir = "/pool/condor/dir_3937168"
	Cpus = 1
	Disk = 3670
	GPUs = 0
	Memory = 3000
...
006 (16827608.052.000) 09/22 13:01:09 Image size of job updated: 2488
	3  -  MemoryUsage of job (MB)
	2444  -  ResidentSetSize of job (KB)
...
006 (16827608.052.000) 09/22 13:06:10 Image size of job updated: 285836
	280  -  MemoryUsage of job (MB)
	285836  -  ResidentSetSize of job (KB)
...
006 (16827608.052.000) 09/22 13:11:10 Image size of job updated: 285860
	280  -  MemoryUsage of job (MB)
	285860  -  ResidentSetSize of job (KB)
...
040 (16827608.052.000) 09/22 13:11:25 Started transferring output files
...
040 (16827608.052.000) 09/22 13:11:25 Finished transferring output files
...
005 (16827608.052.000) 09/22 13:11:25 Job terminated.
	(1) Normal termination (return value 0)
		Usr 0 00:08:18, Sys 0 00:00:24  -  Run Remote Usage
		Usr 0 00:00:00, Sys 0 00:00:00  -  Run Local Usage
		Usr 0 00:08:18, Sys 0 00:00:24  -  Total Remote Usage
		Usr 0 00:00:00, Sys 0 00:00:00  -  Total Local Usage
	14062  -  Run Bytes Sent By Job
	853  -  Run Bytes Received By Job
	14062  -  Total Bytes Sent By Job
	853  -  Total Bytes Received By Job
	Partitionable Resources :    Usage  Request Allocated 
	   Cpus                 :     0.85        1         1 
	   Disk (KB)            :    66           1      3670 
	   GPUs                 :                           0 
	   Memory (MB)          :   280        3000      3000 
	   TimeExecute (s)      :   625                       
	   TimeSlotBusy (s)     :   627                       
...
000 (16827633.052.000) 09/22 16:48:51 Job submitted from host: <188.184.90.241:9618?addrs=188.184.90.241-9618+[2001-1458-201-e4--100-2eb]-9618&alias=bigbird15.cern.ch&noUDP&sock=schedd_3150_376a>
...
040 (16827633.052.000) 09/22 17:18:50 Started transferring input files
	Transferring to host: <188.185.213.233:9618?addrs=188.185.213.233-9618+[2001-1458-303-1b--100-65]-9618&alias=b9p28p1176.cern.ch&noUDP&sock=slot1_26_5874_83a8_72829>
...
040 (16827633.052.000) 09/22 17:18:50 Finished transferring input files
...
001 (16827633.052.000) 09/22 17:18:51 Job executing on host: <188.185.213.233:9618?addrs=188.185.213.233-9618+[2001-1458-303-1b--100-65]-9618&alias=b9p28p1176.cern.ch&noUDP&sock=startd_4973_a491>
	SlotName: slot1_26@b9p28p1176.cern.ch
	CondorScratchDir = "/pool/condor/dir_1728047"
	Cpus = 1
	Disk = 3849
	GPUs = 0
	Memory = 3000
...
006 (16827633.052.000) 09/22 17:19:00 Image size of job updated: 1324
	2  -  MemoryUsage of job (MB)
	1324  -  ResidentSetSize of job (KB)
...
006 (16827633.052.000) 09/22 17:24:01 Image size of job updated: 286240
	280  -  MemoryUsage of job (MB)
	286240  -  ResidentSetSize of job (KB)
...
006 (16827633.052.000) 09/22 17:29:01 Image size of job updated: 286252
	280  -  MemoryUsage of job (MB)
	286252  -  ResidentSetSize of job (KB)
...
006 (16827633.052.000) 09/22 17:31:46 Image size of job updated: 286264
	280  -  MemoryUsage of job (MB)
	286252  -  ResidentSetSize of job (KB)
...
040 (16827633.052.000) 09/22 17:31:47 Started transferring output files
...
040 (16827633.052.000) 09/22 17:31:47 Finished transferring output files
...
005 (16827633.052.000) 09/22 17:31:47 Job terminated.
	(1) Normal termination (return value 0)
		Usr 0 00:08:39, Sys 0 00:00:18  -  Run Remote Usage
		Usr 0 00:00:00, Sys 0 00:00:00  -  Run Local Usage
		Usr 0 00:08:39, Sys 0 00:00:18  -  Total Remote Usage
		Usr 0 00:00:00, Sys 0 00:00:00  -  Total Local Usage
	13079  -  Run Bytes Sent By Job
	853  -  Run Bytes Received By Job
	13079  -  Total Bytes Sent By Job
	853  -  Total Bytes Received By Job
	Partitionable Resources :    Usage  Request Allocated 
	   Cpus                 :     0.73        1         1 
	   Disk (KB)            :    44           1      3849 
	   GPUs                 :                           0 
	   Memory (MB)          :   280        3000      3000 
	   TimeExecute (s)      :   775                       
	   TimeSlotBusy (s)     :   778                       
...
