000 (16827608.055.000) 09/22 12:58:51 Job submitted from host: <188.184.90.241:9618?addrs=188.184.90.241-9618+[2001-1458-201-e4--100-2eb]-9618&alias=bigbird15.cern.ch&noUDP&sock=schedd_3150_376a>
...
040 (16827608.055.000) 09/22 13:00:58 Started transferring input files
	Transferring to host: <188.185.215.64:9618?addrs=188.185.215.64-9618+[2001-1458-303-1e--100-3c]-9618&alias=b9p31p9925.cern.ch&noUDP&sock=slot1_48_4918_ed01_66520>
...
040 (16827608.055.000) 09/22 13:00:58 Finished transferring input files
...
001 (16827608.055.000) 09/22 13:01:00 Job executing on host: <188.185.215.64:9618?addrs=188.185.215.64-9618+[2001-1458-303-1e--100-3c]-9618&alias=b9p31p9925.cern.ch&noUDP&sock=startd_4155_9018>
	SlotName: slot1_48@b9p31p9925.cern.ch
	CondorScratchDir = "/pool/condor/dir_2463344"
	Cpus = 1
	Disk = 3778
	GPUs = 0
	Memory = 3000
...
006 (16827608.055.000) 09/22 13:01:08 Image size of job updated: 3920
	4  -  MemoryUsage of job (MB)
	3920  -  ResidentSetSize of job (KB)
...
006 (16827608.055.000) 09/22 13:06:08 Image size of job updated: 285432
	279  -  MemoryUsage of job (MB)
	285432  -  ResidentSetSize of job (KB)
...
006 (16827608.055.000) 09/22 13:09:54 Image size of job updated: 285436
	279  -  MemoryUsage of job (MB)
	285432  -  ResidentSetSize of job (KB)
...
040 (16827608.055.000) 09/22 13:09:54 Started transferring output files
...
040 (16827608.055.000) 09/22 13:09:54 Finished transferring output files
...
005 (16827608.055.000) 09/22 13:09:55 Job terminated.
	(1) Normal termination (return value 0)
		Usr 0 00:07:33, Sys 0 00:00:22  -  Run Remote Usage
		Usr 0 00:00:00, Sys 0 00:00:00  -  Run Local Usage
		Usr 0 00:07:33, Sys 0 00:00:22  -  Total Remote Usage
		Usr 0 00:00:00, Sys 0 00:00:00  -  Total Local Usage
	14029  -  Run Bytes Sent By Job
	853  -  Run Bytes Received By Job
	14029  -  Total Bytes Sent By Job
	853  -  Total Bytes Received By Job
	Partitionable Resources :    Usage  Request Allocated 
	   Cpus                 :     0.92        1         1 
	   Disk (KB)            :    66           1      3778 
	   GPUs                 :                           0 
	   Memory (MB)          :   279        3000      3000 
	   TimeExecute (s)      :   535                       
	   TimeSlotBusy (s)     :   536                       
...
000 (16827633.055.000) 09/22 16:48:51 Job submitted from host: <188.184.90.241:9618?addrs=188.184.90.241-9618+[2001-1458-201-e4--100-2eb]-9618&alias=bigbird15.cern.ch&noUDP&sock=schedd_3150_376a>
...
040 (16827633.055.000) 09/22 17:20:50 Started transferring input files
	Transferring to host: <188.185.214.96:9618?addrs=188.185.214.96-9618+[2001-1458-303-1c--100-5c]-9618&alias=b9p29p1112.cern.ch&noUDP&sock=slot1_23_6218_e4b6_69342>
...
040 (16827633.055.000) 09/22 17:20:50 Finished transferring input files
...
001 (16827633.055.000) 09/22 17:20:51 Job executing on host: <188.185.214.96:9618?addrs=188.185.214.96-9618+[2001-1458-303-1c--100-5c]-9618&alias=b9p29p1112.cern.ch&noUDP&sock=startd_5499_6f61>
	SlotName: slot1_23@b9p29p1112.cern.ch
	CondorScratchDir = "/pool/condor/dir_600352"
	Cpus = 1
	Disk = 3768
	GPUs = 0
	Memory = 3000
...
006 (16827633.055.000) 09/22 17:21:00 Image size of job updated: 2304
	2  -  MemoryUsage of job (MB)
	1780  -  ResidentSetSize of job (KB)
...
006 (16827633.055.000) 09/22 17:26:01 Image size of job updated: 281212
	275  -  MemoryUsage of job (MB)
	281212  -  ResidentSetSize of job (KB)
...
006 (16827633.055.000) 09/22 17:31:01 Image size of job updated: 281240
	275  -  MemoryUsage of job (MB)
	281240  -  ResidentSetSize of job (KB)
...
006 (16827633.055.000) 09/22 17:32:32 Image size of job updated: 300396
	275  -  MemoryUsage of job (MB)
	281240  -  ResidentSetSize of job (KB)
...
040 (16827633.055.000) 09/22 17:32:32 Started transferring output files
...
040 (16827633.055.000) 09/22 17:32:32 Finished transferring output files
...
005 (16827633.055.000) 09/22 17:32:32 Job terminated.
	(1) Normal termination (return value 0)
		Usr 0 00:08:59, Sys 0 00:00:16  -  Run Remote Usage
		Usr 0 00:00:00, Sys 0 00:00:00  -  Run Local Usage
		Usr 0 00:08:59, Sys 0 00:00:16  -  Total Remote Usage
		Usr 0 00:00:00, Sys 0 00:00:00  -  Total Local Usage
	13046  -  Run Bytes Sent By Job
	853  -  Run Bytes Received By Job
	13046  -  Total Bytes Sent By Job
	853  -  Total Bytes Received By Job
	Partitionable Resources :    Usage  Request Allocated 
	   Cpus                 :     0.81        1         1 
	   Disk (KB)            :    45           1      3768 
	   GPUs                 :                           0 
	   Memory (MB)          :   275        3000      3000 
	   TimeExecute (s)      :   701                       
	   TimeSlotBusy (s)     :   703                       
...
000 (16828034.055.000) 09/22 17:37:18 Job submitted from host: <188.184.90.241:9618?addrs=188.184.90.241-9618+[2001-1458-201-e4--100-2eb]-9618&alias=bigbird15.cern.ch&noUDP&sock=schedd_3150_376a>
...
040 (16828034.055.000) 09/22 17:46:11 Started transferring input files
	Transferring to host: <188.185.213.178:9618?addrs=188.185.213.178-9618+[2001-1458-303-1b--100-2e]-9618&alias=b9p28p3786.cern.ch&noUDP&sock=slot1_13_10018_5650_70982>
...
040 (16828034.055.000) 09/22 17:46:11 Finished transferring input files
...
001 (16828034.055.000) 09/22 17:46:12 Job executing on host: <188.185.213.178:9618?addrs=188.185.213.178-9618+[2001-1458-303-1b--100-2e]-9618&alias=b9p28p3786.cern.ch&noUDP&sock=startd_9216_fce8>
	SlotName: slot1_13@b9p28p3786.cern.ch
	CondorScratchDir = "/pool/condor/dir_3900012"
	Cpus = 1
	Disk = 3710
	GPUs = 0
	Memory = 3000
...
006 (16828034.055.000) 09/22 17:46:21 Image size of job updated: 1784
	2  -  MemoryUsage of job (MB)
	1784  -  ResidentSetSize of job (KB)
...
006 (16828034.055.000) 09/22 17:51:22 Image size of job updated: 280896
	275  -  MemoryUsage of job (MB)
	280896  -  ResidentSetSize of job (KB)
...
006 (16828034.055.000) 09/22 17:56:22 Image size of job updated: 284148
	278  -  MemoryUsage of job (MB)
	284148  -  ResidentSetSize of job (KB)
...
006 (16828034.055.000) 09/22 17:56:23 Image size of job updated: 299932
	278  -  MemoryUsage of job (MB)
	284152  -  ResidentSetSize of job (KB)
...
040 (16828034.055.000) 09/22 17:56:24 Started transferring output files
...
040 (16828034.055.000) 09/22 17:56:24 Finished transferring output files
...
005 (16828034.055.000) 09/22 17:56:24 Job terminated.
	(1) Normal termination (return value 0)
		Usr 0 00:08:45, Sys 0 00:00:19  -  Run Remote Usage
		Usr 0 00:00:00, Sys 0 00:00:00  -  Run Local Usage
		Usr 0 00:08:45, Sys 0 00:00:19  -  Total Remote Usage
		Usr 0 00:00:00, Sys 0 00:00:00  -  Total Local Usage
	13046  -  Run Bytes Sent By Job
	853  -  Run Bytes Received By Job
	13046  -  Total Bytes Sent By Job
	853  -  Total Bytes Received By Job
	Partitionable Resources :    Usage  Request Allocated 
	   Cpus                 :     0.87        1         1 
	   Disk (KB)            :    56           1      3710 
	   GPUs                 :                           0 
	   Memory (MB)          :   278        3000      3000 
	   TimeExecute (s)      :   611                       
	   TimeSlotBusy (s)     :   613                       
...
