000 (16827608.049.000) 09/22 12:58:51 Job submitted from host: <188.184.90.241:9618?addrs=188.184.90.241-9618+[2001-1458-201-e4--100-2eb]-9618&alias=bigbird15.cern.ch&noUDP&sock=schedd_3150_376a>
...
040 (16827608.049.000) 09/22 13:00:59 Started transferring input files
	Transferring to host: <188.185.212.95:9618?addrs=188.185.212.95-9618+[2001-1458-303-18--100-5b]-9618&alias=b9p25p6760.cern.ch&noUDP&sock=slot1_31_5276_2b50_76392>
...
040 (16827608.049.000) 09/22 13:00:59 Finished transferring input files
...
001 (16827608.049.000) 09/22 13:01:00 Job executing on host: <188.185.212.95:9618?addrs=188.185.212.95-9618+[2001-1458-303-18--100-5b]-9618&alias=b9p25p6760.cern.ch&noUDP&sock=startd_4385_52e1>
	SlotName: slot1_31@b9p25p6760.cern.ch
	CondorScratchDir = "/pool/condor/dir_3439229"
	Cpus = 1
	Disk = 3736
	GPUs = 0
	Memory = 3000
...
006 (16827608.049.000) 09/22 13:01:09 Image size of job updated: 3916
	4  -  MemoryUsage of job (MB)
	3916  -  ResidentSetSize of job (KB)
...
006 (16827608.049.000) 09/22 13:04:34 Image size of job updated: 281716
	4  -  MemoryUsage of job (MB)
	3916  -  ResidentSetSize of job (KB)
...
040 (16827608.049.000) 09/22 13:04:34 Started transferring output files
...
040 (16827608.049.000) 09/22 13:04:34 Finished transferring output files
...
005 (16827608.049.000) 09/22 13:04:34 Job terminated.
	(1) Normal termination (return value 0)
		Usr 0 00:02:29, Sys 0 00:00:12  -  Run Remote Usage
		Usr 0 00:00:00, Sys 0 00:00:00  -  Run Local Usage
		Usr 0 00:02:29, Sys 0 00:00:12  -  Total Remote Usage
		Usr 0 00:00:00, Sys 0 00:00:00  -  Total Local Usage
	11907  -  Run Bytes Sent By Job
	853  -  Run Bytes Received By Job
	11907  -  Total Bytes Sent By Job
	853  -  Total Bytes Received By Job
	Partitionable Resources :    Usage  Request Allocated 
	   Cpus                 :        0        1         1 
	   Disk (KB)            :       66        1      3736 
	   GPUs                 :                           0 
	   Memory (MB)          :        4     3000      3000 
	   TimeExecute (s)      :      214                    
	   TimeSlotBusy (s)     :      216                    
...
000 (16827633.049.000) 09/22 16:48:51 Job submitted from host: <188.184.90.241:9618?addrs=188.184.90.241-9618+[2001-1458-201-e4--100-2eb]-9618&alias=bigbird15.cern.ch&noUDP&sock=schedd_3150_376a>
...
040 (16827633.049.000) 09/22 17:18:49 Started transferring input files
	Transferring to host: <188.185.215.178:9618?addrs=188.185.215.178-9618+[2001-1458-303-26--100-2e]-9618&alias=b9p18p7089.cern.ch&noUDP&sock=slot1_18_6545_4b63_69882>
...
040 (16827633.049.000) 09/22 17:18:49 Finished transferring input files
...
001 (16827633.049.000) 09/22 17:18:50 Job executing on host: <188.185.215.178:9618?addrs=188.185.215.178-9618+[2001-1458-303-26--100-2e]-9618&alias=b9p18p7089.cern.ch&noUDP&sock=startd_5685_03ff>
	SlotName: slot1_18@b9p18p7089.cern.ch
	CondorScratchDir = "/pool/condor/dir_2567007"
	Cpus = 1
	Disk = 3711
	GPUs = 0
	Memory = 3000
...
006 (16827633.049.000) 09/22 17:18:59 Image size of job updated: 3856
	4  -  MemoryUsage of job (MB)
	3856  -  ResidentSetSize of job (KB)
...
006 (16827633.049.000) 09/22 17:22:30 Image size of job updated: 281320
	4  -  MemoryUsage of job (MB)
	3856  -  ResidentSetSize of job (KB)
...
040 (16827633.049.000) 09/22 17:22:30 Started transferring output files
...
040 (16827633.049.000) 09/22 17:22:30 Finished transferring output files
...
005 (16827633.049.000) 09/22 17:22:30 Job terminated.
	(1) Normal termination (return value 0)
		Usr 0 00:02:58, Sys 0 00:00:12  -  Run Remote Usage
		Usr 0 00:00:00, Sys 0 00:00:00  -  Run Local Usage
		Usr 0 00:02:58, Sys 0 00:00:12  -  Total Remote Usage
		Usr 0 00:00:00, Sys 0 00:00:00  -  Total Local Usage
	10924  -  Run Bytes Sent By Job
	853  -  Run Bytes Received By Job
	10924  -  Total Bytes Sent By Job
	853  -  Total Bytes Received By Job
	Partitionable Resources :    Usage  Request Allocated 
	   Cpus                 :        0        1         1 
	   Disk (KB)            :       56        1      3711 
	   GPUs                 :                           0 
	   Memory (MB)          :        4     3000      3000 
	   TimeExecute (s)      :      220                    
	   TimeSlotBusy (s)     :      222                    
...
000 (16828034.049.000) 09/22 17:37:18 Job submitted from host: <188.184.90.241:9618?addrs=188.184.90.241-9618+[2001-1458-201-e4--100-2eb]-9618&alias=bigbird15.cern.ch&noUDP&sock=schedd_3150_376a>
...
040 (16828034.049.000) 09/22 17:45:47 Started transferring input files
	Transferring to host: <188.185.210.208:9618?addrs=188.185.210.208-9618+[2001-1458-303-15--100-4c]-9618&alias=b9p22p0624.cern.ch&noUDP&sock=slot1_32_5776_76e4_68285>
...
040 (16828034.049.000) 09/22 17:45:47 Finished transferring input files
...
001 (16828034.049.000) 09/22 17:45:48 Job executing on host: <188.185.210.208:9618?addrs=188.185.210.208-9618+[2001-1458-303-15--100-4c]-9618&alias=b9p22p0624.cern.ch&noUDP&sock=startd_4738_73cf>
	SlotName: slot1_32@b9p22p0624.cern.ch
	CondorScratchDir = "/pool/condor/dir_3946951"
	Cpus = 1
	Disk = 3638
	GPUs = 0
	Memory = 3000
...
006 (16828034.049.000) 09/22 17:45:57 Image size of job updated: 13048
	13  -  MemoryUsage of job (MB)
	13048  -  ResidentSetSize of job (KB)
...
006 (16828034.049.000) 09/22 17:49:30 Image size of job updated: 290232
	15  -  MemoryUsage of job (MB)
	15276  -  ResidentSetSize of job (KB)
...
040 (16828034.049.000) 09/22 17:49:30 Started transferring output files
...
040 (16828034.049.000) 09/22 17:49:30 Finished transferring output files
...
005 (16828034.049.000) 09/22 17:49:31 Job terminated.
	(1) Normal termination (return value 0)
		Usr 0 00:03:01, Sys 0 00:00:11  -  Run Remote Usage
		Usr 0 00:00:00, Sys 0 00:00:00  -  Run Local Usage
		Usr 0 00:03:01, Sys 0 00:00:11  -  Total Remote Usage
		Usr 0 00:00:00, Sys 0 00:00:00  -  Total Local Usage
	10924  -  Run Bytes Sent By Job
	853  -  Run Bytes Received By Job
	10924  -  Total Bytes Sent By Job
	853  -  Total Bytes Received By Job
	Partitionable Resources :    Usage  Request Allocated 
	   Cpus                 :     0.91        1         1 
	   Disk (KB)            :    87           1      3638 
	   GPUs                 :                           0 
	   Memory (MB)          :    15        3000      3000 
	   TimeExecute (s)      :   222                       
	   TimeSlotBusy (s)     :   223                       
...
