000 (16827608.046.000) 09/22 12:58:51 Job submitted from host: <188.184.90.241:9618?addrs=188.184.90.241-9618+[2001-1458-201-e4--100-2eb]-9618&alias=bigbird15.cern.ch&noUDP&sock=schedd_3150_376a>
...
040 (16827608.046.000) 09/22 13:00:58 Started transferring input files
	Transferring to host: <188.185.213.184:9618?addrs=188.185.213.184-9618+[2001-1458-303-1b--100-34]-9618&alias=b9p28p2085.cern.ch&noUDP&sock=slot1_34_8844_25e1_75347>
...
040 (16827608.046.000) 09/22 13:00:58 Finished transferring input files
...
001 (16827608.046.000) 09/22 13:00:59 Job executing on host: <188.185.213.184:9618?addrs=188.185.213.184-9618+[2001-1458-303-1b--100-34]-9618&alias=b9p28p2085.cern.ch&noUDP&sock=startd_7601_3b74>
	SlotName: slot1_34@b9p28p2085.cern.ch
	CondorScratchDir = "/pool/condor/dir_3326811"
	Cpus = 1
	Disk = 3814
	GPUs = 0
	Memory = 3000
...
006 (16827608.046.000) 09/22 13:01:08 Image size of job updated: 3920
	4  -  MemoryUsage of job (MB)
	3920  -  ResidentSetSize of job (KB)
...
006 (16827608.046.000) 09/22 13:06:09 Image size of job updated: 286292
	280  -  MemoryUsage of job (MB)
	286292  -  ResidentSetSize of job (KB)
...
006 (16827608.046.000) 09/22 13:11:09 Image size of job updated: 286296
	280  -  MemoryUsage of job (MB)
	286296  -  ResidentSetSize of job (KB)
...
006 (16827608.046.000) 09/22 13:12:01 Image size of job updated: 296884
	280  -  MemoryUsage of job (MB)
	286296  -  ResidentSetSize of job (KB)
...
040 (16827608.046.000) 09/22 13:12:02 Started transferring output files
...
040 (16827608.046.000) 09/22 13:12:02 Finished transferring output files
...
005 (16827608.046.000) 09/22 13:12:02 Job terminated.
	(1) Normal termination (return value 0)
		Usr 0 00:08:25, Sys 0 00:00:21  -  Run Remote Usage
		Usr 0 00:00:00, Sys 0 00:00:00  -  Run Local Usage
		Usr 0 00:08:25, Sys 0 00:00:21  -  Total Remote Usage
		Usr 0 00:00:00, Sys 0 00:00:00  -  Total Local Usage
	14029  -  Run Bytes Sent By Job
	853  -  Run Bytes Received By Job
	14029  -  Total Bytes Sent By Job
	853  -  Total Bytes Received By Job
	Partitionable Resources :    Usage  Request Allocated 
	   Cpus                 :     0.68        1         1 
	   Disk (KB)            :    66           1      3814 
	   GPUs                 :                           0 
	   Memory (MB)          :   280        3000      3000 
	   TimeExecute (s)      :   662                       
	   TimeSlotBusy (s)     :   664                       
...
000 (16827633.046.000) 09/22 16:48:51 Job submitted from host: <188.184.90.241:9618?addrs=188.184.90.241-9618+[2001-1458-201-e4--100-2eb]-9618&alias=bigbird15.cern.ch&noUDP&sock=schedd_3150_376a>
...
040 (16827633.046.000) 09/22 17:15:32 Started transferring input files
	Transferring to host: <188.185.214.97:9618?addrs=188.185.214.97-9618+[2001-1458-303-1c--100-5d]-9618&alias=b9p29p0113.cern.ch&noUDP&sock=slot1_7_8447_6cf1_68708>
...
040 (16827633.046.000) 09/22 17:15:32 Finished transferring input files
...
001 (16827633.046.000) 09/22 17:15:34 Job executing on host: <188.185.214.97:9618?addrs=188.185.214.97-9618+[2001-1458-303-1c--100-5d]-9618&alias=b9p29p0113.cern.ch&noUDP&sock=startd_7603_9aa5>
	SlotName: slot1_7@b9p29p0113.cern.ch
	CondorScratchDir = "/pool/condor/dir_1872426"
	Cpus = 1
	Disk = 3795
	GPUs = 0
	Memory = 3000
...
006 (16827633.046.000) 09/22 17:15:42 Image size of job updated: 1736
	2  -  MemoryUsage of job (MB)
	1428  -  ResidentSetSize of job (KB)
...
006 (16827633.046.000) 09/22 17:20:42 Image size of job updated: 285564
	279  -  MemoryUsage of job (MB)
	285564  -  ResidentSetSize of job (KB)
...
006 (16827633.046.000) 09/22 17:25:43 Image size of job updated: 285572
	279  -  MemoryUsage of job (MB)
	285572  -  ResidentSetSize of job (KB)
...
006 (16827633.046.000) 09/22 17:26:26 Image size of job updated: 295896
	279  -  MemoryUsage of job (MB)
	285572  -  ResidentSetSize of job (KB)
...
040 (16827633.046.000) 09/22 17:26:26 Started transferring output files
...
040 (16827633.046.000) 09/22 17:26:27 Finished transferring output files
...
005 (16827633.046.000) 09/22 17:26:27 Job terminated.
	(1) Normal termination (return value 0)
		Usr 0 00:08:43, Sys 0 00:00:21  -  Run Remote Usage
		Usr 0 00:00:00, Sys 0 00:00:00  -  Run Local Usage
		Usr 0 00:08:43, Sys 0 00:00:21  -  Total Remote Usage
		Usr 0 00:00:00, Sys 0 00:00:00  -  Total Local Usage
	13046  -  Run Bytes Sent By Job
	853  -  Run Bytes Received By Job
	13046  -  Total Bytes Sent By Job
	853  -  Total Bytes Received By Job
	Partitionable Resources :    Usage  Request Allocated 
	   Cpus                 :     0.90        1         1 
	   Disk (KB)            :    57           1      3795 
	   GPUs                 :                           0 
	   Memory (MB)          :   279        3000      3000 
	   TimeExecute (s)      :   653                       
	   TimeSlotBusy (s)     :   655                       
...
000 (16828034.046.000) 09/22 17:37:17 Job submitted from host: <188.184.90.241:9618?addrs=188.184.90.241-9618+[2001-1458-201-e4--100-2eb]-9618&alias=bigbird15.cern.ch&noUDP&sock=schedd_3150_376a>
...
040 (16828034.046.000) 09/22 17:45:26 Started transferring input files
	Transferring to host: <188.185.213.204:9618?addrs=188.185.213.204-9618+[2001-1458-303-1b--100-48]-9618&alias=b9p28p7017.cern.ch&noUDP&sock=slot1_29_9006_4aa7_69354>
...
040 (16828034.046.000) 09/22 17:45:26 Finished transferring input files
...
001 (16828034.046.000) 09/22 17:45:27 Job executing on host: <188.185.213.204:9618?addrs=188.185.213.204-9618+[2001-1458-303-1b--100-48]-9618&alias=b9p28p7017.cern.ch&noUDP&sock=startd_7849_56f1>
	SlotName: slot1_29@b9p28p7017.cern.ch
	CondorScratchDir = "/pool/condor/dir_870963"
	Cpus = 1
	Disk = 3778
	GPUs = 0
	Memory = 3000
...
006 (16828034.046.000) 09/22 17:45:35 Image size of job updated: 2620
	2  -  MemoryUsage of job (MB)
	1588  -  ResidentSetSize of job (KB)
...
006 (16828034.046.000) 09/22 17:50:35 Image size of job updated: 283248
	277  -  MemoryUsage of job (MB)
	283248  -  ResidentSetSize of job (KB)
...
006 (16828034.046.000) 09/22 17:55:22 Image size of job updated: 283252
	277  -  MemoryUsage of job (MB)
	283248  -  ResidentSetSize of job (KB)
...
040 (16828034.046.000) 09/22 17:55:22 Started transferring output files
...
040 (16828034.046.000) 09/22 17:55:22 Finished transferring output files
...
005 (16828034.046.000) 09/22 17:55:22 Job terminated.
	(1) Normal termination (return value 0)
		Usr 0 00:08:13, Sys 0 00:00:20  -  Run Remote Usage
		Usr 0 00:00:00, Sys 0 00:00:00  -  Run Local Usage
		Usr 0 00:08:13, Sys 0 00:00:20  -  Total Remote Usage
		Usr 0 00:00:00, Sys 0 00:00:00  -  Total Local Usage
	13046  -  Run Bytes Sent By Job
	853  -  Run Bytes Received By Job
	13046  -  Total Bytes Sent By Job
	853  -  Total Bytes Received By Job
	Partitionable Resources :    Usage  Request Allocated 
	   Cpus                 :     0.90        1         1 
	   Disk (KB)            :    44           1      3778 
	   GPUs                 :                           0 
	   Memory (MB)          :   277        3000      3000 
	   TimeExecute (s)      :   595                       
	   TimeSlotBusy (s)     :   596                       
...
