000 (16827608.054.000) 09/22 12:58:51 Job submitted from host: <188.184.90.241:9618?addrs=188.184.90.241-9618+[2001-1458-201-e4--100-2eb]-9618&alias=bigbird15.cern.ch&noUDP&sock=schedd_3150_376a>
...
040 (16827608.054.000) 09/22 13:00:59 Started transferring input files
	Transferring to host: <188.185.211.173:9618?addrs=188.185.211.173-9618+[2001-1458-303-17--100-29]-9618&alias=b9p24p5419.cern.ch&noUDP&sock=slot1_36_525484_c3f2_71988>
...
040 (16827608.054.000) 09/22 13:00:59 Finished transferring input files
...
001 (16827608.054.000) 09/22 13:01:00 Job executing on host: <188.185.211.173:9618?addrs=188.185.211.173-9618+[2001-1458-303-17--100-29]-9618&alias=b9p24p5419.cern.ch&noUDP&sock=startd_8470_4b41>
	SlotName: slot1_36@b9p24p5419.cern.ch
	CondorScratchDir = "/pool/condor/dir_938429"
	Cpus = 1
	Disk = 3877
	GPUs = 0
	Memory = 3000
...
006 (16827608.054.000) 09/22 13:01:09 Image size of job updated: 3916
	4  -  MemoryUsage of job (MB)
	3916  -  ResidentSetSize of job (KB)
...
006 (16827608.054.000) 09/22 13:06:10 Image size of job updated: 281008
	275  -  MemoryUsage of job (MB)
	281008  -  ResidentSetSize of job (KB)
...
006 (16827608.054.000) 09/22 13:11:09 Image size of job updated: 287380
	275  -  MemoryUsage of job (MB)
	281008  -  ResidentSetSize of job (KB)
...
040 (16827608.054.000) 09/22 13:11:09 Started transferring output files
...
040 (16827608.054.000) 09/22 13:11:09 Finished transferring output files
...
005 (16827608.054.000) 09/22 13:11:09 Job terminated.
	(1) Normal termination (return value 0)
		Usr 0 00:08:08, Sys 0 00:00:19  -  Run Remote Usage
		Usr 0 00:00:00, Sys 0 00:00:00  -  Run Local Usage
		Usr 0 00:08:08, Sys 0 00:00:19  -  Total Remote Usage
		Usr 0 00:00:00, Sys 0 00:00:00  -  Total Local Usage
	14063  -  Run Bytes Sent By Job
	853  -  Run Bytes Received By Job
	14063  -  Total Bytes Sent By Job
	853  -  Total Bytes Received By Job
	Partitionable Resources :    Usage  Request Allocated 
	   Cpus                 :     0.81        1         1 
	   Disk (KB)            :    66           1      3877 
	   GPUs                 :                           0 
	   Memory (MB)          :   275        3000      3000 
	   TimeExecute (s)      :   609                       
	   TimeSlotBusy (s)     :   611                       
...
000 (16827633.054.000) 09/22 16:48:51 Job submitted from host: <188.184.90.241:9618?addrs=188.184.90.241-9618+[2001-1458-201-e4--100-2eb]-9618&alias=bigbird15.cern.ch&noUDP&sock=schedd_3150_376a>
...
040 (16827633.054.000) 09/22 17:18:50 Started transferring input files
	Transferring to host: <188.185.213.233:9618?addrs=188.185.213.233-9618+[2001-1458-303-1b--100-65]-9618&alias=b9p28p1176.cern.ch&noUDP&sock=slot1_27_5874_83a8_72830>
...
040 (16827633.054.000) 09/22 17:18:50 Finished transferring input files
...
001 (16827633.054.000) 09/22 17:18:51 Job executing on host: <188.185.213.233:9618?addrs=188.185.213.233-9618+[2001-1458-303-1b--100-65]-9618&alias=b9p28p1176.cern.ch&noUDP&sock=startd_4973_a491>
	SlotName: slot1_27@b9p28p1176.cern.ch
	CondorScratchDir = "/pool/condor/dir_1728048"
	Cpus = 1
	Disk = 3849
	GPUs = 0
	Memory = 3000
...
006 (16827633.054.000) 09/22 17:19:00 Image size of job updated: 14172
	2  -  MemoryUsage of job (MB)
	1868  -  ResidentSetSize of job (KB)
...
006 (16827633.054.000) 09/22 17:24:01 Image size of job updated: 285692
	279  -  MemoryUsage of job (MB)
	285692  -  ResidentSetSize of job (KB)
...
006 (16827633.054.000) 09/22 17:29:22 Image size of job updated: 285700
	279  -  MemoryUsage of job (MB)
	285692  -  ResidentSetSize of job (KB)
...
040 (16827633.054.000) 09/22 17:29:22 Started transferring output files
...
040 (16827633.054.000) 09/22 17:29:22 Finished transferring output files
...
005 (16827633.054.000) 09/22 17:29:22 Job terminated.
	(1) Normal termination (return value 0)
		Usr 0 00:07:29, Sys 0 00:00:16  -  Run Remote Usage
		Usr 0 00:00:00, Sys 0 00:00:00  -  Run Local Usage
		Usr 0 00:07:29, Sys 0 00:00:16  -  Total Remote Usage
		Usr 0 00:00:00, Sys 0 00:00:00  -  Total Local Usage
	13080  -  Run Bytes Sent By Job
	853  -  Run Bytes Received By Job
	13080  -  Total Bytes Sent By Job
	853  -  Total Bytes Received By Job
	Partitionable Resources :    Usage  Request Allocated 
	   Cpus                 :     0.76        1         1 
	   Disk (KB)            :    44           1      3849 
	   GPUs                 :                           0 
	   Memory (MB)          :   279        3000      3000 
	   TimeExecute (s)      :   631                       
	   TimeSlotBusy (s)     :   633                       
...
