000 (16827608.051.000) 09/22 12:58:51 Job submitted from host: <188.184.90.241:9618?addrs=188.184.90.241-9618+[2001-1458-201-e4--100-2eb]-9618&alias=bigbird15.cern.ch&noUDP&sock=schedd_3150_376a>
...
040 (16827608.051.000) 09/22 13:00:59 Started transferring input files
	Transferring to host: <188.185.211.175:9618?addrs=188.185.211.175-9618+[2001-1458-303-17--100-2b]-9618&alias=b9p24p5604.cern.ch&noUDP&sock=slot1_36_4736_b0ba_72669>
...
040 (16827608.051.000) 09/22 13:00:59 Finished transferring input files
...
001 (16827608.051.000) 09/22 13:01:00 Job executing on host: <188.185.211.175:9618?addrs=188.185.211.175-9618+[2001-1458-303-17--100-2b]-9618&alias=b9p24p5604.cern.ch&noUDP&sock=startd_4053_996f>
	SlotName: slot1_36@b9p24p5604.cern.ch
	CondorScratchDir = "/pool/condor/dir_3937182"
	Cpus = 1
	Disk = 3670
	GPUs = 0
	Memory = 3000
...
006 (16827608.051.000) 09/22 13:01:09 Image size of job updated: 2976
	3  -  MemoryUsage of job (MB)
	2976  -  ResidentSetSize of job (KB)
...
006 (16827608.051.000) 09/22 13:06:10 Image size of job updated: 285188
	279  -  MemoryUsage of job (MB)
	285188  -  ResidentSetSize of job (KB)
...
006 (16827608.051.000) 09/22 13:10:24 Image size of job updated: 285204
	279  -  MemoryUsage of job (MB)
	285188  -  ResidentSetSize of job (KB)
...
040 (16827608.051.000) 09/22 13:10:24 Started transferring output files
...
040 (16827608.051.000) 09/22 13:10:24 Finished transferring output files
...
005 (16827608.051.000) 09/22 13:10:24 Job terminated.
	(1) Normal termination (return value 0)
		Usr 0 00:08:05, Sys 0 00:00:21  -  Run Remote Usage
		Usr 0 00:00:00, Sys 0 00:00:00  -  Run Local Usage
		Usr 0 00:08:05, Sys 0 00:00:21  -  Total Remote Usage
		Usr 0 00:00:00, Sys 0 00:00:00  -  Total Local Usage
	14029  -  Run Bytes Sent By Job
	853  -  Run Bytes Received By Job
	14029  -  Total Bytes Sent By Job
	853  -  Total Bytes Received By Job
	Partitionable Resources :    Usage  Request Allocated 
	   Cpus                 :     0.91        1         1 
	   Disk (KB)            :    66           1      3670 
	   GPUs                 :                           0 
	   Memory (MB)          :   279        3000      3000 
	   TimeExecute (s)      :   564                       
	   TimeSlotBusy (s)     :   566                       
...
000 (16827633.051.000) 09/22 16:48:51 Job submitted from host: <188.184.90.241:9618?addrs=188.184.90.241-9618+[2001-1458-201-e4--100-2eb]-9618&alias=bigbird15.cern.ch&noUDP&sock=schedd_3150_376a>
...
040 (16827633.051.000) 09/22 17:18:49 Started transferring input files
	Transferring to host: <188.185.213.204:9618?addrs=188.185.213.204-9618+[2001-1458-303-1b--100-48]-9618&alias=b9p28p7017.cern.ch&noUDP&sock=slot1_29_9006_4aa7_69319>
...
040 (16827633.051.000) 09/22 17:18:49 Finished transferring input files
...
001 (16827633.051.000) 09/22 17:18:50 Job executing on host: <188.185.213.204:9618?addrs=188.185.213.204-9618+[2001-1458-303-1b--100-48]-9618&alias=b9p28p7017.cern.ch&noUDP&sock=startd_7849_56f1>
	SlotName: slot1_29@b9p28p7017.cern.ch
	CondorScratchDir = "/pool/condor/dir_788836"
	Cpus = 1
	Disk = 3777
	GPUs = 0
	Memory = 3000
...
006 (16827633.051.000) 09/22 17:18:59 Image size of job updated: 8816
	9  -  MemoryUsage of job (MB)
	8816  -  ResidentSetSize of job (KB)
...
006 (16827633.051.000) 09/22 17:24:00 Image size of job updated: 282968
	277  -  MemoryUsage of job (MB)
	282968  -  ResidentSetSize of job (KB)
...
006 (16827633.051.000) 09/22 17:28:47 Image size of job updated: 291700
	277  -  MemoryUsage of job (MB)
	282968  -  ResidentSetSize of job (KB)
...
040 (16827633.051.000) 09/22 17:28:47 Started transferring output files
...
040 (16827633.051.000) 09/22 17:28:47 Finished transferring output files
...
005 (16827633.051.000) 09/22 17:28:48 Job terminated.
	(1) Normal termination (return value 0)
		Usr 0 00:08:24, Sys 0 00:00:23  -  Run Remote Usage
		Usr 0 00:00:00, Sys 0 00:00:00  -  Run Local Usage
		Usr 0 00:08:24, Sys 0 00:00:23  -  Total Remote Usage
		Usr 0 00:00:00, Sys 0 00:00:00  -  Total Local Usage
	13046  -  Run Bytes Sent By Job
	853  -  Run Bytes Received By Job
	13046  -  Total Bytes Sent By Job
	853  -  Total Bytes Received By Job
	Partitionable Resources :    Usage  Request Allocated 
	   Cpus                 :     0.90        1         1 
	   Disk (KB)            :    88           1      3777 
	   GPUs                 :                           0 
	   Memory (MB)          :   277        3000      3000 
	   TimeExecute (s)      :   597                       
	   TimeSlotBusy (s)     :   598                       
...
