000 (16827608.053.000) 09/22 12:58:51 Job submitted from host: <188.184.90.241:9618?addrs=188.184.90.241-9618+[2001-1458-201-e4--100-2eb]-9618&alias=bigbird15.cern.ch&noUDP&sock=schedd_3150_376a>
...
040 (16827608.053.000) 09/22 13:00:59 Started transferring input files
	Transferring to host: <188.185.214.89:9618?addrs=188.185.214.89-9618+[2001-1458-303-1c--100-55]-9618&alias=b9p29p0520.cern.ch&noUDP&sock=slot1_28_5578_f49c_72503>
...
040 (16827608.053.000) 09/22 13:00:59 Finished transferring input files
...
001 (16827608.053.000) 09/22 13:01:00 Job executing on host: <188.185.214.89:9618?addrs=188.185.214.89-9618+[2001-1458-303-1c--100-55]-9618&alias=b9p29p0520.cern.ch&noUDP&sock=startd_4575_a5df>
	SlotName: slot1_28@b9p29p0520.cern.ch
	CondorScratchDir = "/pool/condor/dir_2274878"
	Cpus = 1
	Disk = 3718
	GPUs = 0
	Memory = 3000
...
006 (16827608.053.000) 09/22 13:01:09 Image size of job updated: 2184
	2  -  MemoryUsage of job (MB)
	1304  -  ResidentSetSize of job (KB)
...
006 (16827608.053.000) 09/22 13:06:11 Image size of job updated: 285740
	280  -  MemoryUsage of job (MB)
	285740  -  ResidentSetSize of job (KB)
...
006 (16827608.053.000) 09/22 13:10:24 Image size of job updated: 285748
	280  -  MemoryUsage of job (MB)
	285740  -  ResidentSetSize of job (KB)
...
040 (16827608.053.000) 09/22 13:10:24 Started transferring output files
...
040 (16827608.053.000) 09/22 13:10:24 Finished transferring output files
...
005 (16827608.053.000) 09/22 13:10:24 Job terminated.
	(1) Normal termination (return value 0)
		Usr 0 00:08:13, Sys 0 00:00:19  -  Run Remote Usage
		Usr 0 00:00:00, Sys 0 00:00:00  -  Run Local Usage
		Usr 0 00:08:13, Sys 0 00:00:19  -  Total Remote Usage
		Usr 0 00:00:00, Sys 0 00:00:00  -  Total Local Usage
	14062  -  Run Bytes Sent By Job
	853  -  Run Bytes Received By Job
	14062  -  Total Bytes Sent By Job
	853  -  Total Bytes Received By Job
	Partitionable Resources :    Usage  Request Allocated 
	   Cpus                 :                 1         1 
	   Disk (KB)            :       57        1      3718 
	   GPUs                 :                           0 
	   Memory (MB)          :      280     3000      3000 
	   TimeExecute (s)      :      564                    
	   TimeSlotBusy (s)     :      566                    
...
000 (16827633.053.000) 09/22 16:48:51 Job submitted from host: <188.184.90.241:9618?addrs=188.184.90.241-9618+[2001-1458-201-e4--100-2eb]-9618&alias=bigbird15.cern.ch&noUDP&sock=schedd_3150_376a>
...
040 (16827633.053.000) 09/22 17:18:49 Started transferring input files
	Transferring to host: <188.185.213.204:9618?addrs=188.185.213.204-9618+[2001-1458-303-1b--100-48]-9618&alias=b9p28p7017.cern.ch&noUDP&sock=slot1_39_9006_4aa7_69320>
...
040 (16827633.053.000) 09/22 17:18:49 Finished transferring input files
...
001 (16827633.053.000) 09/22 17:18:50 Job executing on host: <188.185.213.204:9618?addrs=188.185.213.204-9618+[2001-1458-303-1b--100-48]-9618&alias=b9p28p7017.cern.ch&noUDP&sock=startd_7849_56f1>
	SlotName: slot1_39@b9p28p7017.cern.ch
	CondorScratchDir = "/pool/condor/dir_788837"
	Cpus = 1
	Disk = 3777
	GPUs = 0
	Memory = 3000
...
006 (16827633.053.000) 09/22 17:18:59 Image size of job updated: 2556
	2  -  MemoryUsage of job (MB)
	1468  -  ResidentSetSize of job (KB)
...
006 (16827633.053.000) 09/22 17:24:00 Image size of job updated: 282956
	277  -  MemoryUsage of job (MB)
	282956  -  ResidentSetSize of job (KB)
...
006 (16827633.053.000) 09/22 17:29:00 Image size of job updated: 282968
	277  -  MemoryUsage of job (MB)
	282968  -  ResidentSetSize of job (KB)
...
006 (16827633.053.000) 09/22 17:30:00 Image size of job updated: 292072
	277  -  MemoryUsage of job (MB)
	282968  -  ResidentSetSize of job (KB)
...
040 (16827633.053.000) 09/22 17:30:01 Started transferring output files
...
040 (16827633.053.000) 09/22 17:30:01 Finished transferring output files
...
005 (16827633.053.000) 09/22 17:30:01 Job terminated.
	(1) Normal termination (return value 0)
		Usr 0 00:08:32, Sys 0 00:00:28  -  Run Remote Usage
		Usr 0 00:00:00, Sys 0 00:00:00  -  Run Local Usage
		Usr 0 00:08:32, Sys 0 00:00:28  -  Total Remote Usage
		Usr 0 00:00:00, Sys 0 00:00:00  -  Total Local Usage
	13079  -  Run Bytes Sent By Job
	853  -  Run Bytes Received By Job
	13079  -  Total Bytes Sent By Job
	853  -  Total Bytes Received By Job
	Partitionable Resources :    Usage  Request Allocated 
	   Cpus                 :     0.82        1         1 
	   Disk (KB)            :    56           1      3777 
	   GPUs                 :                           0 
	   Memory (MB)          :   277        3000      3000 
	   TimeExecute (s)      :   670                       
	   TimeSlotBusy (s)     :   672                       
...
000 (16828034.053.000) 09/22 17:37:18 Job submitted from host: <188.184.90.241:9618?addrs=188.184.90.241-9618+[2001-1458-201-e4--100-2eb]-9618&alias=bigbird15.cern.ch&noUDP&sock=schedd_3150_376a>
...
040 (16828034.053.000) 09/22 17:46:11 Started transferring input files
	Transferring to host: <188.185.213.204:9618?addrs=188.185.213.204-9618+[2001-1458-303-1b--100-48]-9618&alias=b9p28p7017.cern.ch&noUDP&sock=slot1_1_9006_4aa7_69355>
...
040 (16828034.053.000) 09/22 17:46:11 Finished transferring input files
...
001 (16828034.053.000) 09/22 17:46:12 Job executing on host: <188.185.213.204:9618?addrs=188.185.213.204-9618+[2001-1458-303-1b--100-48]-9618&alias=b9p28p7017.cern.ch&noUDP&sock=startd_7849_56f1>
	SlotName: slot1_1@b9p28p7017.cern.ch
	CondorScratchDir = "/pool/condor/dir_873598"
	Cpus = 1
	Disk = 3777
	GPUs = 0
	Memory = 3000
...
006 (16828034.053.000) 09/22 17:46:21 Image size of job updated: 1728
	2  -  MemoryUsage of job (MB)
	1632  -  ResidentSetSize of job (KB)
...
006 (16828034.053.000) 09/22 17:51:22 Image size of job updated: 283632
	277  -  MemoryUsage of job (MB)
	283632  -  ResidentSetSize of job (KB)
...
006 (16828034.053.000) 09/22 17:56:23 Image size of job updated: 283636
	277  -  MemoryUsage of job (MB)
	283636  -  ResidentSetSize of job (KB)
...
040 (16828034.053.000) 09/22 17:57:08 Started transferring output files
...
040 (16828034.053.000) 09/22 17:57:08 Finished transferring output files
...
005 (16828034.053.000) 09/22 17:57:08 Job terminated.
	(1) Normal termination (return value 0)
		Usr 0 00:08:51, Sys 0 00:00:22  -  Run Remote Usage
		Usr 0 00:00:00, Sys 0 00:00:00  -  Run Local Usage
		Usr 0 00:08:51, Sys 0 00:00:22  -  Total Remote Usage
		Usr 0 00:00:00, Sys 0 00:00:00  -  Total Local Usage
	13079  -  Run Bytes Sent By Job
	853  -  Run Bytes Received By Job
	13079  -  Total Bytes Sent By Job
	853  -  Total Bytes Received By Job
	Partitionable Resources :    Usage  Request Allocated 
	   Cpus                 :     0.87        1         1 
	   Disk (KB)            :    44           1      3777 
	   GPUs                 :                           0 
	   Memory (MB)          :   277        3000      3000 
	   TimeExecute (s)      :   656                       
	   TimeSlotBusy (s)     :   657                       
...
