000 (16827608.050.000) 09/22 12:58:51 Job submitted from host: <188.184.90.241:9618?addrs=188.184.90.241-9618+[2001-1458-201-e4--100-2eb]-9618&alias=bigbird15.cern.ch&noUDP&sock=schedd_3150_376a>
...
040 (16827608.050.000) 09/22 13:00:59 Started transferring input files
	Transferring to host: <188.185.205.206:9618?addrs=188.185.205.206-9618+[2001-1458-303-a--100-4b]-9618&alias=b9p04p2719.cern.ch&noUDP&sock=slot1_29_10914_a675_68668>
...
040 (16827608.050.000) 09/22 13:00:59 Finished transferring input files
...
001 (16827608.050.000) 09/22 13:01:00 Job executing on host: <188.185.205.206:9618?addrs=188.185.205.206-9618+[2001-1458-303-a--100-4b]-9618&alias=b9p04p2719.cern.ch&noUDP&sock=startd_9882_cefb>
	SlotName: slot1_29@b9p04p2719.cern.ch
	CondorScratchDir = "/pool/condor/dir_375800"
	Cpus = 1
	Disk = 3512
	GPUs = 0
	Memory = 3000
...
006 (16827608.050.000) 09/22 13:01:09 Image size of job updated: 2488
	3  -  MemoryUsage of job (MB)
	2184  -  ResidentSetSize of job (KB)
...
006 (16827608.050.000) 09/22 13:06:10 Image size of job updated: 285500
	279  -  MemoryUsage of job (MB)
	285500  -  ResidentSetSize of job (KB)
...
006 (16827608.050.000) 09/22 13:09:03 Image size of job updated: 285516
	279  -  MemoryUsage of job (MB)
	285500  -  ResidentSetSize of job (KB)
...
040 (16827608.050.000) 09/22 13:09:03 Started transferring output files
...
040 (16827608.050.000) 09/22 13:09:03 Finished transferring output files
...
005 (16827608.050.000) 09/22 13:09:04 Job terminated.
	(1) Normal termination (return value 0)
		Usr 0 00:06:08, Sys 0 00:00:16  -  Run Remote Usage
		Usr 0 00:00:00, Sys 0 00:00:00  -  Run Local Usage
		Usr 0 00:06:08, Sys 0 00:00:16  -  Total Remote Usage
		Usr 0 00:00:00, Sys 0 00:00:00  -  Total Local Usage
	14029  -  Run Bytes Sent By Job
	853  -  Run Bytes Received By Job
	14029  -  Total Bytes Sent By Job
	853  -  Total Bytes Received By Job
	Partitionable Resources :    Usage  Request Allocated 
	   Cpus                 :     0.81        1         1 
	   Disk (KB)            :    69           1      3512 
	   GPUs                 :                           0 
	   Memory (MB)          :   279        3000      3000 
	   TimeExecute (s)      :   483                       
	   TimeSlotBusy (s)     :   485                       
...
000 (16827633.050.000) 09/22 16:48:51 Job submitted from host: <188.184.90.241:9618?addrs=188.184.90.241-9618+[2001-1458-201-e4--100-2eb]-9618&alias=bigbird15.cern.ch&noUDP&sock=schedd_3150_376a>
...
040 (16827633.050.000) 09/22 17:18:48 Started transferring input files
	Transferring to host: <188.185.214.35:9618?addrs=188.185.214.35-9618+[2001-1458-303-1c--100-1f]-9618&alias=b9p29p9581.cern.ch&noUDP&sock=slot1_1_4761_4e1b_68112>
...
040 (16827633.050.000) 09/22 17:18:48 Finished transferring input files
...
001 (16827633.050.000) 09/22 17:18:49 Job executing on host: <188.185.214.35:9618?addrs=188.185.214.35-9618+[2001-1458-303-1c--100-1f]-9618&alias=b9p29p9581.cern.ch&noUDP&sock=startd_4113_c11e>
	SlotName: slot1_1@b9p29p9581.cern.ch
	CondorScratchDir = "/pool/condor/dir_1766021"
	Cpus = 1
	Disk = 3601
	GPUs = 0
	Memory = 3000
...
006 (16827633.050.000) 09/22 17:18:58 Image size of job updated: 2532
	2  -  MemoryUsage of job (MB)
	1132  -  ResidentSetSize of job (KB)
...
006 (16827633.050.000) 09/22 17:23:58 Image size of job updated: 285648
	279  -  MemoryUsage of job (MB)
	285648  -  ResidentSetSize of job (KB)
...
006 (16827633.050.000) 09/22 17:28:58 Image size of job updated: 285656
	279  -  MemoryUsage of job (MB)
	285656  -  ResidentSetSize of job (KB)
...
040 (16827633.050.000) 09/22 17:29:24 Started transferring output files
...
040 (16827633.050.000) 09/22 17:29:24 Finished transferring output files
...
005 (16827633.050.000) 09/22 17:29:25 Job terminated.
	(1) Normal termination (return value 0)
		Usr 0 00:08:43, Sys 0 00:00:24  -  Run Remote Usage
		Usr 0 00:00:00, Sys 0 00:00:00  -  Run Local Usage
		Usr 0 00:08:43, Sys 0 00:00:24  -  Total Remote Usage
		Usr 0 00:00:00, Sys 0 00:00:00  -  Total Local Usage
	13046  -  Run Bytes Sent By Job
	853  -  Run Bytes Received By Job
	13046  -  Total Bytes Sent By Job
	853  -  Total Bytes Received By Job
	Partitionable Resources :    Usage  Request Allocated 
	   Cpus                 :     0.89        1         1 
	   Disk (KB)            :    56           1      3601 
	   GPUs                 :                           0 
	   Memory (MB)          :   279        3000      3000 
	   TimeExecute (s)      :   635                       
	   TimeSlotBusy (s)     :   636                       
...
000 (16828034.050.000) 09/22 17:37:18 Job submitted from host: <188.184.90.241:9618?addrs=188.184.90.241-9618+[2001-1458-201-e4--100-2eb]-9618&alias=bigbird15.cern.ch&noUDP&sock=schedd_3150_376a>
...
040 (16828034.050.000) 09/22 17:45:51 Started transferring input files
	Transferring to host: <188.185.214.97:9618?addrs=188.185.214.97-9618+[2001-1458-303-1c--100-5d]-9618&alias=b9p29p0113.cern.ch&noUDP&sock=slot1_7_8447_6cf1_68773>
...
040 (16828034.050.000) 09/22 17:45:51 Finished transferring input files
...
001 (16828034.050.000) 09/22 17:45:52 Job executing on host: <188.185.214.97:9618?addrs=188.185.214.97-9618+[2001-1458-303-1c--100-5d]-9618&alias=b9p29p0113.cern.ch&noUDP&sock=startd_7603_9aa5>
	SlotName: slot1_7@b9p29p0113.cern.ch
	CondorScratchDir = "/pool/condor/dir_2116683"
	Cpus = 1
	Disk = 3794
	GPUs = 0
	Memory = 3000
...
006 (16828034.050.000) 09/22 17:46:00 Image size of job updated: 3864
	4  -  MemoryUsage of job (MB)
	3864  -  ResidentSetSize of job (KB)
...
006 (16828034.050.000) 09/22 17:51:00 Image size of job updated: 286256
	280  -  MemoryUsage of job (MB)
	286256  -  ResidentSetSize of job (KB)
...
006 (16828034.050.000) 09/22 17:56:01 Image size of job updated: 286268
	280  -  MemoryUsage of job (MB)
	286268  -  ResidentSetSize of job (KB)
...
040 (16828034.050.000) 09/22 17:56:32 Started transferring output files
...
040 (16828034.050.000) 09/22 17:56:32 Finished transferring output files
...
005 (16828034.050.000) 09/22 17:56:33 Job terminated.
	(1) Normal termination (return value 0)
		Usr 0 00:08:47, Sys 0 00:00:23  -  Run Remote Usage
		Usr 0 00:00:00, Sys 0 00:00:00  -  Run Local Usage
		Usr 0 00:08:47, Sys 0 00:00:23  -  Total Remote Usage
		Usr 0 00:00:00, Sys 0 00:00:00  -  Total Local Usage
	13046  -  Run Bytes Sent By Job
	853  -  Run Bytes Received By Job
	13046  -  Total Bytes Sent By Job
	853  -  Total Bytes Received By Job
	Partitionable Resources :    Usage  Request Allocated 
	   Cpus                 :     0.88        1         1 
	   Disk (KB)            :    57           1      3794 
	   GPUs                 :                           0 
	   Memory (MB)          :   280        3000      3000 
	   TimeExecute (s)      :   640                       
	   TimeSlotBusy (s)     :   642                       
...
