000 (16827608.047.000) 09/22 12:58:51 Job submitted from host: <188.184.90.241:9618?addrs=188.184.90.241-9618+[2001-1458-201-e4--100-2eb]-9618&alias=bigbird15.cern.ch&noUDP&sock=schedd_3150_376a>
...
040 (16827608.047.000) 09/22 13:00:59 Started transferring input files
	Transferring to host: <188.185.213.184:9618?addrs=188.185.213.184-9618+[2001-1458-303-1b--100-34]-9618&alias=b9p28p2085.cern.ch&noUDP&sock=slot1_33_8844_25e1_75346>
...
040 (16827608.047.000) 09/22 13:00:59 Finished transferring input files
...
001 (16827608.047.000) 09/22 13:01:00 Job executing on host: <188.185.213.184:9618?addrs=188.185.213.184-9618+[2001-1458-303-1b--100-34]-9618&alias=b9p28p2085.cern.ch&noUDP&sock=startd_7601_3b74>
	SlotName: slot1_33@b9p28p2085.cern.ch
	CondorScratchDir = "/pool/condor/dir_3326793"
	Cpus = 1
	Disk = 3814
	GPUs = 0
	Memory = 3000
...
006 (16827608.047.000) 09/22 13:01:09 Image size of job updated: 3924
	4  -  MemoryUsage of job (MB)
	3924  -  ResidentSetSize of job (KB)
...
006 (16827608.047.000) 09/22 13:06:10 Image size of job updated: 286060
	280  -  MemoryUsage of job (MB)
	286060  -  ResidentSetSize of job (KB)
...
006 (16827608.047.000) 09/22 13:11:10 Image size of job updated: 286064
	280  -  MemoryUsage of job (MB)
	286064  -  ResidentSetSize of job (KB)
...
006 (16827608.047.000) 09/22 13:16:05 Image size of job updated: 286068
	280  -  MemoryUsage of job (MB)
	286064  -  ResidentSetSize of job (KB)
...
040 (16827608.047.000) 09/22 13:16:05 Started transferring output files
...
040 (16827608.047.000) 09/22 13:16:05 Finished transferring output files
...
005 (16827608.047.000) 09/22 13:16:05 Job terminated.
	(1) Normal termination (return value 0)
		Usr 0 00:08:45, Sys 0 00:00:27  -  Run Remote Usage
		Usr 0 00:00:00, Sys 0 00:00:00  -  Run Local Usage
		Usr 0 00:08:45, Sys 0 00:00:27  -  Total Remote Usage
		Usr 0 00:00:00, Sys 0 00:00:00  -  Total Local Usage
	14029  -  Run Bytes Sent By Job
	853  -  Run Bytes Received By Job
	14029  -  Total Bytes Sent By Job
	853  -  Total Bytes Received By Job
	Partitionable Resources :    Usage  Request Allocated 
	   Cpus                 :     0.56        1         1 
	   Disk (KB)            :    66           1      3814 
	   GPUs                 :                           0 
	   Memory (MB)          :   280        3000      3000 
	   TimeExecute (s)      :   905                       
	   TimeSlotBusy (s)     :   907                       
...
000 (16827633.047.000) 09/22 16:48:51 Job submitted from host: <188.184.90.241:9618?addrs=188.184.90.241-9618+[2001-1458-201-e4--100-2eb]-9618&alias=bigbird15.cern.ch&noUDP&sock=schedd_3150_376a>
...
040 (16827633.047.000) 09/22 17:18:48 Started transferring input files
	Transferring to host: <188.185.214.97:9618?addrs=188.185.214.97-9618+[2001-1458-303-1c--100-5d]-9618&alias=b9p29p0113.cern.ch&noUDP&sock=slot1_14_8447_6cf1_68711>
...
040 (16827633.047.000) 09/22 17:18:48 Finished transferring input files
...
001 (16827633.047.000) 09/22 17:18:49 Job executing on host: <188.185.214.97:9618?addrs=188.185.214.97-9618+[2001-1458-303-1c--100-5d]-9618&alias=b9p29p0113.cern.ch&noUDP&sock=startd_7603_9aa5>
	SlotName: slot1_14@b9p29p0113.cern.ch
	CondorScratchDir = "/pool/condor/dir_1875443"
	Cpus = 1
	Disk = 3795
	GPUs = 0
	Memory = 3000
...
006 (16827633.047.000) 09/22 17:18:58 Image size of job updated: 1068
	1  -  MemoryUsage of job (MB)
	832  -  ResidentSetSize of job (KB)
...
006 (16827633.047.000) 09/22 17:23:59 Image size of job updated: 285780
	280  -  MemoryUsage of job (MB)
	285780  -  ResidentSetSize of job (KB)
...
006 (16827633.047.000) 09/22 17:28:59 Image size of job updated: 285788
	280  -  MemoryUsage of job (MB)
	285788  -  ResidentSetSize of job (KB)
...
006 (16827633.047.000) 09/22 17:29:38 Image size of job updated: 294340
	280  -  MemoryUsage of job (MB)
	285788  -  ResidentSetSize of job (KB)
...
040 (16827633.047.000) 09/22 17:29:38 Started transferring output files
...
040 (16827633.047.000) 09/22 17:29:38 Finished transferring output files
...
005 (16827633.047.000) 09/22 17:29:39 Job terminated.
	(1) Normal termination (return value 0)
		Usr 0 00:08:46, Sys 0 00:00:23  -  Run Remote Usage
		Usr 0 00:00:00, Sys 0 00:00:00  -  Run Local Usage
		Usr 0 00:08:46, Sys 0 00:00:23  -  Total Remote Usage
		Usr 0 00:00:00, Sys 0 00:00:00  -  Total Local Usage
	13046  -  Run Bytes Sent By Job
	853  -  Run Bytes Received By Job
	13046  -  Total Bytes Sent By Job
	853  -  Total Bytes Received By Job
	Partitionable Resources :    Usage  Request Allocated 
	   Cpus                 :     0.82        1         1 
	   Disk (KB)            :    57           1      3795 
	   GPUs                 :                           0 
	   Memory (MB)          :   280        3000      3000 
	   TimeExecute (s)      :   649                       
	   TimeSlotBusy (s)     :   650                       
...
