000 (16690473.025.000) 08/07 21:10:36 Job submitted from host: <188.184.90.241:9618?addrs=188.184.90.241-9618+[2001-1458-201-e4--100-2eb]-9618&alias=bigbird15.cern.ch&noUDP&sock=schedd_3150_376a>
...
040 (16690473.025.000) 08/07 21:12:20 Started transferring input files
	Transferring to host: <188.185.210.225:9618?addrs=188.185.210.225-9618+[2001-1458-303-15--100-5d]-9618&alias=b9p22p2530.cern.ch&noUDP&sock=slot1_8_5168_12cb_31010>
...
040 (16690473.025.000) 08/07 21:12:20 Finished transferring input files
...
001 (16690473.025.000) 08/07 21:12:21 Job executing on host: <188.185.210.225:9618?addrs=188.185.210.225-9618+[2001-1458-303-15--100-5d]-9618&alias=b9p22p2530.cern.ch&noUDP&sock=startd_4354_0f71>
	SlotName: slot1_8@b9p22p2530.cern.ch
	CondorScratchDir = "/pool/condor/dir_1850635"
	Cpus = 1
	Disk = 3917
	GPUs = 0
	Memory = 3000
...
006 (16690473.025.000) 08/07 21:12:30 Image size of job updated: 11048
	4  -  MemoryUsage of job (MB)
	3908  -  ResidentSetSize of job (KB)
...
006 (16690473.025.000) 08/07 21:16:15 Image size of job updated: 306972
	4  -  MemoryUsage of job (MB)
	3908  -  ResidentSetSize of job (KB)
...
040 (16690473.025.000) 08/07 21:16:15 Started transferring output files
...
040 (16690473.025.000) 08/07 21:16:15 Finished transferring output files
...
005 (16690473.025.000) 08/07 21:16:15 Job terminated.
	(1) Normal termination (return value 0)
		Usr 0 00:02:46, Sys 0 00:00:15  -  Run Remote Usage
		Usr 0 00:00:00, Sys 0 00:00:00  -  Run Local Usage
		Usr 0 00:02:46, Sys 0 00:00:15  -  Total Remote Usage
		Usr 0 00:00:00, Sys 0 00:00:00  -  Total Local Usage
	11676  -  Run Bytes Sent By Job
	852  -  Run Bytes Received By Job
	11676  -  Total Bytes Sent By Job
	852  -  Total Bytes Received By Job
	Partitionable Resources :    Usage  Request Allocated 
	   Cpus                 :        0        1         1 
	   Disk (KB)            :       63        1      3917 
	   GPUs                 :                           0 
	   Memory (MB)          :        4     3000      3000 
	   TimeExecute (s)      :      234                    
	   TimeSlotBusy (s)     :      236                    
...
000 (16827608.045.000) 09/22 12:58:51 Job submitted from host: <188.184.90.241:9618?addrs=188.184.90.241-9618+[2001-1458-201-e4--100-2eb]-9618&alias=bigbird15.cern.ch&noUDP&sock=schedd_3150_376a>
...
040 (16827608.045.000) 09/22 13:00:59 Started transferring input files
	Transferring to host: <188.185.210.105:9618?addrs=188.185.210.105-9618+[2001-1458-303-1--100-65]-9618&alias=b9p21p1603.cern.ch&noUDP&sock=slot1_30_5313_3d31_76255>
...
040 (16827608.045.000) 09/22 13:00:59 Finished transferring input files
...
001 (16827608.045.000) 09/22 13:01:00 Job executing on host: <188.185.210.105:9618?addrs=188.185.210.105-9618+[2001-1458-303-1--100-65]-9618&alias=b9p21p1603.cern.ch&noUDP&sock=startd_4329_e993>
	SlotName: slot1_30@b9p21p1603.cern.ch
	CondorScratchDir = "/pool/condor/dir_3951280"
	Cpus = 1
	Disk = 3795
	GPUs = 0
	Memory = 3000
...
006 (16827608.045.000) 09/22 13:01:08 Image size of job updated: 3916
	4  -  MemoryUsage of job (MB)
	3916  -  ResidentSetSize of job (KB)
...
006 (16827608.045.000) 09/22 13:05:01 Image size of job updated: 296056
	4  -  MemoryUsage of job (MB)
	3916  -  ResidentSetSize of job (KB)
...
040 (16827608.045.000) 09/22 13:05:02 Started transferring output files
...
040 (16827608.045.000) 09/22 13:05:02 Finished transferring output files
...
005 (16827608.045.000) 09/22 13:05:02 Job terminated.
	(1) Normal termination (return value 0)
		Usr 0 00:02:51, Sys 0 00:00:14  -  Run Remote Usage
		Usr 0 00:00:00, Sys 0 00:00:00  -  Run Local Usage
		Usr 0 00:02:51, Sys 0 00:00:14  -  Total Remote Usage
		Usr 0 00:00:00, Sys 0 00:00:00  -  Total Local Usage
	11940  -  Run Bytes Sent By Job
	852  -  Run Bytes Received By Job
	11940  -  Total Bytes Sent By Job
	852  -  Total Bytes Received By Job
	Partitionable Resources :    Usage  Request Allocated 
	   Cpus                 :        0        1         1 
	   Disk (KB)            :       66        1      3795 
	   GPUs                 :                           0 
	   Memory (MB)          :        4     3000      3000 
	   TimeExecute (s)      :      241                    
	   TimeSlotBusy (s)     :      244                    
...
000 (16827633.045.000) 09/22 16:48:51 Job submitted from host: <188.184.90.241:9618?addrs=188.184.90.241-9618+[2001-1458-201-e4--100-2eb]-9618&alias=bigbird15.cern.ch&noUDP&sock=schedd_3150_376a>
...
040 (16827633.045.000) 09/22 17:15:17 Started transferring input files
	Transferring to host: <188.185.213.198:9618?addrs=188.185.213.198-9618+[2001-1458-303-1b--100-42]-9618&alias=b9p28p6148.cern.ch&noUDP&sock=slot1_14_9732_d305_67469>
...
040 (16827633.045.000) 09/22 17:15:17 Finished transferring input files
...
001 (16827633.045.000) 09/22 17:15:18 Job executing on host: <188.185.213.198:9618?addrs=188.185.213.198-9618+[2001-1458-303-1b--100-42]-9618&alias=b9p28p6148.cern.ch&noUDP&sock=startd_8956_a648>
	SlotName: slot1_14@b9p28p6148.cern.ch
	CondorScratchDir = "/pool/condor/dir_3590087"
	Cpus = 1
	Disk = 3760
	GPUs = 0
	Memory = 3000
...
006 (16827633.045.000) 09/22 17:15:27 Image size of job updated: 2560
	3  -  MemoryUsage of job (MB)
	2560  -  ResidentSetSize of job (KB)
...
006 (16827633.045.000) 09/22 17:19:35 Image size of job updated: 299468
	3  -  MemoryUsage of job (MB)
	2724  -  ResidentSetSize of job (KB)
...
040 (16827633.045.000) 09/22 17:19:35 Started transferring output files
...
040 (16827633.045.000) 09/22 17:19:35 Finished transferring output files
...
005 (16827633.045.000) 09/22 17:19:35 Job terminated.
	(1) Normal termination (return value 0)
		Usr 0 00:03:11, Sys 0 00:00:11  -  Run Remote Usage
		Usr 0 00:00:00, Sys 0 00:00:00  -  Run Local Usage
		Usr 0 00:03:11, Sys 0 00:00:11  -  Total Remote Usage
		Usr 0 00:00:00, Sys 0 00:00:00  -  Total Local Usage
	10957  -  Run Bytes Sent By Job
	852  -  Run Bytes Received By Job
	10957  -  Total Bytes Sent By Job
	852  -  Total Bytes Received By Job
	Partitionable Resources :    Usage  Request Allocated 
	   Cpus                 :        0        1         1 
	   Disk (KB)            :       43        1      3760 
	   GPUs                 :                           0 
	   Memory (MB)          :        3     3000      3000 
	   TimeExecute (s)      :      257                    
	   TimeSlotBusy (s)     :      258                    
...
000 (16828034.045.000) 09/22 17:37:17 Job submitted from host: <188.184.90.241:9618?addrs=188.184.90.241-9618+[2001-1458-201-e4--100-2eb]-9618&alias=bigbird15.cern.ch&noUDP&sock=schedd_3150_376a>
...
040 (16828034.045.000) 09/22 17:45:38 Started transferring input files
	Transferring to host: <188.185.214.35:9618?addrs=188.185.214.35-9618+[2001-1458-303-1c--100-1f]-9618&alias=b9p29p9581.cern.ch&noUDP&sock=slot1_1_4761_4e1b_68156>
...
040 (16828034.045.000) 09/22 17:45:38 Finished transferring input files
...
001 (16828034.045.000) 09/22 17:45:39 Job executing on host: <188.185.214.35:9618?addrs=188.185.214.35-9618+[2001-1458-303-1c--100-1f]-9618&alias=b9p29p9581.cern.ch&noUDP&sock=startd_4113_c11e>
	SlotName: slot1_1@b9p29p9581.cern.ch
	CondorScratchDir = "/pool/condor/dir_1904561"
	Cpus = 1
	Disk = 3597
	GPUs = 0
	Memory = 3000
...
006 (16828034.045.000) 09/22 17:45:48 Image size of job updated: 1500
	2  -  MemoryUsage of job (MB)
	1500  -  ResidentSetSize of job (KB)
...
006 (16828034.045.000) 09/22 17:49:05 Image size of job updated: 292592
	2  -  MemoryUsage of job (MB)
	1500  -  ResidentSetSize of job (KB)
...
040 (16828034.045.000) 09/22 17:49:05 Started transferring output files
...
040 (16828034.045.000) 09/22 17:49:05 Finished transferring output files
...
005 (16828034.045.000) 09/22 17:49:05 Job terminated.
	(1) Normal termination (return value 0)
		Usr 0 00:02:50, Sys 0 00:00:11  -  Run Remote Usage
		Usr 0 00:00:00, Sys 0 00:00:00  -  Run Local Usage
		Usr 0 00:02:50, Sys 0 00:00:11  -  Total Remote Usage
		Usr 0 00:00:00, Sys 0 00:00:00  -  Total Local Usage
	10957  -  Run Bytes Sent By Job
	852  -  Run Bytes Received By Job
	10957  -  Total Bytes Sent By Job
	852  -  Total Bytes Received By Job
	Partitionable Resources :    Usage  Request Allocated 
	   Cpus                 :     0.92        1         1 
	   Disk (KB)            :    43           1      3597 
	   GPUs                 :                           0 
	   Memory (MB)          :     2        3000      3000 
	   TimeExecute (s)      :   206                       
	   TimeSlotBusy (s)     :   207                       
...
