000 (16827608.057.000) 09/22 12:58:51 Job submitted from host: <188.184.90.241:9618?addrs=188.184.90.241-9618+[2001-1458-201-e4--100-2eb]-9618&alias=bigbird15.cern.ch&noUDP&sock=schedd_3150_376a>
...
040 (16827608.057.000) 09/22 13:00:59 Started transferring input files
	Transferring to host: <188.185.214.195:9618?addrs=188.185.214.195-9618+[2001-1458-303-1d--100-3f]-9618&alias=b9p30p9265.cern.ch&noUDP&sock=slot1_9_7208_701e_76884>
...
040 (16827608.057.000) 09/22 13:00:59 Finished transferring input files
...
001 (16827608.057.000) 09/22 13:01:00 Job executing on host: <188.185.214.195:9618?addrs=188.185.214.195-9618+[2001-1458-303-1d--100-3f]-9618&alias=b9p30p9265.cern.ch&noUDP&sock=startd_6274_0547>
	SlotName: slot1_9@b9p30p9265.cern.ch
	CondorScratchDir = "/pool/condor/dir_3924203"
	Cpus = 1
	Disk = 3797
	GPUs = 0
	Memory = 3000
...
006 (16827608.057.000) 09/22 13:01:09 Image size of job updated: 3912
	4  -  MemoryUsage of job (MB)
	3912  -  ResidentSetSize of job (KB)
...
006 (16827608.057.000) 09/22 13:06:10 Image size of job updated: 285644
	279  -  MemoryUsage of job (MB)
	285644  -  ResidentSetSize of job (KB)
...
006 (16827608.057.000) 09/22 13:11:10 Image size of job updated: 285664
	279  -  MemoryUsage of job (MB)
	285664  -  ResidentSetSize of job (KB)
...
006 (16827608.057.000) 09/22 13:12:35 Image size of job updated: 285688
	279  -  MemoryUsage of job (MB)
	285664  -  ResidentSetSize of job (KB)
...
040 (16827608.057.000) 09/22 13:12:35 Started transferring output files
...
040 (16827608.057.000) 09/22 13:12:35 Finished transferring output files
...
005 (16827608.057.000) 09/22 13:12:36 Job terminated.
	(1) Normal termination (return value 0)
		Usr 0 00:07:55, Sys 0 00:00:21  -  Run Remote Usage
		Usr 0 00:00:00, Sys 0 00:00:00  -  Run Local Usage
		Usr 0 00:07:55, Sys 0 00:00:21  -  Total Remote Usage
		Usr 0 00:00:00, Sys 0 00:00:00  -  Total Local Usage
	14029  -  Run Bytes Sent By Job
	853  -  Run Bytes Received By Job
	14029  -  Total Bytes Sent By Job
	853  -  Total Bytes Received By Job
	Partitionable Resources :    Usage  Request Allocated 
	   Cpus                 :     0.73        1         1 
	   Disk (KB)            :    66           1      3797 
	   GPUs                 :                           0 
	   Memory (MB)          :   279        3000      3000 
	   TimeExecute (s)      :   695                       
	   TimeSlotBusy (s)     :   697                       
...
000 (16827633.057.000) 09/22 16:48:51 Job submitted from host: <188.184.90.241:9618?addrs=188.184.90.241-9618+[2001-1458-201-e4--100-2eb]-9618&alias=bigbird15.cern.ch&noUDP&sock=schedd_3150_376a>
...
040 (16827633.057.000) 09/22 17:20:49 Started transferring input files
	Transferring to host: <188.185.213.198:9618?addrs=188.185.213.198-9618+[2001-1458-303-1b--100-42]-9618&alias=b9p28p6148.cern.ch&noUDP&sock=slot1_14_9732_d305_67471>
...
040 (16827633.057.000) 09/22 17:20:49 Finished transferring input files
...
001 (16827633.057.000) 09/22 17:20:50 Job executing on host: <188.185.213.198:9618?addrs=188.185.213.198-9618+[2001-1458-303-1b--100-42]-9618&alias=b9p28p6148.cern.ch&noUDP&sock=startd_8956_a648>
	SlotName: slot1_14@b9p28p6148.cern.ch
	CondorScratchDir = "/pool/condor/dir_3593185"
	Cpus = 1
	Disk = 3760
	GPUs = 0
	Memory = 3000
...
006 (16827633.057.000) 09/22 17:20:59 Image size of job updated: 1804
	2  -  MemoryUsage of job (MB)
	1804  -  ResidentSetSize of job (KB)
...
006 (16827633.057.000) 09/22 17:25:59 Image size of job updated: 280956
	275  -  MemoryUsage of job (MB)
	280956  -  ResidentSetSize of job (KB)
...
006 (16827633.057.000) 09/22 17:30:59 Image size of job updated: 280984
	275  -  MemoryUsage of job (MB)
	280984  -  ResidentSetSize of job (KB)
...
006 (16827633.057.000) 09/22 17:33:35 Image size of job updated: 289416
	275  -  MemoryUsage of job (MB)
	280984  -  ResidentSetSize of job (KB)
...
040 (16827633.057.000) 09/22 17:33:35 Started transferring output files
...
040 (16827633.057.000) 09/22 17:33:35 Finished transferring output files
...
005 (16827633.057.000) 09/22 17:33:35 Job terminated.
	(1) Normal termination (return value 0)
		Usr 0 00:08:50, Sys 0 00:00:18  -  Run Remote Usage
		Usr 0 00:00:00, Sys 0 00:00:00  -  Run Local Usage
		Usr 0 00:08:50, Sys 0 00:00:18  -  Total Remote Usage
		Usr 0 00:00:00, Sys 0 00:00:00  -  Total Local Usage
	13046  -  Run Bytes Sent By Job
	853  -  Run Bytes Received By Job
	13046  -  Total Bytes Sent By Job
	853  -  Total Bytes Received By Job
	Partitionable Resources :    Usage  Request Allocated 
	   Cpus                 :     0.66        1         1 
	   Disk (KB)            :    44           1      3760 
	   GPUs                 :                           0 
	   Memory (MB)          :   275        3000      3000 
	   TimeExecute (s)      :   765                       
	   TimeSlotBusy (s)     :   766                       
...
000 (16828034.057.000) 09/22 17:37:18 Job submitted from host: <188.184.90.241:9618?addrs=188.184.90.241-9618+[2001-1458-201-e4--100-2eb]-9618&alias=bigbird15.cern.ch&noUDP&sock=schedd_3150_376a>
...
040 (16828034.057.000) 09/22 17:46:34 Started transferring input files
	Transferring to host: <188.185.213.198:9618?addrs=188.185.213.198-9618+[2001-1458-303-1b--100-42]-9618&alias=b9p28p6148.cern.ch&noUDP&sock=slot1_14_9732_d305_67490>
...
040 (16828034.057.000) 09/22 17:46:34 Finished transferring input files
...
001 (16828034.057.000) 09/22 17:46:35 Job executing on host: <188.185.213.198:9618?addrs=188.185.213.198-9618+[2001-1458-303-1b--100-42]-9618&alias=b9p28p6148.cern.ch&noUDP&sock=startd_8956_a648>
	SlotName: slot1_14@b9p28p6148.cern.ch
	CondorScratchDir = "/pool/condor/dir_3612753"
	Cpus = 1
	Disk = 3759
	GPUs = 0
	Memory = 3000
...
006 (16828034.057.000) 09/22 17:46:44 Image size of job updated: 2956
	3  -  MemoryUsage of job (MB)
	2956  -  ResidentSetSize of job (KB)
...
006 (16828034.057.000) 09/22 17:51:45 Image size of job updated: 281432
	275  -  MemoryUsage of job (MB)
	281432  -  ResidentSetSize of job (KB)
...
006 (16828034.057.000) 09/22 17:56:45 Image size of job updated: 281456
	275  -  MemoryUsage of job (MB)
	281456  -  ResidentSetSize of job (KB)
...
006 (16828034.057.000) 09/22 17:58:16 Image size of job updated: 281480
	275  -  MemoryUsage of job (MB)
	281456  -  ResidentSetSize of job (KB)
...
040 (16828034.057.000) 09/22 17:58:16 Started transferring output files
...
040 (16828034.057.000) 09/22 17:58:16 Finished transferring output files
...
005 (16828034.057.000) 09/22 17:58:16 Job terminated.
	(1) Normal termination (return value 0)
		Usr 0 00:08:58, Sys 0 00:00:18  -  Run Remote Usage
		Usr 0 00:00:00, Sys 0 00:00:00  -  Run Local Usage
		Usr 0 00:08:58, Sys 0 00:00:18  -  Total Remote Usage
		Usr 0 00:00:00, Sys 0 00:00:00  -  Total Local Usage
	13046  -  Run Bytes Sent By Job
	853  -  Run Bytes Received By Job
	13046  -  Total Bytes Sent By Job
	853  -  Total Bytes Received By Job
	Partitionable Resources :    Usage  Request Allocated 
	   Cpus                 :     0.78        1         1 
	   Disk (KB)            :    45           1      3759 
	   GPUs                 :                           0 
	   Memory (MB)          :   275        3000      3000 
	   TimeExecute (s)      :   701                       
	   TimeSlotBusy (s)     :   702                       
...
