000 (16827608.064.000) 09/22 12:58:51 Job submitted from host: <188.184.90.241:9618?addrs=188.184.90.241-9618+[2001-1458-201-e4--100-2eb]-9618&alias=bigbird15.cern.ch&noUDP&sock=schedd_3150_376a>
...
040 (16827608.064.000) 09/22 13:00:58 Started transferring input files
	Transferring to host: <188.185.211.209:9618?addrs=188.185.211.209-9618+[2001-1458-303-17--100-4d]-9618&alias=b9p24p0704.cern.ch&noUDP&sock=slot1_26_3259_029e_74154>
...
040 (16827608.064.000) 09/22 13:00:58 Finished transferring input files
...
001 (16827608.064.000) 09/22 13:01:00 Job executing on host: <188.185.211.209:9618?addrs=188.185.211.209-9618+[2001-1458-303-17--100-4d]-9618&alias=b9p24p0704.cern.ch&noUDP&sock=startd_2735_8f9c>
	SlotName: slot1_26@b9p24p0704.cern.ch
	CondorScratchDir = "/pool/condor/dir_2318787"
	Cpus = 1
	Disk = 3701
	GPUs = 0
	Memory = 3000
...
006 (16827608.064.000) 09/22 13:01:08 Image size of job updated: 2324
	1  -  MemoryUsage of job (MB)
	976  -  ResidentSetSize of job (KB)
...
006 (16827608.064.000) 09/22 13:04:51 Image size of job updated: 301340
	2  -  MemoryUsage of job (MB)
	1068  -  ResidentSetSize of job (KB)
...
040 (16827608.064.000) 09/22 13:04:51 Started transferring output files
...
040 (16827608.064.000) 09/22 13:04:51 Finished transferring output files
...
005 (16827608.064.000) 09/22 13:04:51 Job terminated.
	(1) Normal termination (return value 0)
		Usr 0 00:02:52, Sys 0 00:00:14  -  Run Remote Usage
		Usr 0 00:00:00, Sys 0 00:00:00  -  Run Local Usage
		Usr 0 00:02:52, Sys 0 00:00:14  -  Total Remote Usage
		Usr 0 00:00:00, Sys 0 00:00:00  -  Total Local Usage
	11873  -  Run Bytes Sent By Job
	853  -  Run Bytes Received By Job
	11873  -  Total Bytes Sent By Job
	853  -  Total Bytes Received By Job
	Partitionable Resources :    Usage  Request Allocated 
	   Cpus                 :        0        1         1 
	   Disk (KB)            :       51        1      3701 
	   GPUs                 :                           0 
	   Memory (MB)          :        2     3000      3000 
	   TimeExecute (s)      :      232                    
	   TimeSlotBusy (s)     :      233                    
...
000 (16827633.064.000) 09/22 16:48:51 Job submitted from host: <188.184.90.241:9618?addrs=188.184.90.241-9618+[2001-1458-201-e4--100-2eb]-9618&alias=bigbird15.cern.ch&noUDP&sock=schedd_3150_376a>
...
040 (16827633.064.000) 09/22 17:24:28 Started transferring input files
	Transferring to host: <188.185.214.35:9618?addrs=188.185.214.35-9618+[2001-1458-303-1c--100-1f]-9618&alias=b9p29p9581.cern.ch&noUDP&sock=slot1_29_4761_4e1b_68120>
...
040 (16827633.064.000) 09/22 17:24:28 Finished transferring input files
...
001 (16827633.064.000) 09/22 17:24:29 Job executing on host: <188.185.214.35:9618?addrs=188.185.214.35-9618+[2001-1458-303-1c--100-1f]-9618&alias=b9p29p9581.cern.ch&noUDP&sock=startd_4113_c11e>
	SlotName: slot1_29@b9p29p9581.cern.ch
	CondorScratchDir = "/pool/condor/dir_1774320"
	Cpus = 1
	Disk = 3600
	GPUs = 0
	Memory = 3000
...
006 (16827633.064.000) 09/22 17:24:38 Image size of job updated: 24276
	24  -  MemoryUsage of job (MB)
	24276  -  ResidentSetSize of job (KB)
...
006 (16827633.064.000) 09/22 17:28:18 Image size of job updated: 280936
	24  -  MemoryUsage of job (MB)
	24376  -  ResidentSetSize of job (KB)
...
040 (16827633.064.000) 09/22 17:28:18 Started transferring output files
...
040 (16827633.064.000) 09/22 17:28:18 Finished transferring output files
...
005 (16827633.064.000) 09/22 17:28:19 Job terminated.
	(1) Normal termination (return value 0)
		Usr 0 00:02:53, Sys 0 00:00:14  -  Run Remote Usage
		Usr 0 00:00:00, Sys 0 00:00:00  -  Run Local Usage
		Usr 0 00:02:53, Sys 0 00:00:14  -  Total Remote Usage
		Usr 0 00:00:00, Sys 0 00:00:00  -  Total Local Usage
	10890  -  Run Bytes Sent By Job
	853  -  Run Bytes Received By Job
	10890  -  Total Bytes Sent By Job
	853  -  Total Bytes Received By Job
	Partitionable Resources :    Usage  Request Allocated 
	   Cpus                 :     0.58        1         1 
	   Disk (KB)            :    55           1      3600 
	   GPUs                 :                           0 
	   Memory (MB)          :    24        3000      3000 
	   TimeExecute (s)      :   229                       
	   TimeSlotBusy (s)     :   230                       
...
