000 (16827608.059.000) 09/22 12:58:51 Job submitted from host: <188.184.90.241:9618?addrs=188.184.90.241-9618+[2001-1458-201-e4--100-2eb]-9618&alias=bigbird15.cern.ch&noUDP&sock=schedd_3150_376a>
...
040 (16827608.059.000) 09/22 13:00:58 Started transferring input files
	Transferring to host: <188.185.213.208:9618?addrs=188.185.213.208-9618+[2001-1458-303-1b--100-4c]-9618&alias=b9p28p7725.cern.ch&noUDP&sock=slot1_23_4233_4805_94076>
...
040 (16827608.059.000) 09/22 13:00:58 Finished transferring input files
...
001 (16827608.059.000) 09/22 13:01:00 Job executing on host: <188.185.213.208:9618?addrs=188.185.213.208-9618+[2001-1458-303-1b--100-4c]-9618&alias=b9p28p7725.cern.ch&noUDP&sock=startd_3621_4885>
	SlotName: slot1_23@b9p28p7725.cern.ch
	CondorScratchDir = "/pool/condor/dir_1651246"
	Cpus = 1
	Disk = 3932
	GPUs = 0
	Memory = 3000
...
006 (16827608.059.000) 09/22 13:01:08 Image size of job updated: 3924
	4  -  MemoryUsage of job (MB)
	3924  -  ResidentSetSize of job (KB)
...
006 (16827608.059.000) 09/22 13:06:08 Image size of job updated: 284296
	278  -  MemoryUsage of job (MB)
	284296  -  ResidentSetSize of job (KB)
...
006 (16827608.059.000) 09/22 13:08:51 Image size of job updated: 302504
	278  -  MemoryUsage of job (MB)
	284296  -  ResidentSetSize of job (KB)
...
040 (16827608.059.000) 09/22 13:08:51 Started transferring output files
...
040 (16827608.059.000) 09/22 13:08:51 Finished transferring output files
...
005 (16827608.059.000) 09/22 13:08:51 Job terminated.
	(1) Normal termination (return value 0)
		Usr 0 00:05:26, Sys 0 00:00:19  -  Run Remote Usage
		Usr 0 00:00:00, Sys 0 00:00:00  -  Run Local Usage
		Usr 0 00:05:26, Sys 0 00:00:19  -  Total Remote Usage
		Usr 0 00:00:00, Sys 0 00:00:00  -  Total Local Usage
	13269  -  Run Bytes Sent By Job
	853  -  Run Bytes Received By Job
	13269  -  Total Bytes Sent By Job
	853  -  Total Bytes Received By Job
	Partitionable Resources :    Usage  Request Allocated 
	   Cpus                 :     0.83        1         1 
	   Disk (KB)            :    65           1      3932 
	   GPUs                 :                           0 
	   Memory (MB)          :   278        3000      3000 
	   TimeExecute (s)      :   472                       
	   TimeSlotBusy (s)     :   473                       
...
000 (16827633.059.000) 09/22 16:48:51 Job submitted from host: <188.184.90.241:9618?addrs=188.184.90.241-9618+[2001-1458-201-e4--100-2eb]-9618&alias=bigbird15.cern.ch&noUDP&sock=schedd_3150_376a>
...
040 (16827633.059.000) 09/22 17:22:05 Started transferring input files
	Transferring to host: <188.185.212.197:9618?addrs=188.185.212.197-9618+[2001-1458-303-19--100-41]-9618&alias=b9p26p6528.cern.ch&noUDP&sock=slot1_9_6348_7d7b_68904>
...
040 (16827633.059.000) 09/22 17:22:05 Finished transferring input files
...
001 (16827633.059.000) 09/22 17:22:06 Job executing on host: <188.185.212.197:9618?addrs=188.185.212.197-9618+[2001-1458-303-19--100-41]-9618&alias=b9p26p6528.cern.ch&noUDP&sock=startd_5430_1b59>
	SlotName: slot1_9@b9p26p6528.cern.ch
	CondorScratchDir = "/pool/condor/dir_3023353"
	Cpus = 1
	Disk = 3777
	GPUs = 0
	Memory = 3000
...
006 (16827633.059.000) 09/22 17:22:14 Image size of job updated: 3848
	4  -  MemoryUsage of job (MB)
	3848  -  ResidentSetSize of job (KB)
...
006 (16827633.059.000) 09/22 17:27:14 Image size of job updated: 282032
	276  -  MemoryUsage of job (MB)
	282032  -  ResidentSetSize of job (KB)
...
006 (16827633.059.000) 09/22 17:30:04 Image size of job updated: 282660
	276  -  MemoryUsage of job (MB)
	282032  -  ResidentSetSize of job (KB)
...
040 (16827633.059.000) 09/22 17:30:04 Started transferring output files
...
040 (16827633.059.000) 09/22 17:30:04 Finished transferring output files
...
005 (16827633.059.000) 09/22 17:30:05 Job terminated.
	(1) Normal termination (return value 0)
		Usr 0 00:06:27, Sys 0 00:00:17  -  Run Remote Usage
		Usr 0 00:00:00, Sys 0 00:00:00  -  Run Local Usage
		Usr 0 00:06:27, Sys 0 00:00:17  -  Total Remote Usage
		Usr 0 00:00:00, Sys 0 00:00:00  -  Total Local Usage
	12286  -  Run Bytes Sent By Job
	853  -  Run Bytes Received By Job
	12286  -  Total Bytes Sent By Job
	853  -  Total Bytes Received By Job
	Partitionable Resources :    Usage  Request Allocated 
	   Cpus                 :        0        1         1 
	   Disk (KB)            :       57        1      3777 
	   GPUs                 :                           0 
	   Memory (MB)          :      276     3000      3000 
	   TimeExecute (s)      :      478                    
	   TimeSlotBusy (s)     :      480                    
...
000 (16828034.059.000) 09/22 17:37:18 Job submitted from host: <188.184.90.241:9618?addrs=188.184.90.241-9618+[2001-1458-201-e4--100-2eb]-9618&alias=bigbird15.cern.ch&noUDP&sock=schedd_3150_376a>
...
040 (16828034.059.000) 09/22 17:49:37 Started transferring input files
	Transferring to host: <188.185.214.35:9618?addrs=188.185.214.35-9618+[2001-1458-303-1c--100-1f]-9618&alias=b9p29p9581.cern.ch&noUDP&sock=slot1_1_4761_4e1b_68158>
...
040 (16828034.059.000) 09/22 17:49:37 Finished transferring input files
...
001 (16828034.059.000) 09/22 17:49:38 Job executing on host: <188.185.214.35:9618?addrs=188.185.214.35-9618+[2001-1458-303-1c--100-1f]-9618&alias=b9p29p9581.cern.ch&noUDP&sock=startd_4113_c11e>
	SlotName: slot1_1@b9p29p9581.cern.ch
	CondorScratchDir = "/pool/condor/dir_1907670"
	Cpus = 1
	Disk = 3598
	GPUs = 0
	Memory = 3000
...
006 (16828034.059.000) 09/22 17:49:46 Image size of job updated: 2408
	2  -  MemoryUsage of job (MB)
	2040  -  ResidentSetSize of job (KB)
...
006 (16828034.059.000) 09/22 17:54:46 Image size of job updated: 284344
	278  -  MemoryUsage of job (MB)
	284344  -  ResidentSetSize of job (KB)
...
006 (16828034.059.000) 09/22 17:57:04 Image size of job updated: 302064
	278  -  MemoryUsage of job (MB)
	284344  -  ResidentSetSize of job (KB)
...
040 (16828034.059.000) 09/22 17:57:04 Started transferring output files
...
040 (16828034.059.000) 09/22 17:57:04 Finished transferring output files
...
005 (16828034.059.000) 09/22 17:57:05 Job terminated.
	(1) Normal termination (return value 0)
		Usr 0 00:06:27, Sys 0 00:00:17  -  Run Remote Usage
		Usr 0 00:00:00, Sys 0 00:00:00  -  Run Local Usage
		Usr 0 00:06:27, Sys 0 00:00:17  -  Total Remote Usage
		Usr 0 00:00:00, Sys 0 00:00:00  -  Total Local Usage
	12286  -  Run Bytes Sent By Job
	853  -  Run Bytes Received By Job
	12286  -  Total Bytes Sent By Job
	853  -  Total Bytes Received By Job
	Partitionable Resources :    Usage  Request Allocated 
	   Cpus                 :        0        1         1 
	   Disk (KB)            :       56        1      3598 
	   GPUs                 :                           0 
	   Memory (MB)          :      278     3000      3000 
	   TimeExecute (s)      :      446                    
	   TimeSlotBusy (s)     :      448                    
...
