000 (16827608.062.000) 09/22 12:58:51 Job submitted from host: <188.184.90.241:9618?addrs=188.184.90.241-9618+[2001-1458-201-e4--100-2eb]-9618&alias=bigbird15.cern.ch&noUDP&sock=schedd_3150_376a>
...
040 (16827608.062.000) 09/22 13:00:58 Started transferring input files
	Transferring to host: <188.185.209.219:9618?addrs=188.185.209.219-9618+[2001-1458-303-12--100-58]-9618&alias=b9p12p3924.cern.ch&noUDP&sock=slot1_22_9195_758f_70335>
...
040 (16827608.062.000) 09/22 13:00:58 Finished transferring input files
...
001 (16827608.062.000) 09/22 13:01:00 Job executing on host: <188.185.209.219:9618?addrs=188.185.209.219-9618+[2001-1458-303-12--100-58]-9618&alias=b9p12p3924.cern.ch&noUDP&sock=startd_7611_1767>
	SlotName: slot1_22@b9p12p3924.cern.ch
	CondorScratchDir = "/pool/condor/dir_3695321"
	Cpus = 1
	Disk = 3579
	GPUs = 0
	Memory = 3000
...
006 (16827608.062.000) 09/22 13:01:08 Image size of job updated: 3924
	4  -  MemoryUsage of job (MB)
	3924  -  ResidentSetSize of job (KB)
...
006 (16827608.062.000) 09/22 13:05:09 Image size of job updated: 300008
	4  -  MemoryUsage of job (MB)
	3924  -  ResidentSetSize of job (KB)
...
040 (16827608.062.000) 09/22 13:05:09 Started transferring output files
...
040 (16827608.062.000) 09/22 13:05:09 Finished transferring output files
...
005 (16827608.062.000) 09/22 13:05:10 Job terminated.
	(1) Normal termination (return value 0)
		Usr 0 00:03:07, Sys 0 00:00:12  -  Run Remote Usage
		Usr 0 00:00:00, Sys 0 00:00:00  -  Run Local Usage
		Usr 0 00:03:07, Sys 0 00:00:12  -  Total Remote Usage
		Usr 0 00:00:00, Sys 0 00:00:00  -  Total Local Usage
	12039  -  Run Bytes Sent By Job
	853  -  Run Bytes Received By Job
	12039  -  Total Bytes Sent By Job
	853  -  Total Bytes Received By Job
	Partitionable Resources :    Usage  Request Allocated 
	   Cpus                 :        0        1         1 
	   Disk (KB)            :       69        1      3579 
	   GPUs                 :                           0 
	   Memory (MB)          :        4     3000      3000 
	   TimeExecute (s)      :      250                    
	   TimeSlotBusy (s)     :      251                    
...
000 (16827633.062.000) 09/22 16:48:51 Job submitted from host: <188.184.90.241:9618?addrs=188.184.90.241-9618+[2001-1458-201-e4--100-2eb]-9618&alias=bigbird15.cern.ch&noUDP&sock=schedd_3150_376a>
...
040 (16827633.062.000) 09/22 17:24:07 Started transferring input files
	Transferring to host: <188.185.214.35:9618?addrs=188.185.214.35-9618+[2001-1458-303-1c--100-1f]-9618&alias=b9p29p9581.cern.ch&noUDP&sock=slot1_23_4761_4e1b_68119>
...
040 (16827633.062.000) 09/22 17:24:07 Finished transferring input files
...
001 (16827633.062.000) 09/22 17:24:08 Job executing on host: <188.185.214.35:9618?addrs=188.185.214.35-9618+[2001-1458-303-1c--100-1f]-9618&alias=b9p29p9581.cern.ch&noUDP&sock=startd_4113_c11e>
	SlotName: slot1_23@b9p29p9581.cern.ch
	CondorScratchDir = "/pool/condor/dir_1771684"
	Cpus = 1
	Disk = 3600
	GPUs = 0
	Memory = 3000
...
006 (16827633.062.000) 09/22 17:24:16 Image size of job updated: 1432
	2  -  MemoryUsage of job (MB)
	1432  -  ResidentSetSize of job (KB)
...
006 (16827633.062.000) 09/22 17:28:08 Image size of job updated: 300360
	2  -  MemoryUsage of job (MB)
	1432  -  ResidentSetSize of job (KB)
...
040 (16827633.062.000) 09/22 17:28:08 Started transferring output files
...
040 (16827633.062.000) 09/22 17:28:08 Finished transferring output files
...
005 (16827633.062.000) 09/22 17:28:08 Job terminated.
	(1) Normal termination (return value 0)
		Usr 0 00:03:16, Sys 0 00:00:13  -  Run Remote Usage
		Usr 0 00:00:00, Sys 0 00:00:00  -  Run Local Usage
		Usr 0 00:03:16, Sys 0 00:00:13  -  Total Remote Usage
		Usr 0 00:00:00, Sys 0 00:00:00  -  Total Local Usage
	11056  -  Run Bytes Sent By Job
	853  -  Run Bytes Received By Job
	11056  -  Total Bytes Sent By Job
	853  -  Total Bytes Received By Job
	Partitionable Resources :    Usage  Request Allocated 
	   Cpus                 :     0.91        1         1 
	   Disk (KB)            :    49           1      3600 
	   GPUs                 :                           0 
	   Memory (MB)          :     2        3000      3000 
	   TimeExecute (s)      :   240                       
	   TimeSlotBusy (s)     :   241                       
...
