000 (16827608.060.000) 09/22 12:58:51 Job submitted from host: <188.184.90.241:9618?addrs=188.184.90.241-9618+[2001-1458-201-e4--100-2eb]-9618&alias=bigbird15.cern.ch&noUDP&sock=schedd_3150_376a>
...
040 (16827608.060.000) 09/22 13:00:59 Started transferring input files
	Transferring to host: <188.185.213.208:9618?addrs=188.185.213.208-9618+[2001-1458-303-1b--100-4c]-9618&alias=b9p28p7725.cern.ch&noUDP&sock=slot1_12_4233_4805_94075>
...
040 (16827608.060.000) 09/22 13:00:59 Finished transferring input files
...
001 (16827608.060.000) 09/22 13:01:00 Job executing on host: <188.185.213.208:9618?addrs=188.185.213.208-9618+[2001-1458-303-1b--100-4c]-9618&alias=b9p28p7725.cern.ch&noUDP&sock=startd_3621_4885>
	SlotName: slot1_12@b9p28p7725.cern.ch
	CondorScratchDir = "/pool/condor/dir_1651167"
	Cpus = 1
	Disk = 3932
	GPUs = 0
	Memory = 3000
...
006 (16827608.060.000) 09/22 13:01:09 Image size of job updated: 3932
	4  -  MemoryUsage of job (MB)
	3932  -  ResidentSetSize of job (KB)
...
006 (16827608.060.000) 09/22 13:02:34 Image size of job updated: 284572
	4  -  MemoryUsage of job (MB)
	3932  -  ResidentSetSize of job (KB)
...
040 (16827608.060.000) 09/22 13:02:34 Started transferring output files
...
040 (16827608.060.000) 09/22 13:02:34 Finished transferring output files
...
005 (16827608.060.000) 09/22 13:02:35 Job terminated.
	(1) Normal termination (return value 0)
		Usr 0 00:01:07, Sys 0 00:00:10  -  Run Remote Usage
		Usr 0 00:00:00, Sys 0 00:00:00  -  Run Local Usage
		Usr 0 00:01:07, Sys 0 00:00:10  -  Total Remote Usage
		Usr 0 00:00:00, Sys 0 00:00:00  -  Total Local Usage
	11267  -  Run Bytes Sent By Job
	853  -  Run Bytes Received By Job
	11267  -  Total Bytes Sent By Job
	853  -  Total Bytes Received By Job
	Partitionable Resources :    Usage  Request Allocated 
	   Cpus                 :        0        1         1 
	   Disk (KB)            :       66        1      3932 
	   GPUs                 :                           0 
	   Memory (MB)          :        4     3000      3000 
	   TimeExecute (s)      :       94                    
	   TimeSlotBusy (s)     :       96                    
...
000 (16827633.060.000) 09/22 16:48:51 Job submitted from host: <188.184.90.241:9618?addrs=188.184.90.241-9618+[2001-1458-201-e4--100-2eb]-9618&alias=bigbird15.cern.ch&noUDP&sock=schedd_3150_376a>
...
040 (16827633.060.000) 09/22 17:22:30 Started transferring input files
	Transferring to host: <188.185.215.178:9618?addrs=188.185.215.178-9618+[2001-1458-303-26--100-2e]-9618&alias=b9p18p7089.cern.ch&noUDP&sock=slot1_18_6545_4b63_69883>
...
040 (16827633.060.000) 09/22 17:22:30 Finished transferring input files
...
001 (16827633.060.000) 09/22 17:22:31 Job executing on host: <188.185.215.178:9618?addrs=188.185.215.178-9618+[2001-1458-303-26--100-2e]-9618&alias=b9p18p7089.cern.ch&noUDP&sock=startd_5685_03ff>
	SlotName: slot1_18@b9p18p7089.cern.ch
	CondorScratchDir = "/pool/condor/dir_2570200"
	Cpus = 1
	Disk = 3710
	GPUs = 0
	Memory = 3000
...
006 (16827633.060.000) 09/22 17:22:40 Image size of job updated: 2396
	2  -  MemoryUsage of job (MB)
	1932  -  ResidentSetSize of job (KB)
...
006 (16827633.060.000) 09/22 17:24:13 Image size of job updated: 289780
	2  -  MemoryUsage of job (MB)
	1932  -  ResidentSetSize of job (KB)
...
040 (16827633.060.000) 09/22 17:24:13 Started transferring output files
...
040 (16827633.060.000) 09/22 17:24:13 Finished transferring output files
...
005 (16827633.060.000) 09/22 17:24:13 Job terminated.
	(1) Normal termination (return value 0)
		Usr 0 00:01:15, Sys 0 00:00:09  -  Run Remote Usage
		Usr 0 00:00:00, Sys 0 00:00:00  -  Run Local Usage
		Usr 0 00:01:15, Sys 0 00:00:09  -  Total Remote Usage
		Usr 0 00:00:00, Sys 0 00:00:00  -  Total Local Usage
	10284  -  Run Bytes Sent By Job
	853  -  Run Bytes Received By Job
	10284  -  Total Bytes Sent By Job
	853  -  Total Bytes Received By Job
	Partitionable Resources :    Usage  Request Allocated 
	   Cpus                 :        0        1         1 
	   Disk (KB)            :       42        1      3710 
	   GPUs                 :                           0 
	   Memory (MB)          :        2     3000      3000 
	   TimeExecute (s)      :      102                    
	   TimeSlotBusy (s)     :      103                    
...
000 (16828034.060.000) 09/22 17:37:18 Job submitted from host: <188.184.90.241:9618?addrs=188.184.90.241-9618+[2001-1458-201-e4--100-2eb]-9618&alias=bigbird15.cern.ch&noUDP&sock=schedd_3150_376a>
...
040 (16828034.060.000) 09/22 17:49:37 Started transferring input files
	Transferring to host: <188.185.214.35:9618?addrs=188.185.214.35-9618+[2001-1458-303-1c--100-1f]-9618&alias=b9p29p9581.cern.ch&noUDP&sock=slot1_23_4761_4e1b_68160>
...
040 (16828034.060.000) 09/22 17:49:37 Finished transferring input files
...
001 (16828034.060.000) 09/22 17:49:38 Job executing on host: <188.185.214.35:9618?addrs=188.185.214.35-9618+[2001-1458-303-1c--100-1f]-9618&alias=b9p29p9581.cern.ch&noUDP&sock=startd_4113_c11e>
	SlotName: slot1_23@b9p29p9581.cern.ch
	CondorScratchDir = "/pool/condor/dir_1907674"
	Cpus = 1
	Disk = 3598
	GPUs = 0
	Memory = 3000
...
006 (16828034.060.000) 09/22 17:49:47 Image size of job updated: 2332
	2  -  MemoryUsage of job (MB)
	1416  -  ResidentSetSize of job (KB)
...
006 (16828034.060.000) 09/22 17:51:14 Image size of job updated: 302944
	2  -  MemoryUsage of job (MB)
	1416  -  ResidentSetSize of job (KB)
...
040 (16828034.060.000) 09/22 17:51:14 Started transferring output files
...
040 (16828034.060.000) 09/22 17:51:14 Finished transferring output files
...
005 (16828034.060.000) 09/22 17:51:14 Job terminated.
	(1) Normal termination (return value 0)
		Usr 0 00:01:12, Sys 0 00:00:10  -  Run Remote Usage
		Usr 0 00:00:00, Sys 0 00:00:00  -  Run Local Usage
		Usr 0 00:01:12, Sys 0 00:00:10  -  Total Remote Usage
		Usr 0 00:00:00, Sys 0 00:00:00  -  Total Local Usage
	10284  -  Run Bytes Sent By Job
	853  -  Run Bytes Received By Job
	10284  -  Total Bytes Sent By Job
	853  -  Total Bytes Received By Job
	Partitionable Resources :    Usage  Request Allocated 
	   Cpus                 :        0        1         1 
	   Disk (KB)            :       41        1      3598 
	   GPUs                 :                           0 
	   Memory (MB)          :        2     3000      3000 
	   TimeExecute (s)      :       96                    
	   TimeSlotBusy (s)     :       97                    
...
