000 (16690473.026.000) 08/07 21:10:36 Job submitted from host: <188.184.90.241:9618?addrs=188.184.90.241-9618+[2001-1458-201-e4--100-2eb]-9618&alias=bigbird15.cern.ch&noUDP&sock=schedd_3150_376a>
...
040 (16690473.026.000) 08/07 21:12:26 Started transferring input files
	Transferring to host: <188.185.204.203:9618?addrs=188.185.204.203-9618+[2001-1458-303-8--100-bf]-9618&alias=b9p02p3162.cern.ch&noUDP&sock=slot1_17_4585_4c14_21554>
...
040 (16690473.026.000) 08/07 21:12:26 Finished transferring input files
...
001 (16690473.026.000) 08/07 21:12:27 Job executing on host: <188.185.204.203:9618?addrs=188.185.204.203-9618+[2001-1458-303-8--100-bf]-9618&alias=b9p02p3162.cern.ch&noUDP&sock=startd_3855_c9af>
	SlotName: slot1_17@b9p02p3162.cern.ch
	CondorScratchDir = "/pool/condor/dir_1040538"
	Cpus = 1
	Disk = 3579
	GPUs = 0
	Memory = 3000
...
006 (16690473.026.000) 08/07 21:12:35 Image size of job updated: 3912
	4  -  MemoryUsage of job (MB)
	3912  -  ResidentSetSize of job (KB)
...
006 (16690473.026.000) 08/07 21:16:19 Image size of job updated: 321232
	4  -  MemoryUsage of job (MB)
	3912  -  ResidentSetSize of job (KB)
...
040 (16690473.026.000) 08/07 21:16:19 Started transferring output files
...
040 (16690473.026.000) 08/07 21:16:19 Finished transferring output files
...
005 (16690473.026.000) 08/07 21:16:19 Job terminated.
	(1) Normal termination (return value 0)
		Usr 0 00:02:58, Sys 0 00:00:12  -  Run Remote Usage
		Usr 0 00:00:00, Sys 0 00:00:00  -  Run Local Usage
		Usr 0 00:02:58, Sys 0 00:00:12  -  Total Remote Usage
		Usr 0 00:00:00, Sys 0 00:00:00  -  Total Local Usage
	11710  -  Run Bytes Sent By Job
	852  -  Run Bytes Received By Job
	11710  -  Total Bytes Sent By Job
	852  -  Total Bytes Received By Job
	Partitionable Resources :    Usage  Request Allocated 
	   Cpus                 :     0.84        1         1 
	   Disk (KB)            :    65           1      3579 
	   GPUs                 :                           0 
	   Memory (MB)          :     4        3000      3000 
	   TimeExecute (s)      :   232                       
	   TimeSlotBusy (s)     :   235                       
...
000 (16827608.056.000) 09/22 12:58:51 Job submitted from host: <188.184.90.241:9618?addrs=188.184.90.241-9618+[2001-1458-201-e4--100-2eb]-9618&alias=bigbird15.cern.ch&noUDP&sock=schedd_3150_376a>
...
040 (16827608.056.000) 09/22 13:00:59 Started transferring input files
	Transferring to host: <188.185.215.64:9618?addrs=188.185.215.64-9618+[2001-1458-303-1e--100-3c]-9618&alias=b9p31p9925.cern.ch&noUDP&sock=slot1_28_4918_ed01_66519>
...
040 (16827608.056.000) 09/22 13:00:59 Finished transferring input files
...
001 (16827608.056.000) 09/22 13:01:00 Job executing on host: <188.185.215.64:9618?addrs=188.185.215.64-9618+[2001-1458-303-1e--100-3c]-9618&alias=b9p31p9925.cern.ch&noUDP&sock=startd_4155_9018>
	SlotName: slot1_28@b9p31p9925.cern.ch
	CondorScratchDir = "/pool/condor/dir_2463337"
	Cpus = 1
	Disk = 3778
	GPUs = 0
	Memory = 3000
...
006 (16827608.056.000) 09/22 13:01:09 Image size of job updated: 3932
	4  -  MemoryUsage of job (MB)
	3932  -  ResidentSetSize of job (KB)
...
006 (16827608.056.000) 09/22 13:04:18 Image size of job updated: 302268
	4  -  MemoryUsage of job (MB)
	3932  -  ResidentSetSize of job (KB)
...
040 (16827608.056.000) 09/22 13:04:18 Started transferring output files
...
040 (16827608.056.000) 09/22 13:04:18 Finished transferring output files
...
005 (16827608.056.000) 09/22 13:04:18 Job terminated.
	(1) Normal termination (return value 0)
		Usr 0 00:02:33, Sys 0 00:00:13  -  Run Remote Usage
		Usr 0 00:00:00, Sys 0 00:00:00  -  Run Local Usage
		Usr 0 00:02:33, Sys 0 00:00:13  -  Total Remote Usage
		Usr 0 00:00:00, Sys 0 00:00:00  -  Total Local Usage
	11906  -  Run Bytes Sent By Job
	852  -  Run Bytes Received By Job
	11906  -  Total Bytes Sent By Job
	852  -  Total Bytes Received By Job
	Partitionable Resources :    Usage  Request Allocated 
	   Cpus                 :        0        1         1 
	   Disk (KB)            :       66        1      3778 
	   GPUs                 :                           0 
	   Memory (MB)          :        4     3000      3000 
	   TimeExecute (s)      :      198                    
	   TimeSlotBusy (s)     :      200                    
...
000 (16827633.056.000) 09/22 16:48:51 Job submitted from host: <188.184.90.241:9618?addrs=188.184.90.241-9618+[2001-1458-201-e4--100-2eb]-9618&alias=bigbird15.cern.ch&noUDP&sock=schedd_3150_376a>
...
040 (16827633.056.000) 09/22 17:20:49 Started transferring input files
	Transferring to host: <188.185.213.178:9618?addrs=188.185.213.178-9618+[2001-1458-303-1b--100-2e]-9618&alias=b9p28p3786.cern.ch&noUDP&sock=slot1_43_10018_5650_70953>
...
040 (16827633.056.000) 09/22 17:20:49 Finished transferring input files
...
001 (16827633.056.000) 09/22 17:20:50 Job executing on host: <188.185.213.178:9618?addrs=188.185.213.178-9618+[2001-1458-303-1b--100-2e]-9618&alias=b9p28p3786.cern.ch&noUDP&sock=startd_9216_fce8>
	SlotName: slot1_43@b9p28p3786.cern.ch
	CondorScratchDir = "/pool/condor/dir_3854949"
	Cpus = 1
	Disk = 3711
	GPUs = 0
	Memory = 3000
...
006 (16827633.056.000) 09/22 17:20:59 Image size of job updated: 3860
	4  -  MemoryUsage of job (MB)
	3860  -  ResidentSetSize of job (KB)
...
006 (16827633.056.000) 09/22 17:24:37 Image size of job updated: 304776
	4  -  MemoryUsage of job (MB)
	3860  -  ResidentSetSize of job (KB)
...
040 (16827633.056.000) 09/22 17:24:37 Started transferring output files
...
040 (16827633.056.000) 09/22 17:24:37 Finished transferring output files
...
005 (16827633.056.000) 09/22 17:24:38 Job terminated.
	(1) Normal termination (return value 0)
		Usr 0 00:03:05, Sys 0 00:00:11  -  Run Remote Usage
		Usr 0 00:00:00, Sys 0 00:00:00  -  Run Local Usage
		Usr 0 00:03:05, Sys 0 00:00:11  -  Total Remote Usage
		Usr 0 00:00:00, Sys 0 00:00:00  -  Total Local Usage
	10923  -  Run Bytes Sent By Job
	852  -  Run Bytes Received By Job
	10923  -  Total Bytes Sent By Job
	852  -  Total Bytes Received By Job
	Partitionable Resources :    Usage  Request Allocated 
	   Cpus                 :        0        1         1 
	   Disk (KB)            :       56        1      3711 
	   GPUs                 :                           0 
	   Memory (MB)          :        4     3000      3000 
	   TimeExecute (s)      :      227                    
	   TimeSlotBusy (s)     :      228                    
...
000 (16828034.056.000) 09/22 17:37:18 Job submitted from host: <188.184.90.241:9618?addrs=188.184.90.241-9618+[2001-1458-201-e4--100-2eb]-9618&alias=bigbird15.cern.ch&noUDP&sock=schedd_3150_376a>
...
040 (16828034.056.000) 09/22 17:46:20 Started transferring input files
	Transferring to host: <188.185.214.96:9618?addrs=188.185.214.96-9618+[2001-1458-303-1c--100-5c]-9618&alias=b9p29p1112.cern.ch&noUDP&sock=slot1_29_6218_e4b6_69363>
...
040 (16828034.056.000) 09/22 17:46:20 Finished transferring input files
...
001 (16828034.056.000) 09/22 17:46:21 Job executing on host: <188.185.214.96:9618?addrs=188.185.214.96-9618+[2001-1458-303-1c--100-5c]-9618&alias=b9p29p1112.cern.ch&noUDP&sock=startd_5499_6f61>
	SlotName: slot1_29@b9p29p1112.cern.ch
	CondorScratchDir = "/pool/condor/dir_634935"
	Cpus = 1
	Disk = 3769
	GPUs = 0
	Memory = 3000
...
006 (16828034.056.000) 09/22 17:46:29 Image size of job updated: 2564
	3  -  MemoryUsage of job (MB)
	2152  -  ResidentSetSize of job (KB)
...
006 (16828034.056.000) 09/22 17:50:26 Image size of job updated: 298632
	3  -  MemoryUsage of job (MB)
	2152  -  ResidentSetSize of job (KB)
...
040 (16828034.056.000) 09/22 17:50:26 Started transferring output files
...
040 (16828034.056.000) 09/22 17:50:26 Finished transferring output files
...
005 (16828034.056.000) 09/22 17:50:27 Job terminated.
	(1) Normal termination (return value 0)
		Usr 0 00:02:57, Sys 0 00:00:09  -  Run Remote Usage
		Usr 0 00:00:00, Sys 0 00:00:00  -  Run Local Usage
		Usr 0 00:02:57, Sys 0 00:00:09  -  Total Remote Usage
		Usr 0 00:00:00, Sys 0 00:00:00  -  Total Local Usage
	10923  -  Run Bytes Sent By Job
	852  -  Run Bytes Received By Job
	10923  -  Total Bytes Sent By Job
	852  -  Total Bytes Received By Job
	Partitionable Resources :    Usage  Request Allocated 
	   Cpus                 :     0.87        1         1 
	   Disk (KB)            :    43           1      3769 
	   GPUs                 :                           0 
	   Memory (MB)          :     3        3000      3000 
	   TimeExecute (s)      :   245                       
	   TimeSlotBusy (s)     :   246                       
...
