000 (16827608.063.000) 09/22 12:58:51 Job submitted from host: <188.184.90.241:9618?addrs=188.184.90.241-9618+[2001-1458-201-e4--100-2eb]-9618&alias=bigbird15.cern.ch&noUDP&sock=schedd_3150_376a>
...
040 (16827608.063.000) 09/22 13:00:59 Started transferring input files
	Transferring to host: <188.185.206.173:9618?addrs=188.185.206.173-9618+[2001-1458-303-c--100-2a]-9618&alias=b9p06p1080.cern.ch&noUDP&sock=slot1_22_11666_8093_66969>
...
040 (16827608.063.000) 09/22 13:00:59 Finished transferring input files
...
001 (16827608.063.000) 09/22 13:01:00 Job executing on host: <188.185.206.173:9618?addrs=188.185.206.173-9618+[2001-1458-303-c--100-2a]-9618&alias=b9p06p1080.cern.ch&noUDP&sock=startd_10997_9b14>
	SlotName: slot1_22@b9p06p1080.cern.ch
	CondorScratchDir = "/pool/condor/dir_2790662"
	Cpus = 1
	Disk = 3578
	GPUs = 0
	Memory = 3000
...
006 (16827608.063.000) 09/22 13:01:09 Image size of job updated: 3916
	4  -  MemoryUsage of job (MB)
	3916  -  ResidentSetSize of job (KB)
...
006 (16827608.063.000) 09/22 13:03:44 Image size of job updated: 301916
	4  -  MemoryUsage of job (MB)
	3916  -  ResidentSetSize of job (KB)
...
040 (16827608.063.000) 09/22 13:03:44 Started transferring output files
...
040 (16827608.063.000) 09/22 13:03:44 Finished transferring output files
...
005 (16827608.063.000) 09/22 13:03:44 Job terminated.
	(1) Normal termination (return value 0)
		Usr 0 00:02:06, Sys 0 00:00:11  -  Run Remote Usage
		Usr 0 00:00:00, Sys 0 00:00:00  -  Run Local Usage
		Usr 0 00:02:06, Sys 0 00:00:11  -  Total Remote Usage
		Usr 0 00:00:00, Sys 0 00:00:00  -  Total Local Usage
	11636  -  Run Bytes Sent By Job
	853  -  Run Bytes Received By Job
	11636  -  Total Bytes Sent By Job
	853  -  Total Bytes Received By Job
	Partitionable Resources :    Usage  Request Allocated 
	   Cpus                 :     0.86        1         1 
	   Disk (KB)            :    70           1      3578 
	   GPUs                 :                           0 
	   Memory (MB)          :     4        3000      3000 
	   TimeExecute (s)      :   164                       
	   TimeSlotBusy (s)     :   166                       
...
000 (16827633.063.000) 09/22 16:48:51 Job submitted from host: <188.184.90.241:9618?addrs=188.184.90.241-9618+[2001-1458-201-e4--100-2eb]-9618&alias=bigbird15.cern.ch&noUDP&sock=schedd_3150_376a>
...
040 (16827633.063.000) 09/22 17:24:22 Started transferring input files
	Transferring to host: <188.185.213.204:9618?addrs=188.185.213.204-9618+[2001-1458-303-1b--100-48]-9618&alias=b9p28p7017.cern.ch&noUDP&sock=slot1_30_9006_4aa7_69323>
...
040 (16827633.063.000) 09/22 17:24:22 Finished transferring input files
...
001 (16827633.063.000) 09/22 17:24:23 Job executing on host: <188.185.213.204:9618?addrs=188.185.213.204-9618+[2001-1458-303-1b--100-48]-9618&alias=b9p28p7017.cern.ch&noUDP&sock=startd_7849_56f1>
	SlotName: slot1_30@b9p28p7017.cern.ch
	CondorScratchDir = "/pool/condor/dir_794405"
	Cpus = 1
	Disk = 3777
	GPUs = 0
	Memory = 3000
...
006 (16827633.063.000) 09/22 17:24:31 Image size of job updated: 3192
	2  -  MemoryUsage of job (MB)
	1096  -  ResidentSetSize of job (KB)
...
006 (16827633.063.000) 09/22 17:27:05 Image size of job updated: 302480
	2  -  MemoryUsage of job (MB)
	1096  -  ResidentSetSize of job (KB)
...
040 (16827633.063.000) 09/22 17:27:05 Started transferring output files
...
040 (16827633.063.000) 09/22 17:27:05 Finished transferring output files
...
005 (16827633.063.000) 09/22 17:27:05 Job terminated.
	(1) Normal termination (return value 0)
		Usr 0 00:02:10, Sys 0 00:00:11  -  Run Remote Usage
		Usr 0 00:00:00, Sys 0 00:00:00  -  Run Local Usage
		Usr 0 00:02:10, Sys 0 00:00:11  -  Total Remote Usage
		Usr 0 00:00:00, Sys 0 00:00:00  -  Total Local Usage
	10653  -  Run Bytes Sent By Job
	853  -  Run Bytes Received By Job
	10653  -  Total Bytes Sent By Job
	853  -  Total Bytes Received By Job
	Partitionable Resources :    Usage  Request Allocated 
	   Cpus                 :        0        1         1 
	   Disk (KB)            :       58        1      3777 
	   GPUs                 :                           0 
	   Memory (MB)          :        2     3000      3000 
	   TimeExecute (s)      :      162                    
	   TimeSlotBusy (s)     :      164                    
...
000 (16828034.063.000) 09/22 17:37:18 Job submitted from host: <188.184.90.241:9618?addrs=188.184.90.241-9618+[2001-1458-201-e4--100-2eb]-9618&alias=bigbird15.cern.ch&noUDP&sock=schedd_3150_376a>
...
040 (16828034.063.000) 09/22 17:50:22 Started transferring input files
	Transferring to host: <188.185.214.35:9618?addrs=188.185.214.35-9618+[2001-1458-303-1c--100-1f]-9618&alias=b9p29p9581.cern.ch&noUDP&sock=slot1_27_4761_4e1b_68163>
...
040 (16828034.063.000) 09/22 17:50:22 Finished transferring input files
...
001 (16828034.063.000) 09/22 17:50:23 Job executing on host: <188.185.214.35:9618?addrs=188.185.214.35-9618+[2001-1458-303-1c--100-1f]-9618&alias=b9p29p9581.cern.ch&noUDP&sock=startd_4113_c11e>
	SlotName: slot1_27@b9p29p9581.cern.ch
	CondorScratchDir = "/pool/condor/dir_1920702"
	Cpus = 1
	Disk = 3598
	GPUs = 0
	Memory = 3000
...
006 (16828034.063.000) 09/22 17:50:32 Image size of job updated: 1132
	2  -  MemoryUsage of job (MB)
	1132  -  ResidentSetSize of job (KB)
...
006 (16828034.063.000) 09/22 17:53:19 Image size of job updated: 304720
	2  -  MemoryUsage of job (MB)
	1132  -  ResidentSetSize of job (KB)
...
040 (16828034.063.000) 09/22 17:53:19 Started transferring output files
...
040 (16828034.063.000) 09/22 17:53:19 Finished transferring output files
...
005 (16828034.063.000) 09/22 17:53:19 Job terminated.
	(1) Normal termination (return value 0)
		Usr 0 00:02:16, Sys 0 00:00:10  -  Run Remote Usage
		Usr 0 00:00:00, Sys 0 00:00:00  -  Run Local Usage
		Usr 0 00:02:16, Sys 0 00:00:10  -  Total Remote Usage
		Usr 0 00:00:00, Sys 0 00:00:00  -  Total Local Usage
	10653  -  Run Bytes Sent By Job
	853  -  Run Bytes Received By Job
	10653  -  Total Bytes Sent By Job
	853  -  Total Bytes Received By Job
	Partitionable Resources :    Usage  Request Allocated 
	   Cpus                 :                 1         1 
	   Disk (KB)            :       34        1      3598 
	   GPUs                 :                           0 
	   Memory (MB)          :        2     3000      3000 
	   TimeExecute (s)      :      176                    
	   TimeSlotBusy (s)     :      177                    
...
