Running on host b9p02p3162.cern.ch
Input file: /eos/user/m/masegret/PerfectAlignment/user.lucam.mc23_13p6TeV.601190.PhPy8EG_AZNLO_Zmumu.MCP_TESTNTUP.mc23e_ANALYSIS.root/user.lucam.51077380._000014.ANALYSIS.root
[7mlsetup              [0m lsetup <tool1> [ <tool2> ...] (see lsetup -h):
[7m lsetup asetup      [0m  (or asetup) to setup an Athena release
[7m lsetup astyle      [0m  ATLAS style macros
[7m lsetup atlantis    [0m  Atlantis: event display
[7m lsetup centralpage [0m  Find samples
[7m lsetup eiclient    [0m  Event Index 
[7m lsetup emi         [0m  EMI: grid middleware user interface 
[7m lsetup lcgenv      [0m  lcgenv: setup tools from cvmfs SFT repository
[7m lsetup panda       [0m  Panda: Production ANd Distributed Analysis
[7m lsetup pyami       [0m  pyAMI: ATLAS Metadata Interface python client
[7m lsetup root        [0m  ROOT data processing framework
[7m lsetup rucio       [0m  distributed data management system client
[7m lsetup scikit      [0m  python data analysis ecosystem
[7m lsetup views       [0m  Set up a full LCG release
[7m lsetup xcache      [0m  XRootD local proxy cache
[7m lsetup xrootd      [0m  XRootD data access
[7madvancedTools       [0m advanced tools menu
[7mdiagnostics         [0m diagnostic tools menu
[7mhelpMe              [0m more help
[7minstallPip          [0m install relocatable pip modules locally
[7minstallRpm          [0m install relocatable rpms locally
[7mprintMenu           [0m show this menu
[7mqueryC              [0m find / whatis container query
[7mshowVersions        [0m show versions of installed software

[1m[4m30 Nov 2023[0m 

A serious security issue in ROOT's web-based GUI has been identified:

  You should not use the web-based browser until further notice and instead 
  set the old-style TBrowser as the default. Please see the Twiki page linked 
  below for instructions on how to do this.

  https://twiki.cern.ch/twiki/bin/view/AtlasComputing/AtlasComputingArchive/RootBrowserSecurityIssue

  More details of this issue:
  https://root.cern/about/security/#2023-11-26-open-port-for-control-of-web-gui-allows-read-and-write-access-to-file-system

  [0;31mReason for this message: $HOME/.rootrc is missing[0m 


[1m[4m17 Mar 2026[0m

SSL_CERT_DIR is no longer defined by asetup, python or emi.
If you see SSL issues, read https://cern.ch/fudpr
or run in a container depending on which OS needed:
   setupATLAS -c el9 or setupATLAS -c centos7


"amsg seen" to mark as seen to suppress above messages


************************************************************************
Requested:  root ... 
 Setting up [4mroot 6.40.02-x86_64-el9-gcc15-opt[0m ... 
  ROOT is from lcgenv -p LCG_110_ATLAS_1 x86_64-el9-gcc15-opt ROOT
>>>>>>>>>>>>>>>>>>>>>>>>> Information for user <<<<<<<<<<<<<<<<<<<<<<<<<
 root:
   Tip for _this_ standalone ROOT and grid (ie prun) submission:
    avoid --athenaTag if you do not need athena
    use --rootVer=6.40.02 --cmtConfig=x86_64-el9-gcc15-opt
 root:
   Note this ROOT from lcgenv sets up a long list of library paths.
   This may slow down executables; they look at each library path item.
   A faster alternative - setup the entire LCG stack with views:
    lsetup "views LCG_110_ATLAS_1 x86_64-el9-gcc15-opt"
************************************************************************
[INFO] Aggiunto file singolo: /eos/user/m/masegret/PerfectAlignment/user.lucam.mc23_13p6TeV.601190.PhPy8EG_AZNLO_Zmumu.MCP_TESTNTUP.mc23e_ANALYSIS.root/user.lucam.51077380._000014.ANALYSIS.root
[INFO] Entries totali = 1657994

[INFO] Inizio loop eventi...

[INFO] Processati 0 eventi
[INFO] Processati 50000 eventi
[INFO] Processati 100000 eventi
[INFO] Processati 150000 eventi
[INFO] Processati 200000 eventi
[INFO] Processati 250000 eventi
[INFO] Processati 300000 eventi
[INFO] Processati 350000 eventi
[INFO] Processati 400000 eventi
[INFO] Processati 450000 eventi
[INFO] Processati 500000 eventi
[INFO] Processati 550000 eventi
[INFO] Processati 600000 eventi
[INFO] Processati 650000 eventi
[INFO] Processati 700000 eventi
[INFO] Processati 750000 eventi
[INFO] Processati 800000 eventi
[INFO] Processati 850000 eventi
[INFO] Processati 900000 eventi
[INFO] Processati 950000 eventi
[INFO] Processati 1000000 eventi
[INFO] Processati 1050000 eventi
[INFO] Processati 1100000 eventi
[INFO] Processati 1150000 eventi
[INFO] Processati 1200000 eventi
[INFO] Processati 1250000 eventi
[INFO] Processati 1300000 eventi
[INFO] Processati 1350000 eventi
[INFO] Processati 1400000 eventi
[INFO] Processati 1450000 eventi
[INFO] Processati 1500000 eventi
[INFO] Processati 1550000 eventi
[INFO] Processati 1600000 eventi
[INFO] Processati 1650000 eventi

[INFO] Muoni prompt processati = 2698106
[INFO] Muoni riempiti negli istogrammi = 2340588
[INFO] 36 istogrammi salvati in output_eta.root

=== pT bin 20_30 ===
  eta 0.0-0.1: entries=19199, RMS=0.0216
  eta 0.1-1.01: entries=193097, RMS=0.0217
  eta 1.01-1.3: entries=59887, RMS=0.0255
  eta 1.3-1.7: entries=80101, RMS=0.0305
  eta 1.7-2.5: entries=143905, RMS=0.0304
  eta 2.5-2.8: entries=20784, RMS=0.0418

=== pT bin 30_40 ===
  eta 0.0-0.1: entries=29990, RMS=0.0236
  eta 0.1-1.01: entries=278229, RMS=0.0228
  eta 1.01-1.3: entries=85722, RMS=0.0259
  eta 1.3-1.7: entries=115106, RMS=0.0318
  eta 1.7-2.5: entries=214660, RMS=0.0312
  eta 2.5-2.8: entries=30036, RMS=0.0394

=== pT bin 40_50 ===
  eta 0.0-0.1: entries=28240, RMS=0.0263
  eta 0.1-1.01: entries=264762, RMS=0.0240
  eta 1.01-1.3: entries=82225, RMS=0.0265
  eta 1.3-1.7: entries=110693, RMS=0.0333
  eta 1.7-2.5: entries=209510, RMS=0.0320
  eta 2.5-2.8: entries=27860, RMS=0.0385

=== pT bin 50_80 ===
  eta 0.0-0.1: entries=12155, RMS=0.0292
  eta 0.1-1.01: entries=112607, RMS=0.0260
  eta 1.01-1.3: entries=34366, RMS=0.0279
  eta 1.3-1.7: entries=44921, RMS=0.0352
  eta 1.7-2.5: entries=80088, RMS=0.0334
  eta 2.5-2.8: entries=10455, RMS=0.0395

=== pT bin 80_120 ===
  eta 0.0-0.1: entries=1667, RMS=0.0389
  eta 0.1-1.01: entries=16006, RMS=0.0306
  eta 1.01-1.3: entries=4794, RMS=0.0315
  eta 1.3-1.7: entries=6276, RMS=0.0416
  eta 1.7-2.5: entries=10586, RMS=0.0363
  eta 2.5-2.8: entries=1270, RMS=0.0392

=== pT bin 120_500 ===
  eta 0.0-0.1: entries=515, RMS=0.0527
  eta 0.1-1.01: entries=4601, RMS=0.0386
  eta 1.01-1.3: entries=1437, RMS=0.0392
  eta 1.3-1.7: entries=1786, RMS=0.0514
  eta 1.7-2.5: entries=2778, RMS=0.0392
  eta 2.5-2.8: entries=274, RMS=0.0401
[INFO] Tabella salvata in images/table_RMS_vs_eta.pdf

[INFO] Plot salvato in images/plot_RMS_vs_eta.png (.pdf)
[INFO] Tabella salvata in images/table_RMS_vs_eta.pdf
Exit code: 0
