000 (16827608.058.000) 09/22 12:58:51 Job submitted from host: <188.184.90.241:9618?addrs=188.184.90.241-9618+[2001-1458-201-e4--100-2eb]-9618&alias=bigbird15.cern.ch&noUDP&sock=schedd_3150_376a>
...
040 (16827608.058.000) 09/22 13:00:59 Started transferring input files
	Transferring to host: <188.185.210.48:9618?addrs=188.185.210.48-9618+[2001-1458-303-1--100-2c]-9618&alias=b9p21p8037.cern.ch&noUDP&sock=slot1_13_6820_0e8e_73791>
...
040 (16827608.058.000) 09/22 13:00:59 Finished transferring input files
...
001 (16827608.058.000) 09/22 13:01:00 Job executing on host: <188.185.210.48:9618?addrs=188.185.210.48-9618+[2001-1458-303-1--100-2c]-9618&alias=b9p21p8037.cern.ch&noUDP&sock=startd_6048_00e0>
	SlotName: slot1_13@b9p21p8037.cern.ch
	CondorScratchDir = "/pool/condor/dir_4176899"
	Cpus = 1
	Disk = 3775
	GPUs = 0
	Memory = 3000
...
006 (16827608.058.000) 09/22 13:01:09 Image size of job updated: 3904
	4  -  MemoryUsage of job (MB)
	3904  -  ResidentSetSize of job (KB)
...
006 (16827608.058.000) 09/22 13:06:10 Image size of job updated: 286176
	280  -  MemoryUsage of job (MB)
	286176  -  ResidentSetSize of job (KB)
...
006 (16827608.058.000) 09/22 13:10:39 Image size of job updated: 295092
	280  -  MemoryUsage of job (MB)
	286176  -  ResidentSetSize of job (KB)
...
040 (16827608.058.000) 09/22 13:10:39 Started transferring output files
...
040 (16827608.058.000) 09/22 13:10:39 Finished transferring output files
...
005 (16827608.058.000) 09/22 13:10:39 Job terminated.
	(1) Normal termination (return value 0)
		Usr 0 00:08:05, Sys 0 00:00:19  -  Run Remote Usage
		Usr 0 00:00:00, Sys 0 00:00:00  -  Run Local Usage
		Usr 0 00:08:05, Sys 0 00:00:19  -  Total Remote Usage
		Usr 0 00:00:00, Sys 0 00:00:00  -  Total Local Usage
	14029  -  Run Bytes Sent By Job
	853  -  Run Bytes Received By Job
	14029  -  Total Bytes Sent By Job
	853  -  Total Bytes Received By Job
	Partitionable Resources :    Usage  Request Allocated 
	   Cpus                 :        0        1         1 
	   Disk (KB)            :       66        1      3775 
	   GPUs                 :                           0 
	   Memory (MB)          :      280     3000      3000 
	   TimeExecute (s)      :      579                    
	   TimeSlotBusy (s)     :      581                    
...
000 (16827633.058.000) 09/22 16:48:51 Job submitted from host: <188.184.90.241:9618?addrs=188.184.90.241-9618+[2001-1458-201-e4--100-2eb]-9618&alias=bigbird15.cern.ch&noUDP&sock=schedd_3150_376a>
...
040 (16827633.058.000) 09/22 17:21:40 Started transferring input files
	Transferring to host: <188.185.210.208:9618?addrs=188.185.210.208-9618+[2001-1458-303-15--100-4c]-9618&alias=b9p22p0624.cern.ch&noUDP&sock=slot1_43_5776_76e4_68252>
...
040 (16827633.058.000) 09/22 17:21:40 Finished transferring input files
...
001 (16827633.058.000) 09/22 17:21:41 Job executing on host: <188.185.210.208:9618?addrs=188.185.210.208-9618+[2001-1458-303-15--100-4c]-9618&alias=b9p22p0624.cern.ch&noUDP&sock=startd_4738_73cf>
	SlotName: slot1_43@b9p22p0624.cern.ch
	CondorScratchDir = "/pool/condor/dir_3892853"
	Cpus = 1
	Disk = 3638
	GPUs = 0
	Memory = 3000
...
006 (16827633.058.000) 09/22 17:21:50 Image size of job updated: 1244
	2  -  MemoryUsage of job (MB)
	1244  -  ResidentSetSize of job (KB)
...
006 (16827633.058.000) 09/22 17:26:51 Image size of job updated: 283756
	278  -  MemoryUsage of job (MB)
	283756  -  ResidentSetSize of job (KB)
...
006 (16827633.058.000) 09/22 17:31:51 Image size of job updated: 283760
	278  -  MemoryUsage of job (MB)
	283760  -  ResidentSetSize of job (KB)
...
040 (16827633.058.000) 09/22 17:31:56 Started transferring output files
...
040 (16827633.058.000) 09/22 17:31:56 Finished transferring output files
...
005 (16827633.058.000) 09/22 17:31:56 Job terminated.
	(1) Normal termination (return value 0)
		Usr 0 00:08:50, Sys 0 00:00:18  -  Run Remote Usage
		Usr 0 00:00:00, Sys 0 00:00:00  -  Run Local Usage
		Usr 0 00:08:50, Sys 0 00:00:18  -  Total Remote Usage
		Usr 0 00:00:00, Sys 0 00:00:00  -  Total Local Usage
	13046  -  Run Bytes Sent By Job
	853  -  Run Bytes Received By Job
	13046  -  Total Bytes Sent By Job
	853  -  Total Bytes Received By Job
	Partitionable Resources :    Usage  Request Allocated 
	   Cpus                 :     0.91        1         1 
	   Disk (KB)            :    57           1      3638 
	   GPUs                 :                           0 
	   Memory (MB)          :   278        3000      3000 
	   TimeExecute (s)      :   615                       
	   TimeSlotBusy (s)     :   616                       
...
