000 (16827608.061.000) 09/22 12:58:51 Job submitted from host: <188.184.90.241:9618?addrs=188.184.90.241-9618+[2001-1458-201-e4--100-2eb]-9618&alias=bigbird15.cern.ch&noUDP&sock=schedd_3150_376a>
...
040 (16827608.061.000) 09/22 13:00:59 Started transferring input files
	Transferring to host: <188.185.208.95:9618?addrs=188.185.208.95-9618+[2001-1458-303-f--100-5c]-9618&alias=b9p09p1039.cern.ch&noUDP&sock=slot1_32_5645_29bf_69014>
...
040 (16827608.061.000) 09/22 13:00:59 Finished transferring input files
...
001 (16827608.061.000) 09/22 13:01:00 Job executing on host: <188.185.208.95:9618?addrs=188.185.208.95-9618+[2001-1458-303-f--100-5c]-9618&alias=b9p09p1039.cern.ch&noUDP&sock=startd_4808_7770>
	SlotName: slot1_32@b9p09p1039.cern.ch
	CondorScratchDir = "/pool/condor/dir_444335"
	Cpus = 1
	Disk = 3663
	GPUs = 0
	Memory = 3000
...
006 (16827608.061.000) 09/22 13:01:09 Image size of job updated: 3932
	4  -  MemoryUsage of job (MB)
	3932  -  ResidentSetSize of job (KB)
...
006 (16827608.061.000) 09/22 13:01:42 Image size of job updated: 286448
	4  -  MemoryUsage of job (MB)
	3932  -  ResidentSetSize of job (KB)
...
040 (16827608.061.000) 09/22 13:01:42 Started transferring output files
...
040 (16827608.061.000) 09/22 13:01:42 Finished transferring output files
...
005 (16827608.061.000) 09/22 13:01:42 Job terminated.
	(1) Normal termination (return value 0)
		Usr 0 00:00:22, Sys 0 00:00:09  -  Run Remote Usage
		Usr 0 00:00:00, Sys 0 00:00:00  -  Run Local Usage
		Usr 0 00:00:22, Sys 0 00:00:09  -  Total Remote Usage
		Usr 0 00:00:00, Sys 0 00:00:00  -  Total Local Usage
	10961  -  Run Bytes Sent By Job
	853  -  Run Bytes Received By Job
	10961  -  Total Bytes Sent By Job
	853  -  Total Bytes Received By Job
	Partitionable Resources :    Usage  Request Allocated 
	   Cpus                 :        0        1         1 
	   Disk (KB)            :       69        1      3663 
	   GPUs                 :                           0 
	   Memory (MB)          :        4     3000      3000 
	   TimeExecute (s)      :       42                    
	   TimeSlotBusy (s)     :       44                    
...
000 (16827633.061.000) 09/22 16:48:51 Job submitted from host: <188.184.90.241:9618?addrs=188.184.90.241-9618+[2001-1458-201-e4--100-2eb]-9618&alias=bigbird15.cern.ch&noUDP&sock=schedd_3150_376a>
...
040 (16827633.061.000) 09/22 17:23:17 Started transferring input files
	Transferring to host: <188.185.214.35:9618?addrs=188.185.214.35-9618+[2001-1458-303-1c--100-1f]-9618&alias=b9p29p9581.cern.ch&noUDP&sock=slot1_27_4761_4e1b_68118>
...
040 (16827633.061.000) 09/22 17:23:17 Finished transferring input files
...
001 (16827633.061.000) 09/22 17:23:18 Job executing on host: <188.185.214.35:9618?addrs=188.185.214.35-9618+[2001-1458-303-1c--100-1f]-9618&alias=b9p29p9581.cern.ch&noUDP&sock=startd_4113_c11e>
	SlotName: slot1_27@b9p29p9581.cern.ch
	CondorScratchDir = "/pool/condor/dir_1769052"
	Cpus = 1
	Disk = 3600
	GPUs = 0
	Memory = 3000
...
006 (16827633.061.000) 09/22 17:23:26 Image size of job updated: 2452
	2  -  MemoryUsage of job (MB)
	1576  -  ResidentSetSize of job (KB)
...
006 (16827633.061.000) 09/22 17:24:00 Image size of job updated: 287472
	2  -  MemoryUsage of job (MB)
	1576  -  ResidentSetSize of job (KB)
...
040 (16827633.061.000) 09/22 17:24:00 Started transferring output files
...
040 (16827633.061.000) 09/22 17:24:00 Finished transferring output files
...
005 (16827633.061.000) 09/22 17:24:01 Job terminated.
	(1) Normal termination (return value 0)
		Usr 0 00:00:26, Sys 0 00:00:08  -  Run Remote Usage
		Usr 0 00:00:00, Sys 0 00:00:00  -  Run Local Usage
		Usr 0 00:00:26, Sys 0 00:00:08  -  Total Remote Usage
		Usr 0 00:00:00, Sys 0 00:00:00  -  Total Local Usage
	9978  -  Run Bytes Sent By Job
	853  -  Run Bytes Received By Job
	9978  -  Total Bytes Sent By Job
	853  -  Total Bytes Received By Job
	Partitionable Resources :    Usage  Request Allocated 
	   Cpus                 :                 1         1 
	   Disk (KB)            :       49        1      3600 
	   GPUs                 :                           0 
	   Memory (MB)          :        2     3000      3000 
	   TimeExecute (s)      :       42                    
	   TimeSlotBusy (s)     :       43                    
...
000 (16828034.061.000) 09/22 17:37:18 Job submitted from host: <188.184.90.241:9618?addrs=188.184.90.241-9618+[2001-1458-201-e4--100-2eb]-9618&alias=bigbird15.cern.ch&noUDP&sock=schedd_3150_376a>
...
040 (16828034.061.000) 09/22 17:49:37 Started transferring input files
	Transferring to host: <188.185.214.35:9618?addrs=188.185.214.35-9618+[2001-1458-303-1c--100-1f]-9618&alias=b9p29p9581.cern.ch&noUDP&sock=slot1_27_4761_4e1b_68161>
...
040 (16828034.061.000) 09/22 17:49:37 Finished transferring input files
...
001 (16828034.061.000) 09/22 17:49:38 Job executing on host: <188.185.214.35:9618?addrs=188.185.214.35-9618+[2001-1458-303-1c--100-1f]-9618&alias=b9p29p9581.cern.ch&noUDP&sock=startd_4113_c11e>
	SlotName: slot1_27@b9p29p9581.cern.ch
	CondorScratchDir = "/pool/condor/dir_1907675"
	Cpus = 1
	Disk = 3598
	GPUs = 0
	Memory = 3000
...
006 (16828034.061.000) 09/22 17:49:47 Image size of job updated: 2616
	2  -  MemoryUsage of job (MB)
	1412  -  ResidentSetSize of job (KB)
...
006 (16828034.061.000) 09/22 17:50:21 Image size of job updated: 286940
	2  -  MemoryUsage of job (MB)
	1412  -  ResidentSetSize of job (KB)
...
040 (16828034.061.000) 09/22 17:50:21 Started transferring output files
...
040 (16828034.061.000) 09/22 17:50:21 Finished transferring output files
...
005 (16828034.061.000) 09/22 17:50:21 Job terminated.
	(1) Normal termination (return value 0)
		Usr 0 00:00:26, Sys 0 00:00:09  -  Run Remote Usage
		Usr 0 00:00:00, Sys 0 00:00:00  -  Run Local Usage
		Usr 0 00:00:26, Sys 0 00:00:09  -  Total Remote Usage
		Usr 0 00:00:00, Sys 0 00:00:00  -  Total Local Usage
	9978  -  Run Bytes Sent By Job
	853  -  Run Bytes Received By Job
	9978  -  Total Bytes Sent By Job
	853  -  Total Bytes Received By Job
	Partitionable Resources :    Usage  Request Allocated 
	   Cpus                 :        0        1         1 
	   Disk (KB)            :       40        1      3598 
	   GPUs                 :                           0 
	   Memory (MB)          :        2     3000      3000 
	   TimeExecute (s)      :       43                    
	   TimeSlotBusy (s)     :       44                    
...
