Running on host b9p29p9581.cern.ch
Input file: /eos/user/m/masegret/PerfectAlignment/user.lucam.mc23_13p6TeV.601190.PhPy8EG_AZNLO_Zmumu.MCP_TESTNTUP.mc23e_ANALYSIS.root/user.lucam.51077380._000073.ANALYSIS.root
[7mlsetup              [0m lsetup <tool1> [ <tool2> ...] (see lsetup -h):
[7m lsetup asetup      [0m  (or asetup) to setup an Athena release
[7m lsetup astyle      [0m  ATLAS style macros
[7m lsetup atlantis    [0m  Atlantis: event display
[7m lsetup centralpage [0m  Find samples
[7m lsetup eiclient    [0m  Event Index 
[7m lsetup emi         [0m  EMI: grid middleware user interface 
[7m lsetup lcgenv      [0m  lcgenv: setup tools from cvmfs SFT repository
[7m lsetup panda       [0m  Panda: Production ANd Distributed Analysis
[7m lsetup pyami       [0m  pyAMI: ATLAS Metadata Interface python client
[7m lsetup root        [0m  ROOT data processing framework
[7m lsetup rucio       [0m  distributed data management system client
[7m lsetup scikit      [0m  python data analysis ecosystem
[7m lsetup views       [0m  Set up a full LCG release
[7m lsetup xcache      [0m  XRootD local proxy cache
[7m lsetup xrootd      [0m  XRootD data access
[7madvancedTools       [0m advanced tools menu
[7mdiagnostics         [0m diagnostic tools menu
[7mhelpMe              [0m more help
[7minstallPip          [0m install relocatable pip modules locally
[7minstallRpm          [0m install relocatable rpms locally
[7mprintMenu           [0m show this menu
[7mqueryC              [0m find / whatis container query
[7mshowVersions        [0m show versions of installed software

************************************************************************
Requested:  root ... 
 Setting up [4mroot 6.40.02-x86_64-el9-gcc15-opt[0m ... 
  ROOT is from lcgenv -p LCG_110_ATLAS_1 x86_64-el9-gcc15-opt ROOT
>>>>>>>>>>>>>>>>>>>>>>>>> Information for user <<<<<<<<<<<<<<<<<<<<<<<<<
 root:
   Tip for _this_ standalone ROOT and grid (ie prun) submission:
    avoid --athenaTag if you do not need athena
    use --rootVer=6.40.02 --cmtConfig=x86_64-el9-gcc15-opt
 root:
   Note this ROOT from lcgenv sets up a long list of library paths.
   This may slow down executables; they look at each library path item.
   A faster alternative - setup the entire LCG stack with views:
    lsetup "views LCG_110_ATLAS_1 x86_64-el9-gcc15-opt"
************************************************************************
[INFO] Aggiunto file singolo: /eos/user/m/masegret/PerfectAlignment/user.lucam.mc23_13p6TeV.601190.PhPy8EG_AZNLO_Zmumu.MCP_TESTNTUP.mc23e_ANALYSIS.root/user.lucam.51077380._000073.ANALYSIS.root
[INFO] Entries totali = 663643

[INFO] Inizio loop eventi...

[INFO] Processati 0 eventi
[INFO] Processati 50000 eventi
[INFO] Processati 100000 eventi
[INFO] Processati 150000 eventi
[INFO] Processati 200000 eventi
[INFO] Processati 250000 eventi
[INFO] Processati 300000 eventi
[INFO] Processati 350000 eventi
[INFO] Processati 400000 eventi
[INFO] Processati 450000 eventi
[INFO] Processati 500000 eventi
[INFO] Processati 550000 eventi
[INFO] Processati 600000 eventi
[INFO] Processati 650000 eventi

[INFO] Muoni prompt processati = 1080266
[INFO] Muoni riempiti negli istogrammi = 937690
[INFO] 36 istogrammi salvati in output_eta.root

=== pT bin 20_30 ===
  eta 0.0-0.1: entries=7818, RMS=0.0229
  eta 0.1-1.01: entries=77207, RMS=0.0225
  eta 1.01-1.3: entries=23970, RMS=0.0261
  eta 1.3-1.7: entries=32095, RMS=0.0315
  eta 1.7-2.5: entries=57622, RMS=0.0361
  eta 2.5-2.8: entries=8364, RMS=0.0623

=== pT bin 30_40 ===
  eta 0.0-0.1: entries=12002, RMS=0.0253
  eta 0.1-1.01: entries=111691, RMS=0.0247
  eta 1.01-1.3: entries=34444, RMS=0.0283
  eta 1.3-1.7: entries=46328, RMS=0.0331
  eta 1.7-2.5: entries=85399, RMS=0.0372
  eta 2.5-2.8: entries=12179, RMS=0.0579

=== pT bin 40_50 ===
  eta 0.0-0.1: entries=11423, RMS=0.0272
  eta 0.1-1.01: entries=106349, RMS=0.0261
  eta 1.01-1.3: entries=32986, RMS=0.0290
  eta 1.3-1.7: entries=44727, RMS=0.0344
  eta 1.7-2.5: entries=83750, RMS=0.0373
  eta 2.5-2.8: entries=11242, RMS=0.0561

=== pT bin 50_80 ===
  eta 0.0-0.1: entries=4861, RMS=0.0323
  eta 0.1-1.01: entries=44858, RMS=0.0290
  eta 1.01-1.3: entries=13733, RMS=0.0308
  eta 1.3-1.7: entries=17745, RMS=0.0371
  eta 1.7-2.5: entries=31978, RMS=0.0406
  eta 2.5-2.8: entries=4147, RMS=0.0581

=== pT bin 80_120 ===
  eta 0.0-0.1: entries=737, RMS=0.0444
  eta 0.1-1.01: entries=6466, RMS=0.0362
  eta 1.01-1.3: entries=1903, RMS=0.0342
  eta 1.3-1.7: entries=2517, RMS=0.0417
  eta 1.7-2.5: entries=4215, RMS=0.0422
  eta 2.5-2.8: entries=422, RMS=0.0501

=== pT bin 120_500 ===
  eta 0.0-0.1: entries=210, RMS=0.0633
  eta 0.1-1.01: entries=1804, RMS=0.0423
  eta 1.01-1.3: entries=544, RMS=0.0446
  eta 1.3-1.7: entries=738, RMS=0.0554
  eta 1.7-2.5: entries=1102, RMS=0.0551
  eta 2.5-2.8: entries=114, RMS=0.0479
[INFO] Tabella salvata in images/table_RMS_vs_eta.pdf

[INFO] Plot salvato in images/plot_RMS_vs_eta.png (.pdf)
[INFO] Plot overlay eta salvato in images/plot_eta_overlay.png (.pdf)
[INFO] Tabella salvata in images/table_RMS_vs_eta.pdf
Exit code: 0
