000 (16690473.027.000) 08/07 21:10:36 Job submitted from host: <188.184.90.241:9618?addrs=188.184.90.241-9618+[2001-1458-201-e4--100-2eb]-9618&alias=bigbird15.cern.ch&noUDP&sock=schedd_3150_376a>
...
040 (16690473.027.000) 08/07 21:12:25 Started transferring input files
	Transferring to host: <188.185.196.159:9618?addrs=188.185.196.159-9618+[2001-1458-303-23--100-9b]-9618&alias=b9p16p2049.cern.ch&noUDP&sock=slot1_5_3322_6640_21527>
...
040 (16690473.027.000) 08/07 21:12:25 Finished transferring input files
...
001 (16690473.027.000) 08/07 21:12:26 Job executing on host: <188.185.196.159:9618?addrs=188.185.196.159-9618+[2001-1458-303-23--100-9b]-9618&alias=b9p16p2049.cern.ch&noUDP&sock=startd_2554_68f8>
	SlotName: slot1_5@b9p16p2049.cern.ch
	CondorScratchDir = "/pool/condor/dir_2318474"
	Cpus = 1
	Disk = 3731
	GPUs = 0
	Memory = 3000
...
006 (16690473.027.000) 08/07 21:12:34 Image size of job updated: 3900
	4  -  MemoryUsage of job (MB)
	3900  -  ResidentSetSize of job (KB)
...
006 (16690473.027.000) 08/07 21:16:51 Image size of job updated: 305164
	4  -  MemoryUsage of job (MB)
	3900  -  ResidentSetSize of job (KB)
...
040 (16690473.027.000) 08/07 21:16:51 Started transferring output files
...
040 (16690473.027.000) 08/07 21:16:51 Finished transferring output files
...
005 (16690473.027.000) 08/07 21:16:52 Job terminated.
	(1) Normal termination (return value 0)
		Usr 0 00:03:43, Sys 0 00:00:13  -  Run Remote Usage
		Usr 0 00:00:00, Sys 0 00:00:00  -  Run Local Usage
		Usr 0 00:03:43, Sys 0 00:00:13  -  Total Remote Usage
		Usr 0 00:00:00, Sys 0 00:00:00  -  Total Local Usage
	11609  -  Run Bytes Sent By Job
	852  -  Run Bytes Received By Job
	11609  -  Total Bytes Sent By Job
	852  -  Total Bytes Received By Job
	Partitionable Resources :    Usage  Request Allocated 
	   Cpus                 :        0        1         1 
	   Disk (KB)            :       63        1      3731 
	   GPUs                 :                           0 
	   Memory (MB)          :        4     3000      3000 
	   TimeExecute (s)      :      265                    
	   TimeSlotBusy (s)     :      268                    
...
000 (16827608.065.000) 09/22 12:58:51 Job submitted from host: <188.184.90.241:9618?addrs=188.184.90.241-9618+[2001-1458-201-e4--100-2eb]-9618&alias=bigbird15.cern.ch&noUDP&sock=schedd_3150_376a>
...
040 (16827608.065.000) 09/22 13:00:59 Started transferring input files
	Transferring to host: <188.185.214.170:9618?addrs=188.185.214.170-9618+[2001-1458-303-1d--100-26]-9618&alias=b9p30p9793.cern.ch&noUDP&sock=slot1_23_10302_70dc_75893>
...
040 (16827608.065.000) 09/22 13:00:59 Finished transferring input files
...
001 (16827608.065.000) 09/22 13:01:00 Job executing on host: <188.185.214.170:9618?addrs=188.185.214.170-9618+[2001-1458-303-1d--100-26]-9618&alias=b9p30p9793.cern.ch&noUDP&sock=startd_9494_ac3c>
	SlotName: slot1_23@b9p30p9793.cern.ch
	CondorScratchDir = "/pool/condor/dir_1274428"
	Cpus = 1
	Disk = 3711
	GPUs = 0
	Memory = 3000
...
006 (16827608.065.000) 09/22 13:01:09 Image size of job updated: 11072
	11  -  MemoryUsage of job (MB)
	11072  -  ResidentSetSize of job (KB)
...
006 (16827608.065.000) 09/22 13:05:03 Image size of job updated: 306912
	11  -  MemoryUsage of job (MB)
	11072  -  ResidentSetSize of job (KB)
...
040 (16827608.065.000) 09/22 13:05:03 Started transferring output files
...
040 (16827608.065.000) 09/22 13:05:03 Finished transferring output files
...
005 (16827608.065.000) 09/22 13:05:03 Job terminated.
	(1) Normal termination (return value 0)
		Usr 0 00:02:55, Sys 0 00:00:13  -  Run Remote Usage
		Usr 0 00:00:00, Sys 0 00:00:00  -  Run Local Usage
		Usr 0 00:02:55, Sys 0 00:00:13  -  Total Remote Usage
		Usr 0 00:00:00, Sys 0 00:00:00  -  Total Local Usage
	11906  -  Run Bytes Sent By Job
	852  -  Run Bytes Received By Job
	11906  -  Total Bytes Sent By Job
	852  -  Total Bytes Received By Job
	Partitionable Resources :    Usage  Request Allocated 
	   Cpus                 :     0.83        1         1 
	   Disk (KB)            :    51           1      3711 
	   GPUs                 :                           0 
	   Memory (MB)          :    11        3000      3000 
	   TimeExecute (s)      :   243                       
	   TimeSlotBusy (s)     :   245                       
...
000 (16827633.065.000) 09/22 16:48:51 Job submitted from host: <188.184.90.241:9618?addrs=188.184.90.241-9618+[2001-1458-201-e4--100-2eb]-9618&alias=bigbird15.cern.ch&noUDP&sock=schedd_3150_376a>
...
040 (16827633.065.000) 09/22 17:24:38 Started transferring input files
	Transferring to host: <188.185.213.178:9618?addrs=188.185.213.178-9618+[2001-1458-303-1b--100-2e]-9618&alias=b9p28p3786.cern.ch&noUDP&sock=slot1_43_10018_5650_70955>
...
040 (16827633.065.000) 09/22 17:24:38 Finished transferring input files
...
001 (16827633.065.000) 09/22 17:24:39 Job executing on host: <188.185.213.178:9618?addrs=188.185.213.178-9618+[2001-1458-303-1b--100-2e]-9618&alias=b9p28p3786.cern.ch&noUDP&sock=startd_9216_fce8>
	SlotName: slot1_43@b9p28p3786.cern.ch
	CondorScratchDir = "/pool/condor/dir_3857840"
	Cpus = 1
	Disk = 3711
	GPUs = 0
	Memory = 3000
...
006 (16827633.065.000) 09/22 17:24:48 Image size of job updated: 2456
	2  -  MemoryUsage of job (MB)
	1612  -  ResidentSetSize of job (KB)
...
006 (16827633.065.000) 09/22 17:28:38 Image size of job updated: 310720
	2  -  MemoryUsage of job (MB)
	1692  -  ResidentSetSize of job (KB)
...
040 (16827633.065.000) 09/22 17:28:38 Started transferring output files
...
040 (16827633.065.000) 09/22 17:28:38 Finished transferring output files
...
005 (16827633.065.000) 09/22 17:28:39 Job terminated.
	(1) Normal termination (return value 0)
		Usr 0 00:03:04, Sys 0 00:00:12  -  Run Remote Usage
		Usr 0 00:00:00, Sys 0 00:00:00  -  Run Local Usage
		Usr 0 00:03:04, Sys 0 00:00:12  -  Total Remote Usage
		Usr 0 00:00:00, Sys 0 00:00:00  -  Total Local Usage
	10923  -  Run Bytes Sent By Job
	852  -  Run Bytes Received By Job
	10923  -  Total Bytes Sent By Job
	852  -  Total Bytes Received By Job
	Partitionable Resources :    Usage  Request Allocated 
	   Cpus                 :     0.83        1         1 
	   Disk (KB)            :    58           1      3711 
	   GPUs                 :                           0 
	   Memory (MB)          :     2        3000      3000 
	   TimeExecute (s)      :   239                       
	   TimeSlotBusy (s)     :   240                       
...
