000 (16690473.028.000) 08/07 21:10:36 Job submitted from host: <188.184.90.241:9618?addrs=188.184.90.241-9618+[2001-1458-201-e4--100-2eb]-9618&alias=bigbird15.cern.ch&noUDP&sock=schedd_3150_376a>
...
040 (16690473.028.000) 08/07 21:12:25 Started transferring input files
	Transferring to host: <188.185.214.25:9618?addrs=188.185.214.25-9618+[2001-1458-303-1c--100-15]-9618&alias=b9p29p0878.cern.ch&noUDP&sock=slot1_12_6011_0b0e_23870>
...
040 (16690473.028.000) 08/07 21:12:25 Finished transferring input files
...
001 (16690473.028.000) 08/07 21:12:26 Job executing on host: <188.185.214.25:9618?addrs=188.185.214.25-9618+[2001-1458-303-1c--100-15]-9618&alias=b9p29p0878.cern.ch&noUDP&sock=startd_5221_c00d>
	SlotName: slot1_12@b9p29p0878.cern.ch
	CondorScratchDir = "/pool/condor/dir_433495"
	Cpus = 1
	Disk = 3877
	GPUs = 0
	Memory = 3000
...
006 (16690473.028.000) 08/07 21:12:34 Image size of job updated: 3892
	4  -  MemoryUsage of job (MB)
	3892  -  ResidentSetSize of job (KB)
...
006 (16690473.028.000) 08/07 21:15:48 Image size of job updated: 308340
	4  -  MemoryUsage of job (MB)
	3892  -  ResidentSetSize of job (KB)
...
040 (16690473.028.000) 08/07 21:15:48 Started transferring output files
...
040 (16690473.028.000) 08/07 21:15:48 Finished transferring output files
...
005 (16690473.028.000) 08/07 21:15:48 Job terminated.
	(1) Normal termination (return value 0)
		Usr 0 00:02:37, Sys 0 00:00:12  -  Run Remote Usage
		Usr 0 00:00:00, Sys 0 00:00:00  -  Run Local Usage
		Usr 0 00:02:37, Sys 0 00:00:12  -  Total Remote Usage
		Usr 0 00:00:00, Sys 0 00:00:00  -  Total Local Usage
	11676  -  Run Bytes Sent By Job
	852  -  Run Bytes Received By Job
	11676  -  Total Bytes Sent By Job
	852  -  Total Bytes Received By Job
	Partitionable Resources :    Usage  Request Allocated 
	   Cpus                 :        0        1         1 
	   Disk (KB)            :       63        1      3877 
	   GPUs                 :                           0 
	   Memory (MB)          :        4     3000      3000 
	   TimeExecute (s)      :      202                    
	   TimeSlotBusy (s)     :      205                    
...
000 (16827608.066.000) 09/22 12:58:51 Job submitted from host: <188.184.90.241:9618?addrs=188.184.90.241-9618+[2001-1458-201-e4--100-2eb]-9618&alias=bigbird15.cern.ch&noUDP&sock=schedd_3150_376a>
...
040 (16827608.066.000) 09/22 13:00:58 Started transferring input files
	Transferring to host: <188.185.206.173:9618?addrs=188.185.206.173-9618+[2001-1458-303-c--100-2a]-9618&alias=b9p06p1080.cern.ch&noUDP&sock=slot1_49_11666_8093_66970>
...
040 (16827608.066.000) 09/22 13:00:58 Finished transferring input files
...
001 (16827608.066.000) 09/22 13:01:00 Job executing on host: <188.185.206.173:9618?addrs=188.185.206.173-9618+[2001-1458-303-c--100-2a]-9618&alias=b9p06p1080.cern.ch&noUDP&sock=startd_10997_9b14>
	SlotName: slot1_49@b9p06p1080.cern.ch
	CondorScratchDir = "/pool/condor/dir_2790663"
	Cpus = 1
	Disk = 3578
	GPUs = 0
	Memory = 3000
...
006 (16827608.066.000) 09/22 13:01:08 Image size of job updated: 3916
	4  -  MemoryUsage of job (MB)
	3916  -  ResidentSetSize of job (KB)
...
006 (16827608.066.000) 09/22 13:04:30 Image size of job updated: 301564
	4  -  MemoryUsage of job (MB)
	3916  -  ResidentSetSize of job (KB)
...
040 (16827608.066.000) 09/22 13:04:30 Started transferring output files
...
040 (16827608.066.000) 09/22 13:04:30 Finished transferring output files
...
005 (16827608.066.000) 09/22 13:04:30 Job terminated.
	(1) Normal termination (return value 0)
		Usr 0 00:02:45, Sys 0 00:00:12  -  Run Remote Usage
		Usr 0 00:00:00, Sys 0 00:00:00  -  Run Local Usage
		Usr 0 00:02:45, Sys 0 00:00:12  -  Total Remote Usage
		Usr 0 00:00:00, Sys 0 00:00:00  -  Total Local Usage
	11907  -  Run Bytes Sent By Job
	852  -  Run Bytes Received By Job
	11907  -  Total Bytes Sent By Job
	852  -  Total Bytes Received By Job
	Partitionable Resources :    Usage  Request Allocated 
	   Cpus                 :     0.91        1         1 
	   Disk (KB)            :    70           1      3578 
	   GPUs                 :                           0 
	   Memory (MB)          :     4        3000      3000 
	   TimeExecute (s)      :   211                       
	   TimeSlotBusy (s)     :   212                       
...
000 (16827633.066.000) 09/22 16:48:51 Job submitted from host: <188.184.90.241:9618?addrs=188.184.90.241-9618+[2001-1458-201-e4--100-2eb]-9618&alias=bigbird15.cern.ch&noUDP&sock=schedd_3150_376a>
...
040 (16827633.066.000) 09/22 17:24:47 Started transferring input files
	Transferring to host: <188.185.210.208:9618?addrs=188.185.210.208-9618+[2001-1458-303-15--100-4c]-9618&alias=b9p22p0624.cern.ch&noUDP&sock=slot1_32_5776_76e4_68255>
...
040 (16827633.066.000) 09/22 17:24:47 Finished transferring input files
...
001 (16827633.066.000) 09/22 17:24:48 Job executing on host: <188.185.210.208:9618?addrs=188.185.210.208-9618+[2001-1458-303-15--100-4c]-9618&alias=b9p22p0624.cern.ch&noUDP&sock=startd_4738_73cf>
	SlotName: slot1_32@b9p22p0624.cern.ch
	CondorScratchDir = "/pool/condor/dir_3897077"
	Cpus = 1
	Disk = 3638
	GPUs = 0
	Memory = 3000
...
006 (16827633.066.000) 09/22 17:24:56 Image size of job updated: 4036
	4  -  MemoryUsage of job (MB)
	4036  -  ResidentSetSize of job (KB)
...
006 (16827633.066.000) 09/22 17:28:50 Image size of job updated: 308304
	4  -  MemoryUsage of job (MB)
	4036  -  ResidentSetSize of job (KB)
...
040 (16827633.066.000) 09/22 17:28:50 Started transferring output files
...
040 (16827633.066.000) 09/22 17:28:50 Finished transferring output files
...
005 (16827633.066.000) 09/22 17:28:50 Job terminated.
	(1) Normal termination (return value 0)
		Usr 0 00:03:00, Sys 0 00:00:11  -  Run Remote Usage
		Usr 0 00:00:00, Sys 0 00:00:00  -  Run Local Usage
		Usr 0 00:03:00, Sys 0 00:00:11  -  Total Remote Usage
		Usr 0 00:00:00, Sys 0 00:00:00  -  Total Local Usage
	10924  -  Run Bytes Sent By Job
	852  -  Run Bytes Received By Job
	10924  -  Total Bytes Sent By Job
	852  -  Total Bytes Received By Job
	Partitionable Resources :    Usage  Request Allocated 
	   Cpus                 :     0.34        1         1 
	   Disk (KB)            :    49           1      3638 
	   GPUs                 :                           0 
	   Memory (MB)          :     4        3000      3000 
	   TimeExecute (s)      :   242                       
	   TimeSlotBusy (s)     :   244                       
...
000 (16828034.066.000) 09/22 17:37:18 Job submitted from host: <188.184.90.241:9618?addrs=188.184.90.241-9618+[2001-1458-201-e4--100-2eb]-9618&alias=bigbird15.cern.ch&noUDP&sock=schedd_3150_376a>
...
040 (16828034.066.000) 09/22 17:51:23 Started transferring input files
	Transferring to host: <188.185.214.97:9618?addrs=188.185.214.97-9618+[2001-1458-303-1c--100-5d]-9618&alias=b9p29p0113.cern.ch&noUDP&sock=slot1_54_8447_6cf1_68778>
...
040 (16828034.066.000) 09/22 17:51:23 Finished transferring input files
...
001 (16828034.066.000) 09/22 17:51:24 Job executing on host: <188.185.214.97:9618?addrs=188.185.214.97-9618+[2001-1458-303-1c--100-5d]-9618&alias=b9p29p0113.cern.ch&noUDP&sock=startd_7603_9aa5>
	SlotName: slot1_54@b9p29p0113.cern.ch
	CondorScratchDir = "/pool/condor/dir_2119692"
	Cpus = 1
	Disk = 3794
	GPUs = 0
	Memory = 3000
...
006 (16828034.066.000) 09/22 17:51:32 Image size of job updated: 3932
	4  -  MemoryUsage of job (MB)
	3932  -  ResidentSetSize of job (KB)
...
006 (16828034.066.000) 09/22 17:55:31 Image size of job updated: 309384
	4  -  MemoryUsage of job (MB)
	3940  -  ResidentSetSize of job (KB)
...
040 (16828034.066.000) 09/22 17:55:31 Started transferring output files
...
040 (16828034.066.000) 09/22 17:55:31 Finished transferring output files
...
005 (16828034.066.000) 09/22 17:55:31 Job terminated.
	(1) Normal termination (return value 0)
		Usr 0 00:02:59, Sys 0 00:00:14  -  Run Remote Usage
		Usr 0 00:00:00, Sys 0 00:00:00  -  Run Local Usage
		Usr 0 00:02:59, Sys 0 00:00:14  -  Total Remote Usage
		Usr 0 00:00:00, Sys 0 00:00:00  -  Total Local Usage
	10924  -  Run Bytes Sent By Job
	852  -  Run Bytes Received By Job
	10924  -  Total Bytes Sent By Job
	852  -  Total Bytes Received By Job
	Partitionable Resources :    Usage  Request Allocated 
	   Cpus                 :                 1         1 
	   Disk (KB)            :       49        1      3794 
	   GPUs                 :                           0 
	   Memory (MB)          :        4     3000      3000 
	   TimeExecute (s)      :      247                    
	   TimeSlotBusy (s)     :      249                    
...
