Running on host b9p22p0624.cern.ch
Input file: /eos/user/m/masegret/PerfectAlignment/user.lucam.mc23_13p6TeV.601190.PhPy8EG_AZNLO_Zmumu.MCP_TESTNTUP.mc23e_ANALYSIS.root/user.lucam.51077380._000010.ANALYSIS.root
[7mlsetup              [0m lsetup <tool1> [ <tool2> ...] (see lsetup -h):
[7m lsetup asetup      [0m  (or asetup) to setup an Athena release
[7m lsetup astyle      [0m  ATLAS style macros
[7m lsetup atlantis    [0m  Atlantis: event display
[7m lsetup centralpage [0m  Find samples
[7m lsetup eiclient    [0m  Event Index 
[7m lsetup emi         [0m  EMI: grid middleware user interface 
[7m lsetup lcgenv      [0m  lcgenv: setup tools from cvmfs SFT repository
[7m lsetup panda       [0m  Panda: Production ANd Distributed Analysis
[7m lsetup pyami       [0m  pyAMI: ATLAS Metadata Interface python client
[7m lsetup root        [0m  ROOT data processing framework
[7m lsetup rucio       [0m  distributed data management system client
[7m lsetup scikit      [0m  python data analysis ecosystem
[7m lsetup views       [0m  Set up a full LCG release
[7m lsetup xcache      [0m  XRootD local proxy cache
[7m lsetup xrootd      [0m  XRootD data access
[7madvancedTools       [0m advanced tools menu
[7mdiagnostics         [0m diagnostic tools menu
[7mhelpMe              [0m more help
[7minstallPip          [0m install relocatable pip modules locally
[7minstallRpm          [0m install relocatable rpms locally
[7mprintMenu           [0m show this menu
[7mqueryC              [0m find / whatis container query
[7mshowVersions        [0m show versions of installed software

************************************************************************
Requested:  root ... 
 Setting up [4mroot 6.40.02-x86_64-el9-gcc15-opt[0m ... 
  ROOT is from lcgenv -p LCG_110_ATLAS_1 x86_64-el9-gcc15-opt ROOT
>>>>>>>>>>>>>>>>>>>>>>>>> Information for user <<<<<<<<<<<<<<<<<<<<<<<<<
 root:
   Tip for _this_ standalone ROOT and grid (ie prun) submission:
    avoid --athenaTag if you do not need athena
    use --rootVer=6.40.02 --cmtConfig=x86_64-el9-gcc15-opt
 root:
   Note this ROOT from lcgenv sets up a long list of library paths.
   This may slow down executables; they look at each library path item.
   A faster alternative - setup the entire LCG stack with views:
    lsetup "views LCG_110_ATLAS_1 x86_64-el9-gcc15-opt"
************************************************************************
[INFO] Aggiunto file singolo: /eos/user/m/masegret/PerfectAlignment/user.lucam.mc23_13p6TeV.601190.PhPy8EG_AZNLO_Zmumu.MCP_TESTNTUP.mc23e_ANALYSIS.root/user.lucam.51077380._000010.ANALYSIS.root
[INFO] Entries totali = 1607796

[INFO] Inizio loop eventi...

[INFO] Processati 0 eventi
[INFO] Processati 50000 eventi
[INFO] Processati 100000 eventi
[INFO] Processati 150000 eventi
[INFO] Processati 200000 eventi
[INFO] Processati 250000 eventi
[INFO] Processati 300000 eventi
[INFO] Processati 350000 eventi
[INFO] Processati 400000 eventi
[INFO] Processati 450000 eventi
[INFO] Processati 500000 eventi
[INFO] Processati 550000 eventi
[INFO] Processati 600000 eventi
[INFO] Processati 650000 eventi
[INFO] Processati 700000 eventi
[INFO] Processati 750000 eventi
[INFO] Processati 800000 eventi
[INFO] Processati 850000 eventi
[INFO] Processati 900000 eventi
[INFO] Processati 950000 eventi
[INFO] Processati 1000000 eventi
[INFO] Processati 1050000 eventi
[INFO] Processati 1100000 eventi
[INFO] Processati 1150000 eventi
[INFO] Processati 1200000 eventi
[INFO] Processati 1250000 eventi
[INFO] Processati 1300000 eventi
[INFO] Processati 1350000 eventi
[INFO] Processati 1400000 eventi
[INFO] Processati 1450000 eventi
[INFO] Processati 1500000 eventi
[INFO] Processati 1550000 eventi
[INFO] Processati 1600000 eventi

[INFO] Muoni prompt processati = 2616854
[INFO] Muoni riempiti negli istogrammi = 2270746
[INFO] 36 istogrammi salvati in output_eta.root

=== pT bin 20_30 ===
  eta 0.0-0.1: entries=18969, RMS=0.0221
  eta 0.1-1.01: entries=187474, RMS=0.0224
  eta 1.01-1.3: entries=57743, RMS=0.0268
  eta 1.3-1.7: entries=77277, RMS=0.0320
  eta 1.7-2.5: entries=139606, RMS=0.0365
  eta 2.5-2.8: entries=20441, RMS=0.0591

=== pT bin 30_40 ===
  eta 0.0-0.1: entries=29031, RMS=0.0250
  eta 0.1-1.01: entries=270016, RMS=0.0242
  eta 1.01-1.3: entries=83224, RMS=0.0281
  eta 1.3-1.7: entries=111828, RMS=0.0332
  eta 1.7-2.5: entries=208254, RMS=0.0371
  eta 2.5-2.8: entries=29118, RMS=0.0590

=== pT bin 40_50 ===
  eta 0.0-0.1: entries=27709, RMS=0.0270
  eta 0.1-1.01: entries=257410, RMS=0.0263
  eta 1.01-1.3: entries=79979, RMS=0.0293
  eta 1.3-1.7: entries=107874, RMS=0.0346
  eta 1.7-2.5: entries=203070, RMS=0.0383
  eta 2.5-2.8: entries=27072, RMS=0.0559

=== pT bin 50_80 ===
  eta 0.0-0.1: entries=11708, RMS=0.0314
  eta 0.1-1.01: entries=108355, RMS=0.0287
  eta 1.01-1.3: entries=33360, RMS=0.0309
  eta 1.3-1.7: entries=43629, RMS=0.0375
  eta 1.7-2.5: entries=77330, RMS=0.0404
  eta 2.5-2.8: entries=9775, RMS=0.0532

=== pT bin 80_120 ===
  eta 0.0-0.1: entries=1722, RMS=0.0428
  eta 0.1-1.01: entries=15410, RMS=0.0342
  eta 1.01-1.3: entries=4627, RMS=0.0369
  eta 1.3-1.7: entries=5958, RMS=0.0435
  eta 1.7-2.5: entries=10421, RMS=0.0452
  eta 2.5-2.8: entries=1233, RMS=0.0649

=== pT bin 120_500 ===
  eta 0.0-0.1: entries=508, RMS=0.0643
  eta 0.1-1.01: entries=4538, RMS=0.0446
  eta 1.01-1.3: entries=1409, RMS=0.0424
  eta 1.3-1.7: entries=1726, RMS=0.0549
  eta 1.7-2.5: entries=2666, RMS=0.0534
  eta 2.5-2.8: entries=276, RMS=0.0496
[INFO] Tabella salvata in images/table_RMS_vs_eta.pdf

[INFO] Plot salvato in images/plot_RMS_vs_eta.png (.pdf)
[INFO] Plot overlay eta salvato in images/plot_eta_overlay.png (.pdf)
[INFO] Tabella salvata in images/table_RMS_vs_eta.pdf
Exit code: 0
