000 (16690473.029.000) 08/07 21:10:36 Job submitted from host: <188.184.90.241:9618?addrs=188.184.90.241-9618+[2001-1458-201-e4--100-2eb]-9618&alias=bigbird15.cern.ch&noUDP&sock=schedd_3150_376a>
...
040 (16690473.029.000) 08/07 21:12:26 Started transferring input files
	Transferring to host: <188.185.197.18:9618?addrs=188.185.197.18-9618+[2001-1458-303-24--100-e]-9618&alias=b9p14p6031.cern.ch&noUDP&sock=slot1_24_5980_336c_13999>
...
040 (16690473.029.000) 08/07 21:12:26 Finished transferring input files
...
001 (16690473.029.000) 08/07 21:12:27 Job executing on host: <188.185.197.18:9618?addrs=188.185.197.18-9618+[2001-1458-303-24--100-e]-9618&alias=b9p14p6031.cern.ch&noUDP&sock=startd_4843_7941>
	SlotName: slot1_24@b9p14p6031.cern.ch
	CondorScratchDir = "/pool/condor/dir_3774017"
	Cpus = 1
	Disk = 3885
	GPUs = 0
	Memory = 3000
...
006 (16690473.029.000) 08/07 21:12:36 Image size of job updated: 3904
	4  -  MemoryUsage of job (MB)
	3904  -  ResidentSetSize of job (KB)
...
006 (16690473.029.000) 08/07 21:16:47 Image size of job updated: 304584
	4  -  MemoryUsage of job (MB)
	3904  -  ResidentSetSize of job (KB)
...
040 (16690473.029.000) 08/07 21:16:47 Started transferring output files
...
040 (16690473.029.000) 08/07 21:16:47 Finished transferring output files
...
005 (16690473.029.000) 08/07 21:16:47 Job terminated.
	(1) Normal termination (return value 0)
		Usr 0 00:03:41, Sys 0 00:00:12  -  Run Remote Usage
		Usr 0 00:00:00, Sys 0 00:00:00  -  Run Local Usage
		Usr 0 00:03:41, Sys 0 00:00:12  -  Total Remote Usage
		Usr 0 00:00:00, Sys 0 00:00:00  -  Total Local Usage
	11676  -  Run Bytes Sent By Job
	852  -  Run Bytes Received By Job
	11676  -  Total Bytes Sent By Job
	852  -  Total Bytes Received By Job
	Partitionable Resources :    Usage  Request Allocated 
	   Cpus                 :        0        1         1 
	   Disk (KB)            :       63        1      3885 
	   GPUs                 :                           0 
	   Memory (MB)          :        4     3000      3000 
	   TimeExecute (s)      :      260                    
	   TimeSlotBusy (s)     :      262                    
...
000 (16827608.067.000) 09/22 12:58:51 Job submitted from host: <188.184.90.241:9618?addrs=188.184.90.241-9618+[2001-1458-201-e4--100-2eb]-9618&alias=bigbird15.cern.ch&noUDP&sock=schedd_3150_376a>
...
040 (16827608.067.000) 09/22 13:00:59 Started transferring input files
	Transferring to host: <188.185.205.153:9618?addrs=188.185.205.153-9618+[2001-1458-303-a--100-16]-9618&alias=b9p04p2708.cern.ch&noUDP&sock=slot1_28_11599_4b71_69573>
...
040 (16827608.067.000) 09/22 13:01:00 Finished transferring input files
...
001 (16827608.067.000) 09/22 13:01:00 Job executing on host: <188.185.205.153:9618?addrs=188.185.205.153-9618+[2001-1458-303-a--100-16]-9618&alias=b9p04p2708.cern.ch&noUDP&sock=startd_10958_dae3>
	SlotName: slot1_28@b9p04p2708.cern.ch
	CondorScratchDir = "/pool/condor/dir_2565794"
	Cpus = 1
	Disk = 3293
	GPUs = 0
	Memory = 3000
...
006 (16827608.067.000) 09/22 13:01:09 Image size of job updated: 3920
	4  -  MemoryUsage of job (MB)
	3920  -  ResidentSetSize of job (KB)
...
006 (16827608.067.000) 09/22 13:05:01 Image size of job updated: 300268
	4  -  MemoryUsage of job (MB)
	3920  -  ResidentSetSize of job (KB)
...
040 (16827608.067.000) 09/22 13:05:01 Started transferring output files
...
040 (16827608.067.000) 09/22 13:05:01 Finished transferring output files
...
005 (16827608.067.000) 09/22 13:05:01 Job terminated.
	(1) Normal termination (return value 0)
		Usr 0 00:02:46, Sys 0 00:00:13  -  Run Remote Usage
		Usr 0 00:00:00, Sys 0 00:00:00  -  Run Local Usage
		Usr 0 00:02:46, Sys 0 00:00:13  -  Total Remote Usage
		Usr 0 00:00:00, Sys 0 00:00:00  -  Total Local Usage
	11906  -  Run Bytes Sent By Job
	852  -  Run Bytes Received By Job
	11906  -  Total Bytes Sent By Job
	852  -  Total Bytes Received By Job
	Partitionable Resources :    Usage  Request Allocated 
	   Cpus                 :     0.78        1         1 
	   Disk (KB)            :    69           1      3293 
	   GPUs                 :                           0 
	   Memory (MB)          :     4        3000      3000 
	   TimeExecute (s)      :   241                       
	   TimeSlotBusy (s)     :   242                       
...
000 (16827633.067.000) 09/22 16:48:51 Job submitted from host: <188.184.90.241:9618?addrs=188.184.90.241-9618+[2001-1458-201-e4--100-2eb]-9618&alias=bigbird15.cern.ch&noUDP&sock=schedd_3150_376a>
...
040 (16827633.067.000) 09/22 17:25:02 Started transferring input files
	Transferring to host: <188.185.214.35:9618?addrs=188.185.214.35-9618+[2001-1458-303-1c--100-1f]-9618&alias=b9p29p9581.cern.ch&noUDP&sock=slot1_21_4761_4e1b_68122>
...
040 (16827633.067.000) 09/22 17:25:02 Finished transferring input files
...
001 (16827633.067.000) 09/22 17:25:03 Job executing on host: <188.185.214.35:9618?addrs=188.185.214.35-9618+[2001-1458-303-1c--100-1f]-9618&alias=b9p29p9581.cern.ch&noUDP&sock=startd_4113_c11e>
	SlotName: slot1_21@b9p29p9581.cern.ch
	CondorScratchDir = "/pool/condor/dir_1777480"
	Cpus = 1
	Disk = 3600
	GPUs = 0
	Memory = 3000
...
006 (16827633.067.000) 09/22 17:25:11 Image size of job updated: 2204
	2  -  MemoryUsage of job (MB)
	1412  -  ResidentSetSize of job (KB)
...
006 (16827633.067.000) 09/22 17:28:24 Image size of job updated: 305056
	2  -  MemoryUsage of job (MB)
	1412  -  ResidentSetSize of job (KB)
...
040 (16827633.067.000) 09/22 17:28:24 Started transferring output files
...
040 (16827633.067.000) 09/22 17:28:24 Finished transferring output files
...
005 (16827633.067.000) 09/22 17:28:24 Job terminated.
	(1) Normal termination (return value 0)
		Usr 0 00:02:50, Sys 0 00:00:12  -  Run Remote Usage
		Usr 0 00:00:00, Sys 0 00:00:00  -  Run Local Usage
		Usr 0 00:02:50, Sys 0 00:00:12  -  Total Remote Usage
		Usr 0 00:00:00, Sys 0 00:00:00  -  Total Local Usage
	10923  -  Run Bytes Sent By Job
	852  -  Run Bytes Received By Job
	10923  -  Total Bytes Sent By Job
	852  -  Total Bytes Received By Job
	Partitionable Resources :    Usage  Request Allocated 
	   Cpus                 :        0        1         1 
	   Disk (KB)            :       42        1      3600 
	   GPUs                 :                           0 
	   Memory (MB)          :        2     3000      3000 
	   TimeExecute (s)      :      201                    
	   TimeSlotBusy (s)     :      203                    
...
000 (16828034.067.000) 09/22 17:37:18 Job submitted from host: <188.184.90.241:9618?addrs=188.184.90.241-9618+[2001-1458-201-e4--100-2eb]-9618&alias=bigbird15.cern.ch&noUDP&sock=schedd_3150_376a>
...
040 (16828034.067.000) 09/22 17:51:36 Started transferring input files
	Transferring to host: <188.185.210.208:9618?addrs=188.185.210.208-9618+[2001-1458-303-15--100-4c]-9618&alias=b9p22p0624.cern.ch&noUDP&sock=slot1_43_5776_76e4_68289>
...
040 (16828034.067.000) 09/22 17:51:36 Finished transferring input files
...
001 (16828034.067.000) 09/22 17:51:37 Job executing on host: <188.185.210.208:9618?addrs=188.185.210.208-9618+[2001-1458-303-15--100-4c]-9618&alias=b9p22p0624.cern.ch&noUDP&sock=startd_4738_73cf>
	SlotName: slot1_43@b9p22p0624.cern.ch
	CondorScratchDir = "/pool/condor/dir_3950165"
	Cpus = 1
	Disk = 3638
	GPUs = 0
	Memory = 3000
...
006 (16828034.067.000) 09/22 17:51:46 Image size of job updated: 2480
	3  -  MemoryUsage of job (MB)
	2480  -  ResidentSetSize of job (KB)
...
006 (16828034.067.000) 09/22 17:55:18 Image size of job updated: 307420
	3  -  MemoryUsage of job (MB)
	2480  -  ResidentSetSize of job (KB)
...
040 (16828034.067.000) 09/22 17:55:18 Started transferring output files
...
040 (16828034.067.000) 09/22 17:55:18 Finished transferring output files
...
005 (16828034.067.000) 09/22 17:55:18 Job terminated.
	(1) Normal termination (return value 0)
		Usr 0 00:03:02, Sys 0 00:00:11  -  Run Remote Usage
		Usr 0 00:00:00, Sys 0 00:00:00  -  Run Local Usage
		Usr 0 00:03:02, Sys 0 00:00:11  -  Total Remote Usage
		Usr 0 00:00:00, Sys 0 00:00:00  -  Total Local Usage
	10923  -  Run Bytes Sent By Job
	852  -  Run Bytes Received By Job
	10923  -  Total Bytes Sent By Job
	852  -  Total Bytes Received By Job
	Partitionable Resources :    Usage  Request Allocated 
	   Cpus                 :                 1         1 
	   Disk (KB)            :       49        1      3638 
	   GPUs                 :                           0 
	   Memory (MB)          :        3     3000      3000 
	   TimeExecute (s)      :      221                    
	   TimeSlotBusy (s)     :      222                    
...
