000 (16690482.000.000) 08/07 23:14:07 Job submitted from host: <188.184.90.241:9618?addrs=188.184.90.241-9618+[2001-1458-201-e4--100-2eb]-9618&alias=bigbird15.cern.ch&noUDP&sock=schedd_3150_376a>
...
040 (16690482.000.000) 08/07 23:14:42 Started transferring input files
	Transferring to host: <188.185.197.129:9618?addrs=188.185.197.129-9618+[2001-1458-303-24--100-7d]-9618&alias=b9p14p8680.cern.ch&noUDP&sock=slot1_38_7475_9049_14777>
...
040 (16690482.000.000) 08/07 23:14:42 Finished transferring input files
...
001 (16690482.000.000) 08/07 23:14:43 Job executing on host: <188.185.197.129:9618?addrs=188.185.197.129-9618+[2001-1458-303-24--100-7d]-9618&alias=b9p14p8680.cern.ch&noUDP&sock=startd_6749_d4c4>
	SlotName: slot1_38@b9p14p8680.cern.ch
	CondorScratchDir = "/pool/condor/dir_2134148"
	Cpus = 1
	Disk = 3741
	GPUs = 0
	Memory = 3000
...
006 (16690482.000.000) 08/07 23:14:51 Image size of job updated: 3920
	4  -  MemoryUsage of job (MB)
	3920  -  ResidentSetSize of job (KB)
...
006 (16690482.000.000) 08/07 23:19:26 Image size of job updated: 307396
	4  -  MemoryUsage of job (MB)
	3920  -  ResidentSetSize of job (KB)
...
040 (16690482.000.000) 08/07 23:19:26 Started transferring output files
...
040 (16690482.000.000) 08/07 23:19:26 Finished transferring output files
...
005 (16690482.000.000) 08/07 23:19:26 Job terminated.
	(1) Normal termination (return value 0)
		Usr 0 00:03:56, Sys 0 00:00:11  -  Run Remote Usage
		Usr 0 00:00:00, Sys 0 00:00:00  -  Run Local Usage
		Usr 0 00:03:56, Sys 0 00:00:11  -  Total Remote Usage
		Usr 0 00:00:00, Sys 0 00:00:00  -  Total Local Usage
	10486  -  Run Bytes Sent By Job
	11414  -  Run Bytes Received By Job
	10486  -  Total Bytes Sent By Job
	11414  -  Total Bytes Received By Job
	Partitionable Resources :    Usage  Request Allocated 
	   Cpus                 :        0        1         1 
	   Disk (KB)            :       74        2      3741 
	   GPUs                 :                           0 
	   Memory (MB)          :        4     3000      3000 
	   TimeExecute (s)      :      283                    
	   TimeSlotBusy (s)     :      286                    
...
000 (16690488.000.000) 08/07 23:45:49 Job submitted from host: <188.184.90.241:9618?addrs=188.184.90.241-9618+[2001-1458-201-e4--100-2eb]-9618&alias=bigbird15.cern.ch&noUDP&sock=schedd_3150_376a>
...
040 (16690488.000.000) 08/07 23:47:50 Started transferring input files
	Transferring to host: <188.185.196.20:9618?addrs=188.185.196.20-9618+[2001-1458-303-23--100-10]-9618&alias=b9p16p0131.cern.ch&noUDP&sock=slot1_22_3836_8f15_29696>
...
040 (16690488.000.000) 08/07 23:47:50 Finished transferring input files
...
001 (16690488.000.000) 08/07 23:47:51 Job executing on host: <188.185.196.20:9618?addrs=188.185.196.20-9618+[2001-1458-303-23--100-10]-9618&alias=b9p16p0131.cern.ch&noUDP&sock=startd_3254_8d44>
	SlotName: slot1_22@b9p16p0131.cern.ch
	CondorScratchDir = "/pool/condor/dir_185957"
	Cpus = 1
	Disk = 3942
	GPUs = 0
	Memory = 3000
...
006 (16690488.000.000) 08/07 23:48:00 Image size of job updated: 11060
	2  -  MemoryUsage of job (MB)
	1896  -  ResidentSetSize of job (KB)
...
006 (16690488.000.000) 08/07 23:52:00 Image size of job updated: 307928
	2  -  MemoryUsage of job (MB)
	1896  -  ResidentSetSize of job (KB)
...
040 (16690488.000.000) 08/07 23:52:00 Started transferring output files
...
040 (16690488.000.000) 08/07 23:52:00 Finished transferring output files
...
005 (16690488.000.000) 08/07 23:52:00 Job terminated.
	(1) Normal termination (return value 0)
		Usr 0 00:03:08, Sys 0 00:00:11  -  Run Remote Usage
		Usr 0 00:00:00, Sys 0 00:00:00  -  Run Local Usage
		Usr 0 00:03:08, Sys 0 00:00:11  -  Total Remote Usage
		Usr 0 00:00:00, Sys 0 00:00:00  -  Total Local Usage
	11190  -  Run Bytes Sent By Job
	11414  -  Run Bytes Received By Job
	11190  -  Total Bytes Sent By Job
	11414  -  Total Bytes Received By Job
	Partitionable Resources :    Usage  Request Allocated 
	   Cpus                 :     0.84        1         1 
	   Disk (KB)            :    73           2      3942 
	   GPUs                 :                           0 
	   Memory (MB)          :     2        3000      3000 
	   TimeExecute (s)      :   249                       
	   TimeSlotBusy (s)     :   251                       
...
