Running on host b9p19p3889.cern.ch
Lista: /afs/cern.ch/user/m/masegret/TesiMagistrale/risoluzione_pt_zprime/jobs/list_0016.txt
/eos/user/m/masegret/PerfectAlignment/user.lucam.mc23_13p6TeV.601190.PhPy8EG_AZNLO_Zmumu.MCP_TESTNTUP.mc23e_ANALYSIS.root/user.lucam.51077380._000048.ANALYSIS.root
[7mlsetup              [0m lsetup <tool1> [ <tool2> ...] (see lsetup -h):
[7m lsetup asetup      [0m  (or asetup) to setup an Athena release
[7m lsetup astyle      [0m  ATLAS style macros
[7m lsetup atlantis    [0m  Atlantis: event display
[7m lsetup centralpage [0m  Find samples
[7m lsetup eiclient    [0m  Event Index 
[7m lsetup emi         [0m  EMI: grid middleware user interface 
[7m lsetup lcgenv      [0m  lcgenv: setup tools from cvmfs SFT repository
[7m lsetup panda       [0m  Panda: Production ANd Distributed Analysis
[7m lsetup pyami       [0m  pyAMI: ATLAS Metadata Interface python client
[7m lsetup root        [0m  ROOT data processing framework
[7m lsetup rucio       [0m  distributed data management system client
[7m lsetup scikit      [0m  python data analysis ecosystem
[7m lsetup views       [0m  Set up a full LCG release
[7m lsetup xcache      [0m  XRootD local proxy cache
[7m lsetup xrootd      [0m  XRootD data access
[7madvancedTools       [0m advanced tools menu
[7mdiagnostics         [0m diagnostic tools menu
[7mhelpMe              [0m more help
[7minstallPip          [0m install relocatable pip modules locally
[7minstallRpm          [0m install relocatable rpms locally
[7mprintMenu           [0m show this menu
[7mqueryC              [0m find / whatis container query
[7mshowVersions        [0m show versions of installed software

[1m[4m30 Nov 2023[0m 

A serious security issue in ROOT's web-based GUI has been identified:

  You should not use the web-based browser until further notice and instead 
  set the old-style TBrowser as the default. Please see the Twiki page linked 
  below for instructions on how to do this.

  https://twiki.cern.ch/twiki/bin/view/AtlasComputing/AtlasComputingArchive/RootBrowserSecurityIssue

  More details of this issue:
  https://root.cern/about/security/#2023-11-26-open-port-for-control-of-web-gui-allows-read-and-write-access-to-file-system

  [0;31mReason for this message: $HOME/.rootrc is missing[0m 


[1m[4m17 Mar 2026[0m

SSL_CERT_DIR is no longer defined by asetup, python or emi.
If you see SSL issues, read https://cern.ch/fudpr
or run in a container depending on which OS needed:
   setupATLAS -c el9 or setupATLAS -c centos7


"amsg seen" to mark as seen to suppress above messages


************************************************************************
Requested:  root ... 
 Setting up [4mroot 6.40.02-x86_64-el9-gcc15-opt[0m ... 
  ROOT is from lcgenv -p LCG_110_ATLAS_1 x86_64-el9-gcc15-opt ROOT
>>>>>>>>>>>>>>>>>>>>>>>>> Information for user <<<<<<<<<<<<<<<<<<<<<<<<<
 root:
   Tip for _this_ standalone ROOT and grid (ie prun) submission:
    avoid --athenaTag if you do not need athena
    use --rootVer=6.40.02 --cmtConfig=x86_64-el9-gcc15-opt
 root:
   Note this ROOT from lcgenv sets up a long list of library paths.
   This may slow down executables; they look at each library path item.
   A faster alternative - setup the entire LCG stack with views:
    lsetup "views LCG_110_ATLAS_1 x86_64-el9-gcc15-opt"
************************************************************************
X509_USER_PROXY = /pool/condor/dir_605285/x509up

=== Finestra istogramma (semi-larghezza) per bin di pT x eta ===
      bin pT  sigma att.     0.0-0.1     0.1-1.1     1.1-1.3     1.3-1.7     1.7-2.5     2.5-2.8
                scale ->         1.0         1.0         1.0         1.5         1.5         4.0
       20_30      0.0261       0.157       0.157       0.157       0.235       0.235       0.626
       30_40      0.0271       0.163       0.163       0.163       0.244       0.244       0.651
       40_50      0.0284       0.170       0.170       0.170       0.256       0.256       0.682
       50_70      0.0308       0.185       0.185       0.185       0.277       0.277       0.739
      70_100      0.0357       0.214       0.214       0.214       0.321       0.321       0.857
     100_150      0.0451       0.270       0.270       0.270       0.406       0.406       1.082
     150_200      0.0581       0.349       0.349       0.349       0.523       0.523       1.396
     200_300      0.0791       0.474       0.474       0.474       0.712       0.712       1.897
     300_500      0.1226       0.735       0.735       0.735       1.103       1.103       2.942
     500_800      0.1966       1.180       1.180       1.180       1.769       1.769       4.718
    800_1200      0.3010       1.806       1.806       1.806       2.709       2.709       7.225
   1200_1750      0.4432       2.659       2.659       2.659       3.989       3.989      10.637
   1750_2500      0.6380       3.828       3.828       3.828       5.742       5.742      15.312
   2500_3000      0.8254       4.952       4.952       4.952       7.428       7.428      19.809

[INFO] Aggiunti 1 file da lista: /afs/cern.ch/user/m/masegret/TesiMagistrale/risoluzione_pt_zprime/jobs/list_0016.txt
[INFO] Entries totali = 4821015

[INFO] Inizio loop eventi...

[INFO] Lettura completa: 4821015 eventi
[INFO] Processati 100000 eventi (entry 99999/4821015)
[INFO] Processati 200000 eventi (entry 199999/4821015)
[INFO] Processati 300000 eventi (entry 299999/4821015)
[INFO] Processati 400000 eventi (entry 399999/4821015)
[INFO] Processati 500000 eventi (entry 499999/4821015)
[INFO] Processati 600000 eventi (entry 599999/4821015)
[INFO] Processati 700000 eventi (entry 699999/4821015)
[INFO] Processati 800000 eventi (entry 799999/4821015)
[INFO] Processati 900000 eventi (entry 899999/4821015)
[INFO] Processati 1000000 eventi (entry 999999/4821015)
[INFO] Processati 1100000 eventi (entry 1099999/4821015)
[INFO] Processati 1200000 eventi (entry 1199999/4821015)
[INFO] Processati 1300000 eventi (entry 1299999/4821015)
[INFO] Processati 1400000 eventi (entry 1399999/4821015)
[INFO] Processati 1500000 eventi (entry 1499999/4821015)
[INFO] Processati 1600000 eventi (entry 1599999/4821015)
[INFO] Processati 1700000 eventi (entry 1699999/4821015)
[INFO] Processati 1800000 eventi (entry 1799999/4821015)
[INFO] Processati 1900000 eventi (entry 1899999/4821015)
[INFO] Processati 2000000 eventi (entry 1999999/4821015)
[INFO] Processati 2100000 eventi (entry 2099999/4821015)
[INFO] Processati 2200000 eventi (entry 2199999/4821015)
[INFO] Processati 2300000 eventi (entry 2299999/4821015)
[INFO] Processati 2400000 eventi (entry 2399999/4821015)
[INFO] Processati 2500000 eventi (entry 2499999/4821015)
[INFO] Processati 2600000 eventi (entry 2599999/4821015)
[INFO] Processati 2700000 eventi (entry 2699999/4821015)
[INFO] Processati 2800000 eventi (entry 2799999/4821015)
[INFO] Processati 2900000 eventi (entry 2899999/4821015)
[INFO] Processati 3000000 eventi (entry 2999999/4821015)
[INFO] Processati 3100000 eventi (entry 3099999/4821015)
[INFO] Processati 3200000 eventi (entry 3199999/4821015)
[INFO] Processati 3300000 eventi (entry 3299999/4821015)
[INFO] Processati 3400000 eventi (entry 3399999/4821015)
[INFO] Processati 3500000 eventi (entry 3499999/4821015)
[INFO] Processati 3600000 eventi (entry 3599999/4821015)
[INFO] Processati 3700000 eventi (entry 3699999/4821015)
[INFO] Processati 3800000 eventi (entry 3799999/4821015)
[INFO] Processati 3900000 eventi (entry 3899999/4821015)
[INFO] Processati 4000000 eventi (entry 3999999/4821015)
[INFO] Processati 4100000 eventi (entry 4099999/4821015)
[INFO] Processati 4200000 eventi (entry 4199999/4821015)
[INFO] Processati 4300000 eventi (entry 4299999/4821015)
[INFO] Processati 4400000 eventi (entry 4399999/4821015)
[INFO] Processati 4500000 eventi (entry 4499999/4821015)
[INFO] Processati 4600000 eventi (entry 4599999/4821015)
[INFO] Processati 4700000 eventi (entry 4699999/4821015)
[INFO] Processati 4800000 eventi (entry 4799999/4821015)

=== Statistiche ===
Eventi letti: 4821015 (su 4821015 nella chain)
Muoni totali (candidati reco): 9086241
Truth match validi: 7904672
Prompt (IFFType == 4): 7845088
Muoni riempiti nei bin: 6805979

[INFO] 84 istogrammi + accumulatori salvati in output_res.root
Exit code: 0
