000 (16690482.004.000) 08/07 23:14:07 Job submitted from host: <188.184.90.241:9618?addrs=188.184.90.241-9618+[2001-1458-201-e4--100-2eb]-9618&alias=bigbird15.cern.ch&noUDP&sock=schedd_3150_376a>
...
040 (16690482.004.000) 08/07 23:14:42 Started transferring input files
	Transferring to host: <188.185.195.22:9618?addrs=188.185.195.22-9618+[2001-1458-303-22--100-12]-9618&alias=b9p17p9664.cern.ch&noUDP&sock=slot1_27_3352_8981_21467>
...
040 (16690482.004.000) 08/07 23:14:42 Finished transferring input files
...
001 (16690482.004.000) 08/07 23:14:43 Job executing on host: <188.185.195.22:9618?addrs=188.185.195.22-9618+[2001-1458-303-22--100-12]-9618&alias=b9p17p9664.cern.ch&noUDP&sock=startd_2708_0a8e>
	SlotName: slot1_27@b9p17p9664.cern.ch
	CondorScratchDir = "/pool/condor/dir_960743"
	Cpus = 1
	Disk = 3883
	GPUs = 0
	Memory = 3000
...
006 (16690482.004.000) 08/07 23:14:52 Image size of job updated: 3900
	4  -  MemoryUsage of job (MB)
	3900  -  ResidentSetSize of job (KB)
...
006 (16690482.004.000) 08/07 23:19:53 Image size of job updated: 282272
	276  -  MemoryUsage of job (MB)
	282272  -  ResidentSetSize of job (KB)
...
006 (16690482.004.000) 08/07 23:24:54 Image size of job updated: 282304
	276  -  MemoryUsage of job (MB)
	282304  -  ResidentSetSize of job (KB)
...
006 (16690482.004.000) 08/07 23:28:45 Image size of job updated: 288608
	276  -  MemoryUsage of job (MB)
	282304  -  ResidentSetSize of job (KB)
...
040 (16690482.004.000) 08/07 23:28:45 Started transferring output files
...
040 (16690482.004.000) 08/07 23:28:45 Finished transferring output files
...
005 (16690482.004.000) 08/07 23:28:45 Job terminated.
	(1) Normal termination (return value 0)
		Usr 0 00:12:12, Sys 0 00:00:26  -  Run Remote Usage
		Usr 0 00:00:00, Sys 0 00:00:00  -  Run Local Usage
		Usr 0 00:12:12, Sys 0 00:00:26  -  Total Remote Usage
		Usr 0 00:00:00, Sys 0 00:00:00  -  Total Local Usage
	12138  -  Run Bytes Sent By Job
	11415  -  Run Bytes Received By Job
	12138  -  Total Bytes Sent By Job
	11415  -  Total Bytes Received By Job
	Partitionable Resources :    Usage  Request Allocated 
	   Cpus                 :     0.91        1         1 
	   Disk (KB)            :    74           2      3883 
	   GPUs                 :                           0 
	   Memory (MB)          :   276        3000      3000 
	   TimeExecute (s)      :   842                       
	   TimeSlotBusy (s)     :   844                       
...
000 (16690488.004.000) 08/07 23:45:49 Job submitted from host: <188.184.90.241:9618?addrs=188.184.90.241-9618+[2001-1458-201-e4--100-2eb]-9618&alias=bigbird15.cern.ch&noUDP&sock=schedd_3150_376a>
...
040 (16690488.004.000) 08/07 23:47:51 Started transferring input files
	Transferring to host: <188.185.195.148:9618?addrs=188.185.195.148-9618+[2001-1458-303-22--100-90]-9618&alias=b9p17p8099.cern.ch&noUDP&sock=slot1_27_5424_72d6_21195>
...
040 (16690488.004.000) 08/07 23:47:51 Finished transferring input files
...
001 (16690488.004.000) 08/07 23:47:52 Job executing on host: <188.185.195.148:9618?addrs=188.185.195.148-9618+[2001-1458-303-22--100-90]-9618&alias=b9p17p8099.cern.ch&noUDP&sock=startd_4385_52e1>
	SlotName: slot1_27@b9p17p8099.cern.ch
	CondorScratchDir = "/pool/condor/dir_265354"
	Cpus = 1
	Disk = 3854
	GPUs = 0
	Memory = 3000
...
006 (16690488.004.000) 08/07 23:48:01 Image size of job updated: 3904
	4  -  MemoryUsage of job (MB)
	3904  -  ResidentSetSize of job (KB)
...
006 (16690488.004.000) 08/07 23:53:02 Image size of job updated: 279784
	274  -  MemoryUsage of job (MB)
	279784  -  ResidentSetSize of job (KB)
...
006 (16690488.004.000) 08/07 23:58:03 Image size of job updated: 279792
	274  -  MemoryUsage of job (MB)
	279792  -  ResidentSetSize of job (KB)
...
006 (16690488.004.000) 08/08 00:01:39 Image size of job updated: 286372
	274  -  MemoryUsage of job (MB)
	279792  -  ResidentSetSize of job (KB)
...
040 (16690488.004.000) 08/08 00:01:39 Started transferring output files
...
040 (16690488.004.000) 08/08 00:01:39 Finished transferring output files
...
005 (16690488.004.000) 08/08 00:01:39 Job terminated.
	(1) Normal termination (return value 0)
		Usr 0 00:12:13, Sys 0 00:00:17  -  Run Remote Usage
		Usr 0 00:00:00, Sys 0 00:00:00  -  Run Local Usage
		Usr 0 00:12:13, Sys 0 00:00:17  -  Total Remote Usage
		Usr 0 00:00:00, Sys 0 00:00:00  -  Total Local Usage
	12843  -  Run Bytes Sent By Job
	11415  -  Run Bytes Received By Job
	12843  -  Total Bytes Sent By Job
	11415  -  Total Bytes Received By Job
	Partitionable Resources :    Usage  Request Allocated 
	   Cpus                 :     0.94        1         1 
	   Disk (KB)            :    74           2      3854 
	   GPUs                 :                           0 
	   Memory (MB)          :   274        3000      3000 
	   TimeExecute (s)      :   827                       
	   TimeSlotBusy (s)     :   829                       
...
