000 (16690482.011.000) 08/07 23:14:07 Job submitted from host: <188.184.90.241:9618?addrs=188.184.90.241-9618+[2001-1458-201-e4--100-2eb]-9618&alias=bigbird15.cern.ch&noUDP&sock=schedd_3150_376a>
...
040 (16690482.011.000) 08/07 23:14:43 Started transferring input files
	Transferring to host: <128.142.161.98:9618?addrs=128.142.161.98-9618+[2001-1458-301-b8--100-20]-9618&alias=b9g03p9785.cern.ch&noUDP&sock=slot1_16_5497_e239_30581>
...
040 (16690482.011.000) 08/07 23:14:43 Finished transferring input files
...
001 (16690482.011.000) 08/07 23:14:44 Job executing on host: <128.142.161.98:9618?addrs=128.142.161.98-9618+[2001-1458-301-b8--100-20]-9618&alias=b9g03p9785.cern.ch&noUDP&sock=startd_4343_83e6>
	SlotName: slot1_16@b9g03p9785.cern.ch
	CondorScratchDir = "/pool/condor/dir_2273242"
	Cpus = 1
	Disk = 3938
	GPUs = 0
	Memory = 3000
...
006 (16690482.011.000) 08/07 23:14:52 Image size of job updated: 11060
	2  -  MemoryUsage of job (MB)
	1456  -  ResidentSetSize of job (KB)
...
006 (16690482.011.000) 08/07 23:19:52 Image size of job updated: 280652
	275  -  MemoryUsage of job (MB)
	280652  -  ResidentSetSize of job (KB)
...
006 (16690482.011.000) 08/07 23:24:53 Image size of job updated: 280660
	275  -  MemoryUsage of job (MB)
	280660  -  ResidentSetSize of job (KB)
...
040 (16690482.011.000) 08/07 23:28:01 Started transferring output files
...
040 (16690482.011.000) 08/07 23:28:01 Finished transferring output files
...
005 (16690482.011.000) 08/07 23:28:02 Job terminated.
	(1) Normal termination (return value 0)
		Usr 0 00:11:58, Sys 0 00:00:15  -  Run Remote Usage
		Usr 0 00:00:00, Sys 0 00:00:00  -  Run Local Usage
		Usr 0 00:11:58, Sys 0 00:00:15  -  Total Remote Usage
		Usr 0 00:00:00, Sys 0 00:00:00  -  Total Local Usage
	12367  -  Run Bytes Sent By Job
	11415  -  Run Bytes Received By Job
	12367  -  Total Bytes Sent By Job
	11415  -  Total Bytes Received By Job
	Partitionable Resources :    Usage  Request Allocated 
	   Cpus                 :     0.94        1         1 
	   Disk (KB)            :    73           2      3938 
	   GPUs                 :                           0 
	   Memory (MB)          :   275        3000      3000 
	   TimeExecute (s)      :   797                       
	   TimeSlotBusy (s)     :   799                       
...
000 (16690488.011.000) 08/07 23:45:49 Job submitted from host: <188.184.90.241:9618?addrs=188.184.90.241-9618+[2001-1458-201-e4--100-2eb]-9618&alias=bigbird15.cern.ch&noUDP&sock=schedd_3150_376a>
...
040 (16690488.011.000) 08/07 23:47:54 Started transferring input files
	Transferring to host: <188.185.194.180:9618?addrs=188.185.194.180-9618+[2001-1458-303-21--100-b0]-9618&alias=b9p20p2473.cern.ch&noUDP&sock=slot1_21_3226_c23c_21126>
...
040 (16690488.011.000) 08/07 23:47:54 Finished transferring input files
...
001 (16690488.011.000) 08/07 23:47:55 Job executing on host: <188.185.194.180:9618?addrs=188.185.194.180-9618+[2001-1458-303-21--100-b0]-9618&alias=b9p20p2473.cern.ch&noUDP&sock=startd_2560_868a>
	SlotName: slot1_21@b9p20p2473.cern.ch
	CondorScratchDir = "/pool/condor/dir_1644898"
	Cpus = 1
	Disk = 3871
	GPUs = 0
	Memory = 3000
...
006 (16690488.011.000) 08/07 23:48:03 Image size of job updated: 3908
	4  -  MemoryUsage of job (MB)
	3908  -  ResidentSetSize of job (KB)
...
006 (16690488.011.000) 08/07 23:53:04 Image size of job updated: 276252
	270  -  MemoryUsage of job (MB)
	276252  -  ResidentSetSize of job (KB)
...
006 (16690488.011.000) 08/08 00:02:02 Image size of job updated: 283900
	270  -  MemoryUsage of job (MB)
	276252  -  ResidentSetSize of job (KB)
...
040 (16690488.011.000) 08/08 00:02:03 Started transferring output files
...
040 (16690488.011.000) 08/08 00:02:03 Finished transferring output files
...
005 (16690488.011.000) 08/08 00:02:04 Job terminated.
	(1) Normal termination (return value 0)
		Usr 0 00:12:28, Sys 0 00:00:24  -  Run Remote Usage
		Usr 0 00:00:00, Sys 0 00:00:00  -  Run Local Usage
		Usr 0 00:12:28, Sys 0 00:00:24  -  Total Remote Usage
		Usr 0 00:00:00, Sys 0 00:00:00  -  Total Local Usage
	13072  -  Run Bytes Sent By Job
	11415  -  Run Bytes Received By Job
	13072  -  Total Bytes Sent By Job
	11415  -  Total Bytes Received By Job
	Partitionable Resources :    Usage  Request Allocated 
	   Cpus                 :     0.93        1         1 
	   Disk (KB)            :    74           2      3871 
	   GPUs                 :                           0 
	   Memory (MB)          :   270        3000      3000 
	   TimeExecute (s)      :   847                       
	   TimeSlotBusy (s)     :   850                       
...
