000 (16690482.008.000) 08/07 23:14:07 Job submitted from host: <188.184.90.241:9618?addrs=188.184.90.241-9618+[2001-1458-201-e4--100-2eb]-9618&alias=bigbird15.cern.ch&noUDP&sock=schedd_3150_376a>
...
040 (16690482.008.000) 08/07 23:14:43 Started transferring input files
	Transferring to host: <188.185.192.11:9618?addrs=188.185.192.11-9618+[2001-1458-303-1f--100-7]-9618&alias=b9p13p6394.cern.ch&noUDP&sock=slot1_15_9459_789a_22079>
...
040 (16690482.008.000) 08/07 23:14:43 Finished transferring input files
...
001 (16690482.008.000) 08/07 23:14:44 Job executing on host: <188.185.192.11:9618?addrs=188.185.192.11-9618+[2001-1458-303-1f--100-7]-9618&alias=b9p13p6394.cern.ch&noUDP&sock=startd_8382_eeec>
	SlotName: slot1_15@b9p13p6394.cern.ch
	CondorScratchDir = "/pool/condor/dir_3674371"
	Cpus = 1
	Disk = 3863
	GPUs = 0
	Memory = 3000
...
006 (16690482.008.000) 08/07 23:14:52 Image size of job updated: 11052
	4  -  MemoryUsage of job (MB)
	3920  -  ResidentSetSize of job (KB)
...
006 (16690482.008.000) 08/07 23:19:52 Image size of job updated: 280496
	274  -  MemoryUsage of job (MB)
	280496  -  ResidentSetSize of job (KB)
...
006 (16690482.008.000) 08/07 23:24:53 Image size of job updated: 280524
	274  -  MemoryUsage of job (MB)
	280524  -  ResidentSetSize of job (KB)
...
006 (16690482.008.000) 08/07 23:28:56 Image size of job updated: 280680
	274  -  MemoryUsage of job (MB)
	280524  -  ResidentSetSize of job (KB)
...
040 (16690482.008.000) 08/07 23:28:56 Started transferring output files
...
040 (16690482.008.000) 08/07 23:28:56 Finished transferring output files
...
005 (16690482.008.000) 08/07 23:28:56 Job terminated.
	(1) Normal termination (return value 0)
		Usr 0 00:12:28, Sys 0 00:00:18  -  Run Remote Usage
		Usr 0 00:00:00, Sys 0 00:00:00  -  Run Local Usage
		Usr 0 00:12:28, Sys 0 00:00:18  -  Total Remote Usage
		Usr 0 00:00:00, Sys 0 00:00:00  -  Total Local Usage
	12367  -  Run Bytes Sent By Job
	11415  -  Run Bytes Received By Job
	12367  -  Total Bytes Sent By Job
	11415  -  Total Bytes Received By Job
	Partitionable Resources :    Usage  Request Allocated 
	   Cpus                 :     0.92        1         1 
	   Disk (KB)            :    74           2      3863 
	   GPUs                 :                           0 
	   Memory (MB)          :   274        3000      3000 
	   TimeExecute (s)      :   852                       
	   TimeSlotBusy (s)     :   854                       
...
000 (16690488.008.000) 08/07 23:45:49 Job submitted from host: <188.184.90.241:9618?addrs=188.184.90.241-9618+[2001-1458-201-e4--100-2eb]-9618&alias=bigbird15.cern.ch&noUDP&sock=schedd_3150_376a>
...
040 (16690488.008.000) 08/07 23:47:53 Started transferring input files
	Transferring to host: <188.185.193.175:9618?addrs=188.185.193.175-9618+[2001-1458-303-20--100-ab]-9618&alias=b9p19p3889.cern.ch&noUDP&sock=slot1_10_3516_1708_19510>
...
040 (16690488.008.000) 08/07 23:47:53 Finished transferring input files
...
001 (16690488.008.000) 08/07 23:47:54 Job executing on host: <188.185.193.175:9618?addrs=188.185.193.175-9618+[2001-1458-303-20--100-ab]-9618&alias=b9p19p3889.cern.ch&noUDP&sock=startd_2632_e95b>
	SlotName: slot1_10@b9p19p3889.cern.ch
	CondorScratchDir = "/pool/condor/dir_605285"
	Cpus = 1
	Disk = 3864
	GPUs = 0
	Memory = 3000
...
006 (16690488.008.000) 08/07 23:48:03 Image size of job updated: 3896
	4  -  MemoryUsage of job (MB)
	3896  -  ResidentSetSize of job (KB)
...
006 (16690488.008.000) 08/07 23:53:04 Image size of job updated: 277996
	272  -  MemoryUsage of job (MB)
	277996  -  ResidentSetSize of job (KB)
...
006 (16690488.008.000) 08/08 00:03:04 Image size of job updated: 278044
	272  -  MemoryUsage of job (MB)
	278044  -  ResidentSetSize of job (KB)
...
006 (16690488.008.000) 08/08 00:04:02 Image size of job updated: 278164
	272  -  MemoryUsage of job (MB)
	278044  -  ResidentSetSize of job (KB)
...
040 (16690488.008.000) 08/08 00:04:02 Started transferring output files
...
040 (16690488.008.000) 08/08 00:04:02 Finished transferring output files
...
005 (16690488.008.000) 08/08 00:04:02 Job terminated.
	(1) Normal termination (return value 0)
		Usr 0 00:13:46, Sys 0 00:00:21  -  Run Remote Usage
		Usr 0 00:00:00, Sys 0 00:00:00  -  Run Local Usage
		Usr 0 00:13:46, Sys 0 00:00:21  -  Total Remote Usage
		Usr 0 00:00:00, Sys 0 00:00:00  -  Total Local Usage
	13071  -  Run Bytes Sent By Job
	11415  -  Run Bytes Received By Job
	13071  -  Total Bytes Sent By Job
	11415  -  Total Bytes Received By Job
	Partitionable Resources :    Usage  Request Allocated 
	   Cpus                 :     0.85        1         1 
	   Disk (KB)            :    74           2      3864 
	   GPUs                 :                           0 
	   Memory (MB)          :   272        3000      3000 
	   TimeExecute (s)      :   968                       
	   TimeSlotBusy (s)     :   970                       
...
