000 (16690482.007.000) 08/07 23:14:07 Job submitted from host: <188.184.90.241:9618?addrs=188.184.90.241-9618+[2001-1458-201-e4--100-2eb]-9618&alias=bigbird15.cern.ch&noUDP&sock=schedd_3150_376a>
...
040 (16690482.007.000) 08/07 23:14:42 Started transferring input files
	Transferring to host: <128.142.51.203:9618?addrs=128.142.51.203-9618+[2001-1458-301-3--100-8]-9618&alias=b9g02p3210.cern.ch&noUDP&sock=slot1_34_8395_c96e_20794>
...
040 (16690482.007.000) 08/07 23:14:42 Finished transferring input files
...
001 (16690482.007.000) 08/07 23:14:43 Job executing on host: <128.142.51.203:9618?addrs=128.142.51.203-9618+[2001-1458-301-3--100-8]-9618&alias=b9g02p3210.cern.ch&noUDP&sock=startd_7136_47ea>
	SlotName: slot1_34@b9g02p3210.cern.ch
	CondorScratchDir = "/pool/condor/dir_1124199"
	Cpus = 1
	Disk = 3803
	GPUs = 0
	Memory = 3000
...
006 (16690482.007.000) 08/07 23:14:52 Image size of job updated: 3896
	2  -  MemoryUsage of job (MB)
	1428  -  ResidentSetSize of job (KB)
...
006 (16690482.007.000) 08/07 23:19:53 Image size of job updated: 277028
	271  -  MemoryUsage of job (MB)
	277028  -  ResidentSetSize of job (KB)
...
006 (16690482.007.000) 08/07 23:24:54 Image size of job updated: 277048
	271  -  MemoryUsage of job (MB)
	277048  -  ResidentSetSize of job (KB)
...
006 (16690482.007.000) 08/07 23:29:11 Image size of job updated: 277088
	271  -  MemoryUsage of job (MB)
	277048  -  ResidentSetSize of job (KB)
...
040 (16690482.007.000) 08/07 23:29:11 Started transferring output files
...
040 (16690482.007.000) 08/07 23:29:11 Finished transferring output files
...
005 (16690482.007.000) 08/07 23:29:11 Job terminated.
	(1) Normal termination (return value 0)
		Usr 0 00:12:23, Sys 0 00:00:16  -  Run Remote Usage
		Usr 0 00:00:00, Sys 0 00:00:00  -  Run Local Usage
		Usr 0 00:12:23, Sys 0 00:00:16  -  Total Remote Usage
		Usr 0 00:00:00, Sys 0 00:00:00  -  Total Local Usage
	12367  -  Run Bytes Sent By Job
	11415  -  Run Bytes Received By Job
	12367  -  Total Bytes Sent By Job
	11415  -  Total Bytes Received By Job
	Partitionable Resources :    Usage  Request Allocated 
	   Cpus                 :     0.87        1         1 
	   Disk (KB)            :    74           2      3803 
	   GPUs                 :                           0 
	   Memory (MB)          :   271        3000      3000 
	   TimeExecute (s)      :   868                       
	   TimeSlotBusy (s)     :   870                       
...
000 (16690488.007.000) 08/07 23:45:49 Job submitted from host: <188.184.90.241:9618?addrs=188.184.90.241-9618+[2001-1458-201-e4--100-2eb]-9618&alias=bigbird15.cern.ch&noUDP&sock=schedd_3150_376a>
...
040 (16690488.007.000) 08/07 23:47:52 Started transferring input files
	Transferring to host: <188.185.197.19:9618?addrs=188.185.197.19-9618+[2001-1458-303-24--100-f]-9618&alias=b9p14p5994.cern.ch&noUDP&sock=slot1_9_4544_68b2_14588>
...
040 (16690488.007.000) 08/07 23:47:52 Finished transferring input files
...
001 (16690488.007.000) 08/07 23:47:53 Job executing on host: <188.185.197.19:9618?addrs=188.185.197.19-9618+[2001-1458-303-24--100-f]-9618&alias=b9p14p5994.cern.ch&noUDP&sock=startd_3600_e108>
	SlotName: slot1_9@b9p14p5994.cern.ch
	CondorScratchDir = "/pool/condor/dir_2996460"
	Cpus = 1
	Disk = 3830
	GPUs = 0
	Memory = 3000
...
006 (16690488.007.000) 08/07 23:48:01 Image size of job updated: 3924
	4  -  MemoryUsage of job (MB)
	3924  -  ResidentSetSize of job (KB)
...
006 (16690488.007.000) 08/07 23:53:01 Image size of job updated: 276380
	270  -  MemoryUsage of job (MB)
	276380  -  ResidentSetSize of job (KB)
...
006 (16690488.007.000) 08/07 23:58:02 Image size of job updated: 276424
	270  -  MemoryUsage of job (MB)
	276424  -  ResidentSetSize of job (KB)
...
040 (16690488.007.000) 08/07 23:59:52 Started transferring output files
...
040 (16690488.007.000) 08/07 23:59:52 Finished transferring output files
...
005 (16690488.007.000) 08/07 23:59:53 Job terminated.
	(1) Normal termination (return value 0)
		Usr 0 00:10:35, Sys 0 00:00:15  -  Run Remote Usage
		Usr 0 00:00:00, Sys 0 00:00:00  -  Run Local Usage
		Usr 0 00:10:35, Sys 0 00:00:15  -  Total Remote Usage
		Usr 0 00:00:00, Sys 0 00:00:00  -  Total Local Usage
	13072  -  Run Bytes Sent By Job
	11415  -  Run Bytes Received By Job
	13072  -  Total Bytes Sent By Job
	11415  -  Total Bytes Received By Job
	Partitionable Resources :    Usage  Request Allocated 
	   Cpus                 :     0.93        1         1 
	   Disk (KB)            :    73           2      3830 
	   GPUs                 :                           0 
	   Memory (MB)          :   270        3000      3000 
	   TimeExecute (s)      :   719                       
	   TimeSlotBusy (s)     :   721                       
...
