000 (16690482.010.000) 08/07 23:14:07 Job submitted from host: <188.184.90.241:9618?addrs=188.184.90.241-9618+[2001-1458-201-e4--100-2eb]-9618&alias=bigbird15.cern.ch&noUDP&sock=schedd_3150_376a>
...
040 (16690482.010.000) 08/07 23:14:52 Started transferring input files
	Transferring to host: <188.185.195.59:9618?addrs=188.185.195.59-9618+[2001-1458-303-22--100-37]-9618&alias=b9p17p0722.cern.ch&noUDP&sock=slot1_9_487250_741f_28691>
...
040 (16690482.010.000) 08/07 23:14:52 Finished transferring input files
...
001 (16690482.010.000) 08/07 23:14:53 Job executing on host: <188.185.195.59:9618?addrs=188.185.195.59-9618+[2001-1458-303-22--100-37]-9618&alias=b9p17p0722.cern.ch&noUDP&sock=startd_3885_5d86>
	SlotName: slot1_9@b9p17p0722.cern.ch
	CondorScratchDir = "/pool/condor/dir_358807"
	Cpus = 1
	Disk = 3844
	GPUs = 0
	Memory = 3000
...
006 (16690482.010.000) 08/07 23:15:02 Image size of job updated: 2392
	2  -  MemoryUsage of job (MB)
	1328  -  ResidentSetSize of job (KB)
...
006 (16690482.010.000) 08/07 23:20:03 Image size of job updated: 279988
	274  -  MemoryUsage of job (MB)
	279988  -  ResidentSetSize of job (KB)
...
006 (16690482.010.000) 08/07 23:24:25 Image size of job updated: 280152
	274  -  MemoryUsage of job (MB)
	279988  -  ResidentSetSize of job (KB)
...
040 (16690482.010.000) 08/07 23:24:25 Started transferring output files
...
040 (16690482.010.000) 08/07 23:24:25 Finished transferring output files
...
005 (16690482.010.000) 08/07 23:24:25 Job terminated.
	(1) Normal termination (return value 0)
		Usr 0 00:07:31, Sys 0 00:00:12  -  Run Remote Usage
		Usr 0 00:00:00, Sys 0 00:00:00  -  Run Local Usage
		Usr 0 00:07:31, Sys 0 00:00:12  -  Total Remote Usage
		Usr 0 00:00:00, Sys 0 00:00:00  -  Total Local Usage
	11739  -  Run Bytes Sent By Job
	11415  -  Run Bytes Received By Job
	11739  -  Total Bytes Sent By Job
	11415  -  Total Bytes Received By Job
	Partitionable Resources :    Usage  Request Allocated 
	   Cpus                 :     0.92        1         1 
	   Disk (KB)            :    65           2      3844 
	   GPUs                 :                           0 
	   Memory (MB)          :   274        3000      3000 
	   TimeExecute (s)      :   572                       
	   TimeSlotBusy (s)     :   576                       
...
000 (16690488.010.000) 08/07 23:45:49 Job submitted from host: <188.184.90.241:9618?addrs=188.184.90.241-9618+[2001-1458-201-e4--100-2eb]-9618&alias=bigbird15.cern.ch&noUDP&sock=schedd_3150_376a>
...
040 (16690488.010.000) 08/07 23:47:53 Started transferring input files
	Transferring to host: <188.185.197.57:9618?addrs=188.185.197.57-9618+[2001-1458-303-24--100-35]-9618&alias=b9p14p0830.cern.ch&noUDP&sock=slot1_27_3289_25df_14498>
...
040 (16690488.010.000) 08/07 23:47:53 Finished transferring input files
...
001 (16690488.010.000) 08/07 23:47:54 Job executing on host: <188.185.197.57:9618?addrs=188.185.197.57-9618+[2001-1458-303-24--100-35]-9618&alias=b9p14p0830.cern.ch&noUDP&sock=startd_2534_b113>
	SlotName: slot1_27@b9p14p0830.cern.ch
	CondorScratchDir = "/pool/condor/dir_2411620"
	Cpus = 1
	Disk = 3883
	GPUs = 0
	Memory = 3000
...
006 (16690488.010.000) 08/07 23:48:02 Image size of job updated: 3908
	4  -  MemoryUsage of job (MB)
	3908  -  ResidentSetSize of job (KB)
...
006 (16690488.010.000) 08/07 23:53:03 Image size of job updated: 280020
	274  -  MemoryUsage of job (MB)
	280020  -  ResidentSetSize of job (KB)
...
006 (16690488.010.000) 08/07 23:58:04 Image size of job updated: 280032
	274  -  MemoryUsage of job (MB)
	280032  -  ResidentSetSize of job (KB)
...
006 (16690488.010.000) 08/07 23:58:49 Image size of job updated: 285588
	274  -  MemoryUsage of job (MB)
	280032  -  ResidentSetSize of job (KB)
...
040 (16690488.010.000) 08/07 23:58:49 Started transferring output files
...
040 (16690488.010.000) 08/07 23:58:49 Finished transferring output files
...
005 (16690488.010.000) 08/07 23:58:50 Job terminated.
	(1) Normal termination (return value 0)
		Usr 0 00:09:26, Sys 0 00:00:16  -  Run Remote Usage
		Usr 0 00:00:00, Sys 0 00:00:00  -  Run Local Usage
		Usr 0 00:09:26, Sys 0 00:00:16  -  Total Remote Usage
		Usr 0 00:00:00, Sys 0 00:00:00  -  Total Local Usage
	12445  -  Run Bytes Sent By Job
	11415  -  Run Bytes Received By Job
	12445  -  Total Bytes Sent By Job
	11415  -  Total Bytes Received By Job
	Partitionable Resources :    Usage  Request Allocated 
	   Cpus                 :     0.93        1         1 
	   Disk (KB)            :    73           2      3883 
	   GPUs                 :                           0 
	   Memory (MB)          :   274        3000      3000 
	   TimeExecute (s)      :   655                       
	   TimeSlotBusy (s)     :   657                       
...
