000 (16690482.001.000) 08/07 23:14:07 Job submitted from host: <188.184.90.241:9618?addrs=188.184.90.241-9618+[2001-1458-201-e4--100-2eb]-9618&alias=bigbird15.cern.ch&noUDP&sock=schedd_3150_376a>
...
040 (16690482.001.000) 08/07 23:14:42 Started transferring input files
	Transferring to host: <188.185.192.100:9618?addrs=188.185.192.100-9618+[2001-1458-303-1f--100-60]-9618&alias=b9p13p1244.cern.ch&noUDP&sock=slot1_1_4610_e975_22402>
...
040 (16690482.001.000) 08/07 23:14:42 Finished transferring input files
...
001 (16690482.001.000) 08/07 23:14:43 Job executing on host: <188.185.192.100:9618?addrs=188.185.192.100-9618+[2001-1458-303-1f--100-60]-9618&alias=b9p13p1244.cern.ch&noUDP&sock=startd_3630_74e0>
	SlotName: slot1_1@b9p13p1244.cern.ch
	CondorScratchDir = "/pool/condor/dir_1370059"
	Cpus = 1
	Disk = 3691
	GPUs = 0
	Memory = 3000
...
006 (16690482.001.000) 08/07 23:14:51 Image size of job updated: 3916
	4  -  MemoryUsage of job (MB)
	3916  -  ResidentSetSize of job (KB)
...
006 (16690482.001.000) 08/07 23:19:31 Image size of job updated: 297152
	4  -  MemoryUsage of job (MB)
	3916  -  ResidentSetSize of job (KB)
...
040 (16690482.001.000) 08/07 23:19:31 Started transferring output files
...
040 (16690482.001.000) 08/07 23:19:31 Finished transferring output files
...
005 (16690482.001.000) 08/07 23:19:31 Job terminated.
	(1) Normal termination (return value 0)
		Usr 0 00:04:05, Sys 0 00:00:11  -  Run Remote Usage
		Usr 0 00:00:00, Sys 0 00:00:00  -  Run Local Usage
		Usr 0 00:04:05, Sys 0 00:00:11  -  Total Remote Usage
		Usr 0 00:00:00, Sys 0 00:00:00  -  Total Local Usage
	10543  -  Run Bytes Sent By Job
	11414  -  Run Bytes Received By Job
	10543  -  Total Bytes Sent By Job
	11414  -  Total Bytes Received By Job
	Partitionable Resources :    Usage  Request Allocated 
	   Cpus                 :        0        1         1 
	   Disk (KB)            :       74        2      3691 
	   GPUs                 :                           0 
	   Memory (MB)          :        4     3000      3000 
	   TimeExecute (s)      :      288                    
	   TimeSlotBusy (s)     :      291                    
...
000 (16690488.001.000) 08/07 23:45:49 Job submitted from host: <188.184.90.241:9618?addrs=188.184.90.241-9618+[2001-1458-201-e4--100-2eb]-9618&alias=bigbird15.cern.ch&noUDP&sock=schedd_3150_376a>
...
040 (16690488.001.000) 08/07 23:47:51 Started transferring input files
	Transferring to host: <128.142.161.107:9618?addrs=128.142.161.107-9618+[2001-1458-301-b8--100-29]-9618&alias=b9g03p5993.cern.ch&noUDP&sock=slot1_8_4230_2ae5_31387>
...
040 (16690488.001.000) 08/07 23:47:51 Finished transferring input files
...
001 (16690488.001.000) 08/07 23:47:52 Job executing on host: <128.142.161.107:9618?addrs=128.142.161.107-9618+[2001-1458-301-b8--100-29]-9618&alias=b9g03p5993.cern.ch&noUDP&sock=startd_3177_bc79>
	SlotName: slot1_8@b9g03p5993.cern.ch
	CondorScratchDir = "/pool/condor/dir_2356379"
	Cpus = 1
	Disk = 4010
	GPUs = 0
	Memory = 3000
...
006 (16690488.001.000) 08/07 23:48:01 Image size of job updated: 3908
	2  -  MemoryUsage of job (MB)
	1680  -  ResidentSetSize of job (KB)
...
006 (16690488.001.000) 08/07 23:51:40 Image size of job updated: 298588
	2  -  MemoryUsage of job (MB)
	1680  -  ResidentSetSize of job (KB)
...
040 (16690488.001.000) 08/07 23:51:40 Started transferring output files
...
040 (16690488.001.000) 08/07 23:51:40 Finished transferring output files
...
005 (16690488.001.000) 08/07 23:51:40 Job terminated.
	(1) Normal termination (return value 0)
		Usr 0 00:03:18, Sys 0 00:00:08  -  Run Remote Usage
		Usr 0 00:00:00, Sys 0 00:00:00  -  Run Local Usage
		Usr 0 00:03:18, Sys 0 00:00:08  -  Total Remote Usage
		Usr 0 00:00:00, Sys 0 00:00:00  -  Total Local Usage
	11248  -  Run Bytes Sent By Job
	11414  -  Run Bytes Received By Job
	11248  -  Total Bytes Sent By Job
	11414  -  Total Bytes Received By Job
	Partitionable Resources :    Usage  Request Allocated 
	   Cpus                 :        0        1         1 
	   Disk (KB)            :       60        2      4010 
	   GPUs                 :                           0 
	   Memory (MB)          :        2     3000      3000 
	   TimeExecute (s)      :      228                    
	   TimeSlotBusy (s)     :      230                    
...
