000 (16690482.005.000) 08/07 23:14:07 Job submitted from host: <188.184.90.241:9618?addrs=188.184.90.241-9618+[2001-1458-201-e4--100-2eb]-9618&alias=bigbird15.cern.ch&noUDP&sock=schedd_3150_376a>
...
040 (16690482.005.000) 08/07 23:14:43 Started transferring input files
	Transferring to host: <188.185.192.60:9618?addrs=188.185.192.60-9618+[2001-1458-303-1f--100-38]-9618&alias=b9p13p7661.cern.ch&noUDP&sock=slot1_26_5793_7145_22182>
...
040 (16690482.005.000) 08/07 23:14:43 Finished transferring input files
...
001 (16690482.005.000) 08/07 23:14:44 Job executing on host: <188.185.192.60:9618?addrs=188.185.192.60-9618+[2001-1458-303-1f--100-38]-9618&alias=b9p13p7661.cern.ch&noUDP&sock=startd_4374_c756>
	SlotName: slot1_26@b9p13p7661.cern.ch
	CondorScratchDir = "/pool/condor/dir_641784"
	Cpus = 1
	Disk = 3868
	GPUs = 0
	Memory = 3000
...
006 (16690482.005.000) 08/07 23:14:52 Image size of job updated: 11060
	4  -  MemoryUsage of job (MB)
	3904  -  ResidentSetSize of job (KB)
...
006 (16690482.005.000) 08/07 23:19:52 Image size of job updated: 282420
	276  -  MemoryUsage of job (MB)
	282420  -  ResidentSetSize of job (KB)
...
006 (16690482.005.000) 08/07 23:24:53 Image size of job updated: 282436
	276  -  MemoryUsage of job (MB)
	282436  -  ResidentSetSize of job (KB)
...
006 (16690482.005.000) 08/07 23:27:31 Image size of job updated: 288296
	276  -  MemoryUsage of job (MB)
	282436  -  ResidentSetSize of job (KB)
...
040 (16690482.005.000) 08/07 23:27:31 Started transferring output files
...
040 (16690482.005.000) 08/07 23:27:31 Finished transferring output files
...
005 (16690482.005.000) 08/07 23:27:31 Job terminated.
	(1) Normal termination (return value 0)
		Usr 0 00:11:15, Sys 0 00:00:16  -  Run Remote Usage
		Usr 0 00:00:00, Sys 0 00:00:00  -  Run Local Usage
		Usr 0 00:11:15, Sys 0 00:00:16  -  Total Remote Usage
		Usr 0 00:00:00, Sys 0 00:00:00  -  Total Local Usage
	12138  -  Run Bytes Sent By Job
	11415  -  Run Bytes Received By Job
	12138  -  Total Bytes Sent By Job
	11415  -  Total Bytes Received By Job
	Partitionable Resources :    Usage  Request Allocated 
	   Cpus                 :     0.93        1         1 
	   Disk (KB)            :    74           2      3868 
	   GPUs                 :                           0 
	   Memory (MB)          :   276        3000      3000 
	   TimeExecute (s)      :   767                       
	   TimeSlotBusy (s)     :   769                       
...
000 (16690488.005.000) 08/07 23:45:49 Job submitted from host: <188.184.90.241:9618?addrs=188.184.90.241-9618+[2001-1458-201-e4--100-2eb]-9618&alias=bigbird15.cern.ch&noUDP&sock=schedd_3150_376a>
...
040 (16690488.005.000) 08/07 23:47:52 Started transferring input files
	Transferring to host: <188.185.197.98:9618?addrs=188.185.197.98-9618+[2001-1458-303-24--100-5e]-9618&alias=b9p14p0191.cern.ch&noUDP&sock=slot1_1_3506_0b48_14229>
...
040 (16690488.005.000) 08/07 23:47:52 Finished transferring input files
...
001 (16690488.005.000) 08/07 23:47:53 Job executing on host: <188.185.197.98:9618?addrs=188.185.197.98-9618+[2001-1458-303-24--100-5e]-9618&alias=b9p14p0191.cern.ch&noUDP&sock=startd_2439_8794>
	SlotName: slot1_1@b9p14p0191.cern.ch
	CondorScratchDir = "/pool/condor/dir_2449449"
	Cpus = 1
	Disk = 3863
	GPUs = 0
	Memory = 3000
...
006 (16690488.005.000) 08/07 23:48:01 Image size of job updated: 11056
	4  -  MemoryUsage of job (MB)
	3920  -  ResidentSetSize of job (KB)
...
006 (16690488.005.000) 08/07 23:53:01 Image size of job updated: 280876
	275  -  MemoryUsage of job (MB)
	280876  -  ResidentSetSize of job (KB)
...
006 (16690488.005.000) 08/07 23:58:02 Image size of job updated: 280888
	275  -  MemoryUsage of job (MB)
	280888  -  ResidentSetSize of job (KB)
...
006 (16690488.005.000) 08/08 00:00:09 Image size of job updated: 286800
	275  -  MemoryUsage of job (MB)
	280888  -  ResidentSetSize of job (KB)
...
040 (16690488.005.000) 08/08 00:00:09 Started transferring output files
...
040 (16690488.005.000) 08/08 00:00:09 Finished transferring output files
...
005 (16690488.005.000) 08/08 00:00:10 Job terminated.
	(1) Normal termination (return value 0)
		Usr 0 00:11:00, Sys 0 00:00:16  -  Run Remote Usage
		Usr 0 00:00:00, Sys 0 00:00:00  -  Run Local Usage
		Usr 0 00:11:00, Sys 0 00:00:16  -  Total Remote Usage
		Usr 0 00:00:00, Sys 0 00:00:00  -  Total Local Usage
	12844  -  Run Bytes Sent By Job
	11415  -  Run Bytes Received By Job
	12844  -  Total Bytes Sent By Job
	11415  -  Total Bytes Received By Job
	Partitionable Resources :    Usage  Request Allocated 
	   Cpus                 :     0.93        1         1 
	   Disk (KB)            :    74           2      3863 
	   GPUs                 :                           0 
	   Memory (MB)          :   275        3000      3000 
	   TimeExecute (s)      :   736                       
	   TimeSlotBusy (s)     :   738                       
...
