000 (16690482.009.000) 08/07 23:14:07 Job submitted from host: <188.184.90.241:9618?addrs=188.184.90.241-9618+[2001-1458-201-e4--100-2eb]-9618&alias=bigbird15.cern.ch&noUDP&sock=schedd_3150_376a>
...
040 (16690482.009.000) 08/07 23:14:44 Started transferring input files
	Transferring to host: <188.185.193.104:9618?addrs=188.185.193.104-9618+[2001-1458-303-20--100-64]-9618&alias=b9p19p0468.cern.ch&noUDP&sock=slot1_4_3254_7cbd_29825>
...
040 (16690482.009.000) 08/07 23:14:44 Finished transferring input files
...
001 (16690482.009.000) 08/07 23:14:45 Job executing on host: <188.185.193.104:9618?addrs=188.185.193.104-9618+[2001-1458-303-20--100-64]-9618&alias=b9p19p0468.cern.ch&noUDP&sock=startd_2553_b960>
	SlotName: slot1_4@b9p19p0468.cern.ch
	CondorScratchDir = "/pool/condor/dir_1582414"
	Cpus = 1
	Disk = 3933
	GPUs = 0
	Memory = 3000
...
006 (16690482.009.000) 08/07 23:14:53 Image size of job updated: 11052
	4  -  MemoryUsage of job (MB)
	3904  -  ResidentSetSize of job (KB)
...
006 (16690482.009.000) 08/07 23:19:53 Image size of job updated: 280768
	275  -  MemoryUsage of job (MB)
	280768  -  ResidentSetSize of job (KB)
...
006 (16690482.009.000) 08/07 23:24:54 Image size of job updated: 280776
	275  -  MemoryUsage of job (MB)
	280776  -  ResidentSetSize of job (KB)
...
040 (16690482.009.000) 08/07 23:25:28 Started transferring output files
...
040 (16690482.009.000) 08/07 23:25:28 Finished transferring output files
...
005 (16690482.009.000) 08/07 23:25:28 Job terminated.
	(1) Normal termination (return value 0)
		Usr 0 00:09:22, Sys 0 00:00:16  -  Run Remote Usage
		Usr 0 00:00:00, Sys 0 00:00:00  -  Run Local Usage
		Usr 0 00:09:22, Sys 0 00:00:16  -  Total Remote Usage
		Usr 0 00:00:00, Sys 0 00:00:00  -  Total Local Usage
	12367  -  Run Bytes Sent By Job
	11415  -  Run Bytes Received By Job
	12367  -  Total Bytes Sent By Job
	11415  -  Total Bytes Received By Job
	Partitionable Resources :    Usage  Request Allocated 
	   Cpus                 :     0.90        1         1 
	   Disk (KB)            :    73           2      3933 
	   GPUs                 :                           0 
	   Memory (MB)          :   275        3000      3000 
	   TimeExecute (s)      :   643                       
	   TimeSlotBusy (s)     :   645                       
...
000 (16690488.009.000) 08/07 23:45:49 Job submitted from host: <188.184.90.241:9618?addrs=188.184.90.241-9618+[2001-1458-201-e4--100-2eb]-9618&alias=bigbird15.cern.ch&noUDP&sock=schedd_3150_376a>
...
040 (16690488.009.000) 08/07 23:47:52 Started transferring input files
	Transferring to host: <188.185.196.185:9618?addrs=188.185.196.185-9618+[2001-1458-303-23--100-b5]-9618&alias=b9p16p8521.cern.ch&noUDP&sock=slot1_43_6846_604f_21626>
...
040 (16690488.009.000) 08/07 23:47:52 Finished transferring input files
...
001 (16690488.009.000) 08/07 23:47:53 Job executing on host: <188.185.196.185:9618?addrs=188.185.196.185-9618+[2001-1458-303-23--100-b5]-9618&alias=b9p16p8521.cern.ch&noUDP&sock=startd_6152_56b9>
	SlotName: slot1_43@b9p16p8521.cern.ch
	CondorScratchDir = "/pool/condor/dir_3740971"
	Cpus = 1
	Disk = 3874
	GPUs = 0
	Memory = 3000
...
006 (16690488.009.000) 08/07 23:48:01 Image size of job updated: 2460
	3  -  MemoryUsage of job (MB)
	2416  -  ResidentSetSize of job (KB)
...
006 (16690488.009.000) 08/07 23:53:01 Image size of job updated: 279168
	273  -  MemoryUsage of job (MB)
	279168  -  ResidentSetSize of job (KB)
...
006 (16690488.009.000) 08/07 23:58:02 Image size of job updated: 279172
	273  -  MemoryUsage of job (MB)
	279172  -  ResidentSetSize of job (KB)
...
040 (16690488.009.000) 08/08 00:01:46 Started transferring output files
...
040 (16690488.009.000) 08/08 00:01:46 Finished transferring output files
...
005 (16690488.009.000) 08/08 00:01:47 Job terminated.
	(1) Normal termination (return value 0)
		Usr 0 00:12:14, Sys 0 00:00:16  -  Run Remote Usage
		Usr 0 00:00:00, Sys 0 00:00:00  -  Run Local Usage
		Usr 0 00:12:14, Sys 0 00:00:16  -  Total Remote Usage
		Usr 0 00:00:00, Sys 0 00:00:00  -  Total Local Usage
	13072  -  Run Bytes Sent By Job
	11415  -  Run Bytes Received By Job
	13072  -  Total Bytes Sent By Job
	11415  -  Total Bytes Received By Job
	Partitionable Resources :    Usage  Request Allocated 
	   Cpus                 :     0.91        1         1 
	   Disk (KB)            :    74           2      3874 
	   GPUs                 :                           0 
	   Memory (MB)          :   273        3000      3000 
	   TimeExecute (s)      :   833                       
	   TimeSlotBusy (s)     :   835                       
...
