000 (16690482.003.000) 08/07 23:14:07 Job submitted from host: <188.184.90.241:9618?addrs=188.184.90.241-9618+[2001-1458-201-e4--100-2eb]-9618&alias=bigbird15.cern.ch&noUDP&sock=schedd_3150_376a>
...
040 (16690482.003.000) 08/07 23:14:44 Started transferring input files
	Transferring to host: <188.185.197.68:9618?addrs=188.185.197.68-9618+[2001-1458-303-24--100-40]-9618&alias=b9p14p6542.cern.ch&noUDP&sock=slot1_5_7649_2990_14516>
...
040 (16690482.003.000) 08/07 23:14:44 Finished transferring input files
...
001 (16690482.003.000) 08/07 23:14:45 Job executing on host: <188.185.197.68:9618?addrs=188.185.197.68-9618+[2001-1458-303-24--100-40]-9618&alias=b9p14p6542.cern.ch&noUDP&sock=startd_7017_a825>
	SlotName: slot1_5@b9p14p6542.cern.ch
	CondorScratchDir = "/pool/condor/dir_1716235"
	Cpus = 1
	Disk = 3880
	GPUs = 0
	Memory = 3000
...
006 (16690482.003.000) 08/07 23:14:53 Image size of job updated: 3900
	4  -  MemoryUsage of job (MB)
	3900  -  ResidentSetSize of job (KB)
...
006 (16690482.003.000) 08/07 23:19:53 Image size of job updated: 277992
	272  -  MemoryUsage of job (MB)
	277992  -  ResidentSetSize of job (KB)
...
006 (16690482.003.000) 08/07 23:24:54 Image size of job updated: 278016
	272  -  MemoryUsage of job (MB)
	278016  -  ResidentSetSize of job (KB)
...
040 (16690482.003.000) 08/07 23:27:11 Started transferring output files
...
040 (16690482.003.000) 08/07 23:27:11 Finished transferring output files
...
005 (16690482.003.000) 08/07 23:27:11 Job terminated.
	(1) Normal termination (return value 0)
		Usr 0 00:11:13, Sys 0 00:00:20  -  Run Remote Usage
		Usr 0 00:00:00, Sys 0 00:00:00  -  Run Local Usage
		Usr 0 00:11:13, Sys 0 00:00:20  -  Total Remote Usage
		Usr 0 00:00:00, Sys 0 00:00:00  -  Total Local Usage
	12082  -  Run Bytes Sent By Job
	11415  -  Run Bytes Received By Job
	12082  -  Total Bytes Sent By Job
	11415  -  Total Bytes Received By Job
	Partitionable Resources :    Usage  Request Allocated 
	   Cpus                 :     0.95        1         1 
	   Disk (KB)            :    73           2      3880 
	   GPUs                 :                           0 
	   Memory (MB)          :   272        3000      3000 
	   TimeExecute (s)      :   746                       
	   TimeSlotBusy (s)     :   748                       
...
000 (16690488.003.000) 08/07 23:45:49 Job submitted from host: <188.184.90.241:9618?addrs=188.184.90.241-9618+[2001-1458-201-e4--100-2eb]-9618&alias=bigbird15.cern.ch&noUDP&sock=schedd_3150_376a>
...
040 (16690488.003.000) 08/07 23:47:53 Started transferring input files
	Transferring to host: <188.185.194.9:9618?addrs=188.185.194.9-9618+[2001-1458-303-21--100-5]-9618&alias=b9p20p2920.cern.ch&noUDP&sock=slot1_43_3617_40ec_20614>
...
040 (16690488.003.000) 08/07 23:47:53 Finished transferring input files
...
001 (16690488.003.000) 08/07 23:47:54 Job executing on host: <188.185.194.9:9618?addrs=188.185.194.9-9618+[2001-1458-303-21--100-5]-9618&alias=b9p20p2920.cern.ch&noUDP&sock=startd_2560_868a>
	SlotName: slot1_43@b9p20p2920.cern.ch
	CondorScratchDir = "/pool/condor/dir_3146669"
	Cpus = 1
	Disk = 3751
	GPUs = 0
	Memory = 3000
...
006 (16690488.003.000) 08/07 23:48:03 Image size of job updated: 11060
	11  -  MemoryUsage of job (MB)
	11060  -  ResidentSetSize of job (KB)
...
006 (16690488.003.000) 08/07 23:53:04 Image size of job updated: 276544
	271  -  MemoryUsage of job (MB)
	276544  -  ResidentSetSize of job (KB)
...
006 (16690488.003.000) 08/07 23:58:05 Image size of job updated: 276584
	271  -  MemoryUsage of job (MB)
	276584  -  ResidentSetSize of job (KB)
...
006 (16690488.003.000) 08/08 00:01:37 Image size of job updated: 284968
	271  -  MemoryUsage of job (MB)
	276584  -  ResidentSetSize of job (KB)
...
040 (16690488.003.000) 08/08 00:01:37 Started transferring output files
...
040 (16690488.003.000) 08/08 00:01:37 Finished transferring output files
...
005 (16690488.003.000) 08/08 00:01:38 Job terminated.
	(1) Normal termination (return value 0)
		Usr 0 00:11:54, Sys 0 00:00:19  -  Run Remote Usage
		Usr 0 00:00:00, Sys 0 00:00:00  -  Run Local Usage
		Usr 0 00:11:54, Sys 0 00:00:19  -  Total Remote Usage
		Usr 0 00:00:00, Sys 0 00:00:00  -  Total Local Usage
	12787  -  Run Bytes Sent By Job
	11415  -  Run Bytes Received By Job
	12787  -  Total Bytes Sent By Job
	11415  -  Total Bytes Received By Job
	Partitionable Resources :    Usage  Request Allocated 
	   Cpus                 :     0.92        1         1 
	   Disk (KB)            :    62           2      3751 
	   GPUs                 :                           0 
	   Memory (MB)          :   271        3000      3000 
	   TimeExecute (s)      :   823                       
	   TimeSlotBusy (s)     :   825                       
...
