000 (16690482.002.000) 08/07 23:14:07 Job submitted from host: <188.184.90.241:9618?addrs=188.184.90.241-9618+[2001-1458-201-e4--100-2eb]-9618&alias=bigbird15.cern.ch&noUDP&sock=schedd_3150_376a>
...
040 (16690482.002.000) 08/07 23:14:42 Started transferring input files
	Transferring to host: <128.142.248.177:9618?addrs=128.142.248.177-9618+[2001-1458-301-73--100-b0]-9618&alias=b9g23p8206.cern.ch&noUDP&sock=slot1_21_7863_f1d9_14209>
...
040 (16690482.002.000) 08/07 23:14:42 Finished transferring input files
...
001 (16690482.002.000) 08/07 23:14:43 Job executing on host: <128.142.248.177:9618?addrs=128.142.248.177-9618+[2001-1458-301-73--100-b0]-9618&alias=b9g23p8206.cern.ch&noUDP&sock=startd_7362_4c52>
	SlotName: slot1_21@b9g23p8206.cern.ch
	CondorScratchDir = "/pool/condor/dir_3593474"
	Cpus = 1
	Disk = 3847
	GPUs = 0
	Memory = 3000
...
006 (16690482.002.000) 08/07 23:14:51 Image size of job updated: 11064
	4  -  MemoryUsage of job (MB)
	3912  -  ResidentSetSize of job (KB)
...
006 (16690482.002.000) 08/07 23:19:51 Image size of job updated: 298000
	289  -  MemoryUsage of job (MB)
	295552  -  ResidentSetSize of job (KB)
...
040 (16690482.002.000) 08/07 23:19:59 Started transferring output files
...
040 (16690482.002.000) 08/07 23:19:59 Finished transferring output files
...
005 (16690482.002.000) 08/07 23:19:59 Job terminated.
	(1) Normal termination (return value 0)
		Usr 0 00:04:01, Sys 0 00:00:11  -  Run Remote Usage
		Usr 0 00:00:00, Sys 0 00:00:00  -  Run Local Usage
		Usr 0 00:04:01, Sys 0 00:00:11  -  Total Remote Usage
		Usr 0 00:00:00, Sys 0 00:00:00  -  Total Local Usage
	10486  -  Run Bytes Sent By Job
	11415  -  Run Bytes Received By Job
	10486  -  Total Bytes Sent By Job
	11415  -  Total Bytes Received By Job
	Partitionable Resources :    Usage  Request Allocated 
	   Cpus                 :        0        1         1 
	   Disk (KB)            :       74        2      3847 
	   GPUs                 :                           0 
	   Memory (MB)          :      289     3000      3000 
	   TimeExecute (s)      :      316                    
	   TimeSlotBusy (s)     :      319                    
...
000 (16690488.002.000) 08/07 23:45:49 Job submitted from host: <188.184.90.241:9618?addrs=188.184.90.241-9618+[2001-1458-201-e4--100-2eb]-9618&alias=bigbird15.cern.ch&noUDP&sock=schedd_3150_376a>
...
040 (16690488.002.000) 08/07 23:47:52 Started transferring input files
	Transferring to host: <188.185.195.17:9618?addrs=188.185.195.17-9618+[2001-1458-303-22--100-d]-9618&alias=b9p17p0260.cern.ch&noUDP&sock=slot1_7_1902265_8784_28540>
...
040 (16690488.002.000) 08/07 23:47:52 Finished transferring input files
...
001 (16690488.002.000) 08/07 23:47:53 Job executing on host: <188.185.195.17:9618?addrs=188.185.195.17-9618+[2001-1458-303-22--100-d]-9618&alias=b9p17p0260.cern.ch&noUDP&sock=startd_3887_bcb7>
	SlotName: slot1_7@b9p17p0260.cern.ch
	CondorScratchDir = "/pool/condor/dir_1329712"
	Cpus = 1
	Disk = 3863
	GPUs = 0
	Memory = 3000
...
006 (16690488.002.000) 08/07 23:48:01 Image size of job updated: 2332
	3  -  MemoryUsage of job (MB)
	2332  -  ResidentSetSize of job (KB)
...
006 (16690488.002.000) 08/07 23:52:41 Image size of job updated: 298580
	3  -  MemoryUsage of job (MB)
	2332  -  ResidentSetSize of job (KB)
...
040 (16690488.002.000) 08/07 23:52:41 Started transferring output files
...
040 (16690488.002.000) 08/07 23:52:41 Finished transferring output files
...
005 (16690488.002.000) 08/07 23:52:41 Job terminated.
	(1) Normal termination (return value 0)
		Usr 0 00:02:41, Sys 0 00:00:10  -  Run Remote Usage
		Usr 0 00:00:00, Sys 0 00:00:00  -  Run Local Usage
		Usr 0 00:02:41, Sys 0 00:00:10  -  Total Remote Usage
		Usr 0 00:00:00, Sys 0 00:00:00  -  Total Local Usage
	11191  -  Run Bytes Sent By Job
	11415  -  Run Bytes Received By Job
	11191  -  Total Bytes Sent By Job
	11415  -  Total Bytes Received By Job
	Partitionable Resources :    Usage  Request Allocated 
	   Cpus                 :     0.94        1         1 
	   Disk (KB)            :    60           2      3863 
	   GPUs                 :                           0 
	   Memory (MB)          :     3        3000      3000 
	   TimeExecute (s)      :   288                       
	   TimeSlotBusy (s)     :   291                       
...
