000 (16690482.006.000) 08/07 23:14:07 Job submitted from host: <188.184.90.241:9618?addrs=188.184.90.241-9618+[2001-1458-201-e4--100-2eb]-9618&alias=bigbird15.cern.ch&noUDP&sock=schedd_3150_376a>
...
040 (16690482.006.000) 08/07 23:14:42 Started transferring input files
	Transferring to host: <128.142.248.225:9618?addrs=128.142.248.225-9618+[2001-1458-301-73--100-e0]-9618&alias=b9g23p7168.cern.ch&noUDP&sock=slot1_23_3958_84da_14089>
...
040 (16690482.006.000) 08/07 23:14:42 Finished transferring input files
...
001 (16690482.006.000) 08/07 23:14:43 Job executing on host: <128.142.248.225:9618?addrs=128.142.248.225-9618+[2001-1458-301-73--100-e0]-9618&alias=b9g23p7168.cern.ch&noUDP&sock=startd_3913_922d>
	SlotName: slot1_23@b9g23p7168.cern.ch
	CondorScratchDir = "/pool/condor/dir_479734"
	Cpus = 1
	Disk = 3819
	GPUs = 0
	Memory = 3000
...
006 (16690482.006.000) 08/07 23:14:52 Image size of job updated: 2612
	3  -  MemoryUsage of job (MB)
	2612  -  ResidentSetSize of job (KB)
...
006 (16690482.006.000) 08/07 23:19:53 Image size of job updated: 279796
	274  -  MemoryUsage of job (MB)
	279796  -  ResidentSetSize of job (KB)
...
006 (16690482.006.000) 08/07 23:24:54 Image size of job updated: 279808
	274  -  MemoryUsage of job (MB)
	279808  -  ResidentSetSize of job (KB)
...
006 (16690482.006.000) 08/07 23:28:40 Image size of job updated: 289620
	274  -  MemoryUsage of job (MB)
	279808  -  ResidentSetSize of job (KB)
...
040 (16690482.006.000) 08/07 23:28:40 Started transferring output files
...
040 (16690482.006.000) 08/07 23:28:40 Finished transferring output files
...
005 (16690482.006.000) 08/07 23:28:40 Job terminated.
	(1) Normal termination (return value 0)
		Usr 0 00:12:05, Sys 0 00:00:23  -  Run Remote Usage
		Usr 0 00:00:00, Sys 0 00:00:00  -  Run Local Usage
		Usr 0 00:12:05, Sys 0 00:00:23  -  Total Remote Usage
		Usr 0 00:00:00, Sys 0 00:00:00  -  Total Local Usage
	12309  -  Run Bytes Sent By Job
	11415  -  Run Bytes Received By Job
	12309  -  Total Bytes Sent By Job
	11415  -  Total Bytes Received By Job
	Partitionable Resources :    Usage  Request Allocated 
	   Cpus                 :     0.78        1         1 
	   Disk (KB)            :    74           2      3819 
	   GPUs                 :                           0 
	   Memory (MB)          :   274        3000      3000 
	   TimeExecute (s)      :   837                       
	   TimeSlotBusy (s)     :   839                       
...
000 (16690488.006.000) 08/07 23:45:49 Job submitted from host: <188.184.90.241:9618?addrs=188.184.90.241-9618+[2001-1458-201-e4--100-2eb]-9618&alias=bigbird15.cern.ch&noUDP&sock=schedd_3150_376a>
...
040 (16690488.006.000) 08/07 23:48:02 Started transferring input files
	Transferring to host: <188.185.193.112:9618?addrs=188.185.193.112-9618+[2001-1458-303-20--100-6c]-9618&alias=b9p19p7239.cern.ch&noUDP&sock=slot1_26_3948_791a_21373>
...
040 (16690488.006.000) 08/07 23:48:02 Finished transferring input files
...
001 (16690488.006.000) 08/07 23:48:03 Job executing on host: <188.185.193.112:9618?addrs=188.185.193.112-9618+[2001-1458-303-20--100-6c]-9618&alias=b9p19p7239.cern.ch&noUDP&sock=startd_3079_8431>
	SlotName: slot1_26@b9p19p7239.cern.ch
	CondorScratchDir = "/pool/condor/dir_353314"
	Cpus = 1
	Disk = 3866
	GPUs = 0
	Memory = 3000
...
006 (16690488.006.000) 08/07 23:48:12 Image size of job updated: 3896
	4  -  MemoryUsage of job (MB)
	3896  -  ResidentSetSize of job (KB)
...
006 (16690488.006.000) 08/07 23:53:13 Image size of job updated: 276168
	270  -  MemoryUsage of job (MB)
	276168  -  ResidentSetSize of job (KB)
...
006 (16690488.006.000) 08/07 23:58:14 Image size of job updated: 276172
	270  -  MemoryUsage of job (MB)
	276172  -  ResidentSetSize of job (KB)
...
006 (16690488.006.000) 08/08 00:03:14 Image size of job updated: 276180
	270  -  MemoryUsage of job (MB)
	276180  -  ResidentSetSize of job (KB)
...
040 (16690488.006.000) 08/08 00:03:19 Started transferring output files
...
040 (16690488.006.000) 08/08 00:03:19 Finished transferring output files
...
005 (16690488.006.000) 08/08 00:03:19 Job terminated.
	(1) Normal termination (return value 0)
		Usr 0 00:13:56, Sys 0 00:00:19  -  Run Remote Usage
		Usr 0 00:00:00, Sys 0 00:00:00  -  Run Local Usage
		Usr 0 00:13:56, Sys 0 00:00:19  -  Total Remote Usage
		Usr 0 00:00:00, Sys 0 00:00:00  -  Total Local Usage
	13014  -  Run Bytes Sent By Job
	11415  -  Run Bytes Received By Job
	13014  -  Total Bytes Sent By Job
	11415  -  Total Bytes Received By Job
	Partitionable Resources :    Usage  Request Allocated 
	   Cpus                 :     0.95        1         1 
	   Disk (KB)            :    74           2      3866 
	   GPUs                 :                           0 
	   Memory (MB)          :   270        3000      3000 
	   TimeExecute (s)      :   916                       
	   TimeSlotBusy (s)     :   918                       
...
