000 (16690482.016.000) 08/07 23:14:07 Job submitted from host: <188.184.90.241:9618?addrs=188.184.90.241-9618+[2001-1458-201-e4--100-2eb]-9618&alias=bigbird15.cern.ch&noUDP&sock=schedd_3150_376a>
...
040 (16690482.016.000) 08/07 23:14:51 Started transferring input files
	Transferring to host: <188.185.196.75:9618?addrs=188.185.196.75-9618+[2001-1458-303-23--100-47]-9618&alias=b9p16p1542.cern.ch&noUDP&sock=slot1_19_3186_933b_23073>
...
040 (16690482.016.000) 08/07 23:14:51 Finished transferring input files
...
001 (16690482.016.000) 08/07 23:14:52 Job executing on host: <188.185.196.75:9618?addrs=188.185.196.75-9618+[2001-1458-303-23--100-47]-9618&alias=b9p16p1542.cern.ch&noUDP&sock=startd_2658_bed2>
	SlotName: slot1_19@b9p16p1542.cern.ch
	CondorScratchDir = "/pool/condor/dir_2801499"
	Cpus = 1
	Disk = 3833
	GPUs = 0
	Memory = 3000
...
006 (16690482.016.000) 08/07 23:15:01 Image size of job updated: 1164
	2  -  MemoryUsage of job (MB)
	1164  -  ResidentSetSize of job (KB)
...
006 (16690482.016.000) 08/07 23:20:02 Image size of job updated: 280912
	275  -  MemoryUsage of job (MB)
	280912  -  ResidentSetSize of job (KB)
...
006 (16690482.016.000) 08/07 23:25:02 Image size of job updated: 280916
	275  -  MemoryUsage of job (MB)
	280916  -  ResidentSetSize of job (KB)
...
006 (16690482.016.000) 08/07 23:29:37 Image size of job updated: 280920
	275  -  MemoryUsage of job (MB)
	280916  -  ResidentSetSize of job (KB)
...
040 (16690482.016.000) 08/07 23:29:37 Started transferring output files
...
040 (16690482.016.000) 08/07 23:29:37 Finished transferring output files
...
005 (16690482.016.000) 08/07 23:29:37 Job terminated.
	(1) Normal termination (return value 0)
		Usr 0 00:13:15, Sys 0 00:00:16  -  Run Remote Usage
		Usr 0 00:00:00, Sys 0 00:00:00  -  Run Local Usage
		Usr 0 00:13:15, Sys 0 00:00:16  -  Total Remote Usage
		Usr 0 00:00:00, Sys 0 00:00:00  -  Total Local Usage
	12367  -  Run Bytes Sent By Job
	11415  -  Run Bytes Received By Job
	12367  -  Total Bytes Sent By Job
	11415  -  Total Bytes Received By Job
	Partitionable Resources :    Usage  Request Allocated 
	   Cpus                 :     0.93        1         1 
	   Disk (KB)            :    74           2      3833 
	   GPUs                 :                           0 
	   Memory (MB)          :   275        3000      3000 
	   TimeExecute (s)      :   885                       
	   TimeSlotBusy (s)     :   887                       
...
000 (16690488.016.000) 08/07 23:45:49 Job submitted from host: <188.184.90.241:9618?addrs=188.184.90.241-9618+[2001-1458-201-e4--100-2eb]-9618&alias=bigbird15.cern.ch&noUDP&sock=schedd_3150_376a>
...
040 (16690488.016.000) 08/07 23:47:55 Started transferring input files
	Transferring to host: <188.185.194.8:9618?addrs=188.185.194.8-9618+[2001-1458-303-21--100-4]-9618&alias=b9p20p0596.cern.ch&noUDP&sock=slot1_44_3920_be98_21702>
...
040 (16690488.016.000) 08/07 23:47:55 Finished transferring input files
...
001 (16690488.016.000) 08/07 23:47:56 Job executing on host: <188.185.194.8:9618?addrs=188.185.194.8-9618+[2001-1458-303-21--100-4]-9618&alias=b9p20p0596.cern.ch&noUDP&sock=startd_3618_39bd>
	SlotName: slot1_44@b9p20p0596.cern.ch
	CondorScratchDir = "/pool/condor/dir_2132954"
	Cpus = 1
	Disk = 3667
	GPUs = 0
	Memory = 3000
...
006 (16690488.016.000) 08/07 23:48:05 Image size of job updated: 3912
	4  -  MemoryUsage of job (MB)
	3912  -  ResidentSetSize of job (KB)
...
006 (16690488.016.000) 08/07 23:53:06 Image size of job updated: 276112
	270  -  MemoryUsage of job (MB)
	276112  -  ResidentSetSize of job (KB)
...
006 (16690488.016.000) 08/07 23:58:06 Image size of job updated: 276116
	270  -  MemoryUsage of job (MB)
	276116  -  ResidentSetSize of job (KB)
...
006 (16690488.016.000) 08/08 00:02:20 Image size of job updated: 276124
	270  -  MemoryUsage of job (MB)
	276116  -  ResidentSetSize of job (KB)
...
040 (16690488.016.000) 08/08 00:02:20 Started transferring output files
...
040 (16690488.016.000) 08/08 00:02:20 Finished transferring output files
...
005 (16690488.016.000) 08/08 00:02:20 Job terminated.
	(1) Normal termination (return value 0)
		Usr 0 00:13:04, Sys 0 00:00:18  -  Run Remote Usage
		Usr 0 00:00:00, Sys 0 00:00:00  -  Run Local Usage
		Usr 0 00:13:04, Sys 0 00:00:18  -  Total Remote Usage
		Usr 0 00:00:00, Sys 0 00:00:00  -  Total Local Usage
	13072  -  Run Bytes Sent By Job
	11415  -  Run Bytes Received By Job
	13072  -  Total Bytes Sent By Job
	11415  -  Total Bytes Received By Job
	Partitionable Resources :    Usage  Request Allocated 
	   Cpus                 :     0.95        1         1 
	   Disk (KB)            :    74           2      3667 
	   GPUs                 :                           0 
	   Memory (MB)          :   270        3000      3000 
	   TimeExecute (s)      :   864                       
	   TimeSlotBusy (s)     :   866                       
...
