000 (16690482.012.000) 08/07 23:14:07 Job submitted from host: <188.184.90.241:9618?addrs=188.184.90.241-9618+[2001-1458-201-e4--100-2eb]-9618&alias=bigbird15.cern.ch&noUDP&sock=schedd_3150_376a>
...
040 (16690482.012.000) 08/07 23:14:44 Started transferring input files
	Transferring to host: <128.142.161.96:9618?addrs=128.142.161.96-9618+[2001-1458-301-b8--100-1e]-9618&alias=b9g03p4133.cern.ch&noUDP&sock=slot1_5_3306_2040_30952>
...
040 (16690482.012.000) 08/07 23:14:44 Finished transferring input files
...
001 (16690482.012.000) 08/07 23:14:45 Job executing on host: <128.142.161.96:9618?addrs=128.142.161.96-9618+[2001-1458-301-b8--100-1e]-9618&alias=b9g03p4133.cern.ch&noUDP&sock=startd_2599_46bb>
	SlotName: slot1_5@b9g03p4133.cern.ch
	CondorScratchDir = "/pool/condor/dir_711387"
	Cpus = 1
	Disk = 4025
	GPUs = 0
	Memory = 3000
...
006 (16690482.012.000) 08/07 23:14:53 Image size of job updated: 5316
	4  -  MemoryUsage of job (MB)
	3908  -  ResidentSetSize of job (KB)
...
006 (16690482.012.000) 08/07 23:19:17 Image size of job updated: 301664
	4  -  MemoryUsage of job (MB)
	3908  -  ResidentSetSize of job (KB)
...
040 (16690482.012.000) 08/07 23:19:17 Started transferring output files
...
040 (16690482.012.000) 08/07 23:19:17 Finished transferring output files
...
005 (16690482.012.000) 08/07 23:19:17 Job terminated.
	(1) Normal termination (return value 0)
		Usr 0 00:03:30, Sys 0 00:00:11  -  Run Remote Usage
		Usr 0 00:00:00, Sys 0 00:00:00  -  Run Local Usage
		Usr 0 00:03:30, Sys 0 00:00:11  -  Total Remote Usage
		Usr 0 00:00:00, Sys 0 00:00:00  -  Total Local Usage
	10542  -  Run Bytes Sent By Job
	11414  -  Run Bytes Received By Job
	10542  -  Total Bytes Sent By Job
	11414  -  Total Bytes Received By Job
	Partitionable Resources :    Usage  Request Allocated 
	   Cpus                 :        0        1         1 
	   Disk (KB)            :       73        2      4025 
	   GPUs                 :                           0 
	   Memory (MB)          :        4     3000      3000 
	   TimeExecute (s)      :      272                    
	   TimeSlotBusy (s)     :      274                    
...
000 (16690488.012.000) 08/07 23:45:49 Job submitted from host: <188.184.90.241:9618?addrs=188.184.90.241-9618+[2001-1458-201-e4--100-2eb]-9618&alias=bigbird15.cern.ch&noUDP&sock=schedd_3150_376a>
...
040 (16690488.012.000) 08/07 23:47:54 Started transferring input files
	Transferring to host: <128.142.248.24:9618?addrs=128.142.248.24-9618+[2001-1458-301-73--100-108]-9618&alias=b9g23p8366.cern.ch&noUDP&sock=slot1_21_4030_3fdd_14315>
...
040 (16690488.012.000) 08/07 23:47:54 Finished transferring input files
...
001 (16690488.012.000) 08/07 23:47:55 Job executing on host: <128.142.248.24:9618?addrs=128.142.248.24-9618+[2001-1458-301-73--100-108]-9618&alias=b9g23p8366.cern.ch&noUDP&sock=startd_3065_e9dd>
	SlotName: slot1_21@b9g23p8366.cern.ch
	CondorScratchDir = "/pool/condor/dir_2497115"
	Cpus = 1
	Disk = 3958
	GPUs = 0
	Memory = 3000
...
006 (16690488.012.000) 08/07 23:48:04 Image size of job updated: 3892
	4  -  MemoryUsage of job (MB)
	3892  -  ResidentSetSize of job (KB)
...
006 (16690488.012.000) 08/07 23:53:05 Image size of job updated: 293552
	287  -  MemoryUsage of job (MB)
	293552  -  ResidentSetSize of job (KB)
...
040 (16690488.012.000) 08/07 23:53:28 Started transferring output files
...
040 (16690488.012.000) 08/07 23:53:28 Finished transferring output files
...
005 (16690488.012.000) 08/07 23:53:28 Job terminated.
	(1) Normal termination (return value 0)
		Usr 0 00:04:19, Sys 0 00:00:13  -  Run Remote Usage
		Usr 0 00:00:00, Sys 0 00:00:00  -  Run Local Usage
		Usr 0 00:04:19, Sys 0 00:00:13  -  Total Remote Usage
		Usr 0 00:00:00, Sys 0 00:00:00  -  Total Local Usage
	11248  -  Run Bytes Sent By Job
	11414  -  Run Bytes Received By Job
	11248  -  Total Bytes Sent By Job
	11414  -  Total Bytes Received By Job
	Partitionable Resources :    Usage  Request Allocated 
	   Cpus                 :        0        1         1 
	   Disk (KB)            :       74        2      3958 
	   GPUs                 :                           0 
	   Memory (MB)          :      287     3000      3000 
	   TimeExecute (s)      :      333                    
	   TimeSlotBusy (s)     :      335                    
...
