000 (16690482.017.000) 08/07 23:14:07 Job submitted from host: <188.184.90.241:9618?addrs=188.184.90.241-9618+[2001-1458-201-e4--100-2eb]-9618&alias=bigbird15.cern.ch&noUDP&sock=schedd_3150_376a>
...
040 (16690482.017.000) 08/07 23:14:45 Started transferring input files
	Transferring to host: <188.185.197.161:9618?addrs=188.185.197.161-9618+[2001-1458-303-24--100-9d]-9618&alias=b9p14p7923.cern.ch&noUDP&sock=slot1_13_3225_0ddc_14749>
...
040 (16690482.017.000) 08/07 23:14:45 Finished transferring input files
...
001 (16690482.017.000) 08/07 23:14:46 Job executing on host: <188.185.197.161:9618?addrs=188.185.197.161-9618+[2001-1458-303-24--100-9d]-9618&alias=b9p14p7923.cern.ch&noUDP&sock=startd_2554_68f8>
	SlotName: slot1_13@b9p14p7923.cern.ch
	CondorScratchDir = "/pool/condor/dir_3627995"
	Cpus = 1
	Disk = 3814
	GPUs = 0
	Memory = 3000
...
006 (16690482.017.000) 08/07 23:14:55 Image size of job updated: 11060
	2  -  MemoryUsage of job (MB)
	1452  -  ResidentSetSize of job (KB)
...
006 (16690482.017.000) 08/07 23:19:56 Image size of job updated: 276860
	271  -  MemoryUsage of job (MB)
	276860  -  ResidentSetSize of job (KB)
...
006 (16690482.017.000) 08/07 23:24:56 Image size of job updated: 276876
	271  -  MemoryUsage of job (MB)
	276876  -  ResidentSetSize of job (KB)
...
006 (16690482.017.000) 08/07 23:29:38 Image size of job updated: 279572
	271  -  MemoryUsage of job (MB)
	276876  -  ResidentSetSize of job (KB)
...
040 (16690482.017.000) 08/07 23:29:38 Started transferring output files
...
040 (16690482.017.000) 08/07 23:29:38 Finished transferring output files
...
005 (16690482.017.000) 08/07 23:29:38 Job terminated.
	(1) Normal termination (return value 0)
		Usr 0 00:13:31, Sys 0 00:00:17  -  Run Remote Usage
		Usr 0 00:00:00, Sys 0 00:00:00  -  Run Local Usage
		Usr 0 00:13:31, Sys 0 00:00:17  -  Total Remote Usage
		Usr 0 00:00:00, Sys 0 00:00:00  -  Total Local Usage
	12367  -  Run Bytes Sent By Job
	11415  -  Run Bytes Received By Job
	12367  -  Total Bytes Sent By Job
	11415  -  Total Bytes Received By Job
	Partitionable Resources :    Usage  Request Allocated 
	   Cpus                 :     0.94        1         1 
	   Disk (KB)            :    74           2      3814 
	   GPUs                 :                           0 
	   Memory (MB)          :   271        3000      3000 
	   TimeExecute (s)      :   892                       
	   TimeSlotBusy (s)     :   894                       
...
000 (16690488.017.000) 08/07 23:45:49 Job submitted from host: <188.184.90.241:9618?addrs=188.184.90.241-9618+[2001-1458-201-e4--100-2eb]-9618&alias=bigbird15.cern.ch&noUDP&sock=schedd_3150_376a>
...
040 (16690488.017.000) 08/07 23:47:56 Started transferring input files
	Transferring to host: <188.185.192.46:9618?addrs=188.185.192.46-9618+[2001-1458-303-1f--100-2a]-9618&alias=b9p13p2208.cern.ch&noUDP&sock=slot1_18_7353_9a84_21332>
...
040 (16690488.017.000) 08/07 23:47:56 Finished transferring input files
...
001 (16690488.017.000) 08/07 23:47:58 Job executing on host: <188.185.192.46:9618?addrs=188.185.192.46-9618+[2001-1458-303-1f--100-2a]-9618&alias=b9p13p2208.cern.ch&noUDP&sock=startd_5595_4879>
	SlotName: slot1_18@b9p13p2208.cern.ch
	CondorScratchDir = "/pool/condor/dir_506905"
	Cpus = 1
	Disk = 3864
	GPUs = 0
	Memory = 3000
...
006 (16690488.017.000) 08/07 23:48:06 Image size of job updated: 3896
	4  -  MemoryUsage of job (MB)
	3896  -  ResidentSetSize of job (KB)
...
006 (16690488.017.000) 08/07 23:53:06 Image size of job updated: 278520
	272  -  MemoryUsage of job (MB)
	278520  -  ResidentSetSize of job (KB)
...
006 (16690488.017.000) 08/07 23:58:08 Image size of job updated: 278536
	273  -  MemoryUsage of job (MB)
	278536  -  ResidentSetSize of job (KB)
...
006 (16690488.017.000) 08/08 00:01:21 Image size of job updated: 278580
	273  -  MemoryUsage of job (MB)
	278536  -  ResidentSetSize of job (KB)
...
040 (16690488.017.000) 08/08 00:01:21 Started transferring output files
...
040 (16690488.017.000) 08/08 00:01:21 Finished transferring output files
...
005 (16690488.017.000) 08/08 00:01:21 Job terminated.
	(1) Normal termination (return value 0)
		Usr 0 00:11:59, Sys 0 00:00:19  -  Run Remote Usage
		Usr 0 00:00:00, Sys 0 00:00:00  -  Run Local Usage
		Usr 0 00:11:59, Sys 0 00:00:19  -  Total Remote Usage
		Usr 0 00:00:00, Sys 0 00:00:00  -  Total Local Usage
	13071  -  Run Bytes Sent By Job
	11415  -  Run Bytes Received By Job
	13071  -  Total Bytes Sent By Job
	11415  -  Total Bytes Received By Job
	Partitionable Resources :    Usage  Request Allocated 
	   Cpus                 :     0.94        1         1 
	   Disk (KB)            :    74           2      3864 
	   GPUs                 :                           0 
	   Memory (MB)          :   273        3000      3000 
	   TimeExecute (s)      :   804                       
	   TimeSlotBusy (s)     :   806                       
...
