000 (16690482.022.000) 08/07 23:14:07 Job submitted from host: <188.184.90.241:9618?addrs=188.184.90.241-9618+[2001-1458-201-e4--100-2eb]-9618&alias=bigbird15.cern.ch&noUDP&sock=schedd_3150_376a>
...
040 (16690482.022.000) 08/07 23:14:47 Started transferring input files
	Transferring to host: <188.185.197.36:9618?addrs=188.185.197.36-9618+[2001-1458-303-24--100-20]-9618&alias=b9p14p1016.cern.ch&noUDP&sock=slot1_21_4169_3003_14693>
...
040 (16690482.022.000) 08/07 23:14:47 Finished transferring input files
...
001 (16690482.022.000) 08/07 23:14:48 Job executing on host: <188.185.197.36:9618?addrs=188.185.197.36-9618+[2001-1458-303-24--100-20]-9618&alias=b9p14p1016.cern.ch&noUDP&sock=startd_3049_f059>
	SlotName: slot1_21@b9p14p1016.cern.ch
	CondorScratchDir = "/pool/condor/dir_3983796"
	Cpus = 1
	Disk = 3713
	GPUs = 0
	Memory = 3000
...
006 (16690482.022.000) 08/07 23:14:56 Image size of job updated: 3908
	4  -  MemoryUsage of job (MB)
	3908  -  ResidentSetSize of job (KB)
...
006 (16690482.022.000) 08/07 23:18:31 Image size of job updated: 297648
	4  -  MemoryUsage of job (MB)
	3908  -  ResidentSetSize of job (KB)
...
040 (16690482.022.000) 08/07 23:18:31 Started transferring output files
...
040 (16690482.022.000) 08/07 23:18:31 Finished transferring output files
...
005 (16690482.022.000) 08/07 23:18:31 Job terminated.
	(1) Normal termination (return value 0)
		Usr 0 00:03:12, Sys 0 00:00:10  -  Run Remote Usage
		Usr 0 00:00:00, Sys 0 00:00:00  -  Run Local Usage
		Usr 0 00:03:12, Sys 0 00:00:10  -  Total Remote Usage
		Usr 0 00:00:00, Sys 0 00:00:00  -  Total Local Usage
	10315  -  Run Bytes Sent By Job
	11415  -  Run Bytes Received By Job
	10315  -  Total Bytes Sent By Job
	11415  -  Total Bytes Received By Job
	Partitionable Resources :    Usage  Request Allocated 
	   Cpus                 :        0        1         1 
	   Disk (KB)            :       74        2      3713 
	   GPUs                 :                           0 
	   Memory (MB)          :        4     3000      3000 
	   TimeExecute (s)      :      223                    
	   TimeSlotBusy (s)     :      225                    
...
000 (16690488.022.000) 08/07 23:45:49 Job submitted from host: <188.184.90.241:9618?addrs=188.184.90.241-9618+[2001-1458-201-e4--100-2eb]-9618&alias=bigbird15.cern.ch&noUDP&sock=schedd_3150_376a>
...
040 (16690488.022.000) 08/07 23:47:57 Started transferring input files
	Transferring to host: <188.185.196.143:9618?addrs=188.185.196.143-9618+[2001-1458-303-23--100-8b]-9618&alias=b9p16p7506.cern.ch&noUDP&sock=slot1_28_5631_4c7e_22926>
...
040 (16690488.022.000) 08/07 23:47:58 Finished transferring input files
...
001 (16690488.022.000) 08/07 23:47:58 Job executing on host: <188.185.196.143:9618?addrs=188.185.196.143-9618+[2001-1458-303-23--100-8b]-9618&alias=b9p16p7506.cern.ch&noUDP&sock=startd_4562_bb24>
	SlotName: slot1_28@b9p16p7506.cern.ch
	CondorScratchDir = "/pool/condor/dir_3806682"
	Cpus = 1
	Disk = 3831
	GPUs = 0
	Memory = 3000
...
006 (16690488.022.000) 08/07 23:48:06 Image size of job updated: 3892
	4  -  MemoryUsage of job (MB)
	3892  -  ResidentSetSize of job (KB)
...
006 (16690488.022.000) 08/07 23:51:54 Image size of job updated: 294752
	4  -  MemoryUsage of job (MB)
	3892  -  ResidentSetSize of job (KB)
...
040 (16690488.022.000) 08/07 23:51:54 Started transferring output files
...
040 (16690488.022.000) 08/07 23:51:54 Finished transferring output files
...
005 (16690488.022.000) 08/07 23:51:54 Job terminated.
	(1) Normal termination (return value 0)
		Usr 0 00:03:20, Sys 0 00:00:11  -  Run Remote Usage
		Usr 0 00:00:00, Sys 0 00:00:00  -  Run Local Usage
		Usr 0 00:03:20, Sys 0 00:00:11  -  Total Remote Usage
		Usr 0 00:00:00, Sys 0 00:00:00  -  Total Local Usage
	11020  -  Run Bytes Sent By Job
	11415  -  Run Bytes Received By Job
	11020  -  Total Bytes Sent By Job
	11415  -  Total Bytes Received By Job
	Partitionable Resources :    Usage  Request Allocated 
	   Cpus                 :     0.91        1         1 
	   Disk (KB)            :    74           2      3831 
	   GPUs                 :                           0 
	   Memory (MB)          :     4        3000      3000 
	   TimeExecute (s)      :   236                       
	   TimeSlotBusy (s)     :   238                       
...
