000 (16690482.018.000) 08/07 23:14:07 Job submitted from host: <188.184.90.241:9618?addrs=188.184.90.241-9618+[2001-1458-201-e4--100-2eb]-9618&alias=bigbird15.cern.ch&noUDP&sock=schedd_3150_376a>
...
040 (16690482.018.000) 08/07 23:14:46 Started transferring input files
	Transferring to host: <188.185.196.117:9618?addrs=188.185.196.117-9618+[2001-1458-303-23--100-71]-9618&alias=b9p16p9121.cern.ch&noUDP&sock=slot1_33_6489_d661_21075>
...
040 (16690482.018.000) 08/07 23:14:46 Finished transferring input files
...
001 (16690482.018.000) 08/07 23:14:47 Job executing on host: <188.185.196.117:9618?addrs=188.185.196.117-9618+[2001-1458-303-23--100-71]-9618&alias=b9p16p9121.cern.ch&noUDP&sock=startd_5697_3f22>
	SlotName: slot1_33@b9p16p9121.cern.ch
	CondorScratchDir = "/pool/condor/dir_3076750"
	Cpus = 1
	Disk = 3831
	GPUs = 0
	Memory = 3000
...
006 (16690482.018.000) 08/07 23:14:56 Image size of job updated: 11048
	11  -  MemoryUsage of job (MB)
	11048  -  ResidentSetSize of job (KB)
...
006 (16690482.018.000) 08/07 23:19:57 Image size of job updated: 279296
	273  -  MemoryUsage of job (MB)
	279296  -  ResidentSetSize of job (KB)
...
006 (16690482.018.000) 08/07 23:24:57 Image size of job updated: 279304
	273  -  MemoryUsage of job (MB)
	279304  -  ResidentSetSize of job (KB)
...
006 (16690482.018.000) 08/07 23:29:58 Image size of job updated: 279308
	273  -  MemoryUsage of job (MB)
	279308  -  ResidentSetSize of job (KB)
...
006 (16690482.018.000) 08/07 23:30:26 Image size of job updated: 287724
	273  -  MemoryUsage of job (MB)
	279308  -  ResidentSetSize of job (KB)
...
040 (16690482.018.000) 08/07 23:30:26 Started transferring output files
...
040 (16690482.018.000) 08/07 23:30:26 Finished transferring output files
...
005 (16690482.018.000) 08/07 23:30:26 Job terminated.
	(1) Normal termination (return value 0)
		Usr 0 00:13:29, Sys 0 00:00:18  -  Run Remote Usage
		Usr 0 00:00:00, Sys 0 00:00:00  -  Run Local Usage
		Usr 0 00:13:29, Sys 0 00:00:18  -  Total Remote Usage
		Usr 0 00:00:00, Sys 0 00:00:00  -  Total Local Usage
	12367  -  Run Bytes Sent By Job
	11415  -  Run Bytes Received By Job
	12367  -  Total Bytes Sent By Job
	11415  -  Total Bytes Received By Job
	Partitionable Resources :    Usage  Request Allocated 
	   Cpus                 :     0.90        1         1 
	   Disk (KB)            :    61           2      3831 
	   GPUs                 :                           0 
	   Memory (MB)          :   273        3000      3000 
	   TimeExecute (s)      :   939                       
	   TimeSlotBusy (s)     :   941                       
...
000 (16690488.018.000) 08/07 23:45:49 Job submitted from host: <188.184.90.241:9618?addrs=188.184.90.241-9618+[2001-1458-201-e4--100-2eb]-9618&alias=bigbird15.cern.ch&noUDP&sock=schedd_3150_376a>
...
040 (16690488.018.000) 08/07 23:47:56 Started transferring input files
	Transferring to host: <188.185.192.59:9618?addrs=188.185.192.59-9618+[2001-1458-303-1f--100-37]-9618&alias=b9p13p2862.cern.ch&noUDP&sock=slot1_12_7459_4a48_22868>
...
040 (16690488.018.000) 08/07 23:47:56 Finished transferring input files
...
001 (16690488.018.000) 08/07 23:47:58 Job executing on host: <188.185.192.59:9618?addrs=188.185.192.59-9618+[2001-1458-303-1f--100-37]-9618&alias=b9p13p2862.cern.ch&noUDP&sock=startd_5853_3fe8>
	SlotName: slot1_12@b9p13p2862.cern.ch
	CondorScratchDir = "/pool/condor/dir_2652224"
	Cpus = 1
	Disk = 3851
	GPUs = 0
	Memory = 3000
...
006 (16690488.018.000) 08/07 23:48:06 Image size of job updated: 11052
	4  -  MemoryUsage of job (MB)
	3916  -  ResidentSetSize of job (KB)
...
006 (16690488.018.000) 08/07 23:53:06 Image size of job updated: 276532
	271  -  MemoryUsage of job (MB)
	276532  -  ResidentSetSize of job (KB)
...
006 (16690488.018.000) 08/07 23:58:07 Image size of job updated: 276560
	271  -  MemoryUsage of job (MB)
	276560  -  ResidentSetSize of job (KB)
...
006 (16690488.018.000) 08/08 00:03:08 Image size of job updated: 276580
	271  -  MemoryUsage of job (MB)
	276580  -  ResidentSetSize of job (KB)
...
006 (16690488.018.000) 08/08 00:03:34 Image size of job updated: 288004
	271  -  MemoryUsage of job (MB)
	276580  -  ResidentSetSize of job (KB)
...
040 (16690488.018.000) 08/08 00:03:34 Started transferring output files
...
040 (16690488.018.000) 08/08 00:03:34 Finished transferring output files
...
005 (16690488.018.000) 08/08 00:03:35 Job terminated.
	(1) Normal termination (return value 0)
		Usr 0 00:12:10, Sys 0 00:00:17  -  Run Remote Usage
		Usr 0 00:00:00, Sys 0 00:00:00  -  Run Local Usage
		Usr 0 00:12:10, Sys 0 00:00:17  -  Total Remote Usage
		Usr 0 00:00:00, Sys 0 00:00:00  -  Total Local Usage
	13072  -  Run Bytes Sent By Job
	11415  -  Run Bytes Received By Job
	13072  -  Total Bytes Sent By Job
	11415  -  Total Bytes Received By Job
	Partitionable Resources :    Usage  Request Allocated 
	   Cpus                 :     0.75        1         1 
	   Disk (KB)            :    73           2      3851 
	   GPUs                 :                           0 
	   Memory (MB)          :   271        3000      3000 
	   TimeExecute (s)      :   937                       
	   TimeSlotBusy (s)     :   939                       
...
