000 (16690482.019.000) 08/07 23:14:07 Job submitted from host: <188.184.90.241:9618?addrs=188.184.90.241-9618+[2001-1458-201-e4--100-2eb]-9618&alias=bigbird15.cern.ch&noUDP&sock=schedd_3150_376a>
...
040 (16690482.019.000) 08/07 23:14:46 Started transferring input files
	Transferring to host: <128.142.248.194:9618?addrs=128.142.248.194-9618+[2001-1458-301-73--100-c1]-9618&alias=b9g23p4562.cern.ch&noUDP&sock=slot1_24_7137_697b_14786>
...
040 (16690482.019.000) 08/07 23:14:46 Finished transferring input files
...
001 (16690482.019.000) 08/07 23:14:47 Job executing on host: <128.142.248.194:9618?addrs=128.142.248.194-9618+[2001-1458-301-73--100-c1]-9618&alias=b9g23p4562.cern.ch&noUDP&sock=startd_6508_8671>
	SlotName: slot1_24@b9g23p4562.cern.ch
	CondorScratchDir = "/pool/condor/dir_3011680"
	Cpus = 1
	Disk = 3920
	GPUs = 0
	Memory = 3000
...
006 (16690482.019.000) 08/07 23:14:56 Image size of job updated: 3916
	4  -  MemoryUsage of job (MB)
	3916  -  ResidentSetSize of job (KB)
...
006 (16690482.019.000) 08/07 23:19:57 Image size of job updated: 278904
	273  -  MemoryUsage of job (MB)
	278904  -  ResidentSetSize of job (KB)
...
006 (16690482.019.000) 08/07 23:24:57 Image size of job updated: 278940
	273  -  MemoryUsage of job (MB)
	278940  -  ResidentSetSize of job (KB)
...
006 (16690482.019.000) 08/07 23:28:41 Image size of job updated: 278948
	273  -  MemoryUsage of job (MB)
	278940  -  ResidentSetSize of job (KB)
...
040 (16690482.019.000) 08/07 23:28:41 Started transferring output files
...
040 (16690482.019.000) 08/07 23:28:41 Finished transferring output files
...
005 (16690482.019.000) 08/07 23:28:41 Job terminated.
	(1) Normal termination (return value 0)
		Usr 0 00:12:28, Sys 0 00:00:18  -  Run Remote Usage
		Usr 0 00:00:00, Sys 0 00:00:00  -  Run Local Usage
		Usr 0 00:12:28, Sys 0 00:00:18  -  Total Remote Usage
		Usr 0 00:00:00, Sys 0 00:00:00  -  Total Local Usage
	12367  -  Run Bytes Sent By Job
	11415  -  Run Bytes Received By Job
	12367  -  Total Bytes Sent By Job
	11415  -  Total Bytes Received By Job
	Partitionable Resources :    Usage  Request Allocated 
	   Cpus                 :     0.94        1         1 
	   Disk (KB)            :    74           2      3920 
	   GPUs                 :                           0 
	   Memory (MB)          :   273        3000      3000 
	   TimeExecute (s)      :   834                       
	   TimeSlotBusy (s)     :   836                       
...
000 (16690488.019.000) 08/07 23:45:49 Job submitted from host: <188.184.90.241:9618?addrs=188.184.90.241-9618+[2001-1458-201-e4--100-2eb]-9618&alias=bigbird15.cern.ch&noUDP&sock=schedd_3150_376a>
...
040 (16690488.019.000) 08/07 23:47:56 Started transferring input files
	Transferring to host: <128.142.248.35:9618?addrs=128.142.248.35-9618+[2001-1458-301-73--100-113]-9618&alias=b9g23p9961.cern.ch&noUDP&sock=slot1_37_8270_b689_14156>
...
040 (16690488.019.000) 08/07 23:47:56 Finished transferring input files
...
001 (16690488.019.000) 08/07 23:47:58 Job executing on host: <128.142.248.35:9618?addrs=128.142.248.35-9618+[2001-1458-301-73--100-113]-9618&alias=b9g23p9961.cern.ch&noUDP&sock=startd_7525_1a42>
	SlotName: slot1_37@b9g23p9961.cern.ch
	CondorScratchDir = "/pool/condor/dir_3069157"
	Cpus = 1
	Disk = 3872
	GPUs = 0
	Memory = 3000
...
006 (16690488.019.000) 08/07 23:48:06 Image size of job updated: 3900
	4  -  MemoryUsage of job (MB)
	3900  -  ResidentSetSize of job (KB)
...
006 (16690488.019.000) 08/07 23:53:06 Image size of job updated: 279348
	273  -  MemoryUsage of job (MB)
	279348  -  ResidentSetSize of job (KB)
...
006 (16690488.019.000) 08/07 23:58:07 Image size of job updated: 279384
	273  -  MemoryUsage of job (MB)
	279384  -  ResidentSetSize of job (KB)
...
006 (16690488.019.000) 08/08 00:01:48 Image size of job updated: 279392
	273  -  MemoryUsage of job (MB)
	279384  -  ResidentSetSize of job (KB)
...
040 (16690488.019.000) 08/08 00:01:48 Started transferring output files
...
040 (16690488.019.000) 08/08 00:01:48 Finished transferring output files
...
005 (16690488.019.000) 08/08 00:01:48 Job terminated.
	(1) Normal termination (return value 0)
		Usr 0 00:12:26, Sys 0 00:00:18  -  Run Remote Usage
		Usr 0 00:00:00, Sys 0 00:00:00  -  Run Local Usage
		Usr 0 00:12:26, Sys 0 00:00:18  -  Total Remote Usage
		Usr 0 00:00:00, Sys 0 00:00:00  -  Total Local Usage
	13072  -  Run Bytes Sent By Job
	11415  -  Run Bytes Received By Job
	13072  -  Total Bytes Sent By Job
	11415  -  Total Bytes Received By Job
	Partitionable Resources :    Usage  Request Allocated 
	   Cpus                 :     0.91        1         1 
	   Disk (KB)            :    74           2      3872 
	   GPUs                 :                           0 
	   Memory (MB)          :   273        3000      3000 
	   TimeExecute (s)      :   831                       
	   TimeSlotBusy (s)     :   833                       
...
