000 (16690482.014.000) 08/07 23:14:07 Job submitted from host: <188.184.90.241:9618?addrs=188.184.90.241-9618+[2001-1458-201-e4--100-2eb]-9618&alias=bigbird15.cern.ch&noUDP&sock=schedd_3150_376a>
...
040 (16690482.014.000) 08/07 23:14:50 Started transferring input files
	Transferring to host: <188.185.196.182:9618?addrs=188.185.196.182-9618+[2001-1458-303-23--100-b2]-9618&alias=b9p16p5055.cern.ch&noUDP&sock=slot1_13_6214_1336_21791>
...
040 (16690482.014.000) 08/07 23:14:50 Finished transferring input files
...
001 (16690482.014.000) 08/07 23:14:51 Job executing on host: <188.185.196.182:9618?addrs=188.185.196.182-9618+[2001-1458-303-23--100-b2]-9618&alias=b9p16p5055.cern.ch&noUDP&sock=startd_5181_5044>
	SlotName: slot1_13@b9p16p5055.cern.ch
	CondorScratchDir = "/pool/condor/dir_3890062"
	Cpus = 1
	Disk = 3748
	GPUs = 0
	Memory = 3000
...
006 (16690482.014.000) 08/07 23:15:00 Image size of job updated: 7684
	4  -  MemoryUsage of job (MB)
	3912  -  ResidentSetSize of job (KB)
...
006 (16690482.014.000) 08/07 23:20:01 Image size of job updated: 281468
	275  -  MemoryUsage of job (MB)
	281468  -  ResidentSetSize of job (KB)
...
006 (16690482.014.000) 08/07 23:29:21 Image size of job updated: 283520
	275  -  MemoryUsage of job (MB)
	281468  -  ResidentSetSize of job (KB)
...
040 (16690482.014.000) 08/07 23:29:21 Started transferring output files
...
040 (16690482.014.000) 08/07 23:29:21 Finished transferring output files
...
005 (16690482.014.000) 08/07 23:29:22 Job terminated.
	(1) Normal termination (return value 0)
		Usr 0 00:12:23, Sys 0 00:00:16  -  Run Remote Usage
		Usr 0 00:00:00, Sys 0 00:00:00  -  Run Local Usage
		Usr 0 00:12:23, Sys 0 00:00:16  -  Total Remote Usage
		Usr 0 00:00:00, Sys 0 00:00:00  -  Total Local Usage
	12367  -  Run Bytes Sent By Job
	11415  -  Run Bytes Received By Job
	12367  -  Total Bytes Sent By Job
	11415  -  Total Bytes Received By Job
	Partitionable Resources :    Usage  Request Allocated 
	   Cpus                 :     0.89        1         1 
	   Disk (KB)            :    74           2      3748 
	   GPUs                 :                           0 
	   Memory (MB)          :   275        3000      3000 
	   TimeExecute (s)      :   870                       
	   TimeSlotBusy (s)     :   872                       
...
000 (16690488.014.000) 08/07 23:45:49 Job submitted from host: <188.184.90.241:9618?addrs=188.184.90.241-9618+[2001-1458-201-e4--100-2eb]-9618&alias=bigbird15.cern.ch&noUDP&sock=schedd_3150_376a>
...
040 (16690488.014.000) 08/07 23:47:55 Started transferring input files
	Transferring to host: <188.185.193.71:9618?addrs=188.185.193.71-9618+[2001-1458-303-20--100-43]-9618&alias=b9p19p3621.cern.ch&noUDP&sock=slot1_1_5985_b94c_21646>
...
040 (16690488.014.000) 08/07 23:47:55 Finished transferring input files
...
001 (16690488.014.000) 08/07 23:47:56 Job executing on host: <188.185.193.71:9618?addrs=188.185.193.71-9618+[2001-1458-303-20--100-43]-9618&alias=b9p19p3621.cern.ch&noUDP&sock=startd_4915_dc12>
	SlotName: slot1_1@b9p19p3621.cern.ch
	CondorScratchDir = "/pool/condor/dir_1731658"
	Cpus = 1
	Disk = 3885
	GPUs = 0
	Memory = 3000
...
006 (16690488.014.000) 08/07 23:48:05 Image size of job updated: 1292
	2  -  MemoryUsage of job (MB)
	1292  -  ResidentSetSize of job (KB)
...
006 (16690488.014.000) 08/07 23:53:06 Image size of job updated: 281460
	275  -  MemoryUsage of job (MB)
	281460  -  ResidentSetSize of job (KB)
...
006 (16690488.014.000) 08/07 23:58:06 Image size of job updated: 281468
	275  -  MemoryUsage of job (MB)
	281468  -  ResidentSetSize of job (KB)
...
006 (16690488.014.000) 08/08 00:01:16 Image size of job updated: 281472
	275  -  MemoryUsage of job (MB)
	281468  -  ResidentSetSize of job (KB)
...
040 (16690488.014.000) 08/08 00:01:16 Started transferring output files
...
040 (16690488.014.000) 08/08 00:01:16 Finished transferring output files
...
005 (16690488.014.000) 08/08 00:01:16 Job terminated.
	(1) Normal termination (return value 0)
		Usr 0 00:11:51, Sys 0 00:00:18  -  Run Remote Usage
		Usr 0 00:00:00, Sys 0 00:00:00  -  Run Local Usage
		Usr 0 00:11:51, Sys 0 00:00:18  -  Total Remote Usage
		Usr 0 00:00:00, Sys 0 00:00:00  -  Total Local Usage
	13072  -  Run Bytes Sent By Job
	11415  -  Run Bytes Received By Job
	13072  -  Total Bytes Sent By Job
	11415  -  Total Bytes Received By Job
	Partitionable Resources :    Usage  Request Allocated 
	   Cpus                 :     0.93        1         1 
	   Disk (KB)            :    74           2      3885 
	   GPUs                 :                           0 
	   Memory (MB)          :   275        3000      3000 
	   TimeExecute (s)      :   800                       
	   TimeSlotBusy (s)     :   802                       
...
