000 (16690482.021.000) 08/07 23:14:07 Job submitted from host: <188.184.90.241:9618?addrs=188.184.90.241-9618+[2001-1458-201-e4--100-2eb]-9618&alias=bigbird15.cern.ch&noUDP&sock=schedd_3150_376a>
...
040 (16690482.021.000) 08/07 23:14:47 Started transferring input files
	Transferring to host: <188.185.197.142:9618?addrs=188.185.197.142-9618+[2001-1458-303-24--100-8a]-9618&alias=b9p14p1186.cern.ch&noUDP&sock=slot1_13_7611_634f_14198>
...
040 (16690482.021.000) 08/07 23:14:47 Finished transferring input files
...
001 (16690482.021.000) 08/07 23:14:48 Job executing on host: <188.185.197.142:9618?addrs=188.185.197.142-9618+[2001-1458-303-24--100-8a]-9618&alias=b9p14p1186.cern.ch&noUDP&sock=startd_6869_2421>
	SlotName: slot1_13@b9p14p1186.cern.ch
	CondorScratchDir = "/pool/condor/dir_2714301"
	Cpus = 1
	Disk = 3775
	GPUs = 0
	Memory = 3000
...
006 (16690482.021.000) 08/07 23:14:56 Image size of job updated: 11052
	4  -  MemoryUsage of job (MB)
	3908  -  ResidentSetSize of job (KB)
...
006 (16690482.021.000) 08/07 23:15:45 Image size of job updated: 280224
	4  -  MemoryUsage of job (MB)
	3908  -  ResidentSetSize of job (KB)
...
040 (16690482.021.000) 08/07 23:15:45 Started transferring output files
...
040 (16690482.021.000) 08/07 23:15:45 Finished transferring output files
...
005 (16690482.021.000) 08/07 23:15:45 Job terminated.
	(1) Normal termination (return value 0)
		Usr 0 00:00:37, Sys 0 00:00:08  -  Run Remote Usage
		Usr 0 00:00:00, Sys 0 00:00:00  -  Run Local Usage
		Usr 0 00:00:37, Sys 0 00:00:08  -  Total Remote Usage
		Usr 0 00:00:00, Sys 0 00:00:00  -  Total Local Usage
	9750  -  Run Bytes Sent By Job
	11415  -  Run Bytes Received By Job
	9750  -  Total Bytes Sent By Job
	11415  -  Total Bytes Received By Job
	Partitionable Resources :    Usage  Request Allocated 
	   Cpus                 :        0        1         1 
	   Disk (KB)            :       74        2      3775 
	   GPUs                 :                           0 
	   Memory (MB)          :        4     3000      3000 
	   TimeExecute (s)      :       57                    
	   TimeSlotBusy (s)     :       59                    
...
000 (16690488.021.000) 08/07 23:45:49 Job submitted from host: <188.184.90.241:9618?addrs=188.184.90.241-9618+[2001-1458-201-e4--100-2eb]-9618&alias=bigbird15.cern.ch&noUDP&sock=schedd_3150_376a>
...
040 (16690488.021.000) 08/07 23:47:57 Started transferring input files
	Transferring to host: <128.142.248.71:9618?addrs=128.142.248.71-9618+[2001-1458-301-73--100-137]-9618&alias=b9g23p8449.cern.ch&noUDP&sock=slot1_33_6654_1848_13859>
...
040 (16690488.021.000) 08/07 23:47:58 Finished transferring input files
...
001 (16690488.021.000) 08/07 23:47:58 Job executing on host: <128.142.248.71:9618?addrs=128.142.248.71-9618+[2001-1458-301-73--100-137]-9618&alias=b9g23p8449.cern.ch&noUDP&sock=startd_5522_360f>
	SlotName: slot1_33@b9g23p8449.cern.ch
	CondorScratchDir = "/pool/condor/dir_1436436"
	Cpus = 1
	Disk = 3820
	GPUs = 0
	Memory = 3000
...
006 (16690488.021.000) 08/07 23:48:07 Image size of job updated: 3908
	4  -  MemoryUsage of job (MB)
	3908  -  ResidentSetSize of job (KB)
...
006 (16690488.021.000) 08/07 23:49:07 Image size of job updated: 276164
	4  -  MemoryUsage of job (MB)
	3908  -  ResidentSetSize of job (KB)
...
040 (16690488.021.000) 08/07 23:49:07 Started transferring output files
...
040 (16690488.021.000) 08/07 23:49:07 Finished transferring output files
...
005 (16690488.021.000) 08/07 23:49:08 Job terminated.
	(1) Normal termination (return value 0)
		Usr 0 00:00:45, Sys 0 00:00:10  -  Run Remote Usage
		Usr 0 00:00:00, Sys 0 00:00:00  -  Run Local Usage
		Usr 0 00:00:45, Sys 0 00:00:10  -  Total Remote Usage
		Usr 0 00:00:00, Sys 0 00:00:00  -  Total Local Usage
	10455  -  Run Bytes Sent By Job
	11415  -  Run Bytes Received By Job
	10455  -  Total Bytes Sent By Job
	11415  -  Total Bytes Received By Job
	Partitionable Resources :    Usage  Request Allocated 
	   Cpus                 :        0        1         1 
	   Disk (KB)            :       74        2      3820 
	   GPUs                 :                           0 
	   Memory (MB)          :        4     3000      3000 
	   TimeExecute (s)      :       69                    
	   TimeSlotBusy (s)     :       71                    
...
