000 (16690482.020.000) 08/07 23:14:07 Job submitted from host: <188.184.90.241:9618?addrs=188.184.90.241-9618+[2001-1458-201-e4--100-2eb]-9618&alias=bigbird15.cern.ch&noUDP&sock=schedd_3150_376a>
...
040 (16690482.020.000) 08/07 23:14:46 Started transferring input files
	Transferring to host: <128.142.248.58:9618?addrs=128.142.248.58-9618+[2001-1458-301-73--100-12a]-9618&alias=b9g23p3557.cern.ch&noUDP&sock=slot1_12_9217_f5d0_14403>
...
040 (16690482.020.000) 08/07 23:14:46 Finished transferring input files
...
001 (16690482.020.000) 08/07 23:14:47 Job executing on host: <128.142.248.58:9618?addrs=128.142.248.58-9618+[2001-1458-301-73--100-12a]-9618&alias=b9g23p3557.cern.ch&noUDP&sock=startd_8242_e7a9>
	SlotName: slot1_12@b9g23p3557.cern.ch
	CondorScratchDir = "/pool/condor/dir_3413618"
	Cpus = 1
	Disk = 3745
	GPUs = 0
	Memory = 3000
...
006 (16690482.020.000) 08/07 23:14:56 Image size of job updated: 3916
	4  -  MemoryUsage of job (MB)
	3916  -  ResidentSetSize of job (KB)
...
006 (16690482.020.000) 08/07 23:19:57 Image size of job updated: 279432
	273  -  MemoryUsage of job (MB)
	279432  -  ResidentSetSize of job (KB)
...
006 (16690482.020.000) 08/07 23:24:57 Image size of job updated: 279480
	273  -  MemoryUsage of job (MB)
	279480  -  ResidentSetSize of job (KB)
...
006 (16690482.020.000) 08/07 23:24:58 Image size of job updated: 287472
	273  -  MemoryUsage of job (MB)
	279480  -  ResidentSetSize of job (KB)
...
040 (16690482.020.000) 08/07 23:24:59 Started transferring output files
...
040 (16690482.020.000) 08/07 23:24:59 Finished transferring output files
...
005 (16690482.020.000) 08/07 23:24:59 Job terminated.
	(1) Normal termination (return value 0)
		Usr 0 00:08:46, Sys 0 00:00:15  -  Run Remote Usage
		Usr 0 00:00:00, Sys 0 00:00:00  -  Run Local Usage
		Usr 0 00:08:46, Sys 0 00:00:15  -  Total Remote Usage
		Usr 0 00:00:00, Sys 0 00:00:00  -  Total Local Usage
	11683  -  Run Bytes Sent By Job
	11415  -  Run Bytes Received By Job
	11683  -  Total Bytes Sent By Job
	11415  -  Total Bytes Received By Job
	Partitionable Resources :    Usage  Request Allocated 
	   Cpus                 :     0.90        1         1 
	   Disk (KB)            :    74           2      3745 
	   GPUs                 :                           0 
	   Memory (MB)          :   273        3000      3000 
	   TimeExecute (s)      :   611                       
	   TimeSlotBusy (s)     :   614                       
...
000 (16690488.020.000) 08/07 23:45:49 Job submitted from host: <188.184.90.241:9618?addrs=188.184.90.241-9618+[2001-1458-201-e4--100-2eb]-9618&alias=bigbird15.cern.ch&noUDP&sock=schedd_3150_376a>
...
040 (16690488.020.000) 08/07 23:47:57 Started transferring input files
	Transferring to host: <128.142.161.136:9618?addrs=128.142.161.136-9618+[2001-1458-301-b9--100-5]-9618&alias=b9g03p2669.cern.ch&noUDP&sock=slot1_24_4844_c93e_21921>
...
040 (16690488.020.000) 08/07 23:47:58 Finished transferring input files
...
001 (16690488.020.000) 08/07 23:47:58 Job executing on host: <128.142.161.136:9618?addrs=128.142.161.136-9618+[2001-1458-301-b9--100-5]-9618&alias=b9g03p2669.cern.ch&noUDP&sock=startd_3919_afbe>
	SlotName: slot1_24@b9g03p2669.cern.ch
	CondorScratchDir = "/pool/condor/dir_678022"
	Cpus = 1
	Disk = 3763
	GPUs = 0
	Memory = 3000
...
006 (16690488.020.000) 08/07 23:48:06 Image size of job updated: 11056
	4  -  MemoryUsage of job (MB)
	3904  -  ResidentSetSize of job (KB)
...
006 (16690488.020.000) 08/07 23:53:06 Image size of job updated: 277664
	272  -  MemoryUsage of job (MB)
	277664  -  ResidentSetSize of job (KB)
...
006 (16690488.020.000) 08/07 23:59:20 Image size of job updated: 277676
	272  -  MemoryUsage of job (MB)
	277664  -  ResidentSetSize of job (KB)
...
040 (16690488.020.000) 08/07 23:59:20 Started transferring output files
...
040 (16690488.020.000) 08/07 23:59:20 Finished transferring output files
...
005 (16690488.020.000) 08/07 23:59:20 Job terminated.
	(1) Normal termination (return value 0)
		Usr 0 00:09:32, Sys 0 00:00:15  -  Run Remote Usage
		Usr 0 00:00:00, Sys 0 00:00:00  -  Run Local Usage
		Usr 0 00:09:32, Sys 0 00:00:15  -  Total Remote Usage
		Usr 0 00:00:00, Sys 0 00:00:00  -  Total Local Usage
	12387  -  Run Bytes Sent By Job
	11415  -  Run Bytes Received By Job
	12387  -  Total Bytes Sent By Job
	11415  -  Total Bytes Received By Job
	Partitionable Resources :    Usage  Request Allocated 
	   Cpus                 :     0.92        1         1 
	   Disk (KB)            :    74           2      3763 
	   GPUs                 :                           0 
	   Memory (MB)          :   272        3000      3000 
	   TimeExecute (s)      :   682                       
	   TimeSlotBusy (s)     :   684                       
...
