000 (16690482.013.000) 08/07 23:14:07 Job submitted from host: <188.184.90.241:9618?addrs=188.184.90.241-9618+[2001-1458-201-e4--100-2eb]-9618&alias=bigbird15.cern.ch&noUDP&sock=schedd_3150_376a>
...
040 (16690482.013.000) 08/07 23:14:45 Started transferring input files
	Transferring to host: <128.142.161.74:9618?addrs=128.142.161.74-9618+[2001-1458-301-b8--100-8]-9618&alias=b9g03p5829.cern.ch&noUDP&sock=slot1_8_3315_77a0_31280>
...
040 (16690482.013.000) 08/07 23:14:45 Finished transferring input files
...
001 (16690482.013.000) 08/07 23:14:46 Job executing on host: <128.142.161.74:9618?addrs=128.142.161.74-9618+[2001-1458-301-b8--100-8]-9618&alias=b9g03p5829.cern.ch&noUDP&sock=startd_2607_c37d>
	SlotName: slot1_8@b9g03p5829.cern.ch
	CondorScratchDir = "/pool/condor/dir_1809583"
	Cpus = 1
	Disk = 4046
	GPUs = 0
	Memory = 3000
...
006 (16690482.013.000) 08/07 23:14:55 Image size of job updated: 35348
	35  -  MemoryUsage of job (MB)
	35348  -  ResidentSetSize of job (KB)
...
006 (16690482.013.000) 08/07 23:19:56 Image size of job updated: 280512
	274  -  MemoryUsage of job (MB)
	280512  -  ResidentSetSize of job (KB)
...
006 (16690482.013.000) 08/07 23:24:56 Image size of job updated: 280524
	274  -  MemoryUsage of job (MB)
	280524  -  ResidentSetSize of job (KB)
...
006 (16690482.013.000) 08/07 23:25:39 Image size of job updated: 287592
	274  -  MemoryUsage of job (MB)
	280524  -  ResidentSetSize of job (KB)
...
040 (16690482.013.000) 08/07 23:25:39 Started transferring output files
...
040 (16690482.013.000) 08/07 23:25:39 Finished transferring output files
...
005 (16690482.013.000) 08/07 23:25:39 Job terminated.
	(1) Normal termination (return value 0)
		Usr 0 00:09:22, Sys 0 00:00:16  -  Run Remote Usage
		Usr 0 00:00:00, Sys 0 00:00:00  -  Run Local Usage
		Usr 0 00:09:22, Sys 0 00:00:16  -  Total Remote Usage
		Usr 0 00:00:00, Sys 0 00:00:00  -  Total Local Usage
	12367  -  Run Bytes Sent By Job
	11415  -  Run Bytes Received By Job
	12367  -  Total Bytes Sent By Job
	11415  -  Total Bytes Received By Job
	Partitionable Resources :    Usage  Request Allocated 
	   Cpus                 :     0.92        1         1 
	   Disk (KB)            :   105           2      4046 
	   GPUs                 :                           0 
	   Memory (MB)          :   274        3000      3000 
	   TimeExecute (s)      :   653                       
	   TimeSlotBusy (s)     :   655                       
...
000 (16690488.013.000) 08/07 23:45:49 Job submitted from host: <188.184.90.241:9618?addrs=188.184.90.241-9618+[2001-1458-201-e4--100-2eb]-9618&alias=bigbird15.cern.ch&noUDP&sock=schedd_3150_376a>
...
040 (16690488.013.000) 08/07 23:47:54 Started transferring input files
	Transferring to host: <128.142.248.23:9618?addrs=128.142.248.23-9618+[2001-1458-301-73--100-107]-9618&alias=b9g23p0265.cern.ch&noUDP&sock=slot1_39_5632_00de_14400>
...
040 (16690488.013.000) 08/07 23:47:54 Finished transferring input files
...
001 (16690488.013.000) 08/07 23:47:55 Job executing on host: <128.142.248.23:9618?addrs=128.142.248.23-9618+[2001-1458-301-73--100-107]-9618&alias=b9g23p0265.cern.ch&noUDP&sock=startd_4366_4a94>
	SlotName: slot1_39@b9g23p0265.cern.ch
	CondorScratchDir = "/pool/condor/dir_2062202"
	Cpus = 1
	Disk = 3917
	GPUs = 0
	Memory = 3000
...
006 (16690488.013.000) 08/07 23:48:03 Image size of job updated: 36044
	36  -  MemoryUsage of job (MB)
	36044  -  ResidentSetSize of job (KB)
...
006 (16690488.013.000) 08/07 23:53:04 Image size of job updated: 281220
	275  -  MemoryUsage of job (MB)
	281220  -  ResidentSetSize of job (KB)
...
006 (16690488.013.000) 08/07 23:58:05 Image size of job updated: 281224
	275  -  MemoryUsage of job (MB)
	281224  -  ResidentSetSize of job (KB)
...
006 (16690488.013.000) 08/08 00:01:57 Image size of job updated: 288188
	275  -  MemoryUsage of job (MB)
	281224  -  ResidentSetSize of job (KB)
...
040 (16690488.013.000) 08/08 00:01:57 Started transferring output files
...
040 (16690488.013.000) 08/08 00:01:57 Finished transferring output files
...
005 (16690488.013.000) 08/08 00:01:58 Job terminated.
	(1) Normal termination (return value 0)
		Usr 0 00:12:24, Sys 0 00:00:15  -  Run Remote Usage
		Usr 0 00:00:00, Sys 0 00:00:00  -  Run Local Usage
		Usr 0 00:12:24, Sys 0 00:00:15  -  Total Remote Usage
		Usr 0 00:00:00, Sys 0 00:00:00  -  Total Local Usage
	13072  -  Run Bytes Sent By Job
	11415  -  Run Bytes Received By Job
	13072  -  Total Bytes Sent By Job
	11415  -  Total Bytes Received By Job
	Partitionable Resources :    Usage  Request Allocated 
	   Cpus                 :     0.90        1         1 
	   Disk (KB)            :    88           2      3917 
	   GPUs                 :                           0 
	   Memory (MB)          :   275        3000      3000 
	   TimeExecute (s)      :   842                       
	   TimeSlotBusy (s)     :   844                       
...
