000 (16690482.015.000) 08/07 23:14:07 Job submitted from host: <188.184.90.241:9618?addrs=188.184.90.241-9618+[2001-1458-201-e4--100-2eb]-9618&alias=bigbird15.cern.ch&noUDP&sock=schedd_3150_376a>
...
040 (16690482.015.000) 08/07 23:14:45 Started transferring input files
	Transferring to host: <188.185.195.99:9618?addrs=188.185.195.99-9618+[2001-1458-303-22--100-5f]-9618&alias=b9p17p5083.cern.ch&noUDP&sock=slot1_23_5237_b0ae_21806>
...
040 (16690482.015.000) 08/07 23:14:45 Finished transferring input files
...
001 (16690482.015.000) 08/07 23:14:46 Job executing on host: <188.185.195.99:9618?addrs=188.185.195.99-9618+[2001-1458-303-22--100-5f]-9618&alias=b9p17p5083.cern.ch&noUDP&sock=startd_4280_4d6f>
	SlotName: slot1_23@b9p17p5083.cern.ch
	CondorScratchDir = "/pool/condor/dir_1079278"
	Cpus = 1
	Disk = 3810
	GPUs = 0
	Memory = 3000
...
006 (16690482.015.000) 08/07 23:14:55 Image size of job updated: 3904
	4  -  MemoryUsage of job (MB)
	3904  -  ResidentSetSize of job (KB)
...
006 (16690482.015.000) 08/07 23:19:56 Image size of job updated: 276316
	270  -  MemoryUsage of job (MB)
	276316  -  ResidentSetSize of job (KB)
...
006 (16690482.015.000) 08/07 23:24:56 Image size of job updated: 276360
	270  -  MemoryUsage of job (MB)
	276360  -  ResidentSetSize of job (KB)
...
006 (16690482.015.000) 08/07 23:28:58 Image size of job updated: 285036
	270  -  MemoryUsage of job (MB)
	276360  -  ResidentSetSize of job (KB)
...
040 (16690482.015.000) 08/07 23:28:58 Started transferring output files
...
040 (16690482.015.000) 08/07 23:28:58 Finished transferring output files
...
005 (16690482.015.000) 08/07 23:28:59 Job terminated.
	(1) Normal termination (return value 0)
		Usr 0 00:12:55, Sys 0 00:00:21  -  Run Remote Usage
		Usr 0 00:00:00, Sys 0 00:00:00  -  Run Local Usage
		Usr 0 00:12:55, Sys 0 00:00:21  -  Total Remote Usage
		Usr 0 00:00:00, Sys 0 00:00:00  -  Total Local Usage
	12367  -  Run Bytes Sent By Job
	11415  -  Run Bytes Received By Job
	12367  -  Total Bytes Sent By Job
	11415  -  Total Bytes Received By Job
	Partitionable Resources :    Usage  Request Allocated 
	   Cpus                 :     0.94        1         1 
	   Disk (KB)            :    74           2      3810 
	   GPUs                 :                           0 
	   Memory (MB)          :   270        3000      3000 
	   TimeExecute (s)      :   852                       
	   TimeSlotBusy (s)     :   854                       
...
000 (16690488.015.000) 08/07 23:45:49 Job submitted from host: <188.184.90.241:9618?addrs=188.184.90.241-9618+[2001-1458-201-e4--100-2eb]-9618&alias=bigbird15.cern.ch&noUDP&sock=schedd_3150_376a>
...
040 (16690488.015.000) 08/07 23:47:55 Started transferring input files
	Transferring to host: <188.185.197.166:9618?addrs=188.185.197.166-9618+[2001-1458-303-24--100-a2]-9618&alias=b9p14p2104.cern.ch&noUDP&sock=slot1_34_9153_ddcd_14870>
...
040 (16690488.015.000) 08/07 23:47:55 Finished transferring input files
...
001 (16690488.015.000) 08/07 23:47:56 Job executing on host: <188.185.197.166:9618?addrs=188.185.197.166-9618+[2001-1458-303-24--100-a2]-9618&alias=b9p14p2104.cern.ch&noUDP&sock=startd_7610_67cf>
	SlotName: slot1_34@b9p14p2104.cern.ch
	CondorScratchDir = "/pool/condor/dir_3929384"
	Cpus = 1
	Disk = 3857
	GPUs = 0
	Memory = 3000
...
006 (16690488.015.000) 08/07 23:48:05 Image size of job updated: 2408
	2  -  MemoryUsage of job (MB)
	1920  -  ResidentSetSize of job (KB)
...
006 (16690488.015.000) 08/07 23:53:06 Image size of job updated: 276660
	271  -  MemoryUsage of job (MB)
	276660  -  ResidentSetSize of job (KB)
...
006 (16690488.015.000) 08/07 23:58:06 Image size of job updated: 276684
	271  -  MemoryUsage of job (MB)
	276684  -  ResidentSetSize of job (KB)
...
006 (16690488.015.000) 08/08 00:02:35 Image size of job updated: 276688
	271  -  MemoryUsage of job (MB)
	276684  -  ResidentSetSize of job (KB)
...
040 (16690488.015.000) 08/08 00:02:36 Started transferring output files
...
040 (16690488.015.000) 08/08 00:02:36 Finished transferring output files
...
005 (16690488.015.000) 08/08 00:02:36 Job terminated.
	(1) Normal termination (return value 0)
		Usr 0 00:12:05, Sys 0 00:00:17  -  Run Remote Usage
		Usr 0 00:00:00, Sys 0 00:00:00  -  Run Local Usage
		Usr 0 00:12:05, Sys 0 00:00:17  -  Total Remote Usage
		Usr 0 00:00:00, Sys 0 00:00:00  -  Total Local Usage
	13072  -  Run Bytes Sent By Job
	11415  -  Run Bytes Received By Job
	13072  -  Total Bytes Sent By Job
	11415  -  Total Bytes Received By Job
	Partitionable Resources :    Usage  Request Allocated 
	   Cpus                 :     0.88        1         1 
	   Disk (KB)            :    74           2      3857 
	   GPUs                 :                           0 
	   Memory (MB)          :   271        3000      3000 
	   TimeExecute (s)      :   879                       
	   TimeSlotBusy (s)     :   882                       
...
