000 (16690479.000.000) 08/07 22:47:01 Job submitted from host: <188.184.90.241:9618?addrs=188.184.90.241-9618+[2001-1458-201-e4--100-2eb]-9618&alias=bigbird15.cern.ch&noUDP&sock=schedd_3150_376a>
...
009 (16690479.000.000) 08/07 23:00:22 Job was aborted.
	via condor_rm (by user masegret)
...
000 (16690480.000.000) 08/07 23:00:22 Job submitted from host: <188.184.90.241:9618?addrs=188.184.90.241-9618+[2001-1458-201-e4--100-2eb]-9618&alias=bigbird15.cern.ch&noUDP&sock=schedd_3150_376a>
...
040 (16690480.000.000) 08/07 23:02:28 Started transferring input files
	Transferring to host: <128.142.161.106:9618?addrs=128.142.161.106-9618+[2001-1458-301-b8--100-28]-9618&alias=b9g03p7607.cern.ch&noUDP&sock=slot1_22_2138643_36d0_28497>
...
040 (16690480.000.000) 08/07 23:02:28 Finished transferring input files
...
040 (16690480.000.000) 08/07 23:02:29 Started transferring output files
...
021 (16690480.000.000) 08/07 23:02:29 Error from starter on slot1_22@b9g03p7607.cern.ch:
	Failed to transfer files: SHADOW at 188.184.90.241 failed to send file(s) to <128.142.161.106:46085>: |Error: 1 total failures: first failure: reading from file /tmp/x509up_u182844: (errno 2) No such file or directory; STARTER failed to receive file(s) from <188.184.90.241:9618>
	Code 13 Subcode 2
...
004 (16690480.000.000) 08/07 23:02:29 Job was evicted. Code 13 Subcode 2
	(0) CPU times
		Usr 0 00:00:00, Sys 0 00:00:00  -  Run Remote Usage
		Usr 0 00:00:00, Sys 0 00:00:00  -  Run Local Usage
	0  -  Run Bytes Sent By Job
	0  -  Run Bytes Received By Job
	Reason: Transfer input files failure at access point bigbird15 while sending files to execution point slot1_22@b9g03p7607.cern.ch. Details: 1 total failures: first failure: reading from file /tmp/x509up_u182844: (errno 2) No such file or directory
	Partitionable Resources :    Usage  Request Allocated 
	   Cpus                 :        0        1         1 
	   Disk (KB)            :       41        2      4036 
	   GPUs                 :                           0 
	   Memory (MB)          :              3000      3000 
...
012 (16690480.000.000) 08/07 23:02:30 Job was held.
	Transfer input files failure at access point bigbird15 while sending files to execution point slot1_22@b9g03p7607.cern.ch. Details: 1 total failures: first failure: reading from file /tmp/x509up_u182844: (errno 2) No such file or directory
	Code 13 Subcode 2
...
013 (16690480.000.000) 08/07 23:06:11 Job was released.
	via condor_release (by user masegret)
...
040 (16690480.000.000) 08/07 23:06:27 Started transferring input files
	Transferring to host: <188.185.211.191:9618?addrs=188.185.211.191-9618+[2001-1458-303-17--100-3b]-9618&alias=b9p24p1303.cern.ch&noUDP&sock=slot1_24_4000_1c9c_25014>
...
040 (16690480.000.000) 08/07 23:06:27 Finished transferring input files
...
040 (16690480.000.000) 08/07 23:06:28 Started transferring output files
...
021 (16690480.000.000) 08/07 23:06:28 Error from starter on slot1_24@b9p24p1303.cern.ch:
	Failed to transfer files: SHADOW at 188.184.90.241 failed to send file(s) to <188.185.211.191:44917>: |Error: 1 total failures: first failure: reading from file /tmp/x509up_u182844: (errno 2) No such file or directory; STARTER failed to receive file(s) from <188.184.90.241:9618>
	Code 13 Subcode 2
...
004 (16690480.000.000) 08/07 23:06:28 Job was evicted. Code 13 Subcode 2
	(0) CPU times
		Usr 0 00:00:00, Sys 0 00:00:00  -  Run Remote Usage
		Usr 0 00:00:00, Sys 0 00:00:00  -  Run Local Usage
	0  -  Run Bytes Sent By Job
	0  -  Run Bytes Received By Job
	Reason: Transfer input files failure at access point bigbird15 while sending files to execution point slot1_24@b9p24p1303.cern.ch. Details: 1 total failures: first failure: reading from file /tmp/x509up_u182844: (errno 2) No such file or directory
	Partitionable Resources :    Usage  Request Allocated 
	   Cpus                 :        0        1         1 
	   Disk (KB)            :       35       42      3822 
	   GPUs                 :                           0 
	   Memory (MB)          :              3000      3000 
...
012 (16690480.000.000) 08/07 23:06:28 Job was held.
	Transfer input files failure at access point bigbird15 while sending files to execution point slot1_24@b9p24p1303.cern.ch. Details: 1 total failures: first failure: reading from file /tmp/x509up_u182844: (errno 2) No such file or directory
	Code 13 Subcode 2
...
009 (16690480.000.000) 08/07 23:10:33 Job was aborted.
	via condor_rm (by user masegret)
...
000 (16690481.000.000) 08/07 23:10:34 Job submitted from host: <188.184.90.241:9618?addrs=188.184.90.241-9618+[2001-1458-201-e4--100-2eb]-9618&alias=bigbird15.cern.ch&noUDP&sock=schedd_3150_376a>
...
040 (16690481.000.000) 08/07 23:11:02 Started transferring input files
	Transferring to host: <188.185.210.95:9618?addrs=188.185.210.95-9618+[2001-1458-303-1--100-5b]-9618&alias=b9p21p1730.cern.ch&noUDP&sock=slot1_7_4661_d897_24259>
...
040 (16690481.000.000) 08/07 23:11:02 Finished transferring input files
...
001 (16690481.000.000) 08/07 23:11:03 Job executing on host: <188.185.210.95:9618?addrs=188.185.210.95-9618+[2001-1458-303-1--100-5b]-9618&alias=b9p21p1730.cern.ch&noUDP&sock=startd_3964_8d81>
	SlotName: slot1_7@b9p21p1730.cern.ch
	CondorScratchDir = "/pool/condor/dir_845766"
	Cpus = 1
	Disk = 3712
	GPUs = 0
	Memory = 3000
...
006 (16690481.000.000) 08/07 23:11:12 Image size of job updated: 3908
	4  -  MemoryUsage of job (MB)
	3908  -  ResidentSetSize of job (KB)
...
006 (16690481.000.000) 08/07 23:11:57 Image size of job updated: 343004
	4  -  MemoryUsage of job (MB)
	3908  -  ResidentSetSize of job (KB)
...
040 (16690481.000.000) 08/07 23:11:57 Started transferring output files
...
040 (16690481.000.000) 08/07 23:11:57 Finished transferring output files
...
005 (16690481.000.000) 08/07 23:11:58 Job terminated.
	(1) Normal termination (return value 0)
		Usr 0 00:00:29, Sys 0 00:00:09  -  Run Remote Usage
		Usr 0 00:00:00, Sys 0 00:00:00  -  Run Local Usage
		Usr 0 00:00:29, Sys 0 00:00:09  -  Total Remote Usage
		Usr 0 00:00:00, Sys 0 00:00:00  -  Total Local Usage
	9817  -  Run Bytes Sent By Job
	11415  -  Run Bytes Received By Job
	9817  -  Total Bytes Sent By Job
	11415  -  Total Bytes Received By Job
	Partitionable Resources :    Usage  Request Allocated 
	   Cpus                 :        0        1         1 
	   Disk (KB)            :       73        2      3712 
	   GPUs                 :                           0 
	   Memory (MB)          :        4     3000      3000 
	   TimeExecute (s)      :       54                    
	   TimeSlotBusy (s)     :       56                    
...
000 (16690482.024.000) 08/07 23:14:07 Job submitted from host: <188.184.90.241:9618?addrs=188.184.90.241-9618+[2001-1458-201-e4--100-2eb]-9618&alias=bigbird15.cern.ch&noUDP&sock=schedd_3150_376a>
...
040 (16690482.024.000) 08/07 23:14:47 Started transferring input files
	Transferring to host: <188.185.192.65:9618?addrs=188.185.192.65-9618+[2001-1458-303-1f--100-3d]-9618&alias=b9p13p5106.cern.ch&noUDP&sock=slot1_12_8271_6ae9_20358>
...
040 (16690482.024.000) 08/07 23:14:47 Finished transferring input files
...
001 (16690482.024.000) 08/07 23:14:48 Job executing on host: <188.185.192.65:9618?addrs=188.185.192.65-9618+[2001-1458-303-1f--100-3d]-9618&alias=b9p13p5106.cern.ch&noUDP&sock=startd_6938_782a>
	SlotName: slot1_12@b9p13p5106.cern.ch
	CondorScratchDir = "/pool/condor/dir_3035491"
	Cpus = 1
	Disk = 3917
	GPUs = 0
	Memory = 3000
...
006 (16690482.024.000) 08/07 23:14:56 Image size of job updated: 11056
	4  -  MemoryUsage of job (MB)
	3920  -  ResidentSetSize of job (KB)
...
006 (16690482.024.000) 08/07 23:15:56 Image size of job updated: 341280
	4  -  MemoryUsage of job (MB)
	3920  -  ResidentSetSize of job (KB)
...
040 (16690482.024.000) 08/07 23:15:56 Started transferring output files
...
040 (16690482.024.000) 08/07 23:15:56 Finished transferring output files
...
005 (16690482.024.000) 08/07 23:15:56 Job terminated.
	(1) Normal termination (return value 0)
		Usr 0 00:00:42, Sys 0 00:00:08  -  Run Remote Usage
		Usr 0 00:00:00, Sys 0 00:00:00  -  Run Local Usage
		Usr 0 00:00:42, Sys 0 00:00:08  -  Total Remote Usage
		Usr 0 00:00:00, Sys 0 00:00:00  -  Total Local Usage
	9818  -  Run Bytes Sent By Job
	11415  -  Run Bytes Received By Job
	9818  -  Total Bytes Sent By Job
	11415  -  Total Bytes Received By Job
	Partitionable Resources :    Usage  Request Allocated 
	   Cpus                 :        0        1         1 
	   Disk (KB)            :       74        2      3917 
	   GPUs                 :                           0 
	   Memory (MB)          :        4     3000      3000 
	   TimeExecute (s)      :       68                    
	   TimeSlotBusy (s)     :       70                    
...
000 (16690488.024.000) 08/07 23:45:49 Job submitted from host: <188.184.90.241:9618?addrs=188.184.90.241-9618+[2001-1458-201-e4--100-2eb]-9618&alias=bigbird15.cern.ch&noUDP&sock=schedd_3150_376a>
...
040 (16690488.024.000) 08/07 23:47:59 Started transferring input files
	Transferring to host: <188.185.195.131:9618?addrs=188.185.195.131-9618+[2001-1458-303-22--100-7f]-9618&alias=b9p17p1747.cern.ch&noUDP&sock=slot1_2_4230_2ae5_23041>
...
040 (16690488.024.000) 08/07 23:47:59 Finished transferring input files
...
001 (16690488.024.000) 08/07 23:48:00 Job executing on host: <188.185.195.131:9618?addrs=188.185.195.131-9618+[2001-1458-303-22--100-7f]-9618&alias=b9p17p1747.cern.ch&noUDP&sock=startd_4177_a72e>
	SlotName: slot1_2@b9p17p1747.cern.ch
	CondorScratchDir = "/pool/condor/dir_620310"
	Cpus = 1
	Disk = 3896
	GPUs = 0
	Memory = 3000
...
006 (16690488.024.000) 08/07 23:48:09 Image size of job updated: 3904
	4  -  MemoryUsage of job (MB)
	3904  -  ResidentSetSize of job (KB)
...
006 (16690488.024.000) 08/07 23:49:10 Image size of job updated: 340964
	4  -  MemoryUsage of job (MB)
	3904  -  ResidentSetSize of job (KB)
...
040 (16690488.024.000) 08/07 23:49:10 Started transferring output files
...
040 (16690488.024.000) 08/07 23:49:10 Finished transferring output files
...
005 (16690488.024.000) 08/07 23:49:11 Job terminated.
	(1) Normal termination (return value 0)
		Usr 0 00:00:43, Sys 0 00:00:09  -  Run Remote Usage
		Usr 0 00:00:00, Sys 0 00:00:00  -  Run Local Usage
		Usr 0 00:00:43, Sys 0 00:00:09  -  Total Remote Usage
		Usr 0 00:00:00, Sys 0 00:00:00  -  Total Local Usage
	10522  -  Run Bytes Sent By Job
	11415  -  Run Bytes Received By Job
	10522  -  Total Bytes Sent By Job
	11415  -  Total Bytes Received By Job
	Partitionable Resources :    Usage  Request Allocated 
	   Cpus                 :        0        1         1 
	   Disk (KB)            :       74        2      3896 
	   GPUs                 :                           0 
	   Memory (MB)          :        4     3000      3000 
	   TimeExecute (s)      :       70                    
	   TimeSlotBusy (s)     :       72                    
...
