000 (16690482.028.000) 08/07 23:14:07 Job submitted from host: <188.184.90.241:9618?addrs=188.184.90.241-9618+[2001-1458-201-e4--100-2eb]-9618&alias=bigbird15.cern.ch&noUDP&sock=schedd_3150_376a>
...
040 (16690482.028.000) 08/07 23:14:49 Started transferring input files
	Transferring to host: <188.185.194.111:9618?addrs=188.185.194.111-9618+[2001-1458-303-21--100-6b]-9618&alias=b9p20p3458.cern.ch&noUDP&sock=slot1_39_1333695_8773_20647>
...
040 (16690482.028.000) 08/07 23:14:49 Finished transferring input files
...
001 (16690482.028.000) 08/07 23:14:50 Job executing on host: <188.185.194.111:9618?addrs=188.185.194.111-9618+[2001-1458-303-21--100-6b]-9618&alias=b9p20p3458.cern.ch&noUDP&sock=startd_2568_034c>
	SlotName: slot1_39@b9p20p3458.cern.ch
	CondorScratchDir = "/pool/condor/dir_4139167"
	Cpus = 1
	Disk = 3713
	GPUs = 0
	Memory = 3000
...
006 (16690482.028.000) 08/07 23:14:59 Image size of job updated: 3908
	4  -  MemoryUsage of job (MB)
	3908  -  ResidentSetSize of job (KB)
...
006 (16690482.028.000) 08/07 23:16:10 Image size of job updated: 333776
	4  -  MemoryUsage of job (MB)
	3908  -  ResidentSetSize of job (KB)
...
040 (16690482.028.000) 08/07 23:16:10 Started transferring output files
...
040 (16690482.028.000) 08/07 23:16:10 Finished transferring output files
...
005 (16690482.028.000) 08/07 23:16:10 Job terminated.
	(1) Normal termination (return value 0)
		Usr 0 00:00:40, Sys 0 00:00:09  -  Run Remote Usage
		Usr 0 00:00:00, Sys 0 00:00:00  -  Run Local Usage
		Usr 0 00:00:40, Sys 0 00:00:09  -  Total Remote Usage
		Usr 0 00:00:00, Sys 0 00:00:00  -  Total Local Usage
	9818  -  Run Bytes Sent By Job
	11415  -  Run Bytes Received By Job
	9818  -  Total Bytes Sent By Job
	11415  -  Total Bytes Received By Job
	Partitionable Resources :    Usage  Request Allocated 
	   Cpus                 :        0        1         1 
	   Disk (KB)            :       74        2      3713 
	   GPUs                 :                           0 
	   Memory (MB)          :        4     3000      3000 
	   TimeExecute (s)      :       80                    
	   TimeSlotBusy (s)     :       82                    
...
000 (16690488.028.000) 08/07 23:45:49 Job submitted from host: <188.184.90.241:9618?addrs=188.184.90.241-9618+[2001-1458-201-e4--100-2eb]-9618&alias=bigbird15.cern.ch&noUDP&sock=schedd_3150_376a>
...
040 (16690488.028.000) 08/07 23:48:00 Started transferring input files
	Transferring to host: <188.185.192.18:9618?addrs=188.185.192.18-9618+[2001-1458-303-1f--100-e]-9618&alias=b9p13p9679.cern.ch&noUDP&sock=slot1_34_4348_4f2a_24225>
...
040 (16690488.028.000) 08/07 23:48:00 Finished transferring input files
...
001 (16690488.028.000) 08/07 23:48:01 Job executing on host: <188.185.192.18:9618?addrs=188.185.192.18-9618+[2001-1458-303-1f--100-e]-9618&alias=b9p13p9679.cern.ch&noUDP&sock=startd_3206_a0b8>
	SlotName: slot1_34@b9p13p9679.cern.ch
	CondorScratchDir = "/pool/condor/dir_2878674"
	Cpus = 1
	Disk = 3934
	GPUs = 0
	Memory = 3000
...
006 (16690488.028.000) 08/07 23:48:10 Image size of job updated: 11052
	4  -  MemoryUsage of job (MB)
	3920  -  ResidentSetSize of job (KB)
...
006 (16690488.028.000) 08/07 23:49:07 Image size of job updated: 340696
	4  -  MemoryUsage of job (MB)
	3920  -  ResidentSetSize of job (KB)
...
040 (16690488.028.000) 08/07 23:49:07 Started transferring output files
...
040 (16690488.028.000) 08/07 23:49:07 Finished transferring output files
...
005 (16690488.028.000) 08/07 23:49:07 Job terminated.
	(1) Normal termination (return value 0)
		Usr 0 00:00:35, Sys 0 00:00:07  -  Run Remote Usage
		Usr 0 00:00:00, Sys 0 00:00:00  -  Run Local Usage
		Usr 0 00:00:35, Sys 0 00:00:07  -  Total Remote Usage
		Usr 0 00:00:00, Sys 0 00:00:00  -  Total Local Usage
	10523  -  Run Bytes Sent By Job
	11415  -  Run Bytes Received By Job
	10523  -  Total Bytes Sent By Job
	11415  -  Total Bytes Received By Job
	Partitionable Resources :    Usage  Request Allocated 
	   Cpus                 :        0        1         1 
	   Disk (KB)            :       74        2      3934 
	   GPUs                 :                           0 
	   Memory (MB)          :        4     3000      3000 
	   TimeExecute (s)      :       66                    
	   TimeSlotBusy (s)     :       68                    
...
