000 (16690482.025.000) 08/07 23:14:07 Job submitted from host: <188.184.90.241:9618?addrs=188.184.90.241-9618+[2001-1458-201-e4--100-2eb]-9618&alias=bigbird15.cern.ch&noUDP&sock=schedd_3150_376a>
...
040 (16690482.025.000) 08/07 23:14:48 Started transferring input files
	Transferring to host: <128.142.248.60:9618?addrs=128.142.248.60-9618+[2001-1458-301-73--100-12c]-9618&alias=b9g23p1007.cern.ch&noUDP&sock=slot1_17_7621_6f0f_13921>
...
040 (16690482.025.000) 08/07 23:14:48 Finished transferring input files
...
001 (16690482.025.000) 08/07 23:14:49 Job executing on host: <128.142.248.60:9618?addrs=128.142.248.60-9618+[2001-1458-301-73--100-12c]-9618&alias=b9g23p1007.cern.ch&noUDP&sock=startd_6755_f255>
	SlotName: slot1_17@b9g23p1007.cern.ch
	CondorScratchDir = "/pool/condor/dir_1739725"
	Cpus = 1
	Disk = 3907
	GPUs = 0
	Memory = 3000
...
006 (16690482.025.000) 08/07 23:14:58 Image size of job updated: 11052
	4  -  MemoryUsage of job (MB)
	3916  -  ResidentSetSize of job (KB)
...
006 (16690482.025.000) 08/07 23:15:58 Image size of job updated: 340200
	4  -  MemoryUsage of job (MB)
	3916  -  ResidentSetSize of job (KB)
...
040 (16690482.025.000) 08/07 23:15:58 Started transferring output files
...
040 (16690482.025.000) 08/07 23:15:58 Finished transferring output files
...
005 (16690482.025.000) 08/07 23:15:58 Job terminated.
	(1) Normal termination (return value 0)
		Usr 0 00:00:46, Sys 0 00:00:08  -  Run Remote Usage
		Usr 0 00:00:00, Sys 0 00:00:00  -  Run Local Usage
		Usr 0 00:00:46, Sys 0 00:00:08  -  Total Remote Usage
		Usr 0 00:00:00, Sys 0 00:00:00  -  Total Local Usage
	9818  -  Run Bytes Sent By Job
	11415  -  Run Bytes Received By Job
	9818  -  Total Bytes Sent By Job
	11415  -  Total Bytes Received By Job
	Partitionable Resources :    Usage  Request Allocated 
	   Cpus                 :        0        1         1 
	   Disk (KB)            :       74        2      3907 
	   GPUs                 :                           0 
	   Memory (MB)          :        4     3000      3000 
	   TimeExecute (s)      :       69                    
	   TimeSlotBusy (s)     :       71                    
...
000 (16690488.025.000) 08/07 23:45:49 Job submitted from host: <188.184.90.241:9618?addrs=188.184.90.241-9618+[2001-1458-201-e4--100-2eb]-9618&alias=bigbird15.cern.ch&noUDP&sock=schedd_3150_376a>
...
040 (16690488.025.000) 08/07 23:47:59 Started transferring input files
	Transferring to host: <188.185.197.167:9618?addrs=188.185.197.167-9618+[2001-1458-303-24--100-a3]-9618&alias=b9p14p8721.cern.ch&noUDP&sock=slot1_22_6391_c99d_14317>
...
040 (16690488.025.000) 08/07 23:47:59 Finished transferring input files
...
001 (16690488.025.000) 08/07 23:48:00 Job executing on host: <188.185.197.167:9618?addrs=188.185.197.167-9618+[2001-1458-303-24--100-a3]-9618&alias=b9p14p8721.cern.ch&noUDP&sock=startd_5366_3549>
	SlotName: slot1_22@b9p14p8721.cern.ch
	CondorScratchDir = "/pool/condor/dir_2141139"
	Cpus = 1
	Disk = 3739
	GPUs = 0
	Memory = 3000
...
006 (16690488.025.000) 08/07 23:48:09 Image size of job updated: 1644
	2  -  MemoryUsage of job (MB)
	1644  -  ResidentSetSize of job (KB)
...
006 (16690488.025.000) 08/07 23:49:12 Image size of job updated: 338524
	2  -  MemoryUsage of job (MB)
	1644  -  ResidentSetSize of job (KB)
...
040 (16690488.025.000) 08/07 23:49:12 Started transferring output files
...
040 (16690488.025.000) 08/07 23:49:12 Finished transferring output files
...
005 (16690488.025.000) 08/07 23:49:12 Job terminated.
	(1) Normal termination (return value 0)
		Usr 0 00:00:43, Sys 0 00:00:08  -  Run Remote Usage
		Usr 0 00:00:00, Sys 0 00:00:00  -  Run Local Usage
		Usr 0 00:00:43, Sys 0 00:00:08  -  Total Remote Usage
		Usr 0 00:00:00, Sys 0 00:00:00  -  Total Local Usage
	10523  -  Run Bytes Sent By Job
	11415  -  Run Bytes Received By Job
	10523  -  Total Bytes Sent By Job
	11415  -  Total Bytes Received By Job
	Partitionable Resources :    Usage  Request Allocated 
	   Cpus                 :        0        1         1 
	   Disk (KB)            :       74        2      3739 
	   GPUs                 :                           0 
	   Memory (MB)          :        2     3000      3000 
	   TimeExecute (s)      :       72                    
	   TimeSlotBusy (s)     :       74                    
...
