000 (16690482.029.000) 08/07 23:14:07 Job submitted from host: <188.184.90.241:9618?addrs=188.184.90.241-9618+[2001-1458-201-e4--100-2eb]-9618&alias=bigbird15.cern.ch&noUDP&sock=schedd_3150_376a>
...
040 (16690482.029.000) 08/07 23:14:49 Started transferring input files
	Transferring to host: <188.185.193.114:9618?addrs=188.185.193.114-9618+[2001-1458-303-20--100-6e]-9618&alias=b9p19p8505.cern.ch&noUDP&sock=slot1_27_3286_08bf_17483>
...
040 (16690482.029.000) 08/07 23:14:49 Finished transferring input files
...
001 (16690482.029.000) 08/07 23:14:50 Job executing on host: <188.185.193.114:9618?addrs=188.185.193.114-9618+[2001-1458-303-20--100-6e]-9618&alias=b9p19p8505.cern.ch&noUDP&sock=startd_2571_1214>
	SlotName: slot1_27@b9p19p8505.cern.ch
	CondorScratchDir = "/pool/condor/dir_2719361"
	Cpus = 1
	Disk = 3799
	GPUs = 0
	Memory = 3000
...
006 (16690482.029.000) 08/07 23:14:59 Image size of job updated: 3912
	4  -  MemoryUsage of job (MB)
	3912  -  ResidentSetSize of job (KB)
...
006 (16690482.029.000) 08/07 23:20:00 Image size of job updated: 297820
	291  -  MemoryUsage of job (MB)
	297820  -  ResidentSetSize of job (KB)
...
040 (16690482.029.000) 08/07 23:20:04 Started transferring output files
...
040 (16690482.029.000) 08/07 23:20:04 Finished transferring output files
...
005 (16690482.029.000) 08/07 23:20:04 Job terminated.
	(1) Normal termination (return value 0)
		Usr 0 00:04:40, Sys 0 00:00:11  -  Run Remote Usage
		Usr 0 00:00:00, Sys 0 00:00:00  -  Run Local Usage
		Usr 0 00:04:40, Sys 0 00:00:11  -  Total Remote Usage
		Usr 0 00:00:00, Sys 0 00:00:00  -  Total Local Usage
	10543  -  Run Bytes Sent By Job
	11414  -  Run Bytes Received By Job
	10543  -  Total Bytes Sent By Job
	11414  -  Total Bytes Received By Job
	Partitionable Resources :    Usage  Request Allocated 
	   Cpus                 :        0        1         1 
	   Disk (KB)            :       74        2      3799 
	   GPUs                 :                           0 
	   Memory (MB)          :      291     3000      3000 
	   TimeExecute (s)      :      314                    
	   TimeSlotBusy (s)     :      316                    
...
000 (16690488.029.000) 08/07 23:45:49 Job submitted from host: <188.184.90.241:9618?addrs=188.184.90.241-9618+[2001-1458-201-e4--100-2eb]-9618&alias=bigbird15.cern.ch&noUDP&sock=schedd_3150_376a>
...
040 (16690488.029.000) 08/07 23:48:01 Started transferring input files
	Transferring to host: <188.185.195.163:9618?addrs=188.185.195.163-9618+[2001-1458-303-22--100-9f]-9618&alias=b9p17p2339.cern.ch&noUDP&sock=slot1_8_3287_bd1f_21333>
...
040 (16690488.029.000) 08/07 23:48:01 Finished transferring input files
...
001 (16690488.029.000) 08/07 23:48:02 Job executing on host: <188.185.195.163:9618?addrs=188.185.195.163-9618+[2001-1458-303-22--100-9f]-9618&alias=b9p17p2339.cern.ch&noUDP&sock=startd_2625_1c32>
	SlotName: slot1_8@b9p17p2339.cern.ch
	CondorScratchDir = "/pool/condor/dir_1797762"
	Cpus = 1
	Disk = 3838
	GPUs = 0
	Memory = 3000
...
006 (16690488.029.000) 08/07 23:48:10 Image size of job updated: 3916
	4  -  MemoryUsage of job (MB)
	3916  -  ResidentSetSize of job (KB)
...
006 (16690488.029.000) 08/07 23:53:10 Image size of job updated: 300916
	294  -  MemoryUsage of job (MB)
	300916  -  ResidentSetSize of job (KB)
...
006 (16690488.029.000) 08/07 23:53:48 Image size of job updated: 300976
	294  -  MemoryUsage of job (MB)
	300916  -  ResidentSetSize of job (KB)
...
040 (16690488.029.000) 08/07 23:53:48 Started transferring output files
...
040 (16690488.029.000) 08/07 23:53:48 Finished transferring output files
...
005 (16690488.029.000) 08/07 23:53:48 Job terminated.
	(1) Normal termination (return value 0)
		Usr 0 00:04:41, Sys 0 00:00:12  -  Run Remote Usage
		Usr 0 00:00:00, Sys 0 00:00:00  -  Run Local Usage
		Usr 0 00:04:41, Sys 0 00:00:12  -  Total Remote Usage
		Usr 0 00:00:00, Sys 0 00:00:00  -  Total Local Usage
	11248  -  Run Bytes Sent By Job
	11414  -  Run Bytes Received By Job
	11248  -  Total Bytes Sent By Job
	11414  -  Total Bytes Received By Job
	Partitionable Resources :    Usage  Request Allocated 
	   Cpus                 :     0.05        1         1 
	   Disk (KB)            :    74           2      3838 
	   GPUs                 :                           0 
	   Memory (MB)          :   294        3000      3000 
	   TimeExecute (s)      :   346                       
	   TimeSlotBusy (s)     :   348                       
...
