000 (16690482.030.000) 08/07 23:14:07 Job submitted from host: <188.184.90.241:9618?addrs=188.184.90.241-9618+[2001-1458-201-e4--100-2eb]-9618&alias=bigbird15.cern.ch&noUDP&sock=schedd_3150_376a>
...
040 (16690482.030.000) 08/07 23:14:49 Started transferring input files
	Transferring to host: <128.142.51.209:9618?addrs=128.142.51.209-9618+[2001-1458-301-3--100-e]-9618&alias=b9g02p0891.cern.ch&noUDP&sock=slot1_22_8397_322f_24417>
...
040 (16690482.030.000) 08/07 23:14:49 Finished transferring input files
...
001 (16690482.030.000) 08/07 23:14:50 Job executing on host: <128.142.51.209:9618?addrs=128.142.51.209-9618+[2001-1458-301-3--100-e]-9618&alias=b9g02p0891.cern.ch&noUDP&sock=startd_7273_4064>
	SlotName: slot1_22@b9g02p0891.cern.ch
	CondorScratchDir = "/pool/condor/dir_936660"
	Cpus = 1
	Disk = 3785
	GPUs = 0
	Memory = 3000
...
006 (16690482.030.000) 08/07 23:14:58 Image size of job updated: 3908
	4  -  MemoryUsage of job (MB)
	3908  -  ResidentSetSize of job (KB)
...
006 (16690482.030.000) 08/07 23:19:56 Image size of job updated: 301892
	4  -  MemoryUsage of job (MB)
	3908  -  ResidentSetSize of job (KB)
...
040 (16690482.030.000) 08/07 23:19:56 Started transferring output files
...
040 (16690482.030.000) 08/07 23:19:56 Finished transferring output files
...
005 (16690482.030.000) 08/07 23:19:56 Job terminated.
	(1) Normal termination (return value 0)
		Usr 0 00:04:06, Sys 0 00:00:11  -  Run Remote Usage
		Usr 0 00:00:00, Sys 0 00:00:00  -  Run Local Usage
		Usr 0 00:04:06, Sys 0 00:00:11  -  Total Remote Usage
		Usr 0 00:00:00, Sys 0 00:00:00  -  Total Local Usage
	10542  -  Run Bytes Sent By Job
	11414  -  Run Bytes Received By Job
	10542  -  Total Bytes Sent By Job
	11414  -  Total Bytes Received By Job
	Partitionable Resources :    Usage  Request Allocated 
	   Cpus                 :     0.78        1         1 
	   Disk (KB)            :    74           2      3785 
	   GPUs                 :                           0 
	   Memory (MB)          :     4        3000      3000 
	   TimeExecute (s)      :   306                       
	   TimeSlotBusy (s)     :   308                       
...
000 (16690488.030.000) 08/07 23:45:49 Job submitted from host: <188.184.90.241:9618?addrs=188.184.90.241-9618+[2001-1458-201-e4--100-2eb]-9618&alias=bigbird15.cern.ch&noUDP&sock=schedd_3150_376a>
...
040 (16690488.030.000) 08/07 23:48:01 Started transferring input files
	Transferring to host: <128.142.248.97:9618?addrs=128.142.248.97-9618+[2001-1458-301-73--100-151]-9618&alias=b9g23p2326.cern.ch&noUDP&sock=slot1_29_6744_820b_13986>
...
040 (16690488.030.000) 08/07 23:48:01 Finished transferring input files
...
001 (16690488.030.000) 08/07 23:48:02 Job executing on host: <128.142.248.97:9618?addrs=128.142.248.97-9618+[2001-1458-301-73--100-151]-9618&alias=b9g23p2326.cern.ch&noUDP&sock=startd_5684_5467>
	SlotName: slot1_29@b9g23p2326.cern.ch
	CondorScratchDir = "/pool/condor/dir_3217903"
	Cpus = 1
	Disk = 3807
	GPUs = 0
	Memory = 3000
...
006 (16690488.030.000) 08/07 23:48:10 Image size of job updated: 3904
	4  -  MemoryUsage of job (MB)
	3904  -  ResidentSetSize of job (KB)
...
006 (16690488.030.000) 08/07 23:53:10 Image size of job updated: 298792
	292  -  MemoryUsage of job (MB)
	298792  -  ResidentSetSize of job (KB)
...
040 (16690488.030.000) 08/07 23:53:29 Started transferring output files
...
040 (16690488.030.000) 08/07 23:53:29 Finished transferring output files
...
005 (16690488.030.000) 08/07 23:53:29 Job terminated.
	(1) Normal termination (return value 0)
		Usr 0 00:04:12, Sys 0 00:00:13  -  Run Remote Usage
		Usr 0 00:00:00, Sys 0 00:00:00  -  Run Local Usage
		Usr 0 00:04:12, Sys 0 00:00:13  -  Total Remote Usage
		Usr 0 00:00:00, Sys 0 00:00:00  -  Total Local Usage
	11248  -  Run Bytes Sent By Job
	11414  -  Run Bytes Received By Job
	11248  -  Total Bytes Sent By Job
	11414  -  Total Bytes Received By Job
	Partitionable Resources :    Usage  Request Allocated 
	   Cpus                 :     0.85        1         1 
	   Disk (KB)            :    74           2      3807 
	   GPUs                 :                           0 
	   Memory (MB)          :   292        3000      3000 
	   TimeExecute (s)      :   327                       
	   TimeSlotBusy (s)     :   329                       
...
