000 (16690482.031.000) 08/07 23:14:07 Job submitted from host: <188.184.90.241:9618?addrs=188.184.90.241-9618+[2001-1458-201-e4--100-2eb]-9618&alias=bigbird15.cern.ch&noUDP&sock=schedd_3150_376a>
...
040 (16690482.031.000) 08/07 23:14:51 Started transferring input files
	Transferring to host: <188.185.196.160:9618?addrs=188.185.196.160-9618+[2001-1458-303-23--100-9c]-9618&alias=b9p16p4006.cern.ch&noUDP&sock=slot1_19_5617_6f3d_21831>
...
040 (16690482.031.000) 08/07 23:14:51 Finished transferring input files
...
001 (16690482.031.000) 08/07 23:14:52 Job executing on host: <188.185.196.160:9618?addrs=188.185.196.160-9618+[2001-1458-303-23--100-9c]-9618&alias=b9p16p4006.cern.ch&noUDP&sock=startd_4599_1c25>
	SlotName: slot1_19@b9p16p4006.cern.ch
	CondorScratchDir = "/pool/condor/dir_4054441"
	Cpus = 1
	Disk = 3760
	GPUs = 0
	Memory = 3000
...
006 (16690482.031.000) 08/07 23:15:01 Image size of job updated: 2724
	3  -  MemoryUsage of job (MB)
	2724  -  ResidentSetSize of job (KB)
...
006 (16690482.031.000) 08/07 23:20:02 Image size of job updated: 318304
	311  -  MemoryUsage of job (MB)
	318304  -  ResidentSetSize of job (KB)
...
006 (16690482.031.000) 08/07 23:20:29 Image size of job updated: 318324
	311  -  MemoryUsage of job (MB)
	318304  -  ResidentSetSize of job (KB)
...
040 (16690482.031.000) 08/07 23:20:29 Started transferring output files
...
040 (16690482.031.000) 08/07 23:20:29 Finished transferring output files
...
005 (16690482.031.000) 08/07 23:20:29 Job terminated.
	(1) Normal termination (return value 0)
		Usr 0 00:04:39, Sys 0 00:00:11  -  Run Remote Usage
		Usr 0 00:00:00, Sys 0 00:00:00  -  Run Local Usage
		Usr 0 00:04:39, Sys 0 00:00:11  -  Total Remote Usage
		Usr 0 00:00:00, Sys 0 00:00:00  -  Total Local Usage
	10543  -  Run Bytes Sent By Job
	11414  -  Run Bytes Received By Job
	10543  -  Total Bytes Sent By Job
	11414  -  Total Bytes Received By Job
	Partitionable Resources :    Usage  Request Allocated 
	   Cpus                 :     0.12        1         1 
	   Disk (KB)            :    60           2      3760 
	   GPUs                 :                           0 
	   Memory (MB)          :   311        3000      3000 
	   TimeExecute (s)      :   337                       
	   TimeSlotBusy (s)     :   339                       
...
000 (16690488.031.000) 08/07 23:45:49 Job submitted from host: <188.184.90.241:9618?addrs=188.184.90.241-9618+[2001-1458-201-e4--100-2eb]-9618&alias=bigbird15.cern.ch&noUDP&sock=schedd_3150_376a>
...
040 (16690488.031.000) 08/07 23:48:01 Started transferring input files
	Transferring to host: <188.185.195.50:9618?addrs=188.185.195.50-9618+[2001-1458-303-22--100-2e]-9618&alias=b9p17p5911.cern.ch&noUDP&sock=slot1_16_3455_1c26_19122>
...
040 (16690488.031.000) 08/07 23:48:01 Finished transferring input files
...
001 (16690488.031.000) 08/07 23:48:02 Job executing on host: <188.185.195.50:9618?addrs=188.185.195.50-9618+[2001-1458-303-22--100-2e]-9618&alias=b9p17p5911.cern.ch&noUDP&sock=startd_2562_e5ba>
	SlotName: slot1_16@b9p17p5911.cern.ch
	CondorScratchDir = "/pool/condor/dir_3302404"
	Cpus = 1
	Disk = 3791
	GPUs = 0
	Memory = 3000
...
006 (16690488.031.000) 08/07 23:48:10 Image size of job updated: 3900
	4  -  MemoryUsage of job (MB)
	3900  -  ResidentSetSize of job (KB)
...
006 (16690488.031.000) 08/07 23:53:04 Image size of job updated: 314500
	4  -  MemoryUsage of job (MB)
	3900  -  ResidentSetSize of job (KB)
...
040 (16690488.031.000) 08/07 23:53:04 Started transferring output files
...
040 (16690488.031.000) 08/07 23:53:04 Finished transferring output files
...
005 (16690488.031.000) 08/07 23:53:05 Job terminated.
	(1) Normal termination (return value 0)
		Usr 0 00:04:23, Sys 0 00:00:13  -  Run Remote Usage
		Usr 0 00:00:00, Sys 0 00:00:00  -  Run Local Usage
		Usr 0 00:04:23, Sys 0 00:00:13  -  Total Remote Usage
		Usr 0 00:00:00, Sys 0 00:00:00  -  Total Local Usage
	11248  -  Run Bytes Sent By Job
	11414  -  Run Bytes Received By Job
	11248  -  Total Bytes Sent By Job
	11414  -  Total Bytes Received By Job
	Partitionable Resources :    Usage  Request Allocated 
	   Cpus                 :     0.94        1         1 
	   Disk (KB)            :    74           2      3791 
	   GPUs                 :                           0 
	   Memory (MB)          :     4        3000      3000 
	   TimeExecute (s)      :   302                       
	   TimeSlotBusy (s)     :   304                       
...
