000 (16690482.032.000) 08/07 23:14:07 Job submitted from host: <188.184.90.241:9618?addrs=188.184.90.241-9618+[2001-1458-201-e4--100-2eb]-9618&alias=bigbird15.cern.ch&noUDP&sock=schedd_3150_376a>
...
040 (16690482.032.000) 08/07 23:14:51 Started transferring input files
	Transferring to host: <128.142.248.38:9618?addrs=128.142.248.38-9618+[2001-1458-301-73--100-116]-9618&alias=b9g23p3745.cern.ch&noUDP&sock=slot1_27_7269_6b01_14777>
...
040 (16690482.032.000) 08/07 23:14:51 Finished transferring input files
...
001 (16690482.032.000) 08/07 23:14:52 Job executing on host: <128.142.248.38:9618?addrs=128.142.248.38-9618+[2001-1458-301-73--100-116]-9618&alias=b9g23p3745.cern.ch&noUDP&sock=startd_6592_2465>
	SlotName: slot1_27@b9g23p3745.cern.ch
	CondorScratchDir = "/pool/condor/dir_2827098"
	Cpus = 1
	Disk = 3767
	GPUs = 0
	Memory = 3000
...
006 (16690482.032.000) 08/07 23:15:01 Image size of job updated: 11060
	3  -  MemoryUsage of job (MB)
	2732  -  ResidentSetSize of job (KB)
...
006 (16690482.032.000) 08/07 23:20:02 Image size of job updated: 294376
	288  -  MemoryUsage of job (MB)
	294376  -  ResidentSetSize of job (KB)
...
006 (16690482.032.000) 08/07 23:20:09 Image size of job updated: 297204
	288  -  MemoryUsage of job (MB)
	294376  -  ResidentSetSize of job (KB)
...
040 (16690482.032.000) 08/07 23:20:09 Started transferring output files
...
040 (16690482.032.000) 08/07 23:20:09 Finished transferring output files
...
005 (16690482.032.000) 08/07 23:20:10 Job terminated.
	(1) Normal termination (return value 0)
		Usr 0 00:03:54, Sys 0 00:00:12  -  Run Remote Usage
		Usr 0 00:00:00, Sys 0 00:00:00  -  Run Local Usage
		Usr 0 00:03:54, Sys 0 00:00:12  -  Total Remote Usage
		Usr 0 00:00:00, Sys 0 00:00:00  -  Total Local Usage
	10486  -  Run Bytes Sent By Job
	11414  -  Run Bytes Received By Job
	10486  -  Total Bytes Sent By Job
	11414  -  Total Bytes Received By Job
	Partitionable Resources :    Usage  Request Allocated 
	   Cpus                 :     0.23        1         1 
	   Disk (KB)            :    74           2      3767 
	   GPUs                 :                           0 
	   Memory (MB)          :   288        3000      3000 
	   TimeExecute (s)      :   317                       
	   TimeSlotBusy (s)     :   319                       
...
000 (16690488.032.000) 08/07 23:45:49 Job submitted from host: <188.184.90.241:9618?addrs=188.184.90.241-9618+[2001-1458-201-e4--100-2eb]-9618&alias=bigbird15.cern.ch&noUDP&sock=schedd_3150_376a>
...
040 (16690488.032.000) 08/07 23:48:02 Started transferring input files
	Transferring to host: <188.185.196.176:9618?addrs=188.185.196.176-9618+[2001-1458-303-23--100-ac]-9618&alias=b9p16p5804.cern.ch&noUDP&sock=slot1_32_1801006_674e_4888>
...
040 (16690488.032.000) 08/07 23:48:02 Finished transferring input files
...
001 (16690488.032.000) 08/07 23:48:03 Job executing on host: <188.185.196.176:9618?addrs=188.185.196.176-9618+[2001-1458-303-23--100-ac]-9618&alias=b9p16p5804.cern.ch&noUDP&sock=startd_2597_e78b>
	SlotName: slot1_32@b9p16p5804.cern.ch
	CondorScratchDir = "/pool/condor/dir_1272415"
	Cpus = 1
	Disk = 3817
	GPUs = 0
	Memory = 3000
...
006 (16690488.032.000) 08/07 23:48:11 Image size of job updated: 11056
	4  -  MemoryUsage of job (MB)
	3920  -  ResidentSetSize of job (KB)
...
006 (16690488.032.000) 08/07 23:53:12 Image size of job updated: 295264
	289  -  MemoryUsage of job (MB)
	295264  -  ResidentSetSize of job (KB)
...
006 (16690488.032.000) 08/07 23:53:14 Image size of job updated: 297688
	289  -  MemoryUsage of job (MB)
	295264  -  ResidentSetSize of job (KB)
...
040 (16690488.032.000) 08/07 23:53:14 Started transferring output files
...
040 (16690488.032.000) 08/07 23:53:14 Finished transferring output files
...
005 (16690488.032.000) 08/07 23:53:15 Job terminated.
	(1) Normal termination (return value 0)
		Usr 0 00:04:06, Sys 0 00:00:10  -  Run Remote Usage
		Usr 0 00:00:00, Sys 0 00:00:00  -  Run Local Usage
		Usr 0 00:04:06, Sys 0 00:00:10  -  Total Remote Usage
		Usr 0 00:00:00, Sys 0 00:00:00  -  Total Local Usage
	11191  -  Run Bytes Sent By Job
	11414  -  Run Bytes Received By Job
	11191  -  Total Bytes Sent By Job
	11414  -  Total Bytes Received By Job
	Partitionable Resources :    Usage  Request Allocated 
	   Cpus                 :        0        1         1 
	   Disk (KB)            :       73        2      3817 
	   GPUs                 :                           0 
	   Memory (MB)          :      289     3000      3000 
	   TimeExecute (s)      :      311                    
	   TimeSlotBusy (s)     :      313                    
...
