000 (16690482.033.000) 08/07 23:14:07 Job submitted from host: <188.184.90.241:9618?addrs=188.184.90.241-9618+[2001-1458-201-e4--100-2eb]-9618&alias=bigbird15.cern.ch&noUDP&sock=schedd_3150_376a>
...
040 (16690482.033.000) 08/07 23:14:52 Started transferring input files
	Transferring to host: <188.185.196.136:9618?addrs=188.185.196.136-9618+[2001-1458-303-23--100-84]-9618&alias=b9p16p7012.cern.ch&noUDP&sock=slot1_27_6034_3fae_22231>
...
040 (16690482.033.000) 08/07 23:14:52 Finished transferring input files
...
001 (16690482.033.000) 08/07 23:14:53 Job executing on host: <188.185.196.136:9618?addrs=188.185.196.136-9618+[2001-1458-303-23--100-84]-9618&alias=b9p16p7012.cern.ch&noUDP&sock=startd_4860_225d>
	SlotName: slot1_27@b9p16p7012.cern.ch
	CondorScratchDir = "/pool/condor/dir_234119"
	Cpus = 1
	Disk = 3870
	GPUs = 0
	Memory = 3000
...
006 (16690482.033.000) 08/07 23:15:01 Image size of job updated: 3908
	4  -  MemoryUsage of job (MB)
	3908  -  ResidentSetSize of job (KB)
...
006 (16690482.033.000) 08/07 23:19:37 Image size of job updated: 296836
	4  -  MemoryUsage of job (MB)
	3908  -  ResidentSetSize of job (KB)
...
040 (16690482.033.000) 08/07 23:19:37 Started transferring output files
...
040 (16690482.033.000) 08/07 23:19:37 Finished transferring output files
...
005 (16690482.033.000) 08/07 23:19:37 Job terminated.
	(1) Normal termination (return value 0)
		Usr 0 00:04:00, Sys 0 00:00:11  -  Run Remote Usage
		Usr 0 00:00:00, Sys 0 00:00:00  -  Run Local Usage
		Usr 0 00:04:00, Sys 0 00:00:11  -  Total Remote Usage
		Usr 0 00:00:00, Sys 0 00:00:00  -  Total Local Usage
	10542  -  Run Bytes Sent By Job
	11414  -  Run Bytes Received By Job
	10542  -  Total Bytes Sent By Job
	11414  -  Total Bytes Received By Job
	Partitionable Resources :    Usage  Request Allocated 
	   Cpus                 :        0        1         1 
	   Disk (KB)            :       74        2      3870 
	   GPUs                 :                           0 
	   Memory (MB)          :        4     3000      3000 
	   TimeExecute (s)      :      284                    
	   TimeSlotBusy (s)     :      286                    
...
000 (16690488.033.000) 08/07 23:45:49 Job submitted from host: <188.184.90.241:9618?addrs=188.184.90.241-9618+[2001-1458-201-e4--100-2eb]-9618&alias=bigbird15.cern.ch&noUDP&sock=schedd_3150_376a>
...
040 (16690488.033.000) 08/07 23:48:02 Started transferring input files
	Transferring to host: <188.185.215.148:9618?addrs=188.185.215.148-9618+[2001-1458-303-26--100-10]-9618&alias=b9p18p7862.cern.ch&noUDP&sock=slot1_12_6904_3e12_20861>
...
040 (16690488.033.000) 08/07 23:48:02 Finished transferring input files
...
001 (16690488.033.000) 08/07 23:48:03 Job executing on host: <188.185.215.148:9618?addrs=188.185.215.148-9618+[2001-1458-303-26--100-10]-9618&alias=b9p18p7862.cern.ch&noUDP&sock=startd_6176_ccff>
	SlotName: slot1_12@b9p18p7862.cern.ch
	CondorScratchDir = "/pool/condor/dir_936373"
	Cpus = 1
	Disk = 3836
	GPUs = 0
	Memory = 3000
...
006 (16690488.033.000) 08/07 23:48:11 Image size of job updated: 2364
	2  -  MemoryUsage of job (MB)
	1484  -  ResidentSetSize of job (KB)
...
006 (16690488.033.000) 08/07 23:52:38 Image size of job updated: 302128
	2  -  MemoryUsage of job (MB)
	1484  -  ResidentSetSize of job (KB)
...
040 (16690488.033.000) 08/07 23:52:38 Started transferring output files
...
040 (16690488.033.000) 08/07 23:52:38 Finished transferring output files
...
005 (16690488.033.000) 08/07 23:52:38 Job terminated.
	(1) Normal termination (return value 0)
		Usr 0 00:03:53, Sys 0 00:00:10  -  Run Remote Usage
		Usr 0 00:00:00, Sys 0 00:00:00  -  Run Local Usage
		Usr 0 00:03:53, Sys 0 00:00:10  -  Total Remote Usage
		Usr 0 00:00:00, Sys 0 00:00:00  -  Total Local Usage
	11247  -  Run Bytes Sent By Job
	11414  -  Run Bytes Received By Job
	11247  -  Total Bytes Sent By Job
	11414  -  Total Bytes Received By Job
	Partitionable Resources :    Usage  Request Allocated 
	   Cpus                 :        0        1         1 
	   Disk (KB)            :       74        2      3836 
	   GPUs                 :                           0 
	   Memory (MB)          :        2     3000      3000 
	   TimeExecute (s)      :      275                    
	   TimeSlotBusy (s)     :      277                    
...
