000 (16690482.034.000) 08/07 23:14:07 Job submitted from host: <188.184.90.241:9618?addrs=188.184.90.241-9618+[2001-1458-201-e4--100-2eb]-9618&alias=bigbird15.cern.ch&noUDP&sock=schedd_3150_376a>
...
040 (16690482.034.000) 08/07 23:14:52 Started transferring input files
	Transferring to host: <188.185.192.91:9618?addrs=188.185.192.91-9618+[2001-1458-303-1f--100-57]-9618&alias=b9p13p7158.cern.ch&noUDP&sock=slot1_26_6458_fec0_22963>
...
040 (16690482.034.000) 08/07 23:14:52 Finished transferring input files
...
001 (16690482.034.000) 08/07 23:14:53 Job executing on host: <188.185.192.91:9618?addrs=188.185.192.91-9618+[2001-1458-303-1f--100-57]-9618&alias=b9p13p7158.cern.ch&noUDP&sock=startd_4663_0235>
	SlotName: slot1_26@b9p13p7158.cern.ch
	CondorScratchDir = "/pool/condor/dir_1396578"
	Cpus = 1
	Disk = 3779
	GPUs = 0
	Memory = 3000
...
006 (16690482.034.000) 08/07 23:15:02 Image size of job updated: 3908
	4  -  MemoryUsage of job (MB)
	3908  -  ResidentSetSize of job (KB)
...
006 (16690482.034.000) 08/07 23:19:44 Image size of job updated: 302284
	4  -  MemoryUsage of job (MB)
	3908  -  ResidentSetSize of job (KB)
...
040 (16690482.034.000) 08/07 23:19:44 Started transferring output files
...
040 (16690482.034.000) 08/07 23:19:44 Finished transferring output files
...
005 (16690482.034.000) 08/07 23:19:44 Job terminated.
	(1) Normal termination (return value 0)
		Usr 0 00:04:05, Sys 0 00:00:11  -  Run Remote Usage
		Usr 0 00:00:00, Sys 0 00:00:00  -  Run Local Usage
		Usr 0 00:04:05, Sys 0 00:00:11  -  Total Remote Usage
		Usr 0 00:00:00, Sys 0 00:00:00  -  Total Local Usage
	10543  -  Run Bytes Sent By Job
	11414  -  Run Bytes Received By Job
	10543  -  Total Bytes Sent By Job
	11414  -  Total Bytes Received By Job
	Partitionable Resources :    Usage  Request Allocated 
	   Cpus                 :     0.93        1         1 
	   Disk (KB)            :    74           2      3779 
	   GPUs                 :                           0 
	   Memory (MB)          :     4        3000      3000 
	   TimeExecute (s)      :   291                       
	   TimeSlotBusy (s)     :   293                       
...
000 (16690488.034.000) 08/07 23:45:49 Job submitted from host: <188.184.90.241:9618?addrs=188.184.90.241-9618+[2001-1458-201-e4--100-2eb]-9618&alias=bigbird15.cern.ch&noUDP&sock=schedd_3150_376a>
...
040 (16690488.034.000) 08/07 23:48:03 Started transferring input files
	Transferring to host: <128.142.248.246:9618?addrs=128.142.248.246-9618+[2001-1458-301-73--100-f5]-9618&alias=b9g23p2389.cern.ch&noUDP&sock=slot1_33_8258_4209_14624>
...
040 (16690488.034.000) 08/07 23:48:03 Finished transferring input files
...
001 (16690488.034.000) 08/07 23:48:04 Job executing on host: <128.142.248.246:9618?addrs=128.142.248.246-9618+[2001-1458-301-73--100-f5]-9618&alias=b9g23p2389.cern.ch&noUDP&sock=startd_7305_336c>
	SlotName: slot1_33@b9g23p2389.cern.ch
	CondorScratchDir = "/pool/condor/dir_3063399"
	Cpus = 1
	Disk = 3843
	GPUs = 0
	Memory = 3000
...
006 (16690488.034.000) 08/07 23:48:13 Image size of job updated: 3916
	4  -  MemoryUsage of job (MB)
	3916  -  ResidentSetSize of job (KB)
...
006 (16690488.034.000) 08/07 23:52:42 Image size of job updated: 301788
	4  -  MemoryUsage of job (MB)
	3916  -  ResidentSetSize of job (KB)
...
040 (16690488.034.000) 08/07 23:52:42 Started transferring output files
...
040 (16690488.034.000) 08/07 23:52:42 Finished transferring output files
...
005 (16690488.034.000) 08/07 23:52:42 Job terminated.
	(1) Normal termination (return value 0)
		Usr 0 00:03:59, Sys 0 00:00:11  -  Run Remote Usage
		Usr 0 00:00:00, Sys 0 00:00:00  -  Run Local Usage
		Usr 0 00:03:59, Sys 0 00:00:11  -  Total Remote Usage
		Usr 0 00:00:00, Sys 0 00:00:00  -  Total Local Usage
	11248  -  Run Bytes Sent By Job
	11414  -  Run Bytes Received By Job
	11248  -  Total Bytes Sent By Job
	11414  -  Total Bytes Received By Job
	Partitionable Resources :    Usage  Request Allocated 
	   Cpus                 :        0        1         1 
	   Disk (KB)            :       74        2      3843 
	   GPUs                 :                           0 
	   Memory (MB)          :        4     3000      3000 
	   TimeExecute (s)      :      278                    
	   TimeSlotBusy (s)     :      280                    
...
